
> learning-catalyst-desktop@1.0.0 test:complete
> npm run test:main && npm run test:renderer && npm run test:integration


> learning-catalyst-desktop@1.0.0 test:main
> vitest --config vitest.main.config.ts --run

[1m[43m DEPRECATED [49m[22m [33m`test.poolOptions` was removed in Vitest 4. All previous `poolOptions` are now top-level options. Please, refer to the migration guide: https://vitest.dev/guide/migration#pool-rework[39m

[1m[46m RUN [49m[22m [36mv4.0.16 [39m[90mD:/Projects/learning_catalyst[39m

🧪 Main process global test setup completed
 [32m✓[39m [30m[45m main-process [49m[39m src/main/services/domain/workflow/__tests__/workflow-graph.test.ts[2m:120:3[22m[2m > [22mworkflow-graph interrupts[2m > [22memits await interrupt on standard practice path[32m 49[2mms[22m[39m
 [32m✓[39m [30m[45m main-process [49m[39m src/main/services/domain/workflow/__tests__/workflow-graph.test.ts[2m:154:3[22m[2m > [22mworkflow-graph partial execution[2m > [22mexecutes TEACH -> PRACTICE flow using initial state[32m 17[2mms[22m[39m
 [32m✓[39m [30m[45m main-process [49m[39m src/main/services/domain/workflow/__tests__/workflow-graph.test.ts[2m:178:3[22m[2m > [22mworkflow-graph partial execution[2m > [22mexecutes FAST_TRACK -> GRADE -> COMPLETE flow[32m 13[2mms[22m[39m
 [32m✓[39m [30m[45m main-process [49m[39m src/main/services/domain/workflow/__tests__/workflow-graph.test.ts[2m:201:3[22m[2m > [22mworkflow-graph partial execution[2m > [22mexecutes PRACTICE -> EVALUATE -> PRACTICE flow[32m 12[2mms[22m[39m
 [32m✓[39m [30m[45m main-process [49m[39m src/main/services/domain/workflow/__tests__/workflow-graph.test.ts[2m:231:3[22m[2m > [22mworkflow-graph state management[2m > [22mmaintains state across multiple workflow calls[32m 36[2mms[22m[39m
 [32m✓[39m [30m[45m main-process [49m[39m src/main/services/domain/workflow/__tests__/workflow-graph.test.ts[2m:266:3[22m[2m > [22mworkflow-graph state management[2m > [22misolates different sessions using thread IDs[32m 18[2mms[22m[39m
 [32m✓[39m [30m[45m main-process [49m[39m src/main/services/domain/workflow/__tests__/workflow-graph.test.ts[2m:308:3[22m[2m > [22mworkflow-graph E2E complete workflows[2m > [22mexecutes complete standard learning path from start to finish[32m 13[2mms[22m[39m
 [32m✓[39m [30m[45m main-process [49m[39m src/main/services/domain/workflow/__tests__/workflow-graph.test.ts[2m:342:3[22m[2m > [22mworkflow-graph E2E complete workflows[2m > [22mexecutes complete fast-track assessment for experienced learners[32m 12[2mms[22m[39m
 [32m✓[39m [30m[45m main-process [49m[39m src/main/services/domain/workflow/__tests__/workflow-graph.test.ts[2m:380:3[22m[2m > [22mworkflow-graph edge cases[2m > [22mhandles various topic input formats[32m 10[2mms[22m[39m
 [32m✓[39m [30m[45m main-process [49m[39m src/main/services/domain/workflow/__tests__/workflow-graph.test.ts[2m:410:3[22m[2m > [22mworkflow-graph edge cases[2m > [22mroutes through all conditional branches[32m 33[2mms[22m[39m
 [32m✓[39m [30m[45m main-process [49m[39m src/main/services/domain/workflow/__tests__/workflow-graph.test.ts[2m:441:3[22m[2m > [22mworkflow-graph edge cases[2m > [22mhandles various confidence score formats[32m 19[2mms[22m[39m
 [32m✓[39m [30m[45m main-process [49m[39m src/main/services/domain/workflow/__tests__/full-workflow.test.ts[2m:394:7[22m[2m > [22mFull Workflow Integration Tests[2m > [22mOfficial LangGraph Testing Patterns[2m > [22mPartial Execution Tests (Pattern 2)[2m > [22mexecutes TEACH -> PRACTICE flow using initial state[32m 45[2mms[22m[39m
 [32m✓[39m [30m[45m main-process [49m[39m src/main/services/domain/workflow/__tests__/full-workflow.test.ts[2m:417:7[22m[2m > [22mFull Workflow Integration Tests[2m > [22mOfficial LangGraph Testing Patterns[2m > [22mPartial Execution Tests (Pattern 2)[2m > [22mexecutes FAST_TRACK -> GRADE -> COMPLETE flow[32m 31[2mms[22m[39m
 [32m✓[39m [30m[45m main-process [49m[39m src/main/services/domain/workflow/__tests__/full-workflow.test.ts[2m:439:7[22m[2m > [22mFull Workflow Integration Tests[2m > [22mOfficial LangGraph Testing Patterns[2m > [22mPartial Execution Tests (Pattern 2)[2m > [22mexecutes PRACTICE -> EVALUATE -> PRACTICE flow[32m 6[2mms[22m[39m
 [32m✓[39m [30m[45m main-process [49m[39m src/main/services/domain/workflow/__tests__/full-workflow.test.ts[2m:467:7[22m[2m > [22mFull Workflow Integration Tests[2m > [22mOfficial LangGraph Testing Patterns[2m > [22mState Management Tests (Pattern 4)[2m > [22mmaintains state across multiple workflow calls[32m 11[2mms[22m[39m
 [32m✓[39m [30m[45m main-process [49m[39m src/main/services/domain/workflow/__tests__/full-workflow.test.ts[2m:502:7[22m[2m > [22mFull Workflow Integration Tests[2m > [22mOfficial LangGraph Testing Patterns[2m > [22mState Management Tests (Pattern 4)[2m > [22misolates different sessions using thread IDs[32m 48[2mms[22m[39m
 [32m✓[39m [30m[45m main-process [49m[39m src/main/services/domain/workflow/__tests__/full-workflow.test.ts[2m:547:7[22m[2m > [22mFull Workflow Integration Tests[2m > [22mOfficial LangGraph Testing Patterns[2m > [22mInterrupt Handling Tests[2m > [22mhandles user responses and continues workflow[32m 49[2mms[22m[39m
 [32m✓[39m [30m[45m main-process [49m[39m src/main/services/domain/workflow/__tests__/full-workflow.test.ts[2m:606:7[22m[2m > [22mFull Workflow Integration Tests[2m > [22mOfficial LangGraph Testing Patterns[2m > [22mInterrupt Handling Tests[2m > [22mhandles practice conversation interrupts[32m 5[2mms[22m[39m
 [32m✓[39m [30m[45m main-process [49m[39m src/main/services/domain/workflow/__tests__/full-workflow.test.ts[2m:668:5[22m[2m > [22mFull Workflow Integration Tests[2m > [22mEnd-to-End (E2E) Complete Workflow Tests[2m > [22mexecutes complete standard learning path from start to finish[32m 36[2mms[22m[39m
 [32m✓[39m [30m[45m main-process [49m[39m src/main/services/domain/workflow/__tests__/full-workflow.test.ts[2m:730:5[22m[2m > [22mFull Workflow Integration Tests[2m > [22mEnd-to-End (E2E) Complete Workflow Tests[2m > [22mexecutes complete fast-track assessment for experienced learners[32m 47[2mms[22m[39m
 [32m✓[39m [30m[45m main-process [49m[39m src/main/services/domain/workflow/__tests__/full-workflow.test.ts[2m:784:5[22m[2m > [22mFull Workflow Integration Tests[2m > [22mEnd-to-End (E2E) Complete Workflow Tests[2m > [22mhandles complete remediation cycle until mastery[32m 47[2mms[22m[39m
 [32m✓[39m [30m[45m main-process [49m[39m src/main/services/domain/workflow/__tests__/full-workflow.test.ts[2m:836:5[22m[2m > [22mFull Workflow Integration Tests[2m > [22mEnd-to-End (E2E) Complete Workflow Tests[2m > [22mintegrates knowledge graph into complete workflow[32m 47[2mms[22m[39m
 [32m✓[39m [30m[45m main-process [49m[39m src/main/services/domain/workflow/__tests__/full-workflow.test.ts[2m:889:5[22m[2m > [22mFull Workflow Integration Tests[2m > [22mEnd-to-End (E2E) Complete Workflow Tests[2m > [22mtracks analytics events throughout complete workflow[32m 7[2mms[22m[39m
 [32m✓[39m [30m[45m main-process [49m[39m src/main/services/domain/workflow/__tests__/full-workflow.test.ts[2m:933:5[22m[2m > [22mFull Workflow Integration Tests[2m > [22mEnd-to-End (E2E) Complete Workflow Tests[2m > [22mgenerates complete session blueprint during workflow[32m 8[2mms[22m[39m
 [32m✓[39m [30m[45m main-process [49m[39m src/main/services/domain/workflow/__tests__/full-workflow.test.ts[2m:1003:5[22m[2m > [22mFull Workflow Integration Tests[2m > [22mEdge Cases and Coverage Gap Tests[2m > [22mgenerates fast-track quiz for high-confidence users[32m 48[2mms[22m[39m
 [32m✓[39m [30m[45m main-process [49m[39m src/main/services/domain/workflow/__tests__/full-workflow.test.ts[2m:1041:5[22m[2m > [22mFull Workflow Integration Tests[2m > [22mEdge Cases and Coverage Gap Tests[2m > [22mcompletes fast-track assessment with quiz grading[32m 47[2mms[22m[39m
 [32m✓[39m [30m[45m main-process [49m[39m src/main/services/domain/workflow/__tests__/full-workflow.test.ts[2m:1082:5[22m[2m > [22mFull Workflow Integration Tests[2m > [22mEdge Cases and Coverage Gap Tests[2m > [22mhandles various topic input formats[32m 12[2mms[22m[39m
 [32m✓[39m [30m[45m main-process [49m[39m src/main/services/domain/workflow/__tests__/full-workflow.test.ts[2m:1116:5[22m[2m > [22mFull Workflow Integration Tests[2m > [22mEdge Cases and Coverage Gap Tests[2m > [22mproperly completes workflow with final state[32m 8[2mms[22m[39m
 [32m✓[39m [30m[45m main-process [49m[39m src/main/services/domain/workflow/__tests__/full-workflow.test.ts[2m:1143:5[22m[2m > [22mFull Workflow Integration Tests[2m > [22mEdge Cases and Coverage Gap Tests[2m > [22mhandles various confidence score formats[32m 21[2mms[22m[39m
 [32m✓[39m [30m[45m main-process [49m[39m src/main/services/domain/workflow/__tests__/full-workflow.test.ts[2m:1173:5[22m[2m > [22mFull Workflow Integration Tests[2m > [22mEdge Cases and Coverage Gap Tests[2m > [22mroutes through all conditional branches[32m 23[2mms[22m[39m
 [32m✓[39m [30m[45m main-process [49m[39m src/main/services/domain/workflow/__tests__/full-workflow.test.ts[2m:1208:5[22m[2m > [22mFull Workflow Integration Tests[2m > [22mEdge Cases and Coverage Gap Tests[2m > [22mprevents infinite loops via circuit breaker[32m 9[2mms[22m[39m
 [32m✓[39m [30m[45m main-process [49m[39m src/main/services/domain/workflow/__tests__/full-workflow.test.ts[2m:1235:5[22m[2m > [22mFull Workflow Integration Tests[2m > [22mEdge Cases and Coverage Gap Tests[2m > [22mevaluates mastery with different score thresholds[32m 20[2mms[22m[39m
 [32m✓[39m [30m[45m main-process [49m[39m src/main/services/domain/workflow/__tests__/full-workflow.test.ts[2m:1265:5[22m[2m > [22mFull Workflow Integration Tests[2m > [22mEdge Cases and Coverage Gap Tests[2m > [22mhandles teaching with different interaction types[32m 7[2mms[22m[39m
 [32m✓[39m [30m[45m main-process [49m[39m src/main/services/domain/workflow/__tests__/full-workflow.test.ts[2m:1291:5[22m[2m > [22mFull Workflow Integration Tests[2m > [22mEdge Cases and Coverage Gap Tests[2m > [22mexecutes TEACH node with streaming interrupt[32m 42[2mms[22m[39m
 [32m✓[39m [30m[45m main-process [49m[39m src/main/services/domain/workflow/__tests__/full-workflow.test.ts[2m:1331:5[22m[2m > [22mFull Workflow Integration Tests[2m > [22mEdge Cases and Coverage Gap Tests[2m > [22mprovides remediation for struggling learners[32m 6[2mms[22m[39m
 [32m✓[39m [30m[45m main-process [49m[39m src/main/services/core/logger/__tests__/winston-logger.test.ts[2m:36:3[22m[2m > [22mWinston Logger Service[2m > [22mshould create logger instance[32m 122[2mms[22m[39m
 [32m✓[39m [30m[45m main-process [49m[39m src/main/services/core/logger/__tests__/winston-logger.test.ts[2m:45:3[22m[2m > [22mWinston Logger Service[2m > [22mshould get environment[32m 108[2mms[22m[39m
 [32m✓[39m [30m[45m main-process [49m[39m src/main/services/core/logger/__tests__/winston-logger.test.ts[2m:50:3[22m[2m > [22mWinston Logger Service[2m > [22mshould create child logger[32m 109[2mms[22m[39m
 [32m✓[39m [30m[45m main-process [49m[39m src/main/services/core/logger/__tests__/winston-logger.test.ts[2m:58:3[22m[2m > [22mWinston Logger Service[2m > [22mshould have query methods[32m 109[2mms[22m[39m
 [32m✓[39m [30m[45m main-process [49m[39m src/main/services/domain/concept-parsing/__tests__/heading-segmentation.test.ts[2m:50:3[22m[2m > [22mheading segmentation fix[2m > [22mincludes H1 heading in first segment[32m 205[2mms[22m[39m
 [32m✓[39m [30m[45m main-process [49m[39m src/main/services/domain/concept-parsing/__tests__/heading-segmentation.test.ts[2m:73:3[22m[2m > [22mheading segmentation fix[2m > [22mincludes H2 headings in segments[32m 8[2mms[22m[39m
 [32m✓[39m [30m[45m main-process [49m[39m src/main/services/domain/concept-parsing/__tests__/heading-segmentation.test.ts[2m:96:3[22m[2m > [22mheading segmentation fix[2m > [22mhandles content starting with H2 (no H1)[32m 9[2mms[22m[39m
 [32m✓[39m [30m[45m main-process [49m[39m src/main/services/domain/concept-parsing/__tests__/heading-segmentation.test.ts[2m:120:3[22m[2m > [22mheading segmentation fix[2m > [22mrespects maxHeadingDepth setting[32m 9[2mms[22m[39m
 [32m✓[39m [30m[45m main-process [49m[39m src/main/services/domain/concept-parsing/__tests__/heading-segmentation.test.ts[2m:144:3[22m[2m > [22mheading segmentation fix[2m > [22mhandles overlapping content correctly[32m 7[2mms[22m[39m
 [32m✓[39m [30m[45m main-process [49m[39m src/main/services/domain/concept-parsing/__tests__/heading-segmentation.test.ts[2m:171:3[22m[2m > [22mheading segmentation fix[2m > [22mpreserves code blocks in segments[32m 7[2mms[22m[39m
 [32m✓[39m [30m[45m main-process [49m[39m src/main/services/domain/concept-parsing/__tests__/heading-segmentation.test.ts[2m:200:3[22m[2m > [22mheading segmentation fix[2m > [22mhandles empty sections gracefully[32m 7[2mms[22m[39m
 [32m✓[39m [30m[45m main-process [49m[39m src/main/services/domain/concept-parsing/__tests__/heading-segmentation.test.ts[2m:220:3[22m[2m > [22mheading segmentation fix[2m > [22msegments very long content correctly[32m 13[2mms[22m[39m
 [32m✓[39m [30m[45m main-process [49m[39m src/main/services/domain/workflow/subgraphs/teach/__tests__/classifyResponse-node.test.ts[2m:86:5[22m[2m > [22m[TC-501] classifyResponse node[2m > [22mfast path: keyword detection[2m > [22mshould classify question responses via keyword detection[32m 4[2mms[22m[39m
 [32m✓[39m [30m[45m main-process [49m[39m src/main/services/domain/workflow/subgraphs/teach/__tests__/classifyResponse-node.test.ts[2m:114:5[22m[2m > [22m[TC-501] classifyResponse node[2m > [22mfast path: keyword detection[2m > [22mshould classify readiness signals via keyword detection[32m 4[2mms[22m[39m
 [32m✓[39m [30m[45m main-process [49m[39m src/main/services/domain/workflow/subgraphs/teach/__tests__/classifyResponse-node.test.ts[2m:142:5[22m[2m > [22m[TC-501] classifyResponse node[2m > [22mfast path: keyword detection[2m > [22mshould classify confusion responses via keyword detection[32m 4[2mms[22m[39m
 [32m✓[39m [30m[45m main-process [49m[39m src/main/services/domain/workflow/subgraphs/teach/__tests__/classifyResponse-node.test.ts[2m:170:5[22m[2m > [22m[TC-501] classifyResponse node[2m > [22mfast path: keyword detection[2m > [22mshould classify needs_more responses via keyword detection[32m 5[2mms[22m[39m
 [32m✓[39m [30m[45m main-process [49m[39m src/main/services/domain/workflow/subgraphs/teach/__tests__/classifyResponse-node.test.ts[2m:198:5[22m[2m > [22m[TC-501] classifyResponse node[2m > [22mfast path: keyword detection[2m > [22mshould detect question mark as question intent (except ready phrases)[32m 2[2mms[22m[39m
 [32m✓[39m [30m[45m main-process [49m[39m src/main/services/domain/workflow/subgraphs/teach/__tests__/classifyResponse-node.test.ts[2m:219:5[22m[2m > [22m[TC-501] classifyResponse node[2m > [22medge cases[2m > [22mshould handle empty response as confused[32m 1[2mms[22m[39m
 [32m✓[39m [30m[45m main-process [49m[39m src/main/services/domain/workflow/subgraphs/teach/__tests__/classifyResponse-node.test.ts[2m:232:5[22m[2m > [22m[TC-501] classifyResponse node[2m > [22medge cases[2m > [22mshould handle whitespace-only response as confused[32m 3[2mms[22m[39m
 [32m✓[39m [30m[45m main-process [49m[39m src/main/services/domain/workflow/subgraphs/teach/__tests__/classifyResponse-node.test.ts[2m:245:5[22m[2m > [22m[TC-501] classifyResponse node[2m > [22medge cases[2m > [22mshould handle very long responses[32m 1[2mms[22m[39m
 [32m✓[39m [30m[45m main-process [49m[39m src/main/services/domain/workflow/subgraphs/teach/__tests__/classifyResponse-node.test.ts[2m:260:5[22m[2m > [22m[TC-501] classifyResponse node[2m > [22medge cases[2m > [22mshould handle empty topic with ambiguous response[32m 1[2mms[22m[39m
 [32m✓[39m [30m[45m main-process [49m[39m src/main/services/domain/workflow/subgraphs/teach/__tests__/classifyResponse-node.test.ts[2m:274:5[22m[2m > [22m[TC-501] classifyResponse node[2m > [22medge cases[2m > [22mshould handle model response that does not match any intent[32m 1[2mms[22m[39m
 [32m✓[39m [30m[45m main-process [49m[39m src/main/services/domain/workflow/subgraphs/teach/__tests__/classifyResponse-node.test.ts[2m:287:5[22m[2m > [22m[TC-501] classifyResponse node[2m > [22medge cases[2m > [22mshould handle model returning null content[32m 1[2mms[22m[39m
 [32m✓[39m [30m[45m main-process [49m[39m src/main/services/domain/workflow/subgraphs/teach/__tests__/classifyResponse-node.test.ts[2m:304:5[22m[2m > [22m[TC-501] classifyResponse node[2m > [22medge cases[2m > [22mshould handle model returning whitespace-only content[32m 1[2mms[22m[39m
 [32m✓[39m [30m[45m main-process [49m[39m src/main/services/domain/workflow/subgraphs/teach/__tests__/classifyResponse-node.test.ts[2m:317:5[22m[2m > [22m[TC-501] classifyResponse node[2m > [22mAI classification path[2m > [22mshould use AI for responses without keyword matches[32m 1[2mms[22m[39m
 [32m✓[39m [30m[45m main-process [49m[39m src/main/services/domain/workflow/subgraphs/teach/__tests__/classifyResponse-node.test.ts[2m:332:5[22m[2m > [22m[TC-501] classifyResponse node[2m > [22mAI classification path[2m > [22mshould call model with formatted messages[32m 1[2mms[22m[39m
 [32m✓[39m [30m[45m main-process [49m[39m src/main/services/domain/workflow/subgraphs/teach/__tests__/classifyResponse-node.test.ts[2m:375:5[22m[2m > [22m[TC-501] classifyResponse node[2m > [22mAI classification path[2m > [22mshould parse intent from AI response correctly[32m 2[2mms[22m[39m
 [32m✓[39m [30m[45m main-process [49m[39m src/main/services/domain/workflow/subgraphs/teach/__tests__/classifyResponse-node.test.ts[2m:402:5[22m[2m > [22m[TC-501] classifyResponse node[2m > [22merror handling[2m > [22mshould handle model invocation errors with fallback[32m 1[2mms[22m[39m
 [32m✓[39m [30m[45m main-process [49m[39m src/main/services/domain/workflow/subgraphs/teach/__tests__/classifyResponse-node.test.ts[2m:424:5[22m[2m > [22m[TC-501] classifyResponse node[2m > [22merror handling[2m > [22mshould handle provider factory errors with fallback[32m 1[2mms[22m[39m
 [32m✓[39m [30m[45m main-process [49m[39m src/main/services/domain/workflow/subgraphs/teach/__tests__/classifyResponse-node.test.ts[2m:444:5[22m[2m > [22m[TC-501] classifyResponse node[2m > [22mstate management[2m > [22mshould preserve existing teach state properties[32m 1[2mms[22m[39m
 [32m✓[39m [30m[45m main-process [49m[39m src/main/services/domain/workflow/subgraphs/teach/__tests__/classifyResponse-node.test.ts[2m:476:5[22m[2m > [22m[TC-501] classifyResponse node[2m > [22mstate management[2m > [22mshould only update teachIntent in state[32m 1[2mms[22m[39m
 [32m✓[39m [30m[45m main-process [49m[39m src/main/services/domain/workflow/subgraphs/teach/__tests__/classifyResponse-node.test.ts[2m:496:5[22m[2m > [22m[TC-501] classifyResponse node[2m > [22mstate management[2m > [22mshould work with different teaching rounds[32m 2[2mms[22m[39m
 [32m✓[39m [30m[45m main-process [49m[39m src/main/services/domain/workflow/subgraphs/teach/__tests__/classifyResponse-node.test.ts[2m:516:5[22m[2m > [22m[TC-501] classifyResponse node[2m > [22mstate management[2m > [22mshould log debug information[32m 2[2mms[22m[39m
 [32m✓[39m [30m[45m main-process [49m[39m src/main/services/domain/workflow/subgraphs/teach/__tests__/classifyResponse-node.test.ts[2m:528:5[22m[2m > [22m[TC-501] classifyResponse node[2m > [22mstate management[2m > [22mshould log performance metrics[32m 3[2mms[22m[39m
 [32m✓[39m [30m[45m main-process [49m[39m src/main/services/domain/workflow/subgraphs/teach/__tests__/classifyResponse-node.test.ts[2m:555:5[22m[2m > [22m[TC-501] classifyResponse node[2m > [22mstate management[2m > [22mshould handle all TeachIntent values[32m 3[2mms[22m[39m
 [32m✓[39m [30m[45m main-process [49m[39m src/main/services/domain/workflow/subgraphs/teach/__tests__/explain-node.test.ts[2m:101:3[22m[2m > [22mexplain node[2m > [22mshould generate initial explanation for round 1[32m 4[2mms[22m[39m
 [32m✓[39m [30m[45m main-process [49m[39m src/main/services/domain/workflow/subgraphs/teach/__tests__/explain-node.test.ts[2m:160:3[22m[2m > [22mexplain node[2m > [22mshould generate gap-focused explanation for subsequent rounds[32m 1[2mms[22m[39m
 [32m✓[39m [30m[45m main-process [49m[39m src/main/services/domain/workflow/subgraphs/teach/__tests__/explain-node.test.ts[2m:215:3[22m[2m > [22mexplain node[2m > [22mshould handle different understanding levels[32m 3[2mms[22m[39m
 [32m✓[39m [30m[45m main-process [49m[39m src/main/services/domain/workflow/subgraphs/teach/__tests__/explain-node.test.ts[2m:252:3[22m[2m > [22mexplain node[2m > [22mshould use interrupt to wait for user response[32m 2[2mms[22m[39m
 [32m✓[39m [30m[45m main-process [49m[39m src/main/services/domain/workflow/subgraphs/teach/__tests__/explain-node.test.ts[2m:284:3[22m[2m > [22mexplain node[2m > [22mshould handle empty topic gracefully[32m 1[2mms[22m[39m
 [32m✓[39m [30m[45m main-process [49m[39m src/main/services/domain/workflow/subgraphs/teach/__tests__/explain-node.test.ts[2m:311:3[22m[2m > [22mexplain node[2m > [22mshould emit chunks for streaming if config provides writer[32m 3[2mms[22m[39m
 [32m✓[39m [30m[45m main-process [49m[39m src/main/services/domain/workflow/subgraphs/teach/__tests__/explain-node.test.ts[2m:344:3[22m[2m > [22mexplain node[2m > [22mshould work with minimal config[32m 2[2mms[22m[39m
 [32m✓[39m [30m[45m main-process [49m[39m src/main/services/domain/workflow/subgraphs/teach/__tests__/explain-node.test.ts[2m:376:3[22m[2m > [22mexplain node[2m > [22mshould propagate errors from model invocation[32m 3[2mms[22m[39m
 [32m✓[39m [30m[45m main-process [49m[39m src/main/services/domain/workflow/subgraphs/teach/__tests__/explain-node.test.ts[2m:399:3[22m[2m > [22mexplain node[2m > [22mshould increment teaching round[32m 2[2mms[22m[39m
 [32m✓[39m [30m[45m main-process [49m[39m src/main/services/domain/workflow/subgraphs/teach/__tests__/explain-node.test.ts[2m:425:3[22m[2m > [22mexplain node[2m > [22mshould preserve gaps in state[32m 2[2mms[22m[39m
 [32m✓[39m [30m[45m main-process [49m[39m src/main/services/domain/workflow/subgraphs/teach/__tests__/explain-node.test.ts[2m:456:3[22m[2m > [22mexplain node[2m > [22mshould build prompt with topic, round, and gaps[32m 2[2mms[22m[39m
 [32m✓[39m [30m[45m main-process [49m[39m src/main/services/domain/workflow/subgraphs/teach/__tests__/explain-node.test.ts[2m:496:3[22m[2m > [22mexplain node[2m > [22mshould generate unique IDs for explanations[32m 2[2mms[22m[39m
 [32m✓[39m [30m[45m main-process [49m[39m src/main/services/domain/workflow/subgraphs/teach/__tests__/explain-node.test.ts[2m:529:3[22m[2m > [22mexplain node[2m > [22mshould update understanding level if provided[32m 2[2mms[22m[39m
 [32m✓[39m [30m[45m main-process [49m[39m src/main/services/domain/workflow/subgraphs/teach/__tests__/explain-node.test.ts[2m:559:3[22m[2m > [22mexplain node[2m > [22mshould handle very long explanations[32m 2[2mms[22m[39m
 [32m✓[39m [30m[45m main-process [49m[39m src/main/services/domain/workflow/subgraphs/teach/__tests__/explain-node.test.ts[2m:587:3[22m[2m > [22mexplain node[2m > [22mshould respect maxRounds limit[32m 2[2mms[22m[39m
 [32m✓[39m [30m[45m main-process [49m[39m src/main/services/domain/workflow/__tests__/normalization.test.ts[2m:61:7[22m[2m > [22mWorkflow Message Normalization[2m > [22mconvertToPlainMessage[2m > [22mwith LangChain serialized messages[2m > [22mshould convert LangChain message to normalized format[32m 1[2mms[22m[39m
 [32m✓[39m [30m[45m main-process [49m[39m src/main/services/domain/workflow/__tests__/normalization.test.ts[2m:69:7[22m[2m > [22mWorkflow Message Normalization[2m > [22mconvertToPlainMessage[2m > [22mwith LangChain serialized messages[2m > [22mshould handle assistant messages[32m 1[2mms[22m[39m
 [32m✓[39m [30m[45m main-process [49m[39m src/main/services/domain/workflow/__tests__/normalization.test.ts[2m:77:7[22m[2m > [22mWorkflow Message Normalization[2m > [22mconvertToPlainMessage[2m > [22mwith LangChain serialized messages[2m > [22mshould handle tool messages with object content[32m 1[2mms[22m[39m
 [32m✓[39m [30m[45m main-process [49m[39m src/main/services/domain/workflow/__tests__/normalization.test.ts[2m:85:7[22m[2m > [22mWorkflow Message Normalization[2m > [22mconvertToPlainMessage[2m > [22mwith LangChain serialized messages[2m > [22mshould attach metadata when nodeName is provided[32m 1[2mms[22m[39m
 [32m✓[39m [30m[45m main-process [49m[39m src/main/services/domain/workflow/__tests__/normalization.test.ts[2m:93:7[22m[2m > [22mWorkflow Message Normalization[2m > [22mconvertToPlainMessage[2m > [22mwith LangChain serialized messages[2m > [22mshould map node names to correct agent types[32m 1[2mms[22m[39m
 [32m✓[39m [30m[45m main-process [49m[39m src/main/services/domain/workflow/__tests__/normalization.test.ts[2m:111:7[22m[2m > [22mWorkflow Message Normalization[2m > [22mconvertToPlainMessage[2m > [22mwith LangChain serialized messages[2m > [22mshould default to learning agent type for unknown nodes[32m 0[2mms[22m[39m
 [32m✓[39m [30m[45m main-process [49m[39m src/main/services/domain/workflow/__tests__/normalization.test.ts[2m:121:7[22m[2m > [22mWorkflow Message Normalization[2m > [22mconvertToPlainMessage[2m > [22mwith plain message objects[2m > [22mshould convert plain message to normalized format[32m 3[2mms[22m[39m
 [32m✓[39m [30m[45m main-process [49m[39m src/main/services/domain/workflow/__tests__/normalization.test.ts[2m:129:7[22m[2m > [22mWorkflow Message Normalization[2m > [22mconvertToPlainMessage[2m > [22mwith plain message objects[2m > [22mshould handle string content[32m 1[2mms[22m[39m
 [32m✓[39m [30m[45m main-process [49m[39m src/main/services/domain/workflow/__tests__/normalization.test.ts[2m:136:7[22m[2m > [22mWorkflow Message Normalization[2m > [22mconvertToPlainMessage[2m > [22mwith plain message objects[2m > [22mshould handle object content by stringifying[32m 1[2mms[22m[39m
 [32m✓[39m [30m[45m main-process [49m[39m src/main/services/domain/workflow/__tests__/normalization.test.ts[2m:147:7[22m[2m > [22mWorkflow Message Normalization[2m > [22mconvertToPlainMessage[2m > [22mwith plain message objects[2m > [22mshould attach metadata when nodeName is provided[32m 0[2mms[22m[39m
 [32m✓[39m [30m[45m main-process [49m[39m src/main/services/domain/workflow/__tests__/normalization.test.ts[2m:157:7[22m[2m > [22mWorkflow Message Normalization[2m > [22mconvertToPlainMessage[2m > [22mwith BaseMessage instances[2m > [22mshould convert HumanMessage[32m 0[2mms[22m[39m
 [32m✓[39m [30m[45m main-process [49m[39m src/main/services/domain/workflow/__tests__/normalization.test.ts[2m:165:7[22m[2m > [22mWorkflow Message Normalization[2m > [22mconvertToPlainMessage[2m > [22mwith BaseMessage instances[2m > [22mshould convert AIMessage[32m 0[2mms[22m[39m
 [32m✓[39m [30m[45m main-process [49m[39m src/main/services/domain/workflow/__tests__/normalization.test.ts[2m:173:7[22m[2m > [22mWorkflow Message Normalization[2m > [22mconvertToPlainMessage[2m > [22mwith BaseMessage instances[2m > [22mshould convert ToolMessage[32m 0[2mms[22m[39m
 [32m✓[39m [30m[45m main-process [49m[39m src/main/services/domain/workflow/__tests__/normalization.test.ts[2m:183:7[22m[2m > [22mWorkflow Message Normalization[2m > [22mconvertToPlainMessage[2m > [22medge cases[2m > [22mshould handle empty content[32m 0[2mms[22m[39m
 [32m✓[39m [30m[45m main-process [49m[39m src/main/services/domain/workflow/__tests__/normalization.test.ts[2m:191:7[22m[2m > [22mWorkflow Message Normalization[2m > [22mconvertToPlainMessage[2m > [22medge cases[2m > [22mshould handle undefined nodeName[32m 0[2mms[22m[39m
 [32m✓[39m [30m[45m main-process [49m[39m src/main/services/domain/workflow/__tests__/normalization.test.ts[2m:199:7[22m[2m > [22mWorkflow Message Normalization[2m > [22mconvertToPlainMessage[2m > [22medge cases[2m > [22mshould handle messages without lc_kwargs[32m 0[2mms[22m[39m
 [32m✓[39m [30m[45m main-process [49m[39m src/main/services/domain/workflow/__tests__/normalization.test.ts[2m:210:5[22m[2m > [22mWorkflow Message Normalization[2m > [22mconvertMessagesToPlain[2m > [22mshould batch convert multiple messages[32m 1[2mms[22m[39m
 [32m✓[39m [30m[45m main-process [49m[39m src/main/services/domain/workflow/__tests__/normalization.test.ts[2m:228:5[22m[2m > [22mWorkflow Message Normalization[2m > [22mconvertMessagesToPlain[2m > [22mshould handle empty array[32m 0[2mms[22m[39m
 [32m✓[39m [30m[45m main-process [49m[39m src/main/services/domain/workflow/__tests__/normalization.test.ts[2m:234:5[22m[2m > [22mWorkflow Message Normalization[2m > [22mconvertMessagesToPlain[2m > [22mshould handle single message[32m 1[2mms[22m[39m
 [32m✓[39m [30m[45m main-process [49m[39m src/main/services/domain/workflow/__tests__/normalization.test.ts[2m:242:5[22m[2m > [22mWorkflow Message Normalization[2m > [22mconvertMessagesToPlain[2m > [22mshould preserve message order[32m 1[2mms[22m[39m
 [32m✓[39m [30m[45m main-process [49m[39m src/main/services/domain/workflow/__tests__/normalization.test.ts[2m:258:5[22m[2m > [22mWorkflow Message Normalization[2m > [22mnormalizeWorkflowOutput[2m > [22mshould extract and normalize messages from node output[32m 1[2mms[22m[39m
 [32m✓[39m [30m[45m main-process [49m[39m src/main/services/domain/workflow/__tests__/normalization.test.ts[2m:276:5[22m[2m > [22mWorkflow Message Normalization[2m > [22mnormalizeWorkflowOutput[2m > [22mshould handle output with no messages[32m 1[2mms[22m[39m
 [32m✓[39m [30m[45m main-process [49m[39m src/main/services/domain/workflow/__tests__/normalization.test.ts[2m:287:5[22m[2m > [22mWorkflow Message Normalization[2m > [22mnormalizeWorkflowOutput[2m > [22mshould handle undefined messages array[32m 1[2mms[22m[39m
 [32m✓[39m [30m[45m main-process [49m[39m src/main/services/domain/workflow/__tests__/normalization.test.ts[2m:295:5[22m[2m > [22mWorkflow Message Normalization[2m > [22mnormalizeWorkflowOutput[2m > [22mshould attach correct metadata for different nodes[32m 0[2mms[22m[39m
 [32m✓[39m [30m[45m main-process [49m[39m src/main/services/domain/workflow/__tests__/normalization.test.ts[2m:308:5[22m[2m > [22mWorkflow Message Normalization[2m > [22mcreateStructuredMessage[2m > [22mshould create tool message with structured data[32m 1[2mms[22m[39m
 [32m✓[39m [30m[45m main-process [49m[39m src/main/services/domain/workflow/__tests__/normalization.test.ts[2m:324:5[22m[2m > [22mWorkflow Message Normalization[2m > [22mcreateStructuredMessage[2m > [22mshould use default message type when not provided[32m 0[2mms[22m[39m
 [32m✓[39m [30m[45m main-process [49m[39m src/main/services/domain/workflow/__tests__/normalization.test.ts[2m:333:5[22m[2m > [22mWorkflow Message Normalization[2m > [22mcreateStructuredMessage[2m > [22mshould include timestamp in content[32m 0[2mms[22m[39m
 [32m✓[39m [30m[45m main-process [49m[39m src/main/services/domain/workflow/__tests__/normalization.test.ts[2m:342:5[22m[2m > [22mWorkflow Message Normalization[2m > [22mcreateStructuredMessage[2m > [22mshould map node names to correct agent types[32m 0[2mms[22m[39m
 [32m✓[39m [30m[45m main-process [49m[39m src/main/services/domain/workflow/__tests__/normalization.test.ts[2m:353:5[22m[2m > [22mWorkflow Message Normalization[2m > [22mcreateAssistantMessage[2m > [22mshould create assistant message with text content[32m 0[2mms[22m[39m
 [32m✓[39m [30m[45m main-process [49m[39m src/main/services/domain/workflow/__tests__/normalization.test.ts[2m:364:5[22m[2m > [22mWorkflow Message Normalization[2m > [22mcreateAssistantMessage[2m > [22mshould handle empty content[32m 0[2mms[22m[39m
 [32m✓[39m [30m[45m main-process [49m[39m src/main/services/domain/workflow/__tests__/normalization.test.ts[2m:371:5[22m[2m > [22mWorkflow Message Normalization[2m > [22mcreateAssistantMessage[2m > [22mshould handle long content[32m 2[2mms[22m[39m
 [32m✓[39m [30m[45m main-process [49m[39m src/main/services/domain/workflow/__tests__/normalization.test.ts[2m:378:5[22m[2m > [22mWorkflow Message Normalization[2m > [22mcreateAssistantMessage[2m > [22mshould map node names correctly[32m 1[2mms[22m[39m
 [32m✓[39m [30m[45m main-process [49m[39m src/main/services/domain/workflow/__tests__/normalization.test.ts[2m:388:5[22m[2m > [22mWorkflow Message Normalization[2m > [22mvalidateNormalizedMessage[2m > [22mshould return true for valid normalized message[32m 0[2mms[22m[39m
 [32m✓[39m [30m[45m main-process [49m[39m src/main/services/domain/workflow/__tests__/normalization.test.ts[2m:397:5[22m[2m > [22mWorkflow Message Normalization[2m > [22mvalidateNormalizedMessage[2m > [22mshould return true for message with metadata[32m 0[2mms[22m[39m
 [32m✓[39m [30m[45m main-process [49m[39m src/main/services/domain/workflow/__tests__/normalization.test.ts[2m:409:5[22m[2m > [22mWorkflow Message Normalization[2m > [22mvalidateNormalizedMessage[2m > [22mshould return false for null[32m 0[2mms[22m[39m
 [32m✓[39m [30m[45m main-process [49m[39m src/main/services/domain/workflow/__tests__/normalization.test.ts[2m:413:5[22m[2m > [22mWorkflow Message Normalization[2m > [22mvalidateNormalizedMessage[2m > [22mshould return false for undefined[32m 0[2mms[22m[39m
 [32m✓[39m [30m[45m main-process [49m[39m src/main/services/domain/workflow/__tests__/normalization.test.ts[2m:417:5[22m[2m > [22mWorkflow Message Normalization[2m > [22mvalidateNormalizedMessage[2m > [22mshould return false for non-object[32m 0[2mms[22m[39m
 [32m✓[39m [30m[45m main-process [49m[39m src/main/services/domain/workflow/__tests__/normalization.test.ts[2m:423:5[22m[2m > [22mWorkflow Message Normalization[2m > [22mvalidateNormalizedMessage[2m > [22mshould return false for object without role[32m 0[2mms[22m[39m
 [32m✓[39m [30m[45m main-process [49m[39m src/main/services/domain/workflow/__tests__/normalization.test.ts[2m:427:5[22m[2m > [22mWorkflow Message Normalization[2m > [22mvalidateNormalizedMessage[2m > [22mshould return false for object without content[32m 0[2mms[22m[39m
 [32m✓[39m [30m[45m main-process [49m[39m src/main/services/domain/workflow/__tests__/normalization.test.ts[2m:431:5[22m[2m > [22mWorkflow Message Normalization[2m > [22mvalidateNormalizedMessage[2m > [22mshould return false for invalid role type[32m 0[2mms[22m[39m
 [32m✓[39m [30m[45m main-process [49m[39m src/main/services/domain/workflow/__tests__/normalization.test.ts[2m:435:5[22m[2m > [22mWorkflow Message Normalization[2m > [22mvalidateNormalizedMessage[2m > [22mshould return false for invalid content type[32m 0[2mms[22m[39m
 [32m✓[39m [30m[45m main-process [49m[39m src/main/services/domain/workflow/__tests__/normalization.test.ts[2m:441:5[22m[2m > [22mWorkflow Message Normalization[2m > [22mvalidateNormalizedMessages[2m > [22mshould return true for array of valid messages[32m 0[2mms[22m[39m
 [32m✓[39m [30m[45m main-process [49m[39m src/main/services/domain/workflow/__tests__/normalization.test.ts[2m:450:5[22m[2m > [22mWorkflow Message Normalization[2m > [22mvalidateNormalizedMessages[2m > [22mshould return true for empty array[32m 0[2mms[22m[39m
 [32m✓[39m [30m[45m main-process [49m[39m src/main/services/domain/workflow/__tests__/normalization.test.ts[2m:454:5[22m[2m > [22mWorkflow Message Normalization[2m > [22mvalidateNormalizedMessages[2m > [22mshould return false for array with invalid message[32m 0[2mms[22m[39m
 [32m✓[39m [30m[45m main-process [49m[39m src/main/services/domain/workflow/__tests__/normalization.test.ts[2m:463:5[22m[2m > [22mWorkflow Message Normalization[2m > [22mvalidateNormalizedMessages[2m > [22mshould return false for non-array[32m 0[2mms[22m[39m
 [32m✓[39m [30m[45m main-process [49m[39m src/main/services/domain/workflow/__tests__/normalization.test.ts[2m:469:5[22m[2m > [22mWorkflow Message Normalization[2m > [22maddMessageMetadata[2m > [22mshould add metadata to message[32m 0[2mms[22m[39m
 [32m✓[39m [30m[45m main-process [49m[39m src/main/services/domain/workflow/__tests__/normalization.test.ts[2m:483:5[22m[2m > [22mWorkflow Message Normalization[2m > [22maddMessageMetadata[2m > [22mshould merge with existing metadata[32m 0[2mms[22m[39m
 [32m✓[39m [30m[45m main-process [49m[39m src/main/services/domain/workflow/__tests__/normalization.test.ts[2m:498:5[22m[2m > [22mWorkflow Message Normalization[2m > [22mstripMessageMetadata[2m > [22mshould remove all metadata[32m 0[2mms[22m[39m
 [32m✓[39m [30m[45m main-process [49m[39m src/main/services/domain/workflow/__tests__/normalization.test.ts[2m:515:5[22m[2m > [22mWorkflow Message Normalization[2m > [22mstripMessageMetadata[2m > [22mshould return only role and content[32m 0[2mms[22m[39m
 [32m✓[39m [30m[45m main-process [49m[39m src/main/services/domain/workflow/__tests__/normalization.test.ts[2m:528:5[22m[2m > [22mWorkflow Message Normalization[2m > [22mtoOpenAIMessage[2m > [22mshould convert user message[32m 0[2mms[22m[39m
 [32m✓[39m [30m[45m main-process [49m[39m src/main/services/domain/workflow/__tests__/normalization.test.ts[2m:542:5[22m[2m > [22mWorkflow Message Normalization[2m > [22mtoOpenAIMessage[2m > [22mshould convert assistant message[32m 0[2mms[22m[39m
 [32m✓[39m [30m[45m main-process [49m[39m src/main/services/domain/workflow/__tests__/normalization.test.ts[2m:556:5[22m[2m > [22mWorkflow Message Normalization[2m > [22mtoOpenAIMessage[2m > [22mshould parse tool message content as JSON[32m 1[2mms[22m[39m
 [32m✓[39m [30m[45m main-process [49m[39m src/main/services/domain/workflow/__tests__/normalization.test.ts[2m:573:5[22m[2m > [22mWorkflow Message Normalization[2m > [22mtoOpenAIMessage[2m > [22mshould handle tool message with invalid JSON[32m 1[2mms[22m[39m
 [32m✓[39m [30m[45m main-process [49m[39m src/main/services/domain/workflow/__tests__/normalization.test.ts[2m:587:5[22m[2m > [22mWorkflow Message Normalization[2m > [22mtoOpenAIMessage[2m > [22mshould preserve metadata but not include in output[32m 0[2mms[22m[39m
 [32m✓[39m [30m[45m main-process [49m[39m src/main/services/domain/workflow/__tests__/normalization.test.ts[2m:606:5[22m[2m > [22mWorkflow Message Normalization[2m > [22mtoOpenAIMessages[2m > [22mshould batch convert messages[32m 1[2mms[22m[39m
 [32m✓[39m [30m[45m main-process [49m[39m src/main/services/domain/workflow/__tests__/normalization.test.ts[2m:621:5[22m[2m > [22mWorkflow Message Normalization[2m > [22mtoOpenAIMessages[2m > [22mshould handle empty array[32m 0[2mms[22m[39m
 [32m✓[39m [30m[45m main-process [49m[39m src/main/services/domain/workflow/__tests__/normalization.test.ts[2m:629:5[22m[2m > [22mWorkflow Message Normalization[2m > [22mcreateIPCMessage[2m > [22mshould create IPC message from workflow output[32m 1[2mms[22m[39m
 [32m✓[39m [30m[45m main-process [49m[39m src/main/services/domain/workflow/__tests__/normalization.test.ts[2m:644:5[22m[2m > [22mWorkflow Message Normalization[2m > [22mcreateIPCMessage[2m > [22mshould include node metadata[32m 0[2mms[22m[39m
 [32m✓[39m [30m[45m main-process [49m[39m src/main/services/domain/workflow/__tests__/normalization.test.ts[2m:654:5[22m[2m > [22mWorkflow Message Normalization[2m > [22mcreateIPCMessage[2m > [22mshould handle multiple messages[32m 1[2mms[22m[39m
 [32m✓[39m [30m[45m main-process [49m[39m src/main/services/domain/workflow/subgraphs/teach/__tests__/handleQuestion-node.test.ts[2m:70:3[22m[2m > [22mhandleQuestion node[2m > [22mshould answer user questions[32m 2[2mms[22m[39m
 [32m✓[39m [30m[45m main-process [49m[39m src/main/services/domain/workflow/subgraphs/teach/__tests__/handleQuestion-node.test.ts[2m:120:3[22m[2m > [22mhandleQuestion node[2m > [22mshould handle confusion with clarification[32m 1[2mms[22m[39m
 [32m✓[39m [30m[45m main-process [49m[39m src/main/services/domain/workflow/subgraphs/teach/__tests__/handleQuestion-node.test.ts[2m:163:3[22m[2m > [22mhandleQuestion node[2m > [22mshould redirect off_topic responses[32m 1[2mms[22m[39m
 [32m✓[39m [30m[45m main-process [49m[39m src/main/services/domain/workflow/subgraphs/teach/__tests__/handleQuestion-node.test.ts[2m:190:3[22m[2m > [22mhandleQuestion node[2m > [22mshould track question count across multiple questions[32m 1[2mms[22m[39m
 [32m✓[39m [30m[45m main-process [49m[39m src/main/services/domain/workflow/subgraphs/teach/__tests__/handleQuestion-node.test.ts[2m:224:3[22m[2m > [22mhandleQuestion node[2m > [22mshould use interrupt to wait for follow-up[32m 1[2mms[22m[39m
 [32m✓[39m [30m[45m main-process [49m[39m src/main/services/domain/workflow/subgraphs/teach/__tests__/handleQuestion-node.test.ts[2m:254:3[22m[2m > [22mhandleQuestion node[2m > [22mshould respect MAX_QUESTIONS limit[32m 1[2mms[22m[39m
 [32m✓[39m [30m[45m main-process [49m[39m src/main/services/domain/workflow/subgraphs/teach/__tests__/handleQuestion-node.test.ts[2m:280:3[22m[2m > [22mhandleQuestion node[2m > [22mshould handle very long questions[32m 1[2mms[22m[39m
 [32m✓[39m [30m[45m main-process [49m[39m src/main/services/domain/workflow/subgraphs/teach/__tests__/handleQuestion-node.test.ts[2m:312:3[22m[2m > [22mhandleQuestion node[2m > [22mshould emit chunks for streaming if config provides writer[32m 1[2mms[22m[39m
 [32m✓[39m [30m[45m main-process [49m[39m src/main/services/domain/workflow/subgraphs/teach/__tests__/handleQuestion-node.test.ts[2m:318:3[22m[2m > [22mhandleQuestion node[2m > [22mshould work without streaming config[32m 1[2mms[22m[39m
 [32m✓[39m [30m[45m main-process [49m[39m src/main/services/domain/workflow/subgraphs/teach/__tests__/handleQuestion-node.test.ts[2m:348:3[22m[2m > [22mhandleQuestion node[2m > [22mshould propagate errors from model invocation[32m 1[2mms[22m[39m
 [32m✓[39m [30m[45m main-process [49m[39m src/main/services/domain/workflow/subgraphs/teach/__tests__/handleQuestion-node.test.ts[2m:374:3[22m[2m > [22mhandleQuestion node[2m > [22mshould preserve other teach state properties[32m 1[2mms[22m[39m
 [32m✓[39m [30m[45m main-process [49m[39m src/main/services/domain/workflow/subgraphs/teach/__tests__/handleQuestion-node.test.ts[2m:408:3[22m[2m > [22mhandleQuestion node[2m > [22mshould build prompt with topic and question[32m 3[2mms[22m[39m
 [32m✓[39m [30m[45m main-process [49m[39m src/main/services/domain/workflow/subgraphs/teach/__tests__/handleQuestion-node.test.ts[2m:452:3[22m[2m > [22mhandleQuestion node[2m > [22mshould generate unique IDs for questions[32m 1[2mms[22m[39m
 [32m✓[39m [30m[45m main-process [49m[39m src/main/services/domain/workflow/subgraphs/teach/__tests__/handleQuestion-node.test.ts[2m:458:3[22m[2m > [22mhandleQuestion node[2m > [22mshould handle empty topic gracefully[32m 2[2mms[22m[39m
 [32m✓[39m [30m[45m main-process [49m[39m src/main/services/domain/workflow/subgraphs/teach/__tests__/handleQuestion-node.test.ts[2m:488:3[22m[2m > [22mhandleQuestion node[2m > [22mshould increment questionsAsked from initial value[32m 2[2mms[22m[39m
 [2m[90m↓[39m[22m [30m[45m main-process [49m[39m src/devtools/concept-parsing.smoke.ts[2m:234:3[22m[2m > [22mconcept parsing smoke helper[2m > [22mis skipped
 [32m✓[39m [30m[45m main-process [49m[39m src/main/__tests__/ipc-contract.test.ts[2m:6:3[22m[2m > [22mIPC contract skeleton (no real Electron)[2m > [22mhandles chat send and streams chunks to renderer[32m 12[2mms[22m[39m
 [32m✓[39m [30m[45m main-process [49m[39m src/main/__tests__/ipc-contract.test.ts[2m:40:3[22m[2m > [22mIPC contract skeleton (no real Electron)[2m > [22mbubbles validation errors back to renderer[32m 1[2mms[22m[39m
 [32m✓[39m [30m[45m main-process [49m[39m src/main/__tests__/settings.contract.test.ts[2m:22:3[22m[2m > [22m[TC-501] settings IPC contract[2m > [22m[TC-502] returns available providers summary[32m 2[2mms[22m[39m
 [32m✓[39m [30m[45m main-process [49m[39m src/main/__tests__/settings.contract.test.ts[2m:33:3[22m[2m > [22m[TC-501] settings IPC contract[2m > [22m[TC-503] updates user preferences and reports changed keys[32m 2[2mms[22m[39m
 [32m✓[39m [30m[45m main-process [49m[39m src/main/__tests__/settings.contract.test.ts[2m:45:3[22m[2m > [22m[TC-501] settings IPC contract[2m > [22m[TC-504] configures provider and echoes providerId[32m 1[2mms[22m[39m
 [32m✓[39m [30m[45m main-process [49m[39m src/main/__tests__/settings.contract.test.ts[2m:60:3[22m[2m > [22m[TC-501] settings IPC contract[2m > [22m[TC-505] saves workspace config successfully[32m 2[2mms[22m[39m
 [32m✓[39m [30m[45m main-process [49m[39m src/main/__tests__/settings.contract.test.ts[2m:72:3[22m[2m > [22m[TC-501] settings IPC contract[2m > [22m[TC-506] returns failure when config write fails[32m 3[2mms[22m[39m
 [32m✓[39m [30m[45m main-process [49m[39m src/main/handlers/__tests__/concept-parsing-handlers-error-propagation.test.ts[2m:20:3[22m[2m > [22mconcept parsing handlers - error propagation[2m > [22mshould return error response when concept parsing fails[32m 2[2mms[22m[39m
 [32m✓[39m [30m[45m main-process [49m[39m src/main/handlers/__tests__/concept-parsing-handlers-error-propagation.test.ts[2m:96:3[22m[2m > [22mconcept parsing handlers - error propagation[2m > [22mshould handle errors without stack traces gracefully[32m 1[2mms[22m[39m
 [32m✓[39m [30m[45m main-process [49m[39m src/main/handlers/__tests__/concept-parsing-handlers-error-propagation.test.ts[2m:142:3[22m[2m > [22mconcept parsing handlers - error propagation[2m > [22mshould return error when clearJobCache fails[32m 2[2mms[22m[39m
 [32m✓[39m [30m[45m main-process [49m[39m src/main/handlers/__tests__/concept-parsing-handlers-settings.test.ts[2m:6:3[22m[2m > [22mbuildParsingSettings[2m > [22mpulls parsing defaults from config and forces vectorize[32m 1[2mms[22m[39m
 [32m✓[39m [30m[45m main-process [49m[39m src/main/handlers/__tests__/handler-interface.test.ts[2m:111:5[22m[2m > [22mIPC Handlers - Interface Tests[2m > [22mHandler Registration Pattern[2m > [22mshould register handlers with correct pattern[32m 2[2mms[22m[39m
 [32m✓[39m [30m[45m main-process [49m[39m src/main/handlers/__tests__/handler-interface.test.ts[2m:120:5[22m[2m > [22mIPC Handlers - Interface Tests[2m > [22mHandler Registration Pattern[2m > [22mshould create async handler function[32m 1[2mms[22m[39m
 [32m✓[39m [30m[45m main-process [49m[39m src/main/handlers/__tests__/handler-interface.test.ts[2m:134:5[22m[2m > [22mIPC Handlers - Interface Tests[2m > [22mError Handling Patterns[2m > [22mshould handle service errors in handlers[32m 1[2mms[22m[39m
 [32m✓[39m [30m[45m main-process [49m[39m src/main/handlers/__tests__/handler-interface.test.ts[2m:150:5[22m[2m > [22mIPC Handlers - Interface Tests[2m > [22mError Handling Patterns[2m > [22mshould validate input parameters[32m 3[2mms[22m[39m
 [32m✓[39m [30m[45m main-process [49m[39m src/main/handlers/__tests__/handler-interface.test.ts[2m:172:5[22m[2m > [22mIPC Handlers - Interface Tests[2m > [22mResponse Format Patterns[2m > [22mshould return success responses[32m 4[2mms[22m[39m
 [32m✓[39m [30m[45m main-process [49m[39m src/main/handlers/__tests__/handler-interface.test.ts[2m:195:5[22m[2m > [22mIPC Handlers - Interface Tests[2m > [22mResponse Format Patterns[2m > [22mshould return error responses[32m 1[2mms[22m[39m
 [32m✓[39m [30m[45m main-process [49m[39m src/main/handlers/__tests__/handler-interface.test.ts[2m:220:5[22m[2m > [22mIPC Handlers - Interface Tests[2m > [22mCommon Handler Patterns[2m > [22mshould handle event object extraction[32m 1[2mms[22m[39m
 [32m✓[39m [30m[45m main-process [49m[39m src/main/handlers/__tests__/handler-interface.test.ts[2m:244:5[22m[2m > [22mIPC Handlers - Interface Tests[2m > [22mCommon Handler Patterns[2m > [22mshould handle multiple arguments[32m 1[2mms[22m[39m
 [32m✓[39m [30m[45m main-process [49m[39m src/main/handlers/__tests__/handler-interface.test.ts[2m:265:5[22m[2m > [22mIPC Handlers - Interface Tests[2m > [22mCommon Handler Patterns[2m > [22mshould handle async operations[32m 12[2mms[22m[39m
 [32m✓[39m [30m[45m main-process [49m[39m src/main/handlers/__tests__/ipc-error-handler.test.ts[2m:6:3[22m[2m > [22mserializeIPCError[2m > [22mreturns the payload from IPCErrorException instances[32m 1[2mms[22m[39m
 [32m✓[39m [30m[45m main-process [49m[39m src/main/handlers/__tests__/ipc-error-handler.test.ts[2m:18:3[22m[2m > [22mserializeIPCError[2m > [22mconverts unknown errors into structured payloads[32m 1[2mms[22m[39m
 [32m✓[39m [30m[45m main-process [49m[39m src/main/handlers/__tests__/ipc-error-handler.test.ts[2m:29:3[22m[2m > [22mserializeIPCError[2m > [22mpasses through raw IPC payloads unchanged[32m 0[2mms[22m[39m
 [32m✓[39m [30m[45m main-process [49m[39m src/main/handlers/__tests__/sessions-checkpoint-dataflow.test.ts[2m:155:5[22m[2m > [22mSession ↔ Checkpoint Data Flow Integration[2m > [22mEnd-to-End Session Flow[2m > [22mshould maintain consistent ID from Assistant UI to database[32m 5[2mms[22m[39m
 [32m✓[39m [30m[45m main-process [49m[39m src/main/handlers/__tests__/sessions-checkpoint-dataflow.test.ts[2m:216:5[22m[2m > [22mSession ↔ Checkpoint Data Flow Integration[2m > [22mEnd-to-End Session Flow[2m > [22mshould query checkpoints using same sessionId[32m 4[2mms[22m[39m
 [32m✓[39m [30m[45m main-process [49m[39m src/main/handlers/__tests__/sessions-checkpoint-dataflow.test.ts[2m:282:5[22m[2m > [22mSession ↔ Checkpoint Data Flow Integration[2m > [22mID Consistency Verification[2m > [22mshould maintain same ID across all operations[32m 2[2mms[22m[39m
 [32m✓[39m [30m[45m main-process [49m[39m src/main/handlers/__tests__/sessions-handlers.test.ts[2m:126:5[22m[2m > [22msessions handlers[2m > [22msessions:create[2m > [22mcreates session with default title[32m 4[2mms[22m[39m
 [32m✓[39m [30m[45m main-process [49m[39m src/main/handlers/__tests__/sessions-handlers.test.ts[2m:143:5[22m[2m > [22msessions handlers[2m > [22msessions:create[2m > [22mcreates session with custom title[32m 4[2mms[22m[39m
 [32m✓[39m [30m[45m main-process [49m[39m src/main/handlers/__tests__/sessions-handlers.test.ts[2m:152:5[22m[2m > [22msessions handlers[2m > [22msessions:create[2m > [22mcreates session with threadId parameter[32m 3[2mms[22m[39m
 [32m✓[39m [30m[45m main-process [49m[39m src/main/handlers/__tests__/sessions-handlers.test.ts[2m:162:5[22m[2m > [22msessions handlers[2m > [22msessions:create[2m > [22mreturns error on service failure[32m 3[2mms[22m[39m
 [32m✓[39m [30m[45m main-process [49m[39m src/main/handlers/__tests__/sessions-handlers.test.ts[2m:177:5[22m[2m > [22msessions handlers[2m > [22msessions:get[2m > [22mretrieves session by ID[32m 3[2mms[22m[39m
 [32m✓[39m [30m[45m main-process [49m[39m src/main/handlers/__tests__/sessions-handlers.test.ts[2m:185:5[22m[2m > [22msessions handlers[2m > [22msessions:get[2m > [22mreturns error for non-existent session[32m 3[2mms[22m[39m
 [32m✓[39m [30m[45m main-process [49m[39m src/main/handlers/__tests__/sessions-handlers.test.ts[2m:194:5[22m[2m > [22msessions handlers[2m > [22msessions:list[2m > [22mreturns paginated session list[32m 5[2mms[22m[39m
 [32m✓[39m [30m[45m main-process [49m[39m src/main/handlers/__tests__/sessions-handlers.test.ts[2m:206:5[22m[2m > [22msessions handlers[2m > [22msessions:list[2m > [22mreturns sessions with correct format[32m 4[2mms[22m[39m
 [32m✓[39m [30m[45m main-process [49m[39m src/main/handlers/__tests__/sessions-handlers.test.ts[2m:226:5[22m[2m > [22msessions handlers[2m > [22msessions:list[2m > [22muses default limit when not provided[32m 3[2mms[22m[39m
 [32m✓[39m [30m[45m main-process [49m[39m src/main/handlers/__tests__/sessions-handlers.test.ts[2m:234:5[22m[2m > [22msessions handlers[2m > [22msessions:list[2m > [22mhandles offset correctly[32m 6[2mms[22m[39m
 [32m✓[39m [30m[45m main-process [49m[39m src/main/handlers/__tests__/sessions-handlers.test.ts[2m:247:5[22m[2m > [22msessions handlers[2m > [22msessions:update[2m > [22mupdates session title[32m 4[2mms[22m[39m
 [32m✓[39m [30m[45m main-process [49m[39m src/main/handlers/__tests__/sessions-handlers.test.ts[2m:260:5[22m[2m > [22msessions handlers[2m > [22msessions:update[2m > [22mupdates session status[32m 3[2mms[22m[39m
 [32m✓[39m [30m[45m main-process [49m[39m src/main/handlers/__tests__/sessions-handlers.test.ts[2m:273:5[22m[2m > [22msessions handlers[2m > [22msessions:update[2m > [22mreturns error for non-existent session[32m 3[2mms[22m[39m
 [32m✓[39m [30m[45m main-process [49m[39m src/main/handlers/__tests__/sessions-handlers.test.ts[2m:286:5[22m[2m > [22msessions handlers[2m > [22msessions:delete[2m > [22mdeletes session successfully[32m 7[2mms[22m[39m
 [32m✓[39m [30m[45m main-process [49m[39m src/main/handlers/__tests__/sessions-handlers.test.ts[2m:294:5[22m[2m > [22msessions handlers[2m > [22msessions:delete[2m > [22mreturns deleted: false for non-existent session[32m 1[2mms[22m[39m
 [32m✓[39m [30m[45m main-process [49m[39m src/main/handlers/__tests__/sessions-handlers.test.ts[2m:303:5[22m[2m > [22msessions handlers[2m > [22msessions:update-title[2m > [22mupdates session title[32m 1[2mms[22m[39m
 [32m✓[39m [30m[45m main-process [49m[39m src/main/handlers/__tests__/sessions-handlers.test.ts[2m:313:5[22m[2m > [22msessions handlers[2m > [22msessions:update-title[2m > [22mreturns error for non-existent session[32m 1[2mms[22m[39m
 [32m✓[39m [30m[45m main-process [49m[39m src/main/handlers/__tests__/sessions-handlers.test.ts[2m:328:5[22m[2m > [22msessions handlers[2m > [22msessions:get-recent[2m > [22mreturns recent sessions with default limit[32m 2[2mms[22m[39m
 [32m✓[39m [30m[45m main-process [49m[39m src/main/handlers/__tests__/sessions-handlers.test.ts[2m:336:5[22m[2m > [22msessions handlers[2m > [22msessions:get-recent[2m > [22mreturns recent sessions with custom limit[32m 2[2mms[22m[39m
 [32m✓[39m [30m[45m main-process [49m[39m src/main/handlers/__tests__/sessions-handlers.test.ts[2m:345:5[22m[2m > [22msessions handlers[2m > [22msessions:search[2m > [22msearches sessions with query[32m 2[2mms[22m[39m
 [32m✓[39m [30m[45m main-process [49m[39m src/main/handlers/__tests__/sessions-handlers.test.ts[2m:373:5[22m[2m > [22msessions handlers[2m > [22msessions:search[2m > [22msearches sessions with filters[32m 2[2mms[22m[39m
 [32m✓[39m [30m[45m main-process [49m[39m src/main/handlers/__tests__/sessions-handlers.test.ts[2m:386:5[22m[2m > [22msessions handlers[2m > [22msessions:get-statistics[2m > [22mreturns session statistics[32m 2[2mms[22m[39m
 [32m✓[39m [30m[45m main-process [49m[39m src/main/handlers/__tests__/sessions-handlers.test.ts[2m:404:5[22m[2m > [22msessions handlers[2m > [22mremoved handlers[2m > [22mdoes not register sessions:save-message[32m 1[2mms[22m[39m
 [32m✓[39m [30m[45m main-process [49m[39m src/main/handlers/__tests__/sessions-handlers.test.ts[2m:408:5[22m[2m > [22msessions handlers[2m > [22mremoved handlers[2m > [22mdoes not register sessions:save-session-with-messages[32m 1[2mms[22m[39m
 [32m✓[39m [30m[45m main-process [49m[39m src/main/handlers/__tests__/sessions-handlers.test.ts[2m:412:5[22m[2m > [22msessions handlers[2m > [22mremoved handlers[2m > [22mdoes not register sessions:list-messages[32m 2[2mms[22m[39m
 [32m✓[39m [30m[45m main-process [49m[39m src/main/handlers/__tests__/settings-handlers.test.ts[2m:52:3[22m[2m > [22msettings handlers (documented surface)[2m > [22mloads workspace configuration via ConfigService[32m 1[2mms[22m[39m
 [32m✓[39m [30m[45m main-process [49m[39m src/main/handlers/__tests__/settings-handlers.test.ts[2m:64:3[22m[2m > [22msettings handlers (documented surface)[2m > [22mpersists workspace configuration when requested[32m 1[2mms[22m[39m
 [32m✓[39m [30m[45m main-process [49m[39m src/main/handlers/__tests__/settings-handlers.test.ts[2m:74:3[22m[2m > [22msettings handlers (documented surface)[2m > [22mreturns app version through settings:getAppVersion[32m 0[2mms[22m[39m
 [32m✓[39m [30m[45m main-process [49m[39m src/main/handlers/__tests__/thread-id-mapping.test.ts[2m:64:5[22m[2m > [22mThread ID Mapping[2m > [22msessions:create handler[2m > [22mshould pass threadId from Assistant UI to learningService[32m 2[2mms[22m[39m
 [32m✓[39m [30m[45m main-process [49m[39m src/main/handlers/__tests__/thread-id-mapping.test.ts[2m:110:5[22m[2m > [22mThread ID Mapping[2m > [22msessions:create handler[2m > [22mshould use provided threadId as sessionId in database[32m 2[2mms[22m[39m
 [32m✓[39m [30m[45m main-process [49m[39m src/main/handlers/__tests__/thread-id-mapping.test.ts[2m:150:5[22m[2m > [22mThread ID Mapping[2m > [22mData Flow Consistency[2m > [22mshould maintain ID consistency across all operations[32m 2[2mms[22m[39m
 [32m✓[39m [30m[45m main-process [49m[39m src/main/preload/__tests__/await-ready.test.ts[2m:63:3[22m[2m > [22mpreload awaitReady[2m > [22mresolves immediately when latest snapshot is ready[32m 17[2mms[22m[39m
 [32m✓[39m [30m[45m main-process [49m[39m src/main/preload/__tests__/await-ready.test.ts[2m:71:3[22m[2m > [22mpreload awaitReady[2m > [22mwaits for first ready when initial snapshot is loading[32m 29[2mms[22m[39m
 [32m✓[39m [30m[45m main-process [49m[39m src/main/preload/__tests__/await-ready.test.ts[2m:83:3[22m[2m > [22mpreload awaitReady[2m > [22mrejects on timeout when ready never arrives[32m 33[2mms[22m[39m
 [32m✓[39m [30m[45m main-process [49m[39m src/main/preload/__tests__/await-ready.test.ts[2m:88:3[22m[2m > [22mpreload awaitReady[2m > [22mignores loading snapshots after ready has been seen[32m 2[2mms[22m[39m
 [32m✓[39m [30m[45m main-process [49m[39m src/main/preload/__tests__/await-ready.test.ts[2m:98:3[22m[2m > [22mpreload awaitReady[2m > [22mdelivers config change events even for late subscribers[32m 2[2mms[22m[39m
 [32m✓[39m [30m[45m main-process [49m[39m src/main/preload/__tests__/await-ready.test.ts[2m:106:3[22m[2m > [22mpreload awaitReady[2m > [22mhydrates from system:get-latest-ready when no events fired[32m 1[2mms[22m[39m
 [32m✓[39m [30m[45m main-process [49m[39m src/main/utils/__tests__/type-utils.test.ts[2m:5:5[22m[2m > [22mType Utils - Interface Tests[2m > [22mType Guards[2m > [22mshould check for valid agent types[32m 1[2mms[22m[39m
 [32m✓[39m [30m[45m main-process [49m[39m src/main/utils/__tests__/type-utils.test.ts[2m:23:5[22m[2m > [22mType Utils - Interface Tests[2m > [22mType Guards[2m > [22mshould check for valid difficulty levels[32m 1[2mms[22m[39m
 [32m✓[39m [30m[45m main-process [49m[39m src/main/utils/__tests__/type-utils.test.ts[2m:37:5[22m[2m > [22mType Utils - Interface Tests[2m > [22mType Guards[2m > [22mshould check for valid practice types[32m 0[2mms[22m[39m
 [32m✓[39m [30m[45m main-process [49m[39m src/main/utils/__tests__/type-utils.test.ts[2m:55:5[22m[2m > [22mType Utils - Interface Tests[2m > [22mType Transformers[2m > [22mshould transform API responses to domain types[32m 0[2mms[22m[39m
 [32m✓[39m [30m[45m main-process [49m[39m src/main/utils/__tests__/type-utils.test.ts[2m:80:5[22m[2m > [22mType Utils - Interface Tests[2m > [22mType Transformers[2m > [22mshould handle optional fields gracefully[32m 1[2mms[22m[39m
 [32m✓[39m [30m[45m main-process [49m[39m src/main/utils/__tests__/type-utils.test.ts[2m:106:5[22m[2m > [22mType Utils - Interface Tests[2m > [22mType Validators[2m > [22mshould validate email format[32m 2[2mms[22m[39m
 [32m✓[39m [30m[45m main-process [49m[39m src/main/utils/__tests__/type-utils.test.ts[2m:119:5[22m[2m > [22mType Utils - Interface Tests[2m > [22mType Validators[2m > [22mshould validate UUID format[32m 1[2mms[22m[39m
 [32m✓[39m [30m[45m main-process [49m[39m src/main/utils/__tests__/type-utils.test.ts[2m:132:5[22m[2m > [22mType Utils - Interface Tests[2m > [22mType Validators[2m > [22mshould validate date strings[32m 1[2mms[22m[39m
 [32m✓[39m [30m[45m main-process [49m[39m src/main/utils/__tests__/type-utils.test.ts[2m:147:5[22m[2m > [22mType Utils - Interface Tests[2m > [22mType Converters[2m > [22mshould convert strings to numbers safely[32m 2[2mms[22m[39m
 [32m✓[39m [30m[45m main-process [49m[39m src/main/utils/__tests__/type-utils.test.ts[2m:160:5[22m[2m > [22mType Utils - Interface Tests[2m > [22mType Converters[2m > [22mshould convert strings to booleans safely[32m 1[2mms[22m[39m
 [32m✓[39m [30m[45m main-process [49m[39m src/main/utils/__tests__/type-utils.test.ts[2m:183:5[22m[2m > [22mType Utils - Interface Tests[2m > [22mArray Type Utilities[2m > [22mshould ensure array types[32m 1[2mms[22m[39m
 [32m✓[39m [30m[45m main-process [49m[39m src/main/utils/__tests__/type-utils.test.ts[2m:194:5[22m[2m > [22mType Utils - Interface Tests[2m > [22mArray Type Utilities[2m > [22mshould deduplicate arrays[32m 1[2mms[22m[39m
 [32m✓[39m [30m[45m main-process [49m[39m src/main/utils/__tests__/type-utils.test.ts[2m:204:5[22m[2m > [22mType Utils - Interface Tests[2m > [22mArray Type Utilities[2m > [22mshould group arrays by key[32m 1[2mms[22m[39m
 [32m✓[39m [30m[45m main-process [49m[39m src/main/utils/__tests__/type-utils.test.ts[2m:236:5[22m[2m > [22mType Utils - Interface Tests[2m > [22mObject Type Utilities[2m > [22mshould deep clone objects[32m 1[2mms[22m[39m
 [32m✓[39m [30m[45m main-process [49m[39m src/main/utils/__tests__/type-utils.test.ts[2m:264:5[22m[2m > [22mType Utils - Interface Tests[2m > [22mObject Type Utilities[2m > [22mshould pick specified properties[32m 1[2mms[22m[39m
 [32m✓[39m [30m[45m main-process [49m[39m src/main/utils/__tests__/type-utils.test.ts[2m:281:5[22m[2m > [22mType Utils - Interface Tests[2m > [22mObject Type Utilities[2m > [22mshould omit specified properties[32m 0[2mms[22m[39m
 [32m✓[39m [30m[45m main-process [49m[39m src/main/services/agent/__tests__/provider-utils.test.ts[2m:19:3[22m[2m > [22mresolveProviderSettings[2m > [22mthrows a structured error when chat config is missing[32m 1[2mms[22m[39m
 [32m✓[39m [30m[45m main-process [49m[39m src/main/services/agent/__tests__/provider-utils.test.ts[2m:29:3[22m[2m > [22mresolveProviderSettings[2m > [22mthrows when provider config is missing[32m 1[2mms[22m[39m
 [32m✓[39m [30m[45m main-process [49m[39m src/main/services/agent/__tests__/provider-utils.test.ts[2m:49:3[22m[2m > [22mresolveProviderSettings[2m > [22mthrows when providerType is missing[32m 1[2mms[22m[39m
 [32m✓[39m [30m[45m main-process [49m[39m src/main/services/agent/__tests__/provider-utils.test.ts[2m:74:3[22m[2m > [22mresolveProviderSettings[2m > [22mreturns settings when provider has an API key[32m 1[2mms[22m[39m
 [32m✓[39m [30m[45m main-process [49m[39m src/main/services/agent/__tests__/provider-utils.test.ts[2m:103:3[22m[2m > [22mresolveProviderSettings[2m > [22mallows empty API key and returns settings[32m 1[2mms[22m[39m
 [32m✓[39m [30m[45m main-process [49m[39m src/main/services/agent/__tests__/timeline-callback-handler.test.ts[2m:15:5[22m[2m > [22mTimelineCallbackHandler[2m > [22minitialization[2m > [22mshould initialize with correct agent name[32m 1[2mms[22m[39m
 [32m✓[39m [30m[45m main-process [49m[39m src/main/services/agent/__tests__/timeline-callback-handler.test.ts[2m:20:5[22m[2m > [22mTimelineCallbackHandler[2m > [22minitialization[2m > [22mshould use default agent name when not provided[32m 1[2mms[22m[39m
 [32m✓[39m [30m[45m main-process [49m[39m src/main/services/agent/__tests__/timeline-callback-handler.test.ts[2m:28:5[22m[2m > [22mTimelineCallbackHandler[2m > [22monAgentAction[2m > [22mshould emit thought event when agent has a log[32m 2[2mms[22m[39m
 [32m✓[39m [30m[45m main-process [49m[39m src/main/services/agent/__tests__/timeline-callback-handler.test.ts[2m:47:5[22m[2m > [22mTimelineCallbackHandler[2m > [22monAgentAction[2m > [22mshould emit tool start event when tool is called[32m 2[2mms[22m[39m
 [32m✓[39m [30m[45m main-process [49m[39m src/main/services/agent/__tests__/timeline-callback-handler.test.ts[2m:68:5[22m[2m > [22mTimelineCallbackHandler[2m > [22monAgentAction[2m > [22mshould emit both thought and tool when both are present[32m 1[2mms[22m[39m
 [32m✓[39m [30m[45m main-process [49m[39m src/main/services/agent/__tests__/timeline-callback-handler.test.ts[2m:100:5[22m[2m > [22mTimelineCallbackHandler[2m > [22monAgentAction[2m > [22mshould emit state change when tool is called[32m 1[2mms[22m[39m
 [32m✓[39m [30m[45m main-process [49m[39m src/main/services/agent/__tests__/timeline-callback-handler.test.ts[2m:115:5[22m[2m > [22mTimelineCallbackHandler[2m > [22monAgentAction[2m > [22mshould not emit anything when action is null or empty[32m 1[2mms[22m[39m
 [32m✓[39m [30m[45m main-process [49m[39m src/main/services/agent/__tests__/timeline-callback-handler.test.ts[2m:124:5[22m[2m > [22mTimelineCallbackHandler[2m > [22monAgentAction[2m > [22mshould format tool input as JSON with proper indentation[32m 1[2mms[22m[39m
 [32m✓[39m [30m[45m main-process [49m[39m src/main/services/agent/__tests__/timeline-callback-handler.test.ts[2m:143:5[22m[2m > [22mTimelineCallbackHandler[2m > [22monToolEnd[2m > [22mshould emit tool end event when tool completes successfully[32m 1[2mms[22m[39m
 [32m✓[39m [30m[45m main-process [49m[39m src/main/services/agent/__tests__/timeline-callback-handler.test.ts[2m:164:5[22m[2m > [22mTimelineCallbackHandler[2m > [22monToolEnd[2m > [22mshould emit state change to "Complete"[32m 2[2mms[22m[39m
 [32m✓[39m [30m[45m main-process [49m[39m src/main/services/agent/__tests__/timeline-callback-handler.test.ts[2m:178:5[22m[2m > [22mTimelineCallbackHandler[2m > [22monToolEnd[2m > [22mshould handle string output directly[32m 1[2mms[22m[39m
 [32m✓[39m [30m[45m main-process [49m[39m src/main/services/agent/__tests__/timeline-callback-handler.test.ts[2m:189:5[22m[2m > [22mTimelineCallbackHandler[2m > [22monToolEnd[2m > [22mshould store and use tool name from previous onAgentAction[32m 1[2mms[22m[39m
 [32m✓[39m [30m[45m main-process [49m[39m src/main/services/agent/__tests__/timeline-callback-handler.test.ts[2m:204:5[22m[2m > [22mTimelineCallbackHandler[2m > [22monToolEnd[2m > [22mshould reset tool name after completion[32m 1[2mms[22m[39m
 [32m✓[39m [30m[45m main-process [49m[39m src/main/services/agent/__tests__/timeline-callback-handler.test.ts[2m:221:5[22m[2m > [22mTimelineCallbackHandler[2m > [22monToolError[2m > [22mshould emit tool error event when tool fails[32m 1[2mms[22m[39m
 [32m✓[39m [30m[45m main-process [49m[39m src/main/services/agent/__tests__/timeline-callback-handler.test.ts[2m:236:5[22m[2m > [22mTimelineCallbackHandler[2m > [22monToolError[2m > [22mshould emit state change to "Error"[32m 1[2mms[22m[39m
 [32m✓[39m [30m[45m main-process [49m[39m src/main/services/agent/__tests__/timeline-callback-handler.test.ts[2m:253:5[22m[2m > [22mTimelineCallbackHandler[2m > [22monToolError[2m > [22mshould reset tool name after error[32m 1[2mms[22m[39m
 [32m✓[39m [30m[45m main-process [49m[39m src/main/services/agent/__tests__/timeline-callback-handler.test.ts[2m:279:5[22m[2m > [22mTimelineCallbackHandler[2m > [22monToolError[2m > [22mshould handle non-Error objects[32m 1[2mms[22m[39m
 [32m✓[39m [30m[45m main-process [49m[39m src/main/services/agent/__tests__/timeline-callback-handler.test.ts[2m:292:5[22m[2m > [22mTimelineCallbackHandler[2m > [22monChainError[2m > [22mshould emit error event when chain fails[32m 2[2mms[22m[39m
 [32m✓[39m [30m[45m main-process [49m[39m src/main/services/agent/__tests__/timeline-callback-handler.test.ts[2m:307:5[22m[2m > [22mTimelineCallbackHandler[2m > [22monChainError[2m > [22mshould handle non-Error objects[32m 1[2mms[22m[39m
 [32m✓[39m [30m[45m main-process [49m[39m src/main/services/agent/__tests__/timeline-callback-handler.test.ts[2m:318:5[22m[2m > [22mTimelineCallbackHandler[2m > [22monChainError[2m > [22mshould not emit state change on chain error[32m 1[2mms[22m[39m
 [32m✓[39m [30m[45m main-process [49m[39m src/main/services/agent/__tests__/timeline-callback-handler.test.ts[2m:329:5[22m[2m > [22mTimelineCallbackHandler[2m > [22mevent structure[2m > [22mshould generate unique event IDs[32m 2[2mms[22m[39m
 [32m✓[39m [30m[45m main-process [49m[39m src/main/services/agent/__tests__/timeline-callback-handler.test.ts[2m:342:5[22m[2m > [22mTimelineCallbackHandler[2m > [22mevent structure[2m > [22mshould include timestamp on all events[32m 1[2mms[22m[39m
 [32m✓[39m [30m[45m main-process [49m[39m src/main/services/agent/__tests__/timeline-callback-handler.test.ts[2m:352:5[22m[2m > [22mTimelineCallbackHandler[2m > [22mevent structure[2m > [22mshould include correct agent name on all events[32m 1[2mms[22m[39m
 [32m✓[39m [30m[45m main-process [49m[39m src/main/services/ai/__tests__/ai-service-basic.test.ts[2m:82:5[22m[2m > [22mAI Service - Basic Tests[2m > [22mService Creation[2m > [22mshould create AI service with required methods[32m 3[2mms[22m[39m
 [32m✓[39m [30m[45m main-process [49m[39m src/main/services/ai/__tests__/ai-service-basic.test.ts[2m:92:5[22m[2m > [22mAI Service - Basic Tests[2m > [22mService Creation[2m > [22mshould initialize all provider services[32m 1[2mms[22m[39m
 [32m✓[39m [30m[45m main-process [49m[39m src/main/services/ai/__tests__/ai-service-basic.test.ts[2m:102:5[22m[2m > [22mAI Service - Basic Tests[2m > [22mService Creation[2m > [22mshould return available models with correct structure[32m 1[2mms[22m[39m
 [32m✓[39m [30m[45m main-process [49m[39m src/main/services/ai/__tests__/ai-service-basic.test.ts[2m:119:5[22m[2m > [22mAI Service - Basic Tests[2m > [22mModel Presets[2m > [22mshould return default preset when requested[32m 1[2mms[22m[39m
 [32m✓[39m [30m[45m main-process [49m[39m src/main/services/ai/__tests__/ai-service-basic.test.ts[2m:131:5[22m[2m > [22mAI Service - Basic Tests[2m > [22mModel Presets[2m > [22mshould return content analysis preset[32m 1[2mms[22m[39m
 [32m✓[39m [30m[45m main-process [49m[39m src/main/services/ai/__tests__/ai-service-basic.test.ts[2m:142:5[22m[2m > [22mAI Service - Basic Tests[2m > [22mModel Presets[2m > [22mshould return knowledge extraction preset[32m 1[2mms[22m[39m
 [32m✓[39m [30m[45m main-process [49m[39m src/main/services/ai/__tests__/ai-service-basic.test.ts[2m:153:5[22m[2m > [22mAI Service - Basic Tests[2m > [22mModel Presets[2m > [22mshould return learning plan preset[32m 2[2mms[22m[39m
 [32m✓[39m [30m[45m main-process [49m[39m src/main/services/ai/__tests__/ai-service-basic.test.ts[2m:164:5[22m[2m > [22mAI Service - Basic Tests[2m > [22mModel Presets[2m > [22mshould return chat reply preset[32m 1[2mms[22m[39m
 [32m✓[39m [30m[45m main-process [49m[39m src/main/services/ai/__tests__/ai-service-basic.test.ts[2m:176:5[22m[2m > [22mAI Service - Basic Tests[2m > [22mModel Presets[2m > [22mshould fall back to default preset for unknown preset ID[32m 1[2mms[22m[39m
 [32m✓[39m [30m[45m main-process [49m[39m src/main/services/ai/__tests__/ai-service-basic.test.ts[2m:190:5[22m[2m > [22mAI Service - Basic Tests[2m > [22mAvailable Models[2m > [22mshould include all predefined models[32m 1[2mms[22m[39m
 [32m✓[39m [30m[45m main-process [49m[39m src/main/services/ai/__tests__/ai-service-basic.test.ts[2m:202:5[22m[2m > [22mAI Service - Basic Tests[2m > [22mAvailable Models[2m > [22mshould have proper metadata for each model[32m 2[2mms[22m[39m
 [32m✓[39m [30m[45m main-process [49m[39m src/main/services/ai/__tests__/ai-service-basic.test.ts[2m:217:5[22m[2m > [22mAI Service - Basic Tests[2m > [22mProvider API Key Resolution[2m > [22mshould resolve API key for providerType configuration[32m 1[2mms[22m[39m
 [32m✓[39m [30m[45m main-process [49m[39m src/main/services/ai/__tests__/ai-service-basic.test.ts[2m:239:5[22m[2m > [22mAI Service - Basic Tests[2m > [22mProvider API Key Resolution[2m > [22mshould use local-dev fallback when no API key found[32m 1[2mms[22m[39m
 [32m✓[39m [30m[45m main-process [49m[39m src/main/services/ai/__tests__/ai-service-basic.test.ts[2m:267:5[22m[2m > [22mAI Service - Basic Tests[2m > [22mModel Configuration Defaults[2m > [22mshould use sensible defaults when config is missing[32m 1[2mms[22m[39m
 [32m✓[39m [30m[45m main-process [49m[39m src/main/services/ai/__tests__/ai-service-basic.test.ts[2m:287:5[22m[2m > [22mAI Service - Basic Tests[2m > [22mLogging[2m > [22mshould create child logger for service[32m 1[2mms[22m[39m
 [32m✓[39m [30m[45m main-process [49m[39m src/main/services/ai/__tests__/ai-service-basic.test.ts[2m:291:5[22m[2m > [22mAI Service - Basic Tests[2m > [22mLogging[2m > [22mshould use child logger for debug operations[32m 3[2mms[22m[39m
 [32m✓[39m [30m[45m main-process [49m[39m src/main/services/ai/__tests__/ai-service-interface.test.ts[2m:82:5[22m[2m > [22mAI Service - Interface Tests[2m > [22mService Creation[2m > [22mshould create AI service with required methods[32m 4[2mms[22m[39m
 [32m✓[39m [30m[45m main-process [49m[39m src/main/services/ai/__tests__/ai-service-interface.test.ts[2m:96:5[22m[2m > [22mAI Service - Interface Tests[2m > [22mModel Presets[2m > [22mshould return default preset when requested[32m 3[2mms[22m[39m
 [32m✓[39m [30m[45m main-process [49m[39m src/main/services/ai/__tests__/ai-service-interface.test.ts[2m:108:5[22m[2m > [22mAI Service - Interface Tests[2m > [22mModel Presets[2m > [22mshould return chat reply preset[32m 3[2mms[22m[39m
 [32m✓[39m [30m[45m main-process [49m[39m src/main/services/ai/__tests__/ai-service-interface.test.ts[2m:120:5[22m[2m > [22mAI Service - Interface Tests[2m > [22mModel Presets[2m > [22mshould fall back to default preset for unknown preset ID[32m 2[2mms[22m[39m
 [32m✓[39m [30m[45m main-process [49m[39m src/main/services/ai/__tests__/ai-service-interface.test.ts[2m:134:5[22m[2m > [22mAI Service - Interface Tests[2m > [22mAvailable Models[2m > [22mshould return available models with correct structure[32m 2[2mms[22m[39m
 [32m✓[39m [30m[45m main-process [49m[39m src/main/services/ai/__tests__/ai-service-interface.test.ts[2m:154:5[22m[2m > [22mAI Service - Interface Tests[2m > [22mAvailable Models[2m > [22mshould include expected predefined models[32m 2[2mms[22m[39m
 [32m✓[39m [30m[45m main-process [49m[39m src/main/services/ai/__tests__/ai-service-interface.test.ts[2m:167:5[22m[2m > [22mAI Service - Interface Tests[2m > [22mProvider Initialization[2m > [22mshould initialize provider services[32m 3[2mms[22m[39m
 [32m✓[39m [30m[45m main-process [49m[39m src/main/services/ai/__tests__/ai-service-interface.test.ts[2m:179:5[22m[2m > [22mAI Service - Interface Tests[2m > [22mLogging[2m > [22mshould create child logger for service[32m 3[2mms[22m[39m
 [32m✓[39m [30m[45m main-process [49m[39m src/main/services/ai/__tests__/model-presets.test.ts[2m:5:5[22m[2m > [22mAI Model Presets - Interface Tests[2m > [22mPreset Definitions[2m > [22mshould define chat reply preset[32m 1[2mms[22m[39m
 [32m✓[39m [30m[45m main-process [49m[39m src/main/services/ai/__tests__/model-presets.test.ts[2m:27:5[22m[2m > [22mAI Model Presets - Interface Tests[2m > [22mPreset Definitions[2m > [22mshould define content analysis preset[32m 1[2mms[22m[39m
 [32m✓[39m [30m[45m main-process [49m[39m src/main/services/ai/__tests__/model-presets.test.ts[2m:45:5[22m[2m > [22mAI Model Presets - Interface Tests[2m > [22mPreset Definitions[2m > [22mshould define knowledge extraction preset[32m 0[2mms[22m[39m
 [32m✓[39m [30m[45m main-process [49m[39m src/main/services/ai/__tests__/model-presets.test.ts[2m:57:5[22m[2m > [22mAI Model Presets - Interface Tests[2m > [22mPreset Definitions[2m > [22mshould define learning plan preset[32m 0[2mms[22m[39m
 [32m✓[39m [30m[45m main-process [49m[39m src/main/services/ai/__tests__/model-presets.test.ts[2m:72:5[22m[2m > [22mAI Model Presets - Interface Tests[2m > [22mProvider Configuration[2m > [22mshould handle OpenAI provider config[32m 1[2mms[22m[39m
 [32m✓[39m [30m[45m main-process [49m[39m src/main/services/ai/__tests__/model-presets.test.ts[2m:88:5[22m[2m > [22mAI Model Presets - Interface Tests[2m > [22mProvider Configuration[2m > [22mshould handle ChatGLM provider config[32m 0[2mms[22m[39m
 [32m✓[39m [30m[45m main-process [49m[39m src/main/services/ai/__tests__/model-presets.test.ts[2m:101:5[22m[2m > [22mAI Model Presets - Interface Tests[2m > [22mProvider Configuration[2m > [22mshould handle DeepSeek provider config[32m 0[2mms[22m[39m
 [32m✓[39m [30m[45m main-process [49m[39m src/main/services/ai/__tests__/model-presets.test.ts[2m:117:5[22m[2m > [22mAI Model Presets - Interface Tests[2m > [22mModel Selection Logic[2m > [22mshould select appropriate model for different tasks[32m 1[2mms[22m[39m
 [32m✓[39m [30m[45m main-process [49m[39m src/main/services/ai/__tests__/model-presets.test.ts[2m:149:5[22m[2m > [22mAI Model Presets - Interface Tests[2m > [22mModel Selection Logic[2m > [22mshould handle fallback model selection[32m 0[2mms[22m[39m
 [32m✓[39m [30m[45m main-process [49m[39m src/main/services/ai/__tests__/model-presets.test.ts[2m:164:5[22m[2m > [22mAI Model Presets - Interface Tests[2m > [22mTemperature Settings[2m > [22mshould use appropriate temperature for creative tasks[32m 0[2mms[22m[39m
 [32m✓[39m [30m[45m main-process [49m[39m src/main/services/ai/__tests__/model-presets.test.ts[2m:176:5[22m[2m > [22mAI Model Presets - Interface Tests[2m > [22mTemperature Settings[2m > [22mshould use appropriate temperature for analytical tasks[32m 0[2mms[22m[39m
 [32m✓[39m [30m[45m main-process [49m[39m src/main/services/ai/__tests__/model-presets.test.ts[2m:187:5[22m[2m > [22mAI Model Presets - Interface Tests[2m > [22mTemperature Settings[2m > [22mshould use moderate temperature for balanced tasks[32m 1[2mms[22m[39m
 [32m✓[39m [30m[45m main-process [49m[39m src/main/services/ai/__tests__/model-presets.test.ts[2m:201:5[22m[2m > [22mAI Model Presets - Interface Tests[2m > [22mToken Management[2m > [22mshould set appropriate token limits[32m 1[2mms[22m[39m
 [32m✓[39m [30m[45m main-process [49m[39m src/main/services/ai/__tests__/model-presets.test.ts[2m:215:5[22m[2m > [22mAI Model Presets - Interface Tests[2m > [22mToken Management[2m > [22mshould calculate response token allocation[32m 1[2mms[22m[39m
 [32m✓[39m [30m[45m main-process [49m[39m src/main/services/ai/__tests__/model-presets.test.ts[2m:228:5[22m[2m > [22mAI Model Presets - Interface Tests[2m > [22mPreset Validation[2m > [22mshould validate preset structure[32m 1[2mms[22m[39m
 [32m✓[39m [30m[45m main-process [49m[39m src/main/services/ai/__tests__/model-presets.test.ts[2m:253:5[22m[2m > [22mAI Model Presets - Interface Tests[2m > [22mPreset Validation[2m > [22mshould validate temperature range[32m 1[2mms[22m[39m
 [32m✓[39m [30m[45m main-process [49m[39m src/main/services/ai/__tests__/provider-embeddings.test.ts[2m:91:5[22m[2m > [22mProvider Embeddings Configuration[2m > [22mEmbeddings Model Configuration[2m > [22mshould use ai.modelTypes.embedding for OpenAIEmbeddings creation[32m 36[2mms[22m[39m
 [32m✓[39m [30m[45m main-process [49m[39m src/main/services/ai/__tests__/provider-embeddings.test.ts[2m:131:5[22m[2m > [22mProvider Embeddings Configuration[2m > [22mEmbeddings Model Configuration[2m > [22mshould handle SiliconFlow embedding provider[32m 2[2mms[22m[39m
 [32m✓[39m [30m[45m main-process [49m[39m src/main/services/ai/__tests__/provider-embeddings.test.ts[2m:162:5[22m[2m > [22mProvider Embeddings Configuration[2m > [22mEmbeddings Model Configuration[2m > [22mshould use embeddingDimensions from config[32m 3[2mms[22m[39m
 [32m✓[39m [30m[45m main-process [49m[39m src/main/services/ai/__tests__/provider-embeddings.test.ts[2m:196:5[22m[2m > [22mProvider Embeddings Configuration[2m > [22mEmbeddings Model Configuration[2m > [22mshould support different embedding models[32m 4[2mms[22m[39m
 [32m✓[39m [30m[45m main-process [49m[39m src/main/services/ai/__tests__/provider-embeddings.test.ts[2m:235:5[22m[2m > [22mProvider Embeddings Configuration[2m > [22mEmbeddings Model Configuration[2m > [22mshould work with different provider types[32m 4[2mms[22m[39m
 [32m✓[39m [30m[45m main-process [49m[39m src/main/services/ai/__tests__/provider-embeddings.test.ts[2m:286:5[22m[2m > [22mProvider Embeddings Configuration[2m > [22mEmbedding Model Interface[2m > [22mshould provide embed method via getEmbeddingModel[32m 4[2mms[22m[39m
 [32m✓[39m [30m[45m main-process [49m[39m src/main/services/ai/__tests__/provider-embeddings.test.ts[2m:315:5[22m[2m > [22mProvider Embeddings Configuration[2m > [22mEmbedding Model Interface[2m > [22mshould handle single text embedding[32m 4[2mms[22m[39m
 [32m✓[39m [30m[45m main-process [49m[39m src/main/services/ai/__tests__/provider-embeddings.test.ts[2m:346:5[22m[2m > [22mProvider Embeddings Configuration[2m > [22mEmbedding Model Interface[2m > [22mshould handle batch text embedding[32m 5[2mms[22m[39m
 [32m✓[39m [30m[45m main-process [49m[39m src/main/services/ai/__tests__/provider-embeddings.test.ts[2m:374:5[22m[2m > [22mProvider Embeddings Configuration[2m > [22mConfiguration Precedence[2m > [22mmodelType config should override provider config for embedding model[32m 4[2mms[22m[39m
 [32m✓[39m [30m[45m main-process [49m[39m src/main/services/ai/__tests__/provider-embeddings.test.ts[2m:408:5[22m[2m > [22mProvider Embeddings Configuration[2m > [22mError Handling[2m > [22mshould throw when ai.modelTypes.embedding is missing[32m 3[2mms[22m[39m
 [32m✓[39m [30m[45m main-process [49m[39m src/main/services/ai/__tests__/provider-embeddings.test.ts[2m:425:5[22m[2m > [22mProvider Embeddings Configuration[2m > [22mError Handling[2m > [22mshould throw when embedding provider is missing[32m 4[2mms[22m[39m
 [32m✓[39m [30m[45m main-process [49m[39m src/main/services/ai/__tests__/provider-embeddings.test.ts[2m:445:5[22m[2m > [22mProvider Embeddings Configuration[2m > [22mError Handling[2m > [22mshould throw when remote embedding provider has no API key[32m 2[2mms[22m[39m
 [32m✓[39m [30m[45m main-process [49m[39m src/main/services/ai/__tests__/provider-embeddings.test.ts[2m:468:5[22m[2m > [22mProvider Embeddings Configuration[2m > [22mError Handling[2m > [22mshould throw when embeddingDimensions is missing[32m 2[2mms[22m[39m
 [32m✓[39m [30m[45m main-process [49m[39m src/main/services/ai/__tests__/provider-embeddings.test.ts[2m:502:5[22m[2m > [22mProvider Embeddings Configuration[2m > [22mModel Caching[2m > [22mshould cache and reuse embedding instances[32m 3[2mms[22m[39m
 [32m✓[39m [30m[45m main-process [49m[39m src/main/services/ai/__tests__/provider-embeddings.test.ts[2m:530:5[22m[2m > [22mProvider Embeddings Configuration[2m > [22mModel Caching[2m > [22mshould cache embeddings separately from chat models[32m 3[2mms[22m[39m
 [32m✓[39m [30m[45m main-process [49m[39m src/main/services/ai/__tests__/provider-embeddings.test.ts[2m:562:5[22m[2m > [22mProvider Embeddings Configuration[2m > [22mModel Caching[2m > [22mshould cache embedding models by provider and model name[32m 2[2mms[22m[39m
 [32m✓[39m [30m[45m main-process [49m[39m src/main/services/ai/__tests__/provider-embeddings.test.ts[2m:599:5[22m[2m > [22mProvider Embeddings Configuration[2m > [22mReal Config Integration[2m > [22mshould work with production-like config structure[32m 3[2mms[22m[39m
 [2m[90m↓[39m[22m [30m[45m main-process [49m[39m src/main/services/ai/__tests__/provider-embeddings.test.ts[2m:658:8[22m[2m > [22mProvider Embeddings Configuration[2m > [22mReal Config Integration[2m > [22mshould handle complex embedding scenarios
 [32m✓[39m [30m[45m main-process [49m[39m src/main/services/ai/__tests__/provider-embeddings.test.ts[2m:700:5[22m[2m > [22mProvider Embeddings Configuration[2m > [22mProvider-Specific Behavior[2m > [22mshould handle OpenAI embedding models correctly[32m 2[2mms[22m[39m
 [32m✓[39m [30m[45m main-process [49m[39m src/main/services/ai/__tests__/provider-embeddings.test.ts[2m:730:5[22m[2m > [22mProvider Embeddings Configuration[2m > [22mProvider-Specific Behavior[2m > [22mshould handle custom baseURL for embedding providers[32m 2[2mms[22m[39m
 [32m✓[39m [30m[45m main-process [49m[39m src/main/services/domain/analytics/__tests__/analytics-service-basic.test.ts[2m:126:5[22m[2m > [22mAnalytics Service - Basic Tests[2m > [22mService Interface[2m > [22mshould have all required methods[32m 40[2mms[22m[39m
 [32m✓[39m [30m[45m main-process [49m[39m src/main/services/domain/analytics/__tests__/analytics-service-basic.test.ts[2m:151:5[22m[2m > [22mAnalytics Service - Basic Tests[2m > [22mDashboard Data[2m > [22mshould get dashboard with default structure[32m 3[2mms[22m[39m
 [32m✓[39m [30m[45m main-process [49m[39m src/main/services/domain/analytics/__tests__/analytics-service-basic.test.ts[2m:169:5[22m[2m > [22mAnalytics Service - Basic Tests[2m > [22mProgress Charts[2m > [22mshould get progress chart with default structure[32m 1[2mms[22m[39m
 [32m✓[39m [30m[45m main-process [49m[39m src/main/services/domain/analytics/__tests__/analytics-service-basic.test.ts[2m:184:5[22m[2m > [22mAnalytics Service - Basic Tests[2m > [22mProgress Charts[2m > [22mshould handle different time ranges[32m 1[2mms[22m[39m
 [32m✓[39m [30m[45m main-process [49m[39m src/main/services/domain/analytics/__tests__/analytics-service-basic.test.ts[2m:197:5[22m[2m > [22mAnalytics Service - Basic Tests[2m > [22mProgress Charts[2m > [22mshould handle different metrics[32m 1[2mms[22m[39m
 [32m✓[39m [30m[45m main-process [49m[39m src/main/services/domain/analytics/__tests__/analytics-service-basic.test.ts[2m:212:5[22m[2m > [22mAnalytics Service - Basic Tests[2m > [22mConcept Progress[2m > [22mshould return null for non-existent concept[32m 3[2mms[22m[39m
 [32m✓[39m [30m[45m main-process [49m[39m src/main/services/domain/analytics/__tests__/analytics-service-basic.test.ts[2m:220:5[22m[2m > [22mAnalytics Service - Basic Tests[2m > [22mSession Tracking[2m > [22mshould track new learning session[32m 2[2mms[22m[39m
 [32m✓[39m [30m[45m main-process [49m[39m src/main/services/domain/analytics/__tests__/analytics-service-basic.test.ts[2m:238:5[22m[2m > [22mAnalytics Service - Basic Tests[2m > [22mSession Tracking[2m > [22mshould update concept progress[32m 3[2mms[22m[39m
 [32m✓[39m [30m[45m main-process [49m[39m src/main/services/domain/analytics/__tests__/analytics-service-basic.test.ts[2m:250:5[22m[2m > [22mAnalytics Service - Basic Tests[2m > [22mLearning Trends[2m > [22mshould get learning trends with structure[32m 2[2mms[22m[39m
 [32m✓[39m [30m[45m main-process [49m[39m src/main/services/domain/analytics/__tests__/analytics-service-basic.test.ts[2m:262:5[22m[2m > [22mAnalytics Service - Basic Tests[2m > [22mLearning Trends[2m > [22mshould get study streak information[32m 3[2mms[22m[39m
 [32m✓[39m [30m[45m main-process [49m[39m src/main/services/domain/analytics/__tests__/analytics-service-basic.test.ts[2m:272:5[22m[2m > [22mAnalytics Service - Basic Tests[2m > [22mLearning Trends[2m > [22mshould get time statistics[32m 3[2mms[22m[39m
 [32m✓[39m [30m[45m main-process [49m[39m src/main/services/domain/analytics/__tests__/analytics-service-basic.test.ts[2m:285:5[22m[2m > [22mAnalytics Service - Basic Tests[2m > [22mAchievements[2m > [22mshould get achievements list[32m 2[2mms[22m[39m
 [32m✓[39m [30m[45m main-process [49m[39m src/main/services/domain/analytics/__tests__/analytics-service-basic.test.ts[2m:291:5[22m[2m > [22mAnalytics Service - Basic Tests[2m > [22mAchievements[2m > [22mshould check for new achievements[32m 2[2mms[22m[39m
 [32m✓[39m [30m[45m main-process [49m[39m src/main/services/domain/analytics/__tests__/analytics-service-basic.test.ts[2m:297:5[22m[2m > [22mAnalytics Service - Basic Tests[2m > [22mAchievements[2m > [22mshould unlock achievement[32m 3[2mms[22m[39m
 [32m✓[39m [30m[45m main-process [49m[39m src/main/services/domain/analytics/__tests__/analytics-service-basic.test.ts[2m:305:5[22m[2m > [22mAnalytics Service - Basic Tests[2m > [22mUsage Statistics[2m > [22mshould get usage statistics with structure[32m 4[2mms[22m[39m
 [32m✓[39m [30m[45m main-process [49m[39m src/main/services/domain/analytics/__tests__/analytics-service-basic.test.ts[2m:321:5[22m[2m > [22mAnalytics Service - Basic Tests[2m > [22mUsage Statistics[2m > [22mshould get token usage statistics[32m 2[2mms[22m[39m
 [32m✓[39m [30m[45m main-process [49m[39m src/main/services/domain/analytics/__tests__/analytics-service-basic.test.ts[2m:335:5[22m[2m > [22mAnalytics Service - Basic Tests[2m > [22mEvent Tracking[2m > [22mshould track analytics events[32m 1[2mms[22m[39m
 [32m✓[39m [30m[45m main-process [49m[39m src/main/services/domain/analytics/__tests__/analytics-service-basic.test.ts[2m:347:5[22m[2m > [22mAnalytics Service - Basic Tests[2m > [22mData Import/Export[2m > [22mshould export analytics data[32m 1[2mms[22m[39m
 [32m✓[39m [30m[45m main-process [49m[39m src/main/services/domain/analytics/__tests__/analytics-service-basic.test.ts[2m:359:5[22m[2m > [22mAnalytics Service - Basic Tests[2m > [22mData Import/Export[2m > [22mshould import analytics data[32m 1[2mms[22m[39m
 [32m✓[39m [30m[45m main-process [49m[39m src/main/services/domain/analytics/__tests__/analytics-service-basic.test.ts[2m:375:5[22m[2m > [22mAnalytics Service - Basic Tests[2m > [22mService Dependencies[2m > [22mshould have logger functionality[32m 1[2mms[22m[39m
 [32m✓[39m [30m[45m main-process [49m[39m src/main/services/domain/chat/__tests__/checkpoint-deserialization-comprehensive.test.ts[2m:26:5[22m[2m > [22mCheckpoint Deserialization - Comprehensive[2m > [22mconvertToChatMessage - Serialized Checkpoint Format[2m > [22mshould handle HumanMessage with all metadata fields[32m 4[2mms[22m[39m
 [32m✓[39m [30m[45m main-process [49m[39m src/main/services/domain/chat/__tests__/checkpoint-deserialization-comprehensive.test.ts[2m:56:5[22m[2m > [22mCheckpoint Deserialization - Comprehensive[2m > [22mconvertToChatMessage - Serialized Checkpoint Format[2m > [22mshould handle AIMessage with tool calls[32m 4[2mms[22m[39m
 [32m✓[39m [30m[45m main-process [49m[39m src/main/services/domain/chat/__tests__/checkpoint-deserialization-comprehensive.test.ts[2m:101:5[22m[2m > [22mCheckpoint Deserialization - Comprehensive[2m > [22mconvertToChatMessage - Serialized Checkpoint Format[2m > [22mshould handle ToolMessage with tool metadata[32m 4[2mms[22m[39m
 [32m✓[39m [30m[45m main-process [49m[39m src/main/services/domain/chat/__tests__/checkpoint-deserialization-comprehensive.test.ts[2m:137:5[22m[2m > [22mCheckpoint Deserialization - Comprehensive[2m > [22mconvertToChatMessage - Serialized Checkpoint Format[2m > [22mshould handle non-string content (object)[32m 3[2mms[22m[39m
 [32m✓[39m [30m[45m main-process [49m[39m src/main/services/domain/chat/__tests__/checkpoint-deserialization-comprehensive.test.ts[2m:155:5[22m[2m > [22mCheckpoint Deserialization - Comprehensive[2m > [22mconvertToChatMessage - Serialized Checkpoint Format[2m > [22mshould handle empty content[32m 2[2mms[22m[39m
 [32m✓[39m [30m[45m main-process [49m[39m src/main/services/domain/chat/__tests__/checkpoint-deserialization-comprehensive.test.ts[2m:173:5[22m[2m > [22mCheckpoint Deserialization - Comprehensive[2m > [22mconvertToChatMessage - Serialized Checkpoint Format[2m > [22mshould handle missing metadata timestamp (fallback to current time)[32m 2[2mms[22m[39m
 [32m✓[39m [30m[45m main-process [49m[39m src/main/services/domain/chat/__tests__/checkpoint-deserialization-comprehensive.test.ts[2m:192:5[22m[2m > [22mCheckpoint Deserialization - Comprehensive[2m > [22mconvertToChatMessage - Class Instance Format[2m > [22mshould handle HumanMessage class instance[32m 2[2mms[22m[39m
 [32m✓[39m [30m[45m main-process [49m[39m src/main/services/domain/chat/__tests__/checkpoint-deserialization-comprehensive.test.ts[2m:208:5[22m[2m > [22mCheckpoint Deserialization - Comprehensive[2m > [22mconvertToChatMessage - Class Instance Format[2m > [22mshould handle AIMessage class instance with tool calls[32m 2[2mms[22m[39m
 [32m✓[39m [30m[45m main-process [49m[39m src/main/services/domain/chat/__tests__/checkpoint-deserialization-comprehensive.test.ts[2m:243:5[22m[2m > [22mCheckpoint Deserialization - Comprehensive[2m > [22mconvertToChatMessage - Class Instance Format[2m > [22mshould handle ToolMessage class instance with all properties[32m 4[2mms[22m[39m
 [32m✓[39m [30m[45m main-process [49m[39m src/main/services/domain/chat/__tests__/checkpoint-deserialization-comprehensive.test.ts[2m:270:5[22m[2m > [22mCheckpoint Deserialization - Comprehensive[2m > [22mconvertToChatMessage - Class Instance Format[2m > [22mshould handle AIMessage with complex content (non-string)[32m 3[2mms[22m[39m
 [32m✓[39m [30m[45m main-process [49m[39m src/main/services/domain/chat/__tests__/checkpoint-deserialization-comprehensive.test.ts[2m:284:5[22m[2m > [22mCheckpoint Deserialization - Comprehensive[2m > [22mEdge Cases and Error Handling[2m > [22mshould handle unknown message types gracefully[32m 2[2mms[22m[39m
 [32m✓[39m [30m[45m main-process [49m[39m src/main/services/domain/chat/__tests__/checkpoint-deserialization-comprehensive.test.ts[2m:299:5[22m[2m > [22mCheckpoint Deserialization - Comprehensive[2m > [22mEdge Cases and Error Handling[2m > [22mshould handle malformed serialized message (missing id)[32m 3[2mms[22m[39m
 [32m✓[39m [30m[45m main-process [49m[39m src/main/services/domain/chat/__tests__/checkpoint-deserialization-comprehensive.test.ts[2m:313:5[22m[2m > [22mCheckpoint Deserialization - Comprehensive[2m > [22mEdge Cases and Error Handling[2m > [22mshould handle malformed serialized message (missing kwargs)[32m 2[2mms[22m[39m
 [32m✓[39m [30m[45m main-process [49m[39m src/main/services/domain/chat/__tests__/checkpoint-deserialization-comprehensive.test.ts[2m:327:5[22m[2m > [22mCheckpoint Deserialization - Comprehensive[2m > [22mEdge Cases and Error Handling[2m > [22mshould handle non-object message (fallback)[32m 2[2mms[22m[39m
 [32m✓[39m [30m[45m main-process [49m[39m src/main/services/domain/chat/__tests__/checkpoint-deserialization-comprehensive.test.ts[2m:333:5[22m[2m > [22mCheckpoint Deserialization - Comprehensive[2m > [22mEdge Cases and Error Handling[2m > [22mshould handle array as message (fallback)[32m 3[2mms[22m[39m
 [32m✓[39m [30m[45m main-process [49m[39m src/main/services/domain/chat/__tests__/checkpoint-deserialization-comprehensive.test.ts[2m:339:5[22m[2m > [22mCheckpoint Deserialization - Comprehensive[2m > [22mEdge Cases and Error Handling[2m > [22mshould handle null content[32m 2[2mms[22m[39m
 [32m✓[39m [30m[45m main-process [49m[39m src/main/services/domain/chat/__tests__/checkpoint-deserialization-comprehensive.test.ts[2m:353:5[22m[2m > [22mCheckpoint Deserialization - Comprehensive[2m > [22mIntegration Tests - Full Checkpoint Scenarios[2m > [22mshould handle mixed message types in single checkpoint[32m 2[2mms[22m[39m
 [32m✓[39m [30m[45m main-process [49m[39m src/main/services/domain/chat/__tests__/checkpoint-deserialization-comprehensive.test.ts[2m:397:5[22m[2m > [22mCheckpoint Deserialization - Comprehensive[2m > [22mIntegration Tests - Full Checkpoint Scenarios[2m > [22mshould handle checkpoint with no messages[32m 2[2mms[22m[39m
 [32m✓[39m [30m[45m main-process [49m[39m src/main/services/domain/chat/__tests__/checkpoint-deserialization-comprehensive.test.ts[2m:416:5[22m[2m > [22mCheckpoint Deserialization - Comprehensive[2m > [22mIntegration Tests - Full Checkpoint Scenarios[2m > [22mshould handle checkpoint with undefined messages array[32m 3[2mms[22m[39m
 [32m✓[39m [30m[45m main-process [49m[39m src/main/services/domain/chat/__tests__/checkpoint-deserialization-comprehensive.test.ts[2m:433:5[22m[2m > [22mCheckpoint Deserialization - Comprehensive[2m > [22mIntegration Tests - Full Checkpoint Scenarios[2m > [22mshould preserve all tool metadata in conversation history[32m 2[2mms[22m[39m
 [32m✓[39m [30m[45m main-process [49m[39m src/main/services/domain/chat/__tests__/checkpoint-deserialization-comprehensive.test.ts[2m:475:5[22m[2m > [22mCheckpoint Deserialization - Comprehensive[2m > [22mMessage ID Generation[2m > [22mshould generate unique IDs for multiple messages[32m 1[2mms[22m[39m
 [32m✓[39m [30m[45m main-process [49m[39m src/main/services/domain/chat/__tests__/checkpoint-deserialization-comprehensive.test.ts[2m:490:5[22m[2m > [22mCheckpoint Deserialization - Comprehensive[2m > [22mMessage ID Generation[2m > [22mshould handle different session IDs[32m 3[2mms[22m[39m
 [32m✓[39m [30m[45m main-process [49m[39m src/main/services/domain/chat/__tests__/checkpoint-deserialization-debug.test.ts[2m:54:5[22m[2m > [22mCheckpoint Deserialization Debug[2m > [22mManual deserialization[2m > [22mshould deserialize HumanMessage from checkpoint format[32m 3[2mms[22m[39m
 [32m✓[39m [30m[45m main-process [49m[39m src/main/services/domain/chat/__tests__/checkpoint-deserialization-debug.test.ts[2m:79:5[22m[2m > [22mCheckpoint Deserialization Debug[2m > [22mManual deserialization[2m > [22mshould deserialize AIMessage from checkpoint format[32m 1[2mms[22m[39m
 [32m✓[39m [30m[45m main-process [49m[39m src/main/services/domain/chat/__tests__/checkpoint-deserialization-debug.test.ts[2m:107:5[22m[2m > [22mCheckpoint Deserialization Debug[2m > [22mManual deserialization[2m > [22mshould handle multiple messages in array[32m 1[2mms[22m[39m
 [32m✓[39m [30m[45m main-process [49m[39m src/main/services/domain/chat/__tests__/checkpoint-deserialization-debug.test.ts[2m:234:5[22m[2m > [22mCheckpoint Deserialization Debug[2m > [22mgetMessages with serialized checkpoint data[2m > [22mshould correctly deserialize and format messages from checkpoint[32m 2[2mms[22m[39m
 [32m✓[39m [30m[45m main-process [49m[39m src/main/services/domain/chat/__tests__/checkpoint-deserialization-debug.test.ts[2m:263:5[22m[2m > [22mCheckpoint Deserialization Debug[2m > [22mgetMessages with serialized checkpoint data[2m > [22mshould handle mixed serialized and instantiated messages[32m 4[2mms[22m[39m
 [32m✓[39m [30m[45m main-process [49m[39m src/main/services/domain/chat/__tests__/get-messages.test.ts[2m:63:5[22m[2m > [22mChatService.getMessages[2m > [22mSuccessful message retrieval[2m > [22mshould return empty array when no checkpoints exist[32m 3[2mms[22m[39m
 [32m✓[39m [30m[45m main-process [49m[39m src/main/services/domain/chat/__tests__/get-messages.test.ts[2m:85:5[22m[2m > [22mChatService.getMessages[2m > [22mSuccessful message retrieval[2m > [22mshould return formatted messages from single checkpoint[32m 1[2mms[22m[39m
 [32m✓[39m [30m[45m main-process [49m[39m src/main/services/domain/chat/__tests__/get-messages.test.ts[2m:147:5[22m[2m > [22mChatService.getMessages[2m > [22mSuccessful message retrieval[2m > [22mshould handle complex message content (non-string)[32m 1[2mms[22m[39m
 [32m✓[39m [30m[45m main-process [49m[39m src/main/services/domain/chat/__tests__/get-messages.test.ts[2m:177:5[22m[2m > [22mChatService.getMessages[2m > [22mSuccessful message retrieval[2m > [22mshould use latest checkpoint when multiple exist[32m 2[2mms[22m[39m
 [32m✓[39m [30m[45m main-process [49m[39m src/main/services/domain/chat/__tests__/get-messages.test.ts[2m:224:5[22m[2m > [22mChatService.getMessages[2m > [22mEdge cases[2m > [22mshould handle system messages[32m 1[2mms[22m[39m
 [32m✓[39m [30m[45m main-process [49m[39m src/main/services/domain/chat/__tests__/get-messages.test.ts[2m:255:5[22m[2m > [22mChatService.getMessages[2m > [22mEdge cases[2m > [22mshould handle missing metadata timestamps[32m 3[2mms[22m[39m
 [32m✓[39m [30m[45m main-process [49m[39m src/main/services/domain/chat/__tests__/get-messages.test.ts[2m:280:5[22m[2m > [22mChatService.getMessages[2m > [22mEdge cases[2m > [22mshould handle undefined messages in checkpoint[32m 2[2mms[22m[39m
 [32m✓[39m [30m[45m main-process [49m[39m src/main/services/domain/chat/__tests__/get-messages.test.ts[2m:306:5[22m[2m > [22mChatService.getMessages[2m > [22mError handling[2m > [22mshould propagate errors from checkpoint saver[32m 2[2mms[22m[39m
 [32m✓[39m [30m[45m main-process [49m[39m src/main/services/domain/chat/__tests__/get-messages.test.ts[2m:329:5[22m[2m > [22mChatService.getMessages[2m > [22mLogging[2m > [22mshould log retrieval start[32m 3[2mms[22m[39m
 [32m✓[39m [30m[45m main-process [49m[39m src/main/services/domain/chat/__tests__/get-messages.test.ts[2m:356:5[22m[2m > [22mChatService.getMessages[2m > [22mLogging[2m > [22mshould log retrieval completion with message count[32m 2[2mms[22m[39m
 [32m✓[39m [30m[45m main-process [49m[39m src/main/services/domain/chat/__tests__/get-messages.test.ts[2m:385:5[22m[2m > [22mChatService.getMessages[2m > [22mLogging[2m > [22mshould log when no checkpoints found[32m 1[2mms[22m[39m
 [32m✓[39m [30m[45m main-process [49m[39m src/main/services/domain/concept-parsing/__tests__/concept-parsing.chunk-boundaries.test.ts[2m:35:3[22m[2m > [22mconcept parsing chunk boundaries[2m > [22mkeeps chunking within section boundaries when splitting[32m 24[2mms[22m[39m
 [32m✓[39m [30m[45m main-process [49m[39m src/main/services/domain/concept-parsing/__tests__/concept-parsing.concurrency.test.ts[2m:55:3[22m[2m > [22mconcept parsing concurrency[2m > [22mprocesses multiple segments in parallel up to the configured concurrency limit[32m 61[2mms[22m[39m
 [32m✓[39m [30m[45m main-process [49m[39m src/main/services/domain/concept-parsing/__tests__/concept-parsing.depth.test.ts[2m:46:3[22m[2m > [22mconcept parsing depth[2m > [22msplits by headings up to selected depth[32m 28[2mms[22m[39m
 [32m✓[39m [30m[45m main-process [49m[39m src/main/services/domain/concept-parsing/__tests__/concept-parsing.provider-name-crash.test.ts[2m:51:3[22m[2m > [22mconcept parsing - providerName crash fix[2m > [22mshould not crash when provider model does not have settings property[32m 11[2mms[22m[39m
 [32m✓[39m [30m[45m main-process [49m[39m src/main/services/domain/concept-parsing/__tests__/concept-parsing.provider-name-crash.test.ts[2m:106:3[22m[2m > [22mconcept parsing - providerName crash fix[2m > [22mshould work with various provider model return types[32m 12[2mms[22m[39m
 [32m✓[39m [30m[45m main-process [49m[39m src/main/services/domain/concept-parsing/__tests__/concept-parsing.relationships-vector.test.ts[2m:61:3[22m[2m > [22mconcept parsing relationship storage[2m > [22mshould parse and return relationships without storing them in vector database[32m 10[2mms[22m[39m
 [32m✓[39m [30m[45m main-process [49m[39m src/main/services/domain/concept-parsing/__tests__/concept-parsing.relationships-vector.test.ts[2m:153:3[22m[2m > [22mconcept parsing relationship storage[2m > [22mshould handle relationship storage errors gracefully[32m 9[2mms[22m[39m
 [32m✓[39m [30m[45m main-process [49m[39m src/main/services/domain/concept-parsing/__tests__/concept-parsing.relationships-vector.test.ts[2m:212:3[22m[2m > [22mconcept parsing relationship storage[2m > [22mshould not store relationships when vector database is not provided[32m 7[2mms[22m[39m
 [32m✓[39m [30m[45m main-process [49m[39m src/main/services/domain/concept-parsing/__tests__/concept-parsing.relationships-vector.test.ts[2m:258:3[22m[2m > [22mconcept parsing relationship storage[2m > [22mshould parse relationships without creating vector embeddings for them[32m 9[2mms[22m[39m
 [32m✓[39m [30m[45m main-process [49m[39m src/main/services/domain/concept-parsing/__tests__/concept-parsing.resume.test.ts[2m:42:3[22m[2m > [22mconcept parsing resume support[2m > [22mskips already processed segments when resume is true[32m 18[2mms[22m[39m
 [32m✓[39m [30m[45m main-process [49m[39m src/main/services/domain/concept-parsing/__tests__/concept-parsing.root-topic.test.ts[2m:36:3[22m[2m > [22mH1 as Root Topic Concept[2m > [22mshould treat H1 as ROOT TOPIC concept and create contains relationships[32m 12[2mms[22m[39m
 [32m✓[39m [30m[45m main-process [49m[39m src/main/services/domain/concept-parsing/__tests__/concept-parsing.root-topic.test.ts[2m:168:3[22m[2m > [22mH1 as Root Topic Concept[2m > [22mshould prioritize ROOT TOPIC in results[32m 9[2mms[22m[39m
 [32m✓[39m [30m[45m main-process [49m[39m src/main/services/domain/concept-parsing/__tests__/concept-parsing.vectorize.test.ts[2m:31:3[22m[2m > [22mconcept parsing vectorization[2m > [22malways vectorizes when a vector DB is provided, even if vectorize flag is false[32m 11[2mms[22m[39m
 [32m✓[39m [30m[45m main-process [49m[39m src/main/services/domain/concept-parsing/__tests__/deduplication.test.ts[2m:13:3[22m[2m > [22mConcept Deduplication[2m > [22mshould merge concepts with similar names[32m 2[2mms[22m[39m
 [32m✓[39m [30m[45m main-process [49m[39m src/main/services/domain/concept-parsing/__tests__/deduplication.test.ts[2m:74:3[22m[2m > [22mConcept Deduplication[2m > [22mshould handle exact duplicate concepts[32m 2[2mms[22m[39m
 [32m✓[39m [30m[45m main-process [49m[39m src/main/services/domain/concept-parsing/__tests__/deduplication.test.ts[2m:105:3[22m[2m > [22mConcept Deduplication[2m > [22mshould not merge dissimilar concepts[32m 1[2mms[22m[39m
 [32m✓[39m [30m[45m main-process [49m[39m src/main/services/domain/concept-parsing/__tests__/deduplication.test.ts[2m:138:3[22m[2m > [22mAuto-Deduplication Configuration[2m > [22mshould enable auto-deduplication in plan[32m 1[2mms[22m[39m
 [32m✓[39m [30m[45m main-process [49m[39m src/main/services/domain/concept-parsing/__tests__/deduplication.test.ts[2m:152:3[22m[2m > [22mAuto-Deduplication Configuration[2m > [22mshould use default threshold when not specified[32m 1[2mms[22m[39m
 [32m✓[39m [30m[45m main-process [49m[39m src/main/services/domain/concept-parsing/__tests__/deduplication.test.ts[2m:163:3[22m[2m > [22mAuto-Deduplication Configuration[2m > [22mshould support merge_metadata strategy[32m 1[2mms[22m[39m
 [2m[90m↓[39m[22m [30m[45m main-process [49m[39m src/main/services/domain/concept-parsing/__tests__/extraction-workflow.perf.test.ts[2m:143:5[22m[2m > [22mLangGraph Extraction Workflow - Performance Tests[2m > [22mSingle Segment Extraction Timing[2m > [22mshould extract concepts from SHORT content within time limit
 [2m[90m↓[39m[22m [30m[45m main-process [49m[39m src/main/services/domain/concept-parsing/__tests__/extraction-workflow.perf.test.ts[2m:191:5[22m[2m > [22mLangGraph Extraction Workflow - Performance Tests[2m > [22mSingle Segment Extraction Timing[2m > [22mshould extract concepts from MEDIUM content within time limit
 [2m[90m↓[39m[22m [30m[45m main-process [49m[39m src/main/services/domain/concept-parsing/__tests__/extraction-workflow.perf.test.ts[2m:229:5[22m[2m > [22mLangGraph Extraction Workflow - Performance Tests[2m > [22mSingle Segment Extraction Timing[2m > [22mshould extract concepts from LONG content within time limit
 [2m[90m↓[39m[22m [30m[45m main-process [49m[39m src/main/services/domain/concept-parsing/__tests__/extraction-workflow.perf.test.ts[2m:270:5[22m[2m > [22mLangGraph Extraction Workflow - Performance Tests[2m > [22mSequential Processing Performance[2m > [22mshould process 3 segments sequentially and measure total time
 [2m[90m↓[39m[22m [30m[45m main-process [49m[39m src/main/services/domain/concept-parsing/__tests__/extraction-workflow.perf.test.ts[2m:309:5[22m[2m > [22mLangGraph Extraction Workflow - Performance Tests[2m > [22mPerformance Summary[2m > [22mshould output performance summary report
 [32m✓[39m [30m[45m main-process [49m[39m src/main/services/domain/concept-parsing/__tests__/integration-pure-separation.test.ts[2m:141:3[22m[2m > [22mconcept parsing integration with pure separation[2m > [22mshould parse Python basics and store with pure separation[32m 8[2mms[22m[39m
 [32m✓[39m [30m[45m main-process [49m[39m src/main/services/domain/concept-parsing/__tests__/integration-pure-separation.test.ts[2m:183:3[22m[2m > [22mconcept parsing integration with pure separation[2m > [22mshould handle JavaScript tutorial with pure separation[32m 5[2mms[22m[39m
 [32m✓[39m [30m[45m main-process [49m[39m src/main/services/domain/concept-parsing/__tests__/integration-pure-separation.test.ts[2m:213:3[22m[2m > [22mconcept parsing integration with pure separation[2m > [22mshould handle deep heading hierarchy with pure separation[32m 5[2mms[22m[39m
 [32m✓[39m [30m[45m main-process [49m[39m src/main/services/domain/concept-parsing/__tests__/integration-pure-separation.test.ts[2m:245:3[22m[2m > [22mconcept parsing integration with pure separation[2m > [22mshould handle empty sections gracefully[32m 5[2mms[22m[39m
 [32m✓[39m [30m[45m main-process [49m[39m src/main/services/domain/concept-parsing/__tests__/integration-pure-separation.test.ts[2m:275:3[22m[2m > [22mconcept parsing integration with pure separation[2m > [22mshould handle very long content with pure separation[32m 27[2mms[22m[39m
 [32m✓[39m [30m[45m main-process [49m[39m src/main/services/domain/concept-parsing/__tests__/integration-pure-separation.test.ts[2m:301:3[22m[2m > [22mconcept parsing integration with pure separation[2m > [22mshould handle content with code blocks[32m 7[2mms[22m[39m
 [32m✓[39m [30m[45m main-process [49m[39m src/main/services/domain/concept-parsing/__tests__/integration-pure-separation.test.ts[2m:336:3[22m[2m > [22mconcept parsing integration with pure separation[2m > [22mshould respect maxHeadingDepth setting[32m 7[2mms[22m[39m
 [32m✓[39m [30m[45m main-process [49m[39m src/main/services/domain/concept-parsing/__tests__/integration-pure-separation.test.ts[2m:364:3[22m[2m > [22mconcept parsing integration with pure separation[2m > [22mshould handle content starting without H1[32m 6[2mms[22m[39m
 [32m✓[39m [30m[45m main-process [49m[39m src/main/services/domain/concept-parsing/__tests__/integration-pure-separation.test.ts[2m:392:3[22m[2m > [22mconcept parsing integration with pure separation[2m > [22mshould create unique concept IDs for each segment[32m 5[2mms[22m[39m
 [32m✓[39m [30m[45m main-process [49m[39m src/main/services/domain/concept-parsing/__tests__/relationship-deduplication.test.ts[2m:47:3[22m[2m > [22mRelationship Deduplication[2m > [22mshould deduplicate identical relationships from different segments[32m 3[2mms[22m[39m
 [32m✓[39m [30m[45m main-process [49m[39m src/main/services/domain/concept-parsing/__tests__/relationship-deduplication.test.ts[2m:80:3[22m[2m > [22mRelationship Deduplication[2m > [22mshould keep relationship with higher confidence when duplicates exist[32m 2[2mms[22m[39m
 [32m✓[39m [30m[45m main-process [49m[39m src/main/services/domain/concept-parsing/__tests__/relationship-deduplication.test.ts[2m:105:3[22m[2m > [22mRelationship Deduplication[2m > [22mshould keep relationship with higher strength when confidence is equal[32m 2[2mms[22m[39m
 [32m✓[39m [30m[45m main-process [49m[39m src/main/services/domain/concept-parsing/__tests__/relationship-deduplication.test.ts[2m:130:3[22m[2m > [22mRelationship Deduplication[2m > [22mshould NOT deduplicate relationships with different types[32m 1[2mms[22m[39m
 [32m✓[39m [30m[45m main-process [49m[39m src/main/services/domain/concept-parsing/__tests__/relationship-deduplication.test.ts[2m:161:3[22m[2m > [22mRelationship Deduplication[2m > [22mshould handle bidirectional relationships as different[32m 1[2mms[22m[39m
 [32m✓[39m [30m[45m main-process [49m[39m src/main/services/domain/concept-parsing/__tests__/relationship-deduplication.test.ts[2m:188:3[22m[2m > [22mRelationship Deduplication[2m > [22mshould use default values for missing confidence and strength[32m 1[2mms[22m[39m
 [32m✓[39m [30m[45m main-process [49m[39m src/main/services/domain/concept-parsing/__tests__/relationship-deduplication.test.ts[2m:212:3[22m[2m > [22mRelationship Deduplication[2m > [22mshould keep first relationship when scores are equal[32m 2[2mms[22m[39m
 [32m✓[39m [30m[45m main-process [49m[39m src/main/services/domain/concept-parsing/__tests__/relationship-deduplication.test.ts[2m:238:3[22m[2m > [22mRelationship Deduplication[2m > [22mshould handle multiple duplicate groups correctly[32m 1[2mms[22m[39m
 [32m✓[39m [30m[45m main-process [49m[39m src/main/services/domain/concept-parsing/__tests__/relationship-deduplication.test.ts[2m:288:3[22m[2m > [22mRelationship Deduplication[2m > [22mshould handle empty relationship array[32m 2[2mms[22m[39m
 [32m✓[39m [30m[45m main-process [49m[39m src/main/services/domain/concept-parsing/__tests__/relationship-deduplication.test.ts[2m:294:3[22m[2m > [22mRelationship Deduplication[2m > [22mshould handle single relationship[32m 2[2mms[22m[39m
 [32m✓[39m [30m[45m main-process [49m[39m src/main/services/domain/concept-parsing/__tests__/relationship-deduplication.test.ts[2m:311:3[22m[2m > [22mRelationship Deduplication - Score Calculation[2m > [22mshould calculate score correctly for various confidence/strength combinations[32m 1[2mms[22m[39m
 [32m✓[39m [30m[45m main-process [49m[39m src/main/services/domain/concept-parsing/__tests__/relationship-deduplication.test.ts[2m:333:3[22m[2m > [22mRelationship Deduplication - Score Calculation[2m > [22mshould prioritize confidence over strength in score[32m 1[2mms[22m[39m
 [32m✓[39m [30m[45m main-process [49m[39m src/main/services/domain/concept-parsing/__tests__/segment-boundaries.test.ts[2m:128:3[22m[2m > [22msegment boundaries and non-overlapping content[2m > [22mshould create non-overlapping segments with headings included[32m 8[2mms[22m[39m
 [2m[90m↓[39m[22m [30m[45m main-process [49m[39m src/main/services/domain/concept-parsing/__tests__/segment-boundaries.test.ts[2m:192:6[22m[2m > [22msegment boundaries and non-overlapping content[2m > [22mshould include heading in its own segment but not in adjacent segments
 [2m[90m↓[39m[22m [30m[45m main-process [49m[39m src/main/services/domain/concept-parsing/__tests__/segment-boundaries.test.ts[2m:246:6[22m[2m > [22msegment boundaries and non-overlapping content[2m > [22mshould handle content between headings correctly
 [2m[90m↓[39m[22m [30m[45m main-process [49m[39m src/main/services/domain/concept-parsing/__tests__/segment-boundaries.test.ts[2m:293:6[22m[2m > [22msegment boundaries and non-overlapping content[2m > [22mshould not duplicate heading when next heading is at segment boundary
 [2m[90m↓[39m[22m [30m[45m main-process [49m[39m src/main/services/domain/concept-parsing/__tests__/segment-boundaries.test.ts[2m:326:6[22m[2m > [22msegment boundaries and non-overlapping content[2m > [22mshould preserve exact heading structure
 [2m[90m↓[39m[22m [30m[45m main-process [49m[39m src/main/services/domain/concept-parsing/__tests__/segment-boundaries.test.ts[2m:372:6[22m[2m > [22msegment boundaries and non-overlapping content[2m > [22mshould handle very short content between headings
 [2m[90m↓[39m[22m [30m[45m main-process [49m[39m src/main/services/domain/concept-parsing/__tests__/segment-boundaries.test.ts[2m:396:6[22m[2m > [22msegment boundaries and non-overlapping content[2m > [22mshould maintain correct line numbers in extractMarkdownHeadings
 [2m[90m↓[39m[22m [30m[45m main-process [49m[39m src/main/services/domain/concept-parsing/__tests__/segment-boundaries.test.ts[2m:424:6[22m[2m > [22msegment boundaries and non-overlapping content[2m > [22mshould handle edge case: heading as last line
 [2m[90m↓[39m[22m [30m[45m main-process [49m[39m src/main/services/domain/concept-parsing/__tests__/segment-boundaries.test.ts[2m:449:6[22m[2m > [22msegment boundaries and non-overlapping content[2m > [22mshould handle edge case: multiple consecutive headings
 [32m✓[39m [30m[45m main-process [49m[39m src/main/services/domain/concept-parsing/__tests__/token-usage-tracking.test.ts[2m:70:5[22m[2m > [22mToken Usage Tracking[2m > [22mToken Usage Extraction from Streaming Chunks[2m > [22mshould extract token usage from single chunk[32m 10[2mms[22m[39m
 [32m✓[39m [30m[45m main-process [49m[39m src/main/services/domain/concept-parsing/__tests__/token-usage-tracking.test.ts[2m:97:5[22m[2m > [22mToken Usage Tracking[2m > [22mToken Usage Extraction from Streaming Chunks[2m > [22mshould accumulate token usage across multiple chunks[32m 9[2mms[22m[39m
 [32m✓[39m [30m[45m main-process [49m[39m src/main/services/domain/concept-parsing/__tests__/token-usage-tracking.test.ts[2m:123:5[22m[2m > [22mToken Usage Tracking[2m > [22mToken Usage Extraction from Streaming Chunks[2m > [22mshould handle missing usage_metadata gracefully[32m 8[2mms[22m[39m
 [32m✓[39m [30m[45m main-process [49m[39m src/main/services/domain/concept-parsing/__tests__/token-usage-tracking.test.ts[2m:149:5[22m[2m > [22mToken Usage Tracking[2m > [22mToken Usage in Extraction Workflow[2m > [22mshould propagate token usage through workflow state[32m 9[2mms[22m[39m
 [32m✓[39m [30m[45m main-process [49m[39m src/main/services/domain/concept-parsing/__tests__/token-usage-tracking.test.ts[2m:204:5[22m[2m > [22mToken Usage Tracking[2m > [22mToken Usage in Extraction Workflow[2m > [22mshould track token usage across retry attempts[32m 10[2mms[22m[39m
 [32m✓[39m [30m[45m main-process [49m[39m src/main/services/domain/concept-parsing/__tests__/token-usage-tracking.test.ts[2m:259:5[22m[2m > [22mToken Usage Tracking[2m > [22mToken Usage Aggregation[2m > [22mshould aggregate token usage across segments[32m 5[2mms[22m[39m
 [32m✓[39m [30m[45m main-process [49m[39m src/main/services/domain/concept-parsing/__tests__/token-usage-tracking.test.ts[2m:291:5[22m[2m > [22mToken Usage Tracking[2m > [22mToken Usage Statistics[2m > [22mshould mark statistics as non-estimated when using native tracking[32m 5[2mms[22m[39m
 [32m✓[39m [30m[45m main-process [49m[39m src/main/services/domain/concept-parsing/__tests__/token-usage-tracking.test.ts[2m:303:5[22m[2m > [22mToken Usage Tracking[2m > [22mToken Usage Statistics[2m > [22mshould provide detailed token breakdown[32m 4[2mms[22m[39m
 [32m✓[39m [30m[45m main-process [49m[39m src/main/services/domain/concept-parsing/__tests__/token-usage-tracking.test.ts[2m:317:5[22m[2m > [22mToken Usage Tracking[2m > [22mEdge Cases[2m > [22mshould handle empty token usage[32m 9[2mms[22m[39m
 [32m✓[39m [30m[45m main-process [49m[39m src/main/services/domain/concept-parsing/__tests__/token-usage-tracking.test.ts[2m:341:5[22m[2m > [22mToken Usage Tracking[2m > [22mEdge Cases[2m > [22mshould handle very large token counts[32m 9[2mms[22m[39m
 [2m[90m↓[39m[22m [30m[45m main-process [49m[39m src/main/services/domain/concept-parsing/__tests__/workflow-streaming.test.ts[2m:8:6[22m[2m > [22mWorkflow Streaming Test[2m > [22mshould extract concepts via streaming without timeout
 [32m✓[39m [30m[45m main-process [49m[39m src/main/services/domain/content/__tests__/content-preview.depth.test.ts[2m:16:3[22m[2m > [22mcontent-preview depth[2m > [22mincludes headings up to depth 2[32m 3[2mms[22m[39m
 [32m✓[39m [30m[45m main-process [49m[39m src/main/services/domain/content/__tests__/content-preview.depth.test.ts[2m:24:3[22m[2m > [22mcontent-preview depth[2m > [22mincludes only H1 when depth is 1[32m 3[2mms[22m[39m
 [32m✓[39m [30m[45m main-process [49m[39m src/main/services/domain/content/__tests__/content-preview.setext-and-code.test.ts[2m:5:3[22m[2m > [22mcontent-preview markdown setext and code fences[2m > [22mhandles Setext headings and depth gates them[32m 4[2mms[22m[39m
 [32m✓[39m [30m[45m main-process [49m[39m src/main/services/domain/content/__tests__/content-preview.setext-and-code.test.ts[2m:22:3[22m[2m > [22mcontent-preview markdown setext and code fences[2m > [22mignores headings inside fenced code blocks[32m 3[2mms[22m[39m
 [32m✓[39m [30m[45m main-process [49m[39m src/main/services/domain/content/__tests__/content-preview.setext-and-code.test.ts[2m:39:3[22m[2m > [22mcontent-preview markdown setext and code fences[2m > [22mgates mixed ATX and Setext headings at max depth[32m 3[2mms[22m[39m
 [32m✓[39m [30m[45m main-process [49m[39m src/main/services/domain/content/__tests__/content-service-interface.test.ts[2m:79:5[22m[2m > [22mContent Service - Interface Tests[2m > [22mService Interface[2m > [22mshould have all required methods[32m 21[2mms[22m[39m
 [32m✓[39m [30m[45m main-process [49m[39m src/main/services/domain/content/__tests__/content-service-interface.test.ts[2m:93:5[22m[2m > [22mContent Service - Interface Tests[2m > [22mDocument Analysis[2m > [22mshould analyze document content[32m 4[2mms[22m[39m
 [32m✓[39m [30m[45m main-process [49m[39m src/main/services/domain/content/__tests__/content-service-interface.test.ts[2m:115:5[22m[2m > [22mContent Service - Interface Tests[2m > [22mContent Generation[2m > [22mshould generate summaries[32m 3[2mms[22m[39m
 [32m✓[39m [30m[45m main-process [49m[39m src/main/services/domain/content/__tests__/content-service-interface.test.ts[2m:132:5[22m[2m > [22mContent Service - Interface Tests[2m > [22mContent Extraction[2m > [22mshould extract structured content[32m 2[2mms[22m[39m
 [32m✓[39m [30m[45m main-process [49m[39m src/main/services/domain/content/__tests__/content-service-interface.test.ts[2m:149:5[22m[2m > [22mContent Service - Interface Tests[2m > [22mContent Validation[2m > [22mshould validate content quality[32m 2[2mms[22m[39m
 [32m✓[39m [30m[45m main-process [49m[39m src/main/services/domain/content/__tests__/content-service-interface.test.ts[2m:166:5[22m[2m > [22mContent Service - Interface Tests[2m > [22mContent Search[2m > [22mshould search content database[32m 2[2mms[22m[39m
 [32m✓[39m [30m[45m main-process [49m[39m src/main/services/domain/content/__tests__/content-service-interface.test.ts[2m:187:5[22m[2m > [22mContent Service - Interface Tests[2m > [22mService Dependencies[2m > [22mshould accept logger service dependency[32m 3[2mms[22m[39m
 [32m✓[39m [30m[45m main-process [49m[39m src/main/services/domain/content/__tests__/content-service-interface.test.ts[2m:192:5[22m[2m > [22mContent Service - Interface Tests[2m > [22mService Dependencies[2m > [22mshould accept AI service dependency[32m 5[2mms[22m[39m
 [32m✓[39m [30m[45m main-process [49m[39m src/main/services/domain/content/__tests__/content-service-interface.test.ts[2m:199:5[22m[2m > [22mContent Service - Interface Tests[2m > [22mData Structures[2m > [22mshould handle document data structure[32m 3[2mms[22m[39m
 [32m✓[39m [30m[45m main-process [49m[39m src/main/services/domain/content/__tests__/content-service-interface.test.ts[2m:218:5[22m[2m > [22mContent Service - Interface Tests[2m > [22mData Structures[2m > [22mshould handle analysis result structure[32m 2[2mms[22m[39m
 [32m✓[39m [30m[45m main-process [49m[39m src/main/services/domain/practice/__tests__/practice-service-basic.test.ts[2m:106:5[22m[2m > [22mPractice Service - Basic Tests[2m > [22mService Creation[2m > [22mshould create practice service with required methods[32m 33[2mms[22m[39m
 [32m✓[39m [30m[45m main-process [49m[39m src/main/services/domain/practice/__tests__/practice-service-basic.test.ts[2m:113:5[22m[2m > [22mPractice Service - Basic Tests[2m > [22mService Creation[2m > [22mshould have AI service dependency[32m 4[2mms[22m[39m
 [32m✓[39m [30m[45m main-process [49m[39m src/main/services/domain/practice/__tests__/practice-service-basic.test.ts[2m:118:5[22m[2m > [22mPractice Service - Basic Tests[2m > [22mService Creation[2m > [22mshould have logger functionality[32m 4[2mms[22m[39m
 [32m✓[39m [30m[45m main-process [49m[39m src/main/services/domain/practice/__tests__/practice-service-basic.test.ts[2m:135:5[22m[2m > [22mPractice Service - Basic Tests[2m > [22mPractice Plan Generation[2m > [22mshould generate practice plan successfully[32m 5[2mms[22m[39m
 [32m✓[39m [30m[45m main-process [49m[39m src/main/services/domain/practice/__tests__/practice-service-basic.test.ts[2m:157:5[22m[2m > [22mPractice Service - Basic Tests[2m > [22mPractice Plan Generation[2m > [22mshould handle missing parameters with defaults[32m 5[2mms[22m[39m
 [32m✓[39m [30m[45m main-process [49m[39m src/main/services/domain/practice/__tests__/practice-service-basic.test.ts[2m:172:5[22m[2m > [22mPractice Service - Basic Tests[2m > [22mPractice Plan Generation[2m > [22mshould have knowledge service integration[32m 4[2mms[22m[39m
 [32m✓[39m [30m[45m main-process [49m[39m src/main/services/domain/practice/__tests__/practice-service-basic.test.ts[2m:191:7[22m[2m > [22mPractice Service - Basic Tests[2m > [22mDifferent Practice Types[2m > [22mshould handle coding practice type[32m 5[2mms[22m[39m
 [32m✓[39m [30m[45m main-process [49m[39m src/main/services/domain/practice/__tests__/practice-service-basic.test.ts[2m:191:7[22m[2m > [22mPractice Service - Basic Tests[2m > [22mDifferent Practice Types[2m > [22mshould handle conceptual practice type[32m 6[2mms[22m[39m
 [32m✓[39m [30m[45m main-process [49m[39m src/main/services/domain/practice/__tests__/practice-service-basic.test.ts[2m:191:7[22m[2m > [22mPractice Service - Basic Tests[2m > [22mDifferent Practice Types[2m > [22mshould handle problem_solving practice type[32m 5[2mms[22m[39m
 [32m✓[39m [30m[45m main-process [49m[39m src/main/services/domain/practice/__tests__/practice-service-basic.test.ts[2m:191:7[22m[2m > [22mPractice Service - Basic Tests[2m > [22mDifferent Practice Types[2m > [22mshould handle general practice type[32m 6[2mms[22m[39m
 [32m✓[39m [30m[45m main-process [49m[39m src/main/services/domain/practice/__tests__/practice-service-basic.test.ts[2m:211:7[22m[2m > [22mPractice Service - Basic Tests[2m > [22mDifferent Difficulty Levels[2m > [22mshould handle easy difficulty level[32m 6[2mms[22m[39m
 [32m✓[39m [30m[45m main-process [49m[39m src/main/services/domain/practice/__tests__/practice-service-basic.test.ts[2m:211:7[22m[2m > [22mPractice Service - Basic Tests[2m > [22mDifferent Difficulty Levels[2m > [22mshould handle medium difficulty level[32m 5[2mms[22m[39m
 [32m✓[39m [30m[45m main-process [49m[39m src/main/services/domain/practice/__tests__/practice-service-basic.test.ts[2m:211:7[22m[2m > [22mPractice Service - Basic Tests[2m > [22mDifferent Difficulty Levels[2m > [22mshould handle hard difficulty level[32m 5[2mms[22m[39m
 [32m✓[39m [30m[45m main-process [49m[39m src/main/services/domain/practice/__tests__/practice-service-basic.test.ts[2m:227:5[22m[2m > [22mPractice Service - Basic Tests[2m > [22mExercise Structure[2m > [22mshould generate properly structured exercises[32m 5[2mms[22m[39m
 [32m✓[39m [30m[45m main-process [49m[39m src/main/services/domain/practice/__tests__/practice-service-basic.test.ts[2m:252:5[22m[2m > [22mPractice Service - Basic Tests[2m > [22mExercise Structure[2m > [22mshould include metadata in exercises[32m 5[2mms[22m[39m
 [32m✓[39m [30m[45m main-process [49m[39m src/main/services/domain/practice/__tests__/practice-service-basic.test.ts[2m:266:5[22m[2m > [22mPractice Service - Basic Tests[2m > [22mSuggestions and Recommendations[2m > [22mshould provide practice suggestions[32m 5[2mms[22m[39m
 [32m✓[39m [30m[45m main-process [49m[39m src/main/services/domain/practice/__tests__/practice-service-basic.test.ts[2m:280:5[22m[2m > [22mPractice Service - Basic Tests[2m > [22mError Handling[2m > [22mshould handle missing knowledge service gracefully[32m 4[2mms[22m[39m
 [32m✓[39m [30m[45m main-process [49m[39m src/main/services/domain/practice/__tests__/practice-service-basic.test.ts[2m:298:5[22m[2m > [22mPractice Service - Basic Tests[2m > [22mError Handling[2m > [22mshould handle AI service errors gracefully[32m 3[2mms[22m[39m
 [32m✓[39m [30m[45m main-process [49m[39m src/main/services/domain/practice/__tests__/practice-service-basic.test.ts[2m:316:5[22m[2m > [22mPractice Service - Basic Tests[2m > [22mVibe and Context[2m > [22mshould incorporate vibe in request[32m 3[2mms[22m[39m
 [32m✓[39m [30m[45m main-process [49m[39m src/main/services/domain/practice/__tests__/practice-service-basic.test.ts[2m:331:5[22m[2m > [22mPractice Service - Basic Tests[2m > [22mVibe and Context[2m > [22mshould include context in request[32m 3[2mms[22m[39m
 [32m✓[39m [30m[45m main-process [49m[39m src/main/services/domain/practice/__tests__/practice-service-basic.test.ts[2m:348:5[22m[2m > [22mPractice Service - Basic Tests[2m > [22mMetadata Enrichment[2m > [22mshould enrich plan metadata[32m 4[2mms[22m[39m
 [32m✓[39m [30m[45m main-process [49m[39m src/main/services/domain/practice/__tests__/practice-service-basic.test.ts[2m:363:5[22m[2m > [22mPractice Service - Basic Tests[2m > [22mMetadata Enrichment[2m > [22mshould track generation time[32m 4[2mms[22m[39m
 [32m✓[39m [30m[45m main-process [49m[39m src/main/services/domain/practice/__tests__/practice-service-basic.test.ts[2m:377:5[22m[2m > [22mPractice Service - Basic Tests[2m > [22mService Dependencies[2m > [22mshould initialize all required dependencies[32m 4[2mms[22m[39m
 [32m✓[39m [30m[45m main-process [49m[39m src/main/services/domain/practice/__tests__/practice-service-basic.test.ts[2m:384:5[22m[2m > [22mPractice Service - Basic Tests[2m > [22mService Dependencies[2m > [22mshould use AI service for model configuration[32m 4[2mms[22m[39m
 [32m✓[39m [30m[45m main-process [49m[39m src/main/services/domain/practice/__tests__/practice-service-basic.test.ts[2m:390:5[22m[2m > [22mPractice Service - Basic Tests[2m > [22mService Dependencies[2m > [22mshould create proper logger instance[32m 4[2mms[22m[39m
 [32m✓[39m [30m[45m main-process [49m[39m src/main/services/domain/workflow/__tests__/edges-routing.test.ts[2m:34:5[22m[2m > [22mWorkflow Graph Routing[2m > [22mSIMPLE_EDGES[2m > [22mshould be an array[32m 3[2mms[22m[39m
 [32m✓[39m [30m[45m main-process [49m[39m src/main/services/domain/workflow/__tests__/edges-routing.test.ts[2m:38:5[22m[2m > [22mWorkflow Graph Routing[2m > [22mSIMPLE_EDGES[2m > [22mshould define workflow initialization edge from START[32m 2[2mms[22m[39m
 [32m✓[39m [30m[45m main-process [49m[39m src/main/services/domain/workflow/__tests__/edges-routing.test.ts[2m:44:5[22m[2m > [22mWorkflow Graph Routing[2m > [22mSIMPLE_EDGES[2m > [22mshould define ASSESS to PLAN edge[32m 2[2mms[22m[39m
 [32m✓[39m [30m[45m main-process [49m[39m src/main/services/domain/workflow/__tests__/edges-routing.test.ts[2m:51:5[22m[2m > [22mWorkflow Graph Routing[2m > [22mSIMPLE_EDGES[2m > [22mshould define FAST_TRACK_QUIZ to GRADE_QUIZ edge[32m 2[2mms[22m[39m
 [32m✓[39m [30m[45m main-process [49m[39m src/main/services/domain/workflow/__tests__/edges-routing.test.ts[2m:58:5[22m[2m > [22mWorkflow Graph Routing[2m > [22mSIMPLE_EDGES[2m > [22mshould define TEACH to PRACTICE edge[32m 1[2mms[22m[39m
 [32m✓[39m [30m[45m main-process [49m[39m src/main/services/domain/workflow/__tests__/edges-routing.test.ts[2m:65:5[22m[2m > [22mWorkflow Graph Routing[2m > [22mSIMPLE_EDGES[2m > [22mshould define PRACTICE to EVALUATE edge[32m 1[2mms[22m[39m
 [32m✓[39m [30m[45m main-process [49m[39m src/main/services/domain/workflow/__tests__/edges-routing.test.ts[2m:72:5[22m[2m > [22mWorkflow Graph Routing[2m > [22mSIMPLE_EDGES[2m > [22mshould define COMPLETE to END edge[32m 1[2mms[22m[39m
 [32m✓[39m [30m[45m main-process [49m[39m src/main/services/domain/workflow/__tests__/edges-routing.test.ts[2m:79:5[22m[2m > [22mWorkflow Graph Routing[2m > [22mSIMPLE_EDGES[2m > [22mshould have correct number of edges[32m 1[2mms[22m[39m
 [32m✓[39m [30m[45m main-process [49m[39m src/main/services/domain/workflow/__tests__/edges-routing.test.ts[2m:85:5[22m[2m > [22mWorkflow Graph Routing[2m > [22mSIMPLE_EDGES[2m > [22mshould not have duplicate edges[32m 1[2mms[22m[39m
 [32m✓[39m [30m[45m main-process [49m[39m src/main/services/domain/workflow/__tests__/edges-routing.test.ts[2m:93:5[22m[2m > [22mWorkflow Graph Routing[2m > [22mCONDITIONALS[2m > [22mshould be an object[32m 1[2mms[22m[39m
 [32m✓[39m [30m[45m main-process [49m[39m src/main/services/domain/workflow/__tests__/edges-routing.test.ts[2m:97:5[22m[2m > [22mWorkflow Graph Routing[2m > [22mCONDITIONALS[2m > [22mshould have CONDITIONALS for all conditional nodes[32m 1[2mms[22m[39m
 [32m✓[39m [30m[45m main-process [49m[39m src/main/services/domain/workflow/__tests__/edges-routing.test.ts[2m:110:5[22m[2m > [22mWorkflow Graph Routing[2m > [22mCONDITIONALS[2m > [22mshould have functions for each conditional node[32m 1[2mms[22m[39m
 [32m✓[39m [30m[45m main-process [49m[39m src/main/services/domain/workflow/__tests__/edges-routing.test.ts[2m:128:5[22m[2m > [22mWorkflow Graph Routing[2m > [22mTOPIC_PARSE conditional routing[2m > [22mshould route to COMPLETE when error is present[32m 2[2mms[22m[39m
 [32m✓[39m [30m[45m main-process [49m[39m src/main/services/domain/workflow/__tests__/edges-routing.test.ts[2m:172:5[22m[2m > [22mWorkflow Graph Routing[2m > [22mTOPIC_PARSE conditional routing[2m > [22mshould route to COMPLETE when topic is missing[32m 3[2mms[22m[39m
 [32m✓[39m [30m[45m main-process [49m[39m src/main/services/domain/workflow/__tests__/edges-routing.test.ts[2m:216:5[22m[2m > [22mWorkflow Graph Routing[2m > [22mTOPIC_PARSE conditional routing[2m > [22mshould route to ASSESS when topic is valid and no error[32m 2[2mms[22m[39m
 [32m✓[39m [30m[45m main-process [49m[39m src/main/services/domain/workflow/__tests__/edges-routing.test.ts[2m:260:5[22m[2m > [22mWorkflow Graph Routing[2m > [22mTOPIC_PARSE conditional routing[2m > [22mshould handle undefined topic as missing[32m 2[2mms[22m[39m
 [32m✓[39m [30m[45m main-process [49m[39m src/main/services/domain/workflow/__tests__/edges-routing.test.ts[2m:293:5[22m[2m > [22mWorkflow Graph Routing[2m > [22mTOPIC_PARSE conditional routing[2m > [22mshould prioritize error over topic[32m 3[2mms[22m[39m
 [32m✓[39m [30m[45m main-process [49m[39m src/main/services/domain/workflow/__tests__/edges-routing.test.ts[2m:341:5[22m[2m > [22mWorkflow Graph Routing[2m > [22mASSESS conditional routing[2m > [22mshould route to FAST_TRACK_QUIZ when confidence >= threshold[32m 2[2mms[22m[39m
 [32m✓[39m [30m[45m main-process [49m[39m src/main/services/domain/workflow/__tests__/edges-routing.test.ts[2m:385:5[22m[2m > [22mWorkflow Graph Routing[2m > [22mASSESS conditional routing[2m > [22mshould route to FAST_TRACK_QUIZ at exact threshold[32m 2[2mms[22m[39m
 [32m✓[39m [30m[45m main-process [49m[39m src/main/services/domain/workflow/__tests__/edges-routing.test.ts[2m:429:5[22m[2m > [22mWorkflow Graph Routing[2m > [22mASSESS conditional routing[2m > [22mshould route to TEACH when confidence < threshold[32m 2[2mms[22m[39m
 [32m✓[39m [30m[45m main-process [49m[39m src/main/services/domain/workflow/__tests__/edges-routing.test.ts[2m:473:5[22m[2m > [22mWorkflow Graph Routing[2m > [22mASSESS conditional routing[2m > [22mshould route to TEACH when confidence is just below threshold[32m 2[2mms[22m[39m
 [32m✓[39m [30m[45m main-process [49m[39m src/main/services/domain/workflow/__tests__/edges-routing.test.ts[2m:517:5[22m[2m > [22mWorkflow Graph Routing[2m > [22mASSESS conditional routing[2m > [22mshould handle undefined confidence by defaulting to 0.5[32m 1[2mms[22m[39m
 [32m✓[39m [30m[45m main-process [49m[39m src/main/services/domain/workflow/__tests__/edges-routing.test.ts[2m:561:5[22m[2m > [22mWorkflow Graph Routing[2m > [22mASSESS conditional routing[2m > [22mshould handle zero confidence[32m 2[2mms[22m[39m
 [32m✓[39m [30m[45m main-process [49m[39m src/main/services/domain/workflow/__tests__/edges-routing.test.ts[2m:605:5[22m[2m > [22mWorkflow Graph Routing[2m > [22mASSESS conditional routing[2m > [22mshould handle maximum confidence (1.0)[32m 2[2mms[22m[39m
 [32m✓[39m [30m[45m main-process [49m[39m src/main/services/domain/workflow/__tests__/edges-routing.test.ts[2m:653:5[22m[2m > [22mWorkflow Graph Routing[2m > [22mGRADE_QUIZ conditional routing[2m > [22mshould route to COMPLETE when mastery >= threshold[32m 2[2mms[22m[39m
 [32m✓[39m [30m[45m main-process [49m[39m src/main/services/domain/workflow/__tests__/edges-routing.test.ts[2m:697:5[22m[2m > [22mWorkflow Graph Routing[2m > [22mGRADE_QUIZ conditional routing[2m > [22mshould route to COMPLETE at exact mastery threshold[32m 2[2mms[22m[39m
 [32m✓[39m [30m[45m main-process [49m[39m src/main/services/domain/workflow/__tests__/edges-routing.test.ts[2m:741:5[22m[2m > [22mWorkflow Graph Routing[2m > [22mGRADE_QUIZ conditional routing[2m > [22mshould route to TEACH when mastery < threshold[32m 3[2mms[22m[39m
 [32m✓[39m [30m[45m main-process [49m[39m src/main/services/domain/workflow/__tests__/edges-routing.test.ts[2m:785:5[22m[2m > [22mWorkflow Graph Routing[2m > [22mGRADE_QUIZ conditional routing[2m > [22mshould handle undefined mastery by defaulting to 0[32m 2[2mms[22m[39m
 [32m✓[39m [30m[45m main-process [49m[39m src/main/services/domain/workflow/__tests__/edges-routing.test.ts[2m:833:5[22m[2m > [22mWorkflow Graph Routing[2m > [22mEVALUATE conditional routing[2m > [22mshould route to COMPLETE when mastery >= complete threshold[32m 2[2mms[22m[39m
 [32m✓[39m [30m[45m main-process [49m[39m src/main/services/domain/workflow/__tests__/edges-routing.test.ts[2m:877:5[22m[2m > [22mWorkflow Graph Routing[2m > [22mEVALUATE conditional routing[2m > [22mshould route to COMPLETE at exact complete threshold[32m 1[2mms[22m[39m
 [32m✓[39m [30m[45m main-process [49m[39m src/main/services/domain/workflow/__tests__/edges-routing.test.ts[2m:921:5[22m[2m > [22mWorkflow Graph Routing[2m > [22mEVALUATE conditional routing[2m > [22mshould route to PRACTICE when mastery < complete threshold[32m 1[2mms[22m[39m
 [32m✓[39m [30m[45m main-process [49m[39m src/main/services/domain/workflow/__tests__/edges-routing.test.ts[2m:965:5[22m[2m > [22mWorkflow Graph Routing[2m > [22mEVALUATE conditional routing[2m > [22mshould route to PRACTICE when mastery is just below threshold[32m 1[2mms[22m[39m
 [32m✓[39m [30m[45m main-process [49m[39m src/main/services/domain/workflow/__tests__/edges-routing.test.ts[2m:1009:5[22m[2m > [22mWorkflow Graph Routing[2m > [22mEVALUATE conditional routing[2m > [22mshould handle undefined mastery by defaulting to 0[32m 1[2mms[22m[39m
 [32m✓[39m [30m[45m main-process [49m[39m src/main/services/domain/workflow/__tests__/edges-routing.test.ts[2m:1055:5[22m[2m > [22mWorkflow Graph Routing[2m > [22mRouting consistency[2m > [22mshould maintain consistent threshold usage across all conditionals[32m 1[2mms[22m[39m
 [32m✓[39m [30m[45m main-process [49m[39m src/main/services/domain/workflow/__tests__/edges-routing.test.ts[2m:1070:5[22m[2m > [22mWorkflow Graph Routing[2m > [22mRouting consistency[2m > [22mshould route through complete workflow for high-confidence user[32m 1[2mms[22m[39m
 [32m✓[39m [30m[45m main-process [49m[39m src/main/services/domain/workflow/__tests__/edges-routing.test.ts[2m:1119:5[22m[2m > [22mWorkflow Graph Routing[2m > [22mRouting consistency[2m > [22mshould route through complete workflow for low-confidence user[32m 2[2mms[22m[39m
 [32m✓[39m [30m[45m main-process [49m[39m src/main/services/domain/workflow/__tests__/parse-score.test.ts[2m:5:3[22m[2m > [22mparseScore[2m > [22mparses percentage with % sign[32m 3[2mms[22m[39m
 [32m✓[39m [30m[45m main-process [49m[39m src/main/services/domain/workflow/__tests__/parse-score.test.ts[2m:12:3[22m[2m > [22mparseScore[2m > [22mclamps values to 0-1 range[32m 3[2mms[22m[39m
 [32m✓[39m [30m[45m main-process [49m[39m src/main/services/domain/workflow/__tests__/parse-score.test.ts[2m:17:3[22m[2m > [22mparseScore[2m > [22mparses decimal scores[32m 2[2mms[22m[39m
 [32m✓[39m [30m[45m main-process [49m[39m src/main/services/domain/workflow/__tests__/parse-score.test.ts[2m:23:3[22m[2m > [22mparseScore[2m > [22mhandles various score formats[32m 1[2mms[22m[39m
 [32m✓[39m [30m[45m main-process [49m[39m src/main/services/domain/workflow/__tests__/parse-score.test.ts[2m:29:3[22m[2m > [22mparseScore[2m > [22mreturns undefined for invalid input[32m 1[2mms[22m[39m
 [32m✓[39m [30m[45m main-process [49m[39m src/main/services/domain/workflow/__tests__/parse-score.test.ts[2m:37:3[22m[2m > [22mparseScore[2m > [22mextracts first score when multiple present[32m 2[2mms[22m[39m
 [32m✓[39m [30m[45m main-process [49m[39m src/main/services/domain/workflow/__tests__/parse-score.test.ts[2m:41:3[22m[2m > [22mparseScore[2m > [22mhandles whitespace variations[32m 1[2mms[22m[39m
 [32m✓[39m [30m[45m main-process [49m[39m src/main/services/domain/workflow/__tests__/state-reducers.test.ts[2m:51:5[22m[2m > [22mWorkflow State Reducers[2m > [22mmessagesStateReducer[2m > [22mshould append messages to existing array[32m 3[2mms[22m[39m
 [32m✓[39m [30m[45m main-process [49m[39m src/main/services/domain/workflow/__tests__/state-reducers.test.ts[2m:62:5[22m[2m > [22mWorkflow State Reducers[2m > [22mmessagesStateReducer[2m > [22mshould handle undefined current state[32m 2[2mms[22m[39m
 [32m✓[39m [30m[45m main-process [49m[39m src/main/services/domain/workflow/__tests__/state-reducers.test.ts[2m:70:5[22m[2m > [22mWorkflow State Reducers[2m > [22mmessagesStateReducer[2m > [22mshould handle empty array updates[32m 2[2mms[22m[39m
 [32m✓[39m [30m[45m main-process [49m[39m src/main/services/domain/workflow/__tests__/state-reducers.test.ts[2m:78:5[22m[2m > [22mWorkflow State Reducers[2m > [22mmessagesStateReducer[2m > [22mshould handle both arrays empty[32m 1[2mms[22m[39m
 [32m✓[39m [30m[45m main-process [49m[39m src/main/services/domain/workflow/__tests__/state-reducers.test.ts[2m:84:5[22m[2m > [22mWorkflow State Reducers[2m > [22mmessagesStateReducer[2m > [22mshould preserve message order[32m 4[2mms[22m[39m
 [32m✓[39m [30m[45m main-process [49m[39m src/main/services/domain/workflow/__tests__/state-reducers.test.ts[2m:98:5[22m[2m > [22mWorkflow State Reducers[2m > [22mteachStateReducer[2m > [22mshould merge partial updates with existing state[32m 2[2mms[22m[39m
 [32m✓[39m [30m[45m main-process [49m[39m src/main/services/domain/workflow/__tests__/state-reducers.test.ts[2m:119:5[22m[2m > [22mWorkflow State Reducers[2m > [22mteachStateReducer[2m > [22mshould return default state when current is undefined[32m 3[2mms[22m[39m
 [32m✓[39m [30m[45m main-process [49m[39m src/main/services/domain/workflow/__tests__/state-reducers.test.ts[2m:132:5[22m[2m > [22mWorkflow State Reducers[2m > [22mteachStateReducer[2m > [22mshould return existing state when update is undefined[32m 2[2mms[22m[39m
 [32m✓[39m [30m[45m main-process [49m[39m src/main/services/domain/workflow/__tests__/state-reducers.test.ts[2m:143:5[22m[2m > [22mWorkflow State Reducers[2m > [22mteachStateReducer[2m > [22mshould return default state when both are undefined[32m 1[2mms[22m[39m
 [32m✓[39m [30m[45m main-process [49m[39m src/main/services/domain/workflow/__tests__/state-reducers.test.ts[2m:149:5[22m[2m > [22mWorkflow State Reducers[2m > [22mteachStateReducer[2m > [22mshould handle empty update object[32m 1[2mms[22m[39m
 [32m✓[39m [30m[45m main-process [49m[39m src/main/services/domain/workflow/__tests__/state-reducers.test.ts[2m:160:5[22m[2m > [22mWorkflow State Reducers[2m > [22mteachStateReducer[2m > [22mshould preserve all state properties not in update[32m 2[2mms[22m[39m
 [32m✓[39m [30m[45m main-process [49m[39m src/main/services/domain/workflow/__tests__/state-reducers.test.ts[2m:186:5[22m[2m > [22mWorkflow State Reducers[2m > [22mteachStateReducer[2m > [22mshould update multiple fields at once[32m 3[2mms[22m[39m
 [32m✓[39m [30m[45m main-process [49m[39m src/main/services/domain/workflow/__tests__/state-reducers.test.ts[2m:214:5[22m[2m > [22mWorkflow State Reducers[2m > [22mpracticeStateReducer[2m > [22mshould merge partial updates with existing state[32m 2[2mms[22m[39m
 [32m✓[39m [30m[45m main-process [49m[39m src/main/services/domain/workflow/__tests__/state-reducers.test.ts[2m:234:5[22m[2m > [22mWorkflow State Reducers[2m > [22mpracticeStateReducer[2m > [22mshould return default state when current is undefined[32m 2[2mms[22m[39m
 [32m✓[39m [30m[45m main-process [49m[39m src/main/services/domain/workflow/__tests__/state-reducers.test.ts[2m:247:5[22m[2m > [22mWorkflow State Reducers[2m > [22mpracticeStateReducer[2m > [22mshould return existing state when update is undefined[32m 1[2mms[22m[39m
 [32m✓[39m [30m[45m main-process [49m[39m src/main/services/domain/workflow/__tests__/state-reducers.test.ts[2m:258:5[22m[2m > [22mWorkflow State Reducers[2m > [22mpracticeStateReducer[2m > [22mshould return default state when both are undefined[32m 1[2mms[22m[39m
 [32m✓[39m [30m[45m main-process [49m[39m src/main/services/domain/workflow/__tests__/state-reducers.test.ts[2m:264:5[22m[2m > [22mWorkflow State Reducers[2m > [22mpracticeStateReducer[2m > [22mshould handle empty update object[32m 1[2mms[22m[39m
 [32m✓[39m [30m[45m main-process [49m[39m src/main/services/domain/workflow/__tests__/state-reducers.test.ts[2m:275:5[22m[2m > [22mWorkflow State Reducers[2m > [22mpracticeStateReducer[2m > [22mshould preserve all state properties not in update[32m 1[2mms[22m[39m
 [32m✓[39m [30m[45m main-process [49m[39m src/main/services/domain/workflow/__tests__/state-reducers.test.ts[2m:307:5[22m[2m > [22mWorkflow State Reducers[2m > [22mpracticeStateReducer[2m > [22mshould update failure detection fields[32m 1[2mms[22m[39m
 [32m✓[39m [30m[45m main-process [49m[39m src/main/services/domain/workflow/__tests__/state-reducers.test.ts[2m:327:5[22m[2m > [22mWorkflow State Reducers[2m > [22mpracticeStateReducer[2m > [22mshould update multiple fields at once[32m 1[2mms[22m[39m
 [32m✓[39m [30m[45m main-process [49m[39m src/main/services/domain/workflow/__tests__/state-reducers.test.ts[2m:355:5[22m[2m > [22mWorkflow State Reducers[2m > [22mpracticeStateReducer[2m > [22mshould handle circuit breaker activation[32m 2[2mms[22m[39m
 [32m✓[39m [30m[45m main-process [49m[39m src/main/services/domain/workflow/__tests__/state-reducers.test.ts[2m:376:5[22m[2m > [22mWorkflow State Reducers[2m > [22mDefault State Values[2m > [22mDEFAULT_TEACH_STATE should have correct structure[32m 1[2mms[22m[39m
 [32m✓[39m [30m[45m main-process [49m[39m src/main/services/domain/workflow/__tests__/state-reducers.test.ts[2m:389:5[22m[2m > [22mWorkflow State Reducers[2m > [22mDefault State Values[2m > [22mDEFAULT_PRACTICE_STATE should have correct structure[32m 2[2mms[22m[39m
 [32m✓[39m [30m[45m main-process [49m[39m src/main/services/domain/workflow/__tests__/state-reducers.test.ts[2m:406:5[22m[2m > [22mWorkflow State Reducers[2m > [22mDefault State Values[2m > [22mDEFAULT_TEACH_STATE should be immutable (frozen)[32m 2[2mms[22m[39m
 [32m✓[39m [30m[45m main-process [49m[39m src/main/services/domain/workflow/__tests__/state-reducers.test.ts[2m:411:5[22m[2m > [22mWorkflow State Reducers[2m > [22mDefault State Values[2m > [22mDEFAULT_PRACTICE_STATE should be immutable (frozen)[32m 2[2mms[22m[39m
 [32m✓[39m [30m[45m main-process [49m[39m src/main/services/domain/workflow/__tests__/state-reducers.test.ts[2m:418:5[22m[2m > [22mWorkflow State Reducers[2m > [22mState type validation[2m > [22mTeachState should have correct type[32m 1[2mms[22m[39m
 [32m✓[39m [30m[45m main-process [49m[39m src/main/services/domain/workflow/__tests__/state-reducers.test.ts[2m:434:5[22m[2m > [22mWorkflow State Reducers[2m > [22mState type validation[2m > [22mPracticeState should have correct type[32m 1[2mms[22m[39m
 [32m✓[39m [30m[45m main-process [49m[39m src/main/services/domain/workflow/__tests__/state-reducers.test.ts[2m:454:5[22m[2m > [22mWorkflow State Reducers[2m > [22mState type validation[2m > [22mshould handle partial state updates correctly[32m 1[2mms[22m[39m
 [32m✓[39m [30m[45m main-process [49m[39m src/main/services/domain/workflow/__tests__/state-reducers.test.ts[2m:476:5[22m[2m > [22mWorkflow State Reducers[2m > [22mEdge cases[2m > [22mshould handle null values in update[32m 1[2mms[22m[39m
 [32m✓[39m [30m[45m main-process [49m[39m src/main/services/domain/workflow/__tests__/state-reducers.test.ts[2m:497:5[22m[2m > [22mWorkflow State Reducers[2m > [22mEdge cases[2m > [22mshould handle empty arrays[32m 1[2mms[22m[39m
 [32m✓[39m [30m[45m main-process [49m[39m src/main/services/domain/workflow/__tests__/state-reducers.test.ts[2m:513:5[22m[2m > [22mWorkflow State Reducers[2m > [22mEdge cases[2m > [22mshould handle very large arrays[32m 1[2mms[22m[39m
 [32m✓[39m [30m[45m main-process [49m[39m src/main/services/domain/workflow/__tests__/thresholds.test.ts[2m:22:5[22m[2m > [22mWorkflow Thresholds[2m > [22mTHRESHOLDS object structure[2m > [22mshould export THRESHOLDS constant[32m 3[2mms[22m[39m
 [32m✓[39m [30m[45m main-process [49m[39m src/main/services/domain/workflow/__tests__/thresholds.test.ts[2m:27:5[22m[2m > [22mWorkflow Thresholds[2m > [22mTHRESHOLDS object structure[2m > [22mshould have all required threshold properties[32m 3[2mms[22m[39m
 [32m✓[39m [30m[45m main-process [49m[39m src/main/services/domain/workflow/__tests__/thresholds.test.ts[2m:34:5[22m[2m > [22mWorkflow Thresholds[2m > [22mTHRESHOLDS object structure[2m > [22mshould not have unexpected properties[32m 4[2mms[22m[39m
 [32m✓[39m [30m[45m main-process [49m[39m src/main/services/domain/workflow/__tests__/thresholds.test.ts[2m:48:5[22m[2m > [22mWorkflow Thresholds[2m > [22mCONFIDENCE_FAST_TRACK[2m > [22mshould be defined[32m 2[2mms[22m[39m
 [32m✓[39m [30m[45m main-process [49m[39m src/main/services/domain/workflow/__tests__/thresholds.test.ts[2m:52:5[22m[2m > [22mWorkflow Thresholds[2m > [22mCONFIDENCE_FAST_TRACK[2m > [22mshould be a number[32m 1[2mms[22m[39m
 [32m✓[39m [30m[45m main-process [49m[39m src/main/services/domain/workflow/__tests__/thresholds.test.ts[2m:56:5[22m[2m > [22mWorkflow Thresholds[2m > [22mCONFIDENCE_FAST_TRACK[2m > [22mshould be between 0 and 1 (percentage threshold)[32m 1[2mms[22m[39m
 [32m✓[39m [30m[45m main-process [49m[39m src/main/services/domain/workflow/__tests__/thresholds.test.ts[2m:61:5[22m[2m > [22mWorkflow Thresholds[2m > [22mCONFIDENCE_FAST_TRACK[2m > [22mshould equal 0.75 (75%)[32m 1[2mms[22m[39m
 [32m✓[39m [30m[45m main-process [49m[39m src/main/services/domain/workflow/__tests__/thresholds.test.ts[2m:67:5[22m[2m > [22mWorkflow Thresholds[2m > [22mMASTERY_COMPLETE[2m > [22mshould be defined[32m 1[2mms[22m[39m
 [32m✓[39m [30m[45m main-process [49m[39m src/main/services/domain/workflow/__tests__/thresholds.test.ts[2m:71:5[22m[2m > [22mWorkflow Thresholds[2m > [22mMASTERY_COMPLETE[2m > [22mshould be a number[32m 1[2mms[22m[39m
 [32m✓[39m [30m[45m main-process [49m[39m src/main/services/domain/workflow/__tests__/thresholds.test.ts[2m:75:5[22m[2m > [22mWorkflow Thresholds[2m > [22mMASTERY_COMPLETE[2m > [22mshould be between 0 and 1 (percentage threshold)[32m 1[2mms[22m[39m
 [32m✓[39m [30m[45m main-process [49m[39m src/main/services/domain/workflow/__tests__/thresholds.test.ts[2m:80:5[22m[2m > [22mWorkflow Thresholds[2m > [22mMASTERY_COMPLETE[2m > [22mshould equal 0.9 (90%)[32m 2[2mms[22m[39m
 [32m✓[39m [30m[45m main-process [49m[39m src/main/services/domain/workflow/__tests__/thresholds.test.ts[2m:86:5[22m[2m > [22mWorkflow Thresholds[2m > [22mMASTERY_PASS[2m > [22mshould be defined[32m 4[2mms[22m[39m
 [32m✓[39m [30m[45m main-process [49m[39m src/main/services/domain/workflow/__tests__/thresholds.test.ts[2m:90:5[22m[2m > [22mWorkflow Thresholds[2m > [22mMASTERY_PASS[2m > [22mshould be a number[32m 3[2mms[22m[39m
 [32m✓[39m [30m[45m main-process [49m[39m src/main/services/domain/workflow/__tests__/thresholds.test.ts[2m:94:5[22m[2m > [22mWorkflow Thresholds[2m > [22mMASTERY_PASS[2m > [22mshould be between 0 and 1 (percentage threshold)[32m 2[2mms[22m[39m
 [32m✓[39m [30m[45m main-process [49m[39m src/main/services/domain/workflow/__tests__/thresholds.test.ts[2m:99:5[22m[2m > [22mWorkflow Thresholds[2m > [22mMASTERY_PASS[2m > [22mshould equal 0.85 (85%)[32m 2[2mms[22m[39m
 [32m✓[39m [30m[45m main-process [49m[39m src/main/services/domain/workflow/__tests__/thresholds.test.ts[2m:105:5[22m[2m > [22mWorkflow Thresholds[2m > [22mBREAKER_ATTEMPTS[2m > [22mshould be defined[32m 1[2mms[22m[39m
 [32m✓[39m [30m[45m main-process [49m[39m src/main/services/domain/workflow/__tests__/thresholds.test.ts[2m:109:5[22m[2m > [22mWorkflow Thresholds[2m > [22mBREAKER_ATTEMPTS[2m > [22mshould be a number[32m 1[2mms[22m[39m
 [32m✓[39m [30m[45m main-process [49m[39m src/main/services/domain/workflow/__tests__/thresholds.test.ts[2m:113:5[22m[2m > [22mWorkflow Thresholds[2m > [22mBREAKER_ATTEMPTS[2m > [22mshould be a positive integer[32m 2[2mms[22m[39m
 [32m✓[39m [30m[45m main-process [49m[39m src/main/services/domain/workflow/__tests__/thresholds.test.ts[2m:118:5[22m[2m > [22mWorkflow Thresholds[2m > [22mBREAKER_ATTEMPTS[2m > [22mshould equal 3 attempts[32m 2[2mms[22m[39m
 [32m✓[39m [30m[45m main-process [49m[39m src/main/services/domain/workflow/__tests__/thresholds.test.ts[2m:124:5[22m[2m > [22mWorkflow Thresholds[2m > [22mThreshold relationships[2m > [22mMASTERY_COMPLETE should be greater than MASTERY_PASS[32m 3[2mms[22m[39m
 [32m✓[39m [30m[45m main-process [49m[39m src/main/services/domain/workflow/__tests__/thresholds.test.ts[2m:128:5[22m[2m > [22mWorkflow Thresholds[2m > [22mThreshold relationships[2m > [22mMASTERY_PASS should be reasonable for progression[32m 3[2mms[22m[39m
 [32m✓[39m [30m[45m main-process [49m[39m src/main/services/domain/workflow/__tests__/thresholds.test.ts[2m:135:5[22m[2m > [22mWorkflow Thresholds[2m > [22mThreshold relationships[2m > [22mCONFIDENCE_FAST_TRACK should indicate high confidence[32m 2[2mms[22m[39m
 [32m✓[39m [30m[45m main-process [49m[39m src/main/services/domain/workflow/__tests__/thresholds.test.ts[2m:142:5[22m[2m > [22mWorkflow Thresholds[2m > [22mImmutability[2m > [22mTHRESHOLDS should be frozen (as const)[32m 2[2mms[22m[39m
 [32m✓[39m [30m[45m main-process [49m[39m src/main/services/domain/workflow/__tests__/thresholds.test.ts[2m:148:5[22m[2m > [22mWorkflow Thresholds[2m > [22mImmutability[2m > [22mshould prevent modification of CONFIDENCE_FAST_TRACK[32m 3[2mms[22m[39m
 [32m✓[39m [30m[45m main-process [49m[39m src/main/services/domain/workflow/__tests__/thresholds.test.ts[2m:162:5[22m[2m > [22mWorkflow Thresholds[2m > [22mImmutability[2m > [22mshould prevent adding new properties[32m 3[2mms[22m[39m
 [32m✓[39m [30m[45m main-process [49m[39m src/main/services/domain/workflow/__tests__/thresholds.test.ts[2m:174:5[22m[2m > [22mWorkflow Thresholds[2m > [22mImmutability[2m > [22mshould prevent deleting properties[32m 3[2mms[22m[39m
 [32m✓[39m [30m[45m main-process [49m[39m src/main/services/domain/workflow/__tests__/thresholds.test.ts[2m:188:5[22m[2m > [22mWorkflow Thresholds[2m > [22mType safety[2m > [22mall thresholds should be readonly[32m 3[2mms[22m[39m
 [32m✓[39m [30m[45m main-process [49m[39m src/main/services/domain/workflow/__tests__/thresholds.test.ts[2m:196:5[22m[2m > [22mWorkflow Thresholds[2m > [22mEdge cases and boundary values[2m > [22mshould handle exact threshold values correctly[32m 2[2mms[22m[39m
 [32m✓[39m [30m[45m main-process [49m[39m src/main/services/domain/workflow/__tests__/thresholds.test.ts[2m:208:5[22m[2m > [22mWorkflow Thresholds[2m > [22mEdge cases and boundary values[2m > [22mshould have reasonable default values for new users[32m 1[2mms[22m[39m
 [32m✓[39m [30m[45m main-process [49m[39m src/main/services/domain/workflow/__tests__/thresholds.test.ts[2m:222:5[22m[2m > [22mWorkflow Thresholds[2m > [22mWorkflow integration[2m > [22mshould support mastery completion decision logic[32m 1[2mms[22m[39m
 [32m✓[39m [30m[45m main-process [49m[39m src/main/services/domain/workflow/__tests__/thresholds.test.ts[2m:234:5[22m[2m > [22mWorkflow Thresholds[2m > [22mWorkflow integration[2m > [22mshould support circuit breaker activation logic[32m 1[2mms[22m[39m
 [32m✓[39m [30m[45m main-process [49m[39m src/main/services/ai/providers/__tests__/provider-interface.test.ts[2m:5:5[22m[2m > [22mAI Providers - Interface Tests[2m > [22mProvider Interface[2m > [22mshould define expected provider interface structure[32m 3[2mms[22m[39m
 [32m✓[39m [30m[45m main-process [49m[39m src/main/services/ai/providers/__tests__/provider-interface.test.ts[2m:23:5[22m[2m > [22mAI Providers - Interface Tests[2m > [22mModel Interface[2m > [22mshould define expected model interface structure[32m 3[2mms[22m[39m
 [32m✓[39m [30m[45m main-process [49m[39m src/main/services/ai/providers/__tests__/provider-interface.test.ts[2m:47:5[22m[2m > [22mAI Providers - Interface Tests[2m > [22mChat Completion Interface[2m > [22mshould handle chat completion parameters[32m 4[2mms[22m[39m
 [32m✓[39m [30m[45m main-process [49m[39m src/main/services/ai/providers/__tests__/provider-interface.test.ts[2m:65:5[22m[2m > [22mAI Providers - Interface Tests[2m > [22mChat Completion Interface[2m > [22mshould handle chat completion responses[32m 2[2mms[22m[39m
 [32m✓[39m [30m[45m main-process [49m[39m src/main/services/ai/providers/__tests__/provider-interface.test.ts[2m:91:5[22m[2m > [22mAI Providers - Interface Tests[2m > [22mModel Listing Interface[2m > [22mshould return model arrays[32m 2[2mms[22m[39m
 [32m✓[39m [30m[45m main-process [49m[39m src/main/services/ai/providers/__tests__/provider-interface.test.ts[2m:123:5[22m[2m > [22mAI Providers - Interface Tests[2m > [22mEmbeddings Interface[2m > [22mshould handle embedding requests[32m 1[2mms[22m[39m
 [32m✓[39m [30m[45m main-process [49m[39m src/main/services/ai/providers/__tests__/provider-interface.test.ts[2m:144:5[22m[2m > [22mAI Providers - Interface Tests[2m > [22mProvider Error Handling[2m > [22mshould handle provider errors gracefully[32m 2[2mms[22m[39m
 [32m✓[39m [30m[45m main-process [49m[39m src/main/services/core/analysis/__tests__/analysis-utils.test.ts[2m:5:5[22m[2m > [22mAnalysis Utils - Interface Tests[2m > [22mData Analysis Patterns[2m > [22mshould analyze concept difficulty[32m 3[2mms[22m[39m
 [32m✓[39m [30m[45m main-process [49m[39m src/main/services/core/analysis/__tests__/analysis-utils.test.ts[2m:17:5[22m[2m > [22mAnalysis Utils - Interface Tests[2m > [22mData Analysis Patterns[2m > [22mshould analyze learning patterns[32m 3[2mms[22m[39m
 [32m✓[39m [30m[45m main-process [49m[39m src/main/services/core/analysis/__tests__/analysis-utils.test.ts[2m:31:5[22m[2m > [22mAnalysis Utils - Interface Tests[2m > [22mPerformance Metrics[2m > [22mshould calculate success rates[32m 2[2mms[22m[39m
 [32m✓[39m [30m[45m main-process [49m[39m src/main/services/core/analysis/__tests__/analysis-utils.test.ts[2m:43:5[22m[2m > [22mAnalysis Utils - Interface Tests[2m > [22mPerformance Metrics[2m > [22mshould track progress over time[32m 2[2mms[22m[39m
 [32m✓[39m [30m[45m main-process [49m[39m src/main/services/core/analysis/__tests__/analysis-utils.test.ts[2m:57:5[22m[2m > [22mAnalysis Utils - Interface Tests[2m > [22mText Analysis[2m > [22mshould analyze content complexity[32m 1[2mms[22m[39m
 [32m✓[39m [30m[45m main-process [49m[39m src/main/services/core/analysis/__tests__/analysis-utils.test.ts[2m:69:5[22m[2m > [22mAnalysis Utils - Interface Tests[2m > [22mText Analysis[2m > [22mshould categorize content types[32m 1[2mms[22m[39m
 [32m✓[39m [30m[45m main-process [49m[39m src/main/services/core/analysis/__tests__/analysis-utils.test.ts[2m:83:5[22m[2m > [22mAnalysis Utils - Interface Tests[2m > [22mError Analysis[2m > [22mshould analyze error patterns[32m 1[2mms[22m[39m
 [32m✓[39m [30m[45m main-process [49m[39m src/main/services/core/analysis/__tests__/analysis-utils.test.ts[2m:97:5[22m[2m > [22mAnalysis Utils - Interface Tests[2m > [22mStatistical Analysis[2m > [22mshould perform statistical calculations[32m 1[2mms[22m[39m
 [32m✓[39m [30m[45m main-process [49m[39m src/main/services/core/analysis/__tests__/analysis-utils.test.ts[2m:111:5[22m[2m > [22mAnalysis Utils - Interface Tests[2m > [22mStatistical Analysis[2m > [22mshould perform trend analysis[32m 1[2mms[22m[39m
 [32m✓[39m [30m[45m main-process [49m[39m src/main/services/core/analysis/__tests__/analysis-utils.test.ts[2m:125:5[22m[2m > [22mAnalysis Utils - Interface Tests[2m > [22mData Validation[2m > [22mshould validate analysis inputs[32m 3[2mms[22m[39m
 [32m✓[39m [30m[45m main-process [49m[39m src/main/services/core/analysis/__tests__/analysis-utils.test.ts[2m:139:5[22m[2m > [22mAnalysis Utils - Interface Tests[2m > [22mReport Generation[2m > [22mshould generate analysis reports[32m 3[2mms[22m[39m
 [32m✓[39m [30m[45m main-process [49m[39m src/main/services/core/analysis/__tests__/learning-pattern-analyzer.test.ts[2m:29:5[22m[2m > [22mLearningPatternAnalyzer[2m > [22mQuestion Pattern Analysis[2m > [22mshould detect question-asking behavior correctly[32m 6[2mms[22m[39m
 [32m✓[39m [30m[45m main-process [49m[39m src/main/services/core/analysis/__tests__/learning-pattern-analyzer.test.ts[2m:96:5[22m[2m > [22mLearningPatternAnalyzer[2m > [22mQuestion Pattern Analysis[2m > [22mshould analyze question complexity[32m 5[2mms[22m[39m
 [32m✓[39m [30m[45m main-process [49m[39m src/main/services/core/analysis/__tests__/learning-pattern-analyzer.test.ts[2m:151:5[22m[2m > [22mLearningPatternAnalyzer[2m > [22mRetry and Practice Pattern Analysis[2m > [22mshould detect retry behavior when user struggles[32m 5[2mms[22m[39m
 [32m✓[39m [30m[45m main-process [49m[39m src/main/services/core/analysis/__tests__/learning-pattern-analyzer.test.ts[2m:215:5[22m[2m > [22mLearningPatternAnalyzer[2m > [22mRetry and Practice Pattern Analysis[2m > [22mshould distinguish between practicing and retrying[32m 7[2mms[22m[39m
 [32m✓[39m [30m[45m main-process [49m[39m src/main/services/core/analysis/__tests__/learning-pattern-analyzer.test.ts[2m:273:5[22m[2m > [22mLearningPatternAnalyzer[2m > [22mBreakthrough Pattern Analysis[2m > [22mshould detect breakthrough moments[32m 5[2mms[22m[39m
 [32m✓[39m [30m[45m main-process [49m[39m src/main/services/core/analysis/__tests__/learning-pattern-analyzer.test.ts[2m:330:5[22m[2m > [22mLearningPatternAnalyzer[2m > [22mBreakthrough Pattern Analysis[2m > [22mshould calculate time between breakthroughs[32m 3[2mms[22m[39m
 [32m✓[39m [30m[45m main-process [49m[39m src/main/services/core/analysis/__tests__/learning-pattern-analyzer.test.ts[2m:380:5[22m[2m > [22mLearningPatternAnalyzer[2m > [22mEngagement Pattern Analysis[2m > [22mshould analyze user engagement levels[32m 3[2mms[22m[39m
 [32m✓[39m [30m[45m main-process [49m[39m src/main/services/core/analysis/__tests__/learning-pattern-analyzer.test.ts[2m:434:5[22m[2m > [22mLearningPatternAnalyzer[2m > [22mEngagement Pattern Analysis[2m > [22mshould detect low engagement patterns[32m 3[2mms[22m[39m
 [32m✓[39m [30m[45m main-process [49m[39m src/main/services/core/analysis/__tests__/learning-pattern-analyzer.test.ts[2m:476:5[22m[2m > [22mLearningPatternAnalyzer[2m > [22mPractice Preference Analysis[2m > [22mshould detect strong practice preference[32m 4[2mms[22m[39m
 [32m✓[39m [30m[45m main-process [49m[39m src/main/services/core/analysis/__tests__/learning-pattern-analyzer.test.ts[2m:543:5[22m[2m > [22mLearningPatternAnalyzer[2m > [22mPractice Preference Analysis[2m > [22mshould detect practice avoidance[32m 3[2mms[22m[39m
 [32m✓[39m [30m[45m main-process [49m[39m src/main/services/core/analysis/__tests__/learning-pattern-analyzer.test.ts[2m:607:5[22m[2m > [22mLearningPatternAnalyzer[2m > [22mStuck Point Analysis[2m > [22mshould identify existing stuck points from user context[32m 5[2mms[22m[39m
 [32m✓[39m [30m[45m main-process [49m[39m src/main/services/core/analysis/__tests__/learning-pattern-analyzer.test.ts[2m:658:5[22m[2m > [22mLearningPatternAnalyzer[2m > [22mStuck Point Analysis[2m > [22mshould identify new stuck points from conversation[32m 5[2mms[22m[39m
 [32m✓[39m [30m[45m main-process [49m[39m src/main/services/core/analysis/__tests__/learning-pattern-analyzer.test.ts[2m:723:5[22m[2m > [22mLearningPatternAnalyzer[2m > [22mStuck Point Analysis[2m > [22mshould categorize stuck point severity correctly[32m 5[2mms[22m[39m
 [32m✓[39m [30m[45m main-process [49m[39m src/main/services/core/analysis/__tests__/learning-pattern-analyzer.test.ts[2m:783:5[22m[2m > [22mLearningPatternAnalyzer[2m > [22mProgress Analysis[2m > [22mshould analyze confidence improvement over time[32m 4[2mms[22m[39m
 [32m✓[39m [30m[45m main-process [49m[39m src/main/services/core/analysis/__tests__/learning-pattern-analyzer.test.ts[2m:844:5[22m[2m > [22mLearningPatternAnalyzer[2m > [22mProgress Analysis[2m > [22mshould determine mastery levels correctly[32m 5[2mms[22m[39m
 [32m✓[39m [30m[45m main-process [49m[39m src/main/services/core/analysis/__tests__/learning-pattern-analyzer.test.ts[2m:917:5[22m[2m > [22mLearningPatternAnalyzer[2m > [22mPractice Recommendations[2m > [22mshould generate recommendations for stuck points[32m 3[2mms[22m[39m
 [32m✓[39m [30m[45m main-process [49m[39m src/main/services/core/analysis/__tests__/learning-pattern-analyzer.test.ts[2m:965:5[22m[2m > [22mLearningPatternAnalyzer[2m > [22mPractice Recommendations[2m > [22mshould generate advancement recommendations for proficient users[32m 2[2mms[22m[39m
 [32m✓[39m [30m[45m main-process [49m[39m src/main/services/core/analysis/__tests__/learning-pattern-analyzer.test.ts[2m:1025:5[22m[2m > [22mLearningPatternAnalyzer[2m > [22mPractice Recommendations[2m > [22mshould generate preference-aligned recommendations[32m 4[2mms[22m[39m
 [32m✓[39m [30m[45m main-process [49m[39m src/main/services/core/analysis/__tests__/learning-pattern-analyzer.test.ts[2m:1071:5[22m[2m > [22mLearningPatternAnalyzer[2m > [22mVelocity Metrics Calculation[2m > [22mshould calculate learning velocity metrics[32m 4[2mms[22m[39m
 [32m✓[39m [30m[45m main-process [49m[39m src/main/services/core/analysis/__tests__/learning-pattern-analyzer.test.ts[2m:1123:5[22m[2m > [22mLearningPatternAnalyzer[2m > [22mVelocity Metrics Calculation[2m > [22mshould detect declining velocity trend[32m 4[2mms[22m[39m
 [32m✓[39m [30m[45m main-process [49m[39m src/main/services/core/analysis/__tests__/learning-pattern-analyzer.test.ts[2m:1176:5[22m[2m > [22mLearningPatternAnalyzer[2m > [22mNext Steps Generation[2m > [22mshould generate relevant next steps[32m 4[2mms[22m[39m
 [32m✓[39m [30m[45m main-process [49m[39m src/main/services/core/analysis/__tests__/learning-pattern-analyzer.test.ts[2m:1221:5[22m[2m > [22mLearningPatternAnalyzer[2m > [22mNext Steps Generation[2m > [22mshould limit next steps to reasonable number[32m 4[2mms[22m[39m
 [32m✓[39m [30m[45m main-process [49m[39m src/main/services/core/analysis/__tests__/learning-pattern-analyzer.test.ts[2m:1298:5[22m[2m > [22mLearningPatternAnalyzer[2m > [22mPerformance and Edge Cases[2m > [22mshould handle minimal conversation history[32m 4[2mms[22m[39m
 [32m✓[39m [30m[45m main-process [49m[39m src/main/services/core/analysis/__tests__/learning-pattern-analyzer.test.ts[2m:1336:5[22m[2m > [22mLearningPatternAnalyzer[2m > [22mPerformance and Edge Cases[2m > [22mshould handle large conversation histories efficiently[32m 13[2mms[22m[39m
 [32m✓[39m [30m[45m main-process [49m[39m src/main/services/core/analysis/__tests__/learning-pattern-analyzer.test.ts[2m:1384:5[22m[2m > [22mLearningPatternAnalyzer[2m > [22mPerformance and Edge Cases[2m > [22mshould complete within reasonable time limits[32m 6[2mms[22m[39m
 [32m✓[39m [30m[45m main-process [49m[39m src/main/services/domain/knowledge/__tests__/clean-architecture.test.ts[2m:51:3[22m[2m > [22mclean architecture: SQLite + Qdrant separation[2m > [22mQdrant stores only conceptId reference, not full concept data[32m 7[2mms[22m[39m
 [32m✓[39m [30m[45m main-process [49m[39m src/main/services/domain/knowledge/__tests__/clean-architecture.test.ts[2m:178:3[22m[2m > [22mclean architecture: SQLite + Qdrant separation[2m > [22msemanticSearch queries Qdrant then fetches full data from SQLite[32m 6[2mms[22m[39m
 [32m✓[39m [30m[45m main-process [49m[39m src/main/services/domain/knowledge/__tests__/clean-architecture.test.ts[2m:320:3[22m[2m > [22mclean architecture: SQLite + Qdrant separation[2m > [22mQdrant IDs use concept: prefix pattern[32m 4[2mms[22m[39m
 [32m✓[39m [30m[45m main-process [49m[39m src/main/services/domain/knowledge/__tests__/clean-architecture.test.ts[2m:439:3[22m[2m > [22mclean architecture: SQLite + Qdrant separation[2m > [22mNo data duplication: concept data exists only in SQLite[32m 7[2mms[22m[39m
 [32m✓[39m [30m[45m main-process [49m[39m src/main/services/domain/knowledge/__tests__/clean-architecture.test.ts[2m:569:3[22m[2m > [22mclean architecture: SQLite + Qdrant separation[2m > [22mRelationship storage uses relationshipId pattern[32m 5[2mms[22m[39m
 [32m✓[39m [30m[45m main-process [49m[39m src/main/services/domain/knowledge/__tests__/find-related-by-prompt.test.ts[2m:138:3[22m[2m > [22mfindRelatedByPrompt[2m > [22mshould search vector database with prompt and return formatted results[32m 4[2mms[22m[39m
 [32m✓[39m [30m[45m main-process [49m[39m src/main/services/domain/knowledge/__tests__/find-related-by-prompt.test.ts[2m:274:3[22m[2m > [22mfindRelatedByPrompt[2m > [22mshould use default limit and threshold when not provided[32m 3[2mms[22m[39m
 [32m✓[39m [30m[45m main-process [49m[39m src/main/services/domain/knowledge/__tests__/find-related-by-prompt.test.ts[2m:285:3[22m[2m > [22mfindRelatedByPrompt[2m > [22mshould handle missing metadata gracefully[32m 3[2mms[22m[39m
 [32m✓[39m [30m[45m main-process [49m[39m src/main/services/domain/knowledge/__tests__/find-related-by-prompt.test.ts[2m:340:3[22m[2m > [22mfindRelatedByPrompt[2m > [22mshould handle empty results[32m 4[2mms[22m[39m
 [32m✓[39m [30m[45m main-process [49m[39m src/main/services/domain/knowledge/__tests__/find-related-by-prompt.test.ts[2m:352:3[22m[2m > [22mfindRelatedByPrompt[2m > [22mshould propagate errors from vector database search[32m 4[2mms[22m[39m
 [32m✓[39m [30m[45m main-process [49m[39m src/main/services/domain/knowledge/__tests__/find-related-by-prompt.test.ts[2m:361:3[22m[2m > [22mfindRelatedByPrompt[2m > [22mshould return metadata in results[32m 4[2mms[22m[39m
 [32m✓[39m [30m[45m main-process [49m[39m src/main/services/domain/knowledge/__tests__/knowledge-service-interface.test.ts[2m:107:5[22m[2m > [22mKnowledge Service - Interface Tests[2m > [22mService Interface[2m > [22mshould have all required methods[32m 8[2mms[22m[39m
 [32m✓[39m [30m[45m main-process [49m[39m src/main/services/domain/knowledge/__tests__/knowledge-service-interface.test.ts[2m:123:5[22m[2m > [22mKnowledge Service - Interface Tests[2m > [22mConcept Exploration[2m > [22mshould explore concepts[32m 7[2mms[22m[39m
 [32m✓[39m [30m[45m main-process [49m[39m src/main/services/domain/knowledge/__tests__/knowledge-service-interface.test.ts[2m:136:5[22m[2m > [22mKnowledge Service - Interface Tests[2m > [22mConcept Exploration[2m > [22mshould get related concepts[32m 6[2mms[22m[39m
 [32m✓[39m [30m[45m main-process [49m[39m src/main/services/domain/knowledge/__tests__/knowledge-service-interface.test.ts[2m:151:5[22m[2m > [22mKnowledge Service - Interface Tests[2m > [22mKnowledge Search[2m > [22mshould search knowledge base[32m 5[2mms[22m[39m
 [32m✓[39m [30m[45m main-process [49m[39m src/main/services/domain/knowledge/__tests__/knowledge-service-interface.test.ts[2m:168:5[22m[2m > [22mKnowledge Service - Interface Tests[2m > [22mConcept Management[2m > [22mshould get individual concept[32m 7[2mms[22m[39m
 [32m✓[39m [30m[45m main-process [49m[39m src/main/services/domain/knowledge/__tests__/knowledge-service-interface.test.ts[2m:178:5[22m[2m > [22mKnowledge Service - Interface Tests[2m > [22mConcept Management[2m > [22mshould update concept[32m 3[2mms[22m[39m
 [32m✓[39m [30m[45m main-process [49m[39m src/main/services/domain/knowledge/__tests__/knowledge-service-interface.test.ts[2m:188:5[22m[2m > [22mKnowledge Service - Interface Tests[2m > [22mConcept Management[2m > [22mshould delete concept[32m 4[2mms[22m[39m
 [32m✓[39m [30m[45m main-process [49m[39m src/main/services/domain/knowledge/__tests__/knowledge-service-interface.test.ts[2m:195:5[22m[2m > [22mKnowledge Service - Interface Tests[2m > [22mKnowledge Ingestion[2m > [22mshould ingest concepts[32m 4[2mms[22m[39m
 [32m✓[39m [30m[45m main-process [49m[39m src/main/services/domain/knowledge/__tests__/knowledge-service-interface.test.ts[2m:217:5[22m[2m > [22mKnowledge Service - Interface Tests[2m > [22mService Dependencies[2m > [22mshould accept database dependency[32m 4[2mms[22m[39m
 [32m✓[39m [30m[45m main-process [49m[39m src/main/services/domain/knowledge/__tests__/knowledge-service-interface.test.ts[2m:222:5[22m[2m > [22mKnowledge Service - Interface Tests[2m > [22mService Dependencies[2m > [22mshould accept logger service dependency[32m 3[2mms[22m[39m
 [32m✓[39m [30m[45m main-process [49m[39m src/main/services/domain/knowledge/__tests__/knowledge-service-interface.test.ts[2m:229:5[22m[2m > [22mKnowledge Service - Interface Tests[2m > [22mData Structures[2m > [22mshould handle concept data structure[32m 6[2mms[22m[39m
 [32m✓[39m [30m[45m main-process [49m[39m src/main/services/domain/knowledge/__tests__/knowledge-service-interface.test.ts[2m:246:5[22m[2m > [22mKnowledge Service - Interface Tests[2m > [22mData Structures[2m > [22mshould handle relationship data structure[32m 6[2mms[22m[39m
 [32m✓[39m [30m[45m main-process [49m[39m src/main/services/domain/knowledge/__tests__/knowledge-service.test.ts[2m:311:3[22m[2m > [22mconcept graph knowledge service[2m > [22mingests parsed concepts and relationships[32m 8[2mms[22m[39m
 [32m✓[39m [30m[45m main-process [49m[39m src/main/services/domain/knowledge/__tests__/knowledge-service.test.ts[2m:320:3[22m[2m > [22mconcept graph knowledge service[2m > [22mexplores a concept using stored relationships[32m 8[2mms[22m[39m
 [32m✓[39m [30m[45m main-process [49m[39m src/main/services/domain/knowledge/__tests__/knowledge-service.test.ts[2m:331:3[22m[2m > [22mconcept graph knowledge service[2m > [22mpersists normalized tags and metadata for concepts and relationships[32m 9[2mms[22m[39m
 [32m✓[39m [30m[45m main-process [49m[39m src/main/services/domain/knowledge/__tests__/knowledge-service.test.ts[2m:370:3[22m[2m > [22mconcept graph knowledge service[2m > [22mhonors field toggles when overwriting existing concepts[32m 8[2mms[22m[39m
 [32m✓[39m [30m[45m main-process [49m[39m src/main/services/domain/knowledge/__tests__/knowledge-service.test.ts[2m:395:3[22m[2m > [22mconcept graph knowledge service[2m > [22mskips low-confidence concepts and prunes orphan relationships[32m 8[2mms[22m[39m
 [32m✓[39m [30m[45m main-process [49m[39m src/main/services/domain/knowledge/__tests__/pure-separation-architecture.test.ts[2m:69:5[22m[2m > [22mpure separation architecture[2m > [22mvector database payload structure[2m > [22mshould store only conceptId and content in Qdrant[32m 7[2mms[22m[39m
 [32m✓[39m [30m[45m main-process [49m[39m src/main/services/domain/knowledge/__tests__/pure-separation-architecture.test.ts[2m:119:5[22m[2m > [22mpure separation architecture[2m > [22mvector database payload structure[2m > [22mshould truncate content to 500 chars for Qdrant[32m 6[2mms[22m[39m
 [32m✓[39m [30m[45m main-process [49m[39m src/main/services/domain/knowledge/__tests__/pure-separation-architecture.test.ts[2m:138:5[22m[2m > [22mpure separation architecture[2m > [22msearch functionality with pure separation[2m > [22mshould extract conceptId from Qdrant results[32m 6[2mms[22m[39m
 [32m✓[39m [30m[45m main-process [49m[39m src/main/services/domain/knowledge/__tests__/pure-separation-architecture.test.ts[2m:217:5[22m[2m > [22mpure separation architecture[2m > [22msearch functionality with pure separation[2m > [22mshould return empty array when no Qdrant results[32m 8[2mms[22m[39m
 [32m✓[39m [30m[45m main-process [49m[39m src/main/services/domain/knowledge/__tests__/pure-separation-architecture.test.ts[2m:227:5[22m[2m > [22mpure separation architecture[2m > [22msearch functionality with pure separation[2m > [22mshould return empty array when no conceptIds in results[32m 7[2mms[22m[39m
 [32m✓[39m [30m[45m main-process [49m[39m src/main/services/domain/knowledge/__tests__/pure-separation-architecture.test.ts[2m:248:5[22m[2m > [22mpure separation architecture[2m > [22mfindRelatedByPrompt with pure separation[2m > [22mshould search Qdrant and enrich from SQLite[32m 7[2mms[22m[39m
 [32m✓[39m [30m[45m main-process [49m[39m src/main/services/domain/knowledge/__tests__/pure-separation-architecture.test.ts[2m:295:5[22m[2m > [22mpure separation architecture[2m > [22mfindRelatedByPrompt with pure separation[2m > [22mshould use SQLite data for reranking content[32m 6[2mms[22m[39m
 [32m✓[39m [30m[45m main-process [49m[39m src/main/services/domain/knowledge/__tests__/pure-separation-architecture.test.ts[2m:336:5[22m[2m > [22mpure separation architecture[2m > [22mdata consistency checks[2m > [22mshould maintain order by Qdrant relevance score[32m 6[2mms[22m[39m
 [32m✓[39m [30m[45m main-process [49m[39m src/main/services/domain/knowledge/__tests__/pure-separation-architecture.test.ts[2m:374:5[22m[2m > [22mpure separation architecture[2m > [22mdata consistency checks[2m > [22mshould filter out concepts not found in SQLite[32m 10[2mms[22m[39m
 [32m✓[39m [30m[45m main-process [49m[39m src/main/services/domain/knowledge/__tests__/pure-separation-architecture.test.ts[2m:414:5[22m[2m > [22mpure separation architecture[2m > [22mdata consistency checks[2m > [22mshould limit results after filtering[32m 7[2mms[22m[39m
 [32m✓[39m [30m[45m main-process [49m[39m src/main/services/domain/knowledge/__tests__/pure-separation-architecture.test.ts[2m:451:5[22m[2m > [22mpure separation architecture[2m > [22merror handling[2m > [22mshould handle SQLite query failures gracefully[32m 7[2mms[22m[39m
 [32m✓[39m [30m[45m main-process [49m[39m src/main/services/domain/knowledge/__tests__/pure-separation-architecture.test.ts[2m:472:5[22m[2m > [22mpure separation architecture[2m > [22merror handling[2m > [22mshould handle missing metadata gracefully[32m 7[2mms[22m[39m
 [32m✓[39m [30m[45m main-process [49m[39m src/main/services/domain/knowledge/__tests__/pure-separation-architecture.test.ts[2m:507:5[22m[2m > [22mpure separation architecture[2m > [22mperformance characteristics[2m > [22mshould use lower threshold for better recall[32m 6[2mms[22m[39m
 [32m✓[39m [30m[45m main-process [49m[39m src/main/services/domain/knowledge/__tests__/pure-separation-architecture.test.ts[2m:520:5[22m[2m > [22mpure separation architecture[2m > [22mperformance characteristics[2m > [22mshould fetch more results than requested for filtering[32m 6[2mms[22m[39m
 [32m✓[39m [30m[45m main-process [49m[39m src/main/services/core/config/__tests__/config-service-interface.test.ts[2m:34:5[22m[2m > [22mConfig Service - Interface Tests[2m > [22mService Creation[2m > [22mshould create config service with required methods[32m 7[2mms[22m[39m
 [32m✓[39m [30m[45m main-process [49m[39m src/main/services/core/config/__tests__/config-service-interface.test.ts[2m:50:5[22m[2m > [22mConfig Service - Interface Tests[2m > [22mConfiguration Management[2m > [22mshould get config from store[32m 8[2mms[22m[39m
 [32m✓[39m [30m[45m main-process [49m[39m src/main/services/core/config/__tests__/config-service-interface.test.ts[2m:137:5[22m[2m > [22mConfig Service - Interface Tests[2m > [22mConfiguration Management[2m > [22mshould set config to store[32m 6[2mms[22m[39m
 [32m✓[39m [30m[45m main-process [49m[39m src/main/services/core/config/__tests__/config-service-interface.test.ts[2m:199:5[22m[2m > [22mConfig Service - Interface Tests[2m > [22mConfiguration Management[2m > [22mshould get provider config[32m 8[2mms[22m[39m
 [32m✓[39m [30m[45m main-process [49m[39m src/main/services/core/config/__tests__/config-service-interface.test.ts[2m:259:5[22m[2m > [22mConfig Service - Interface Tests[2m > [22mConfiguration Management[2m > [22mshould return undefined for non-existent provider[32m 6[2mms[22m[39m
 [32m✓[39m [30m[45m main-process [49m[39m src/main/services/core/config/__tests__/config-service-interface.test.ts[2m:314:5[22m[2m > [22mConfig Service - Interface Tests[2m > [22mConfiguration Management[2m > [22mshould set provider config[32m 8[2mms[22m[39m
 [32m✓[39m [30m[45m main-process [49m[39m src/main/services/core/config/__tests__/config-service-interface.test.ts[2m:372:5[22m[2m > [22mConfig Service - Interface Tests[2m > [22mConfiguration Change Events[2m > [22mshould allow subscribing to config changes[32m 6[2mms[22m[39m
 [32m✓[39m [30m[45m main-process [49m[39m src/main/services/core/config/__tests__/config-service-interface.test.ts[2m:382:5[22m[2m > [22mConfig Service - Interface Tests[2m > [22mConfiguration Change Events[2m > [22mshould handle null callbacks gracefully[32m 6[2mms[22m[39m
 [32m✓[39m [30m[45m main-process [49m[39m src/main/services/core/config/__tests__/config-service-interface.test.ts[2m:389:5[22m[2m > [22mConfig Service - Interface Tests[2m > [22mError Handling[2m > [22mshould propagate store get errors[32m 10[2mms[22m[39m
 [32m✓[39m [30m[45m main-process [49m[39m src/main/services/core/config/__tests__/config-service-interface.test.ts[2m:398:5[22m[2m > [22mConfig Service - Interface Tests[2m > [22mError Handling[2m > [22mshould propagate store set errors[32m 7[2mms[22m[39m
 [32m✓[39m [30m[45m main-process [49m[39m src/main/services/core/config/__tests__/config-service.test.ts[2m:299:5[22m[2m > [22mConfigService Tests[2m > [22mService Initialization and Basic Operations[2m > [22mshould initialize with mocked dependencies[32m 8[2mms[22m[39m
 [32m✓[39m [30m[45m main-process [49m[39m src/main/services/core/config/__tests__/config-service.test.ts[2m:308:5[22m[2m > [22mConfigService Tests[2m > [22mService Initialization and Basic Operations[2m > [22mshould load and return configuration successfully[32m 9[2mms[22m[39m
 [32m✓[39m [30m[45m main-process [49m[39m src/main/services/core/config/__tests__/config-service.test.ts[2m:318:5[22m[2m > [22mConfigService Tests[2m > [22mService Initialization and Basic Operations[2m > [22mshould return default configuration when storage returns null[32m 7[2mms[22m[39m
 [32m✓[39m [30m[45m main-process [49m[39m src/main/services/core/config/__tests__/config-service.test.ts[2m:334:5[22m[2m > [22mConfigService Tests[2m > [22msetConfig Method - Recursive Merging[2m > [22mshould merge defaults when current config is null and save[32m 8[2mms[22m[39m
 [32m✓[39m [30m[45m main-process [49m[39m src/main/services/core/config/__tests__/config-service.test.ts[2m:349:5[22m[2m > [22mConfigService Tests[2m > [22msetConfig Method - Recursive Merging[2m > [22mshould perform recursive merging of configurations[32m 7[2mms[22m[39m
 [32m✓[39m [30m[45m main-process [49m[39m src/main/services/core/config/__tests__/config-service.test.ts[2m:433:5[22m[2m > [22mConfigService Tests[2m > [22msetConfig Method - Recursive Merging[2m > [22mshould handle partial configuration updates correctly[32m 9[2mms[22m[39m
 [32m✓[39m [30m[45m main-process [49m[39m src/main/services/core/config/__tests__/config-service.test.ts[2m:463:5[22m[2m > [22mConfigService Tests[2m > [22mgetProviderConfig Method[2m > [22mshould return provider config when exists[32m 7[2mms[22m[39m
 [32m✓[39m [30m[45m main-process [49m[39m src/main/services/core/config/__tests__/config-service.test.ts[2m:477:5[22m[2m > [22mConfigService Tests[2m > [22mgetProviderConfig Method[2m > [22mshould return undefined when provider does not exist[32m 7[2mms[22m[39m
 [32m✓[39m [30m[45m main-process [49m[39m src/main/services/core/config/__tests__/config-service.test.ts[2m:486:5[22m[2m > [22mConfigService Tests[2m > [22mgetProviderConfig Method[2m > [22mshould return undefined when config is null[32m 4[2mms[22m[39m
 [32m✓[39m [30m[45m main-process [49m[39m src/main/services/core/config/__tests__/config-service.test.ts[2m:494:5[22m[2m > [22mConfigService Tests[2m > [22mgetProviderConfig Method[2m > [22mshould return undefined when ai config is missing[32m 4[2mms[22m[39m
 [32m✓[39m [30m[45m main-process [49m[39m src/main/services/core/config/__tests__/config-service.test.ts[2m:503:5[22m[2m > [22mConfigService Tests[2m > [22mgetProviderConfig Method[2m > [22mshould return undefined when providers object is missing[32m 7[2mms[22m[39m
 [32m✓[39m [30m[45m main-process [49m[39m src/main/services/core/config/__tests__/config-service.test.ts[2m:519:5[22m[2m > [22mConfigService Tests[2m > [22msetProviderConfig Method[2m > [22mshould set provider config when storage returns null by using defaults[32m 5[2mms[22m[39m
 [32m✓[39m [30m[45m main-process [49m[39m src/main/services/core/config/__tests__/config-service.test.ts[2m:531:5[22m[2m > [22mConfigService Tests[2m > [22msetProviderConfig Method[2m > [22mshould create AI config structure when missing[32m 5[2mms[22m[39m
 [32m✓[39m [30m[45m main-process [49m[39m src/main/services/core/config/__tests__/config-service.test.ts[2m:548:5[22m[2m > [22mConfigService Tests[2m > [22msetProviderConfig Method[2m > [22mshould merge provider config with existing provider[32m 9[2mms[22m[39m
 [32m✓[39m [30m[45m main-process [49m[39m src/main/services/core/config/__tests__/config-service.test.ts[2m:565:5[22m[2m > [22mConfigService Tests[2m > [22msetProviderConfig Method[2m > [22mshould add new provider when provider does not exist[32m 6[2mms[22m[39m
 [32m✓[39m [30m[45m main-process [49m[39m src/main/services/core/config/__tests__/config-service.test.ts[2m:586:5[22m[2m > [22mConfigService Tests[2m > [22msetProviderConfig Method[2m > [22mshould ensure providers object exists[32m 9[2mms[22m[39m
 [32m✓[39m [30m[45m main-process [49m[39m src/main/services/core/config/__tests__/config-service.test.ts[2m:606:5[22m[2m > [22mConfigService Tests[2m > [22msetProviderConfig Method[2m > [22mshould log configuration changes[32m 7[2mms[22m[39m
 [32m✓[39m [30m[45m main-process [49m[39m src/main/services/core/config/__tests__/config-service.test.ts[2m:621:5[22m[2m > [22mConfigService Tests[2m > [22monConfigChanged Method[2m > [22mshould register and return unregister function[32m 7[2mms[22m[39m
 [32m✓[39m [30m[45m main-process [49m[39m src/main/services/core/config/__tests__/config-service.test.ts[2m:630:5[22m[2m > [22mConfigService Tests[2m > [22monConfigChanged Method[2m > [22mshould allow multiple listeners[32m 6[2mms[22m[39m
 [32m✓[39m [30m[45m main-process [49m[39m src/main/services/core/config/__tests__/config-service.test.ts[2m:643:5[22m[2m > [22mConfigService Tests[2m > [22mError Handling and Edge Cases[2m > [22mshould handle storage load errors gracefully[32m 6[2mms[22m[39m
 [32m✓[39m [30m[45m main-process [49m[39m src/main/services/core/config/__tests__/config-service.test.ts[2m:650:5[22m[2m > [22mConfigService Tests[2m > [22mError Handling and Edge Cases[2m > [22mshould handle storage save errors gracefully[32m 6[2mms[22m[39m
 [32m✓[39m [30m[45m main-process [49m[39m src/main/services/core/config/__tests__/config-service.test.ts[2m:660:5[22m[2m > [22mConfigService Tests[2m > [22mError Handling and Edge Cases[2m > [22mshould handle malformed config data[32m 5[2mms[22m[39m
 [32m✓[39m [30m[45m main-process [49m[39m src/main/services/core/config/__tests__/config-service.test.ts[2m:673:5[22m[2m > [22mConfigService Tests[2m > [22mError Handling and Edge Cases[2m > [22mshould handle very large configuration objects[32m 8[2mms[22m[39m
 [32m✓[39m [30m[45m main-process [49m[39m src/main/services/core/config/__tests__/config-service.test.ts[2m:691:5[22m[2m > [22mConfigService Tests[2m > [22mError Handling and Edge Cases[2m > [22mshould handle concurrent configuration updates[32m 7[2mms[22m[39m
 [32m✓[39m [30m[45m main-process [49m[39m src/main/services/core/config/__tests__/config-service.test.ts[2m:706:5[22m[2m > [22mConfigService Tests[2m > [22mPerformance Tests[2m > [22mshould complete configuration operations within reasonable time[32m 6[2mms[22m[39m
 [32m✓[39m [30m[45m main-process [49m[39m src/main/services/core/config/__tests__/config-service.test.ts[2m:723:5[22m[2m > [22mConfigService Tests[2m > [22mPerformance Tests[2m > [22mshould handle configuration updates efficiently[32m 12[2mms[22m[39m
 [32m✓[39m [30m[45m main-process [49m[39m src/main/services/core/config/__tests__/config-service.test.ts[2m:744:5[22m[2m > [22mConfigService Tests[2m > [22mIntegration with Storage Layer[2m > [22mshould properly interact with storage load method[32m 7[2mms[22m[39m
 [32m✓[39m [30m[45m main-process [49m[39m src/main/services/core/config/__tests__/config-service.test.ts[2m:754:5[22m[2m > [22mConfigService Tests[2m > [22mIntegration with Storage Layer[2m > [22mshould properly interact with storage save method[32m 7[2mms[22m[39m
 [32m✓[39m [30m[45m main-process [49m[39m src/main/services/core/config/__tests__/config-service.test.ts[2m:768:5[22m[2m > [22mConfigService Tests[2m > [22mIntegration with Storage Layer[2m > [22mshould handle storage path retrieval[32m 7[2mms[22m[39m
 [32m✓[39m [30m[45m main-process [49m[39m src/main/services/core/logger/__tests__/logger-service-interface.test.ts[2m:14:5[22m[2m > [22mLogger Service - Interface Tests[2m > [22mService Creation[2m > [22mshould create logger service with required methods[32m 6[2mms[22m[39m
 [32m✓[39m [30m[45m main-process [49m[39m src/main/services/core/logger/__tests__/logger-service-interface.test.ts[2m:21:5[22m[2m > [22mLogger Service - Interface Tests[2m > [22mChild Logger Creation[2m > [22mshould create child logger with metadata[32m 4[2mms[22m[39m
 [32m✓[39m [30m[45m main-process [49m[39m src/main/services/core/logger/__tests__/logger-service-interface.test.ts[2m:34:5[22m[2m > [22mLogger Service - Interface Tests[2m > [22mChild Logger Creation[2m > [22mshould create child logger with multiple metadata fields[32m 6[2mms[22m[39m
 [32m✓[39m [30m[45m main-process [49m[39m src/main/services/core/logger/__tests__/logger-service-interface.test.ts[2m:45:5[22m[2m > [22mLogger Service - Interface Tests[2m > [22mChild Logger Creation[2m > [22mshould create child logger without metadata[32m 7[2mms[22m[39m
 [32m✓[39m [30m[45m main-process [49m[39m src/main/services/core/logger/__tests__/logger-service-interface.test.ts[2m:54:5[22m[2m > [22mLogger Service - Interface Tests[2m > [22mLogger Methods[2m > [22mshould log info messages[32m 8[2mms[22m[39m
 [32m✓[39m [30m[45m main-process [49m[39m src/main/services/core/logger/__tests__/logger-service-interface.test.ts[2m:61:5[22m[2m > [22mLogger Service - Interface Tests[2m > [22mLogger Methods[2m > [22mshould log debug messages[32m 7[2mms[22m[39m
 [32m✓[39m [30m[45m main-process [49m[39m src/main/services/core/logger/__tests__/logger-service-interface.test.ts[2m:68:5[22m[2m > [22mLogger Service - Interface Tests[2m > [22mLogger Methods[2m > [22mshould log warning messages[32m 6[2mms[22m[39m
 [32m✓[39m [30m[45m main-process [49m[39m src/main/services/core/logger/__tests__/logger-service-interface.test.ts[2m:75:5[22m[2m > [22mLogger Service - Interface Tests[2m > [22mLogger Methods[2m > [22mshould log error messages[32m 6[2mms[22m[39m
 [32m✓[39m [30m[45m main-process [49m[39m src/main/services/core/logger/__tests__/logger-service-interface.test.ts[2m:82:5[22m[2m > [22mLogger Service - Interface Tests[2m > [22mLogger Methods[2m > [22mshould handle complex metadata objects[32m 6[2mms[22m[39m
 [32m✓[39m [30m[45m main-process [49m[39m src/main/services/core/logger/__tests__/logger-service-interface.test.ts[2m:101:5[22m[2m > [22mLogger Service - Interface Tests[2m > [22mMultiple Child Loggers[2m > [22mshould create multiple independent child loggers[32m 7[2mms[22m[39m
 [32m✓[39m [30m[45m main-process [49m[39m src/main/services/core/logger/__tests__/logger-service-interface.test.ts[2m:117:5[22m[2m > [22mLogger Service - Interface Tests[2m > [22mError Handling[2m > [22mshould handle circular references in metadata[32m 7[2mms[22m[39m
 [32m✓[39m [30m[45m main-process [49m[39m src/main/services/core/logger/__tests__/logger-service-interface.test.ts[2m:126:5[22m[2m > [22mLogger Service - Interface Tests[2m > [22mError Handling[2m > [22mshould handle undefined metadata[32m 4[2mms[22m[39m
 [32m✓[39m [30m[45m main-process [49m[39m src/main/services/core/logger/__tests__/logger-service-interface.test.ts[2m:132:5[22m[2m > [22mLogger Service - Interface Tests[2m > [22mError Handling[2m > [22mshould handle null metadata[32m 5[2mms[22m[39m
 [32m✓[39m [30m[45m main-process [49m[39m src/main/services/core/context/__tests__/user-context-tracker.test.ts[2m:32:5[22m[2m > [22mUserContextTracker[2m > [22mContext Updates[2m > [22mshould handle concept introduction correctly[32m 8[2mms[22m[39m
 [32m✓[39m [30m[45m main-process [49m[39m src/main/services/core/context/__tests__/user-context-tracker.test.ts[2m:51:5[22m[2m > [22mUserContextTracker[2m > [22mContext Updates[2m > [22mshould handle practice completion successfully[32m 9[2mms[22m[39m
 [32m✓[39m [30m[45m main-process [49m[39m src/main/services/core/context/__tests__/user-context-tracker.test.ts[2m:74:5[22m[2m > [22mUserContextTracker[2m > [22mContext Updates[2m > [22mshould handle failed practice correctly[32m 7[2mms[22m[39m
 [32m✓[39m [30m[45m main-process [49m[39m src/main/services/core/context/__tests__/user-context-tracker.test.ts[2m:97:5[22m[2m > [22mUserContextTracker[2m > [22mContext Updates[2m > [22mshould handle general user messages[32m 8[2mms[22m[39m
 [32m✓[39m [30m[45m main-process [49m[39m src/main/services/core/context/__tests__/user-context-tracker.test.ts[2m:116:5[22m[2m > [22mUserContextTracker[2m > [22mLearning Patterns[2m > [22mshould create learning pattern for new concepts[32m 9[2mms[22m[39m
 [32m✓[39m [30m[45m main-process [49m[39m src/main/services/core/context/__tests__/user-context-tracker.test.ts[2m:134:5[22m[2m > [22mUserContextTracker[2m > [22mLearning Patterns[2m > [22mshould update existing concept confidence[32m 7[2mms[22m[39m
 [32m✓[39m [30m[45m main-process [49m[39m src/main/services/core/context/__tests__/user-context-tracker.test.ts[2m:166:5[22m[2m > [22mUserContextTracker[2m > [22mLearning Patterns[2m > [22mshould detect breakthrough moments[32m 8[2mms[22m[39m
 [32m✓[39m [30m[45m main-process [49m[39m src/main/services/core/context/__tests__/user-context-tracker.test.ts[2m:201:5[22m[2m > [22mUserContextTracker[2m > [22mCognitive Metrics[2m > [22mshould calculate engagement level from messages[32m 7[2mms[22m[39m
 [32m✓[39m [30m[45m main-process [49m[39m src/main/services/core/context/__tests__/user-context-tracker.test.ts[2m:219:5[22m[2m > [22mUserContextTracker[2m > [22mCognitive Metrics[2m > [22mshould update cognitive metrics based on practice results[32m 7[2mms[22m[39m
 [32m✓[39m [30m[45m main-process [49m[39m src/main/services/core/context/__tests__/user-context-tracker.test.ts[2m:242:5[22m[2m > [22mUserContextTracker[2m > [22mCognitive Metrics[2m > [22mshould track learning velocity over time[32m 8[2mms[22m[39m
 [32m✓[39m [30m[45m main-process [49m[39m src/main/services/core/context/__tests__/user-context-tracker.test.ts[2m:273:5[22m[2m > [22mUserContextTracker[2m > [22mStuck Point Analysis[2m > [22mshould identify and track stuck points from failed practices[32m 7[2mms[22m[39m
 [32m✓[39m [30m[45m main-process [49m[39m src/main/services/core/context/__tests__/user-context-tracker.test.ts[2m:297:5[22m[2m > [22mUserContextTracker[2m > [22mStuck Point Analysis[2m > [22mshould resolve stuck points after successful practice[32m 8[2mms[22m[39m
 [32m✓[39m [30m[45m main-process [49m[39m src/main/services/core/context/__tests__/user-context-tracker.test.ts[2m:340:5[22m[2m > [22mUserContextTracker[2m > [22mStuck Point Analysis[2m > [22mshould track resolution patterns[32m 7[2mms[22m[39m
 [32m✓[39m [30m[45m main-process [49m[39m src/main/services/core/context/__tests__/user-context-tracker.test.ts[2m:390:5[22m[2m > [22mUserContextTracker[2m > [22mPractice History[2m > [22mshould maintain complete practice history[32m 8[2mms[22m[39m
 [32m✓[39m [30m[45m main-process [49m[39m src/main/services/core/context/__tests__/user-context-tracker.test.ts[2m:434:5[22m[2m > [22mUserContextTracker[2m > [22mPractice History[2m > [22mshould calculate success rate correctly[32m 9[2mms[22m[39m
 [32m✓[39m [30m[45m main-process [49m[39m src/main/services/core/context/__tests__/user-context-tracker.test.ts[2m:462:5[22m[2m > [22mUserContextTracker[2m > [22mCurrent Context[2m > [22mshould provide comprehensive current context snapshot[32m 7[2mms[22m[39m
 [32m✓[39m [30m[45m main-process [49m[39m src/main/services/core/context/__tests__/user-context-tracker.test.ts[2m:477:5[22m[2m > [22mUserContextTracker[2m > [22mCurrent Context[2m > [22mshould update current topic based on recent concepts[32m 7[2mms[22m[39m
 [32m✓[39m [30m[45m main-process [49m[39m src/main/services/core/context/__tests__/user-context-tracker.test.ts[2m:495:5[22m[2m > [22mUserContextTracker[2m > [22mRecommendations[2m > [22mshould generate practice recommendations for high confidence and engagement[32m 7[2mms[22m[39m
 [32m✓[39m [30m[45m main-process [49m[39m src/main/services/core/context/__tests__/user-context-tracker.test.ts[2m:514:5[22m[2m > [22mUserContextTracker[2m > [22mRecommendations[2m > [22mshould suggest review for stuck points[32m 7[2mms[22m[39m
 [32m✓[39m [30m[45m main-process [49m[39m src/main/services/core/context/__tests__/user-context-tracker.test.ts[2m:546:5[22m[2m > [22mUserContextTracker[2m > [22mRecommendations[2m > [22mshould suggest advancement for high confidence in multiple concepts[32m 8[2mms[22m[39m
 [32m✓[39m [30m[45m main-process [49m[39m src/main/services/core/context/__tests__/user-context-tracker.test.ts[2m:594:5[22m[2m > [22mUserContextTracker[2m > [22mNext Steps Calculation[2m > [22mshould suggest immediate practice when engagement is high[32m 7[2mms[22m[39m
 [32m✓[39m [30m[45m main-process [49m[39m src/main/services/core/context/__tests__/user-context-tracker.test.ts[2m:612:5[22m[2m > [22mUserContextTracker[2m > [22mNext Steps Calculation[2m > [22mshould suggest longer break when cognitive load is high[32m 7[2mms[22m[39m
 [32m✓[39m [30m[45m main-process [49m[39m src/main/services/core/context/__tests__/user-context-tracker.test.ts[2m:639:5[22m[2m > [22mUserContextTracker[2m > [22mNext Steps Calculation[2m > [22mshould adjust difficulty based on confidence and success rate[32m 7[2mms[22m[39m
 [32m✓[39m [30m[45m main-process [49m[39m src/main/services/core/context/__tests__/user-context-tracker.test.ts[2m:671:5[22m[2m > [22mUserContextTracker[2m > [22mError Handling[2m > [22mshould handle malformed requests gracefully[32m 7[2mms[22m[39m
 [32m✓[39m [30m[45m main-process [49m[39m src/main/services/core/context/__tests__/user-context-tracker.test.ts[2m:688:5[22m[2m > [22mUserContextTracker[2m > [22mError Handling[2m > [22mshould handle missing optional fields gracefully[32m 9[2mms[22m[39m
 [32m✓[39m [30m[45m main-process [49m[39m src/main/services/core/context/__tests__/user-context-tracker.test.ts[2m:706:5[22m[2m > [22mUserContextTracker[2m > [22mProject Context[2m > [22mshould allow setting and retrieving project context[32m 7[2mms[22m[39m
 [32m✓[39m [30m[45m main-process [49m[39m src/main/services/core/context/__tests__/user-context-tracker.test.ts[2m:725:5[22m[2m > [22mUserContextTracker[2m > [22mProject Context[2m > [22mshould use project context in recommendations[32m 7[2mms[22m[39m
 [32m✓[39m [30m[45m main-process [49m[39m src/main/services/core/context/__tests__/user-context-tracker.test.ts[2m:752:5[22m[2m > [22mUserContextTracker[2m > [22mLearning Analytics[2m > [22mshould provide comprehensive learning analytics[32m 8[2mms[22m[39m
 [32m✓[39m [30m[45m main-process [49m[39m src/main/services/core/context/__tests__/user-context-tracker.test.ts[2m:761:5[22m[2m > [22mUserContextTracker[2m > [22mLearning Analytics[2m > [22mshould track performance trends over time[32m 8[2mms[22m[39m
 [32m✓[39m [30m[45m main-process [49m[39m src/main/services/core/context/__tests__/user-context-tracker.test.ts[2m:803:5[22m[2m > [22mUserContextTracker[2m > [22mMemory Management[2m > [22mshould limit recent activity history size[32m 22[2mms[22m[39m
 [32m✓[39m [30m[45m main-process [49m[39m src/main/services/core/context/__tests__/user-context-tracker.test.ts[2m:822:5[22m[2m > [22mUserContextTracker[2m > [22mMemory Management[2m > [22mshould clean up old cache entries[32m 8[2mms[22m[39m
 [32m✓[39m [30m[45m main-process [49m[39m src/main/services/core/context/__tests__/user-context-tracker.test.ts[2m:832:5[22m[2m > [22mUserContextTracker[2m > [22mDisposal[2m > [22mshould dispose cleanly without errors[32m 9[2mms[22m[39m
 [32m✓[39m [30m[45m main-process [49m[39m src/main/services/core/context/__tests__/user-context-tracker.test.ts[2m:838:5[22m[2m > [22mUserContextTracker[2m > [22mDisposal[2m > [22mshould log disposal metrics[32m 8[2mms[22m[39m
 [32m✓[39m [30m[45m main-process [49m[39m src/main/services/domain/workflow/nodes/__tests__/assess-node.test.ts[2m:158:3[22m[2m > [22massess node[2m > [22mcalculates confidence based on practice history and conversation[32m 9[2mms[22m[39m
 [32m✓[39m [30m[45m main-process [49m[39m src/main/services/domain/workflow/nodes/__tests__/assess-node.test.ts[2m:271:3[22m[2m > [22massess node[2m > [22mhandles empty practice history gracefully[32m 8[2mms[22m[39m
 [32m✓[39m [30m[45m main-process [49m[39m src/main/services/domain/workflow/nodes/__tests__/assess-node.test.ts[2m:306:3[22m[2m > [22massess node[2m > [22mclamps confidence to valid range [0, 1][32m 9[2mms[22m[39m
 [32m✓[39m [30m[45m main-process [49m[39m src/main/services/domain/workflow/nodes/__tests__/assess-node.test.ts[2m:341:3[22m[2m > [22massess node[2m > [22mclamps negative confidence scores to 0[32m 8[2mms[22m[39m
 [32m✓[39m [30m[45m main-process [49m[39m src/main/services/domain/workflow/nodes/__tests__/assess-node.test.ts[2m:376:3[22m[2m > [22massess node[2m > [22mlimits recent messages to last 20[32m 7[2mms[22m[39m
 [32m✓[39m [30m[45m main-process [49m[39m src/main/services/domain/workflow/nodes/__tests__/assess-node.test.ts[2m:422:3[22m[2m > [22massess node[2m > [22mtruncates long messages to 200 characters[32m 9[2mms[22m[39m
 [32m✓[39m [30m[45m main-process [49m[39m src/main/services/domain/workflow/nodes/__tests__/assess-node.test.ts[2m:462:3[22m[2m > [22massess node[2m > [22mcalculates average rubric score correctly from multiple attempts[32m 11[2mms[22m[39m
 [32m✓[39m [30m[45m main-process [49m[39m src/main/services/domain/workflow/nodes/__tests__/assess-node.test.ts[2m:533:3[22m[2m > [22massess node[2m > [22mhandles undefined rubric scores gracefully[32m 10[2mms[22m[39m
 [32m✓[39m [30m[45m main-process [49m[39m src/main/services/domain/workflow/nodes/__tests__/assess-node.test.ts[2m:597:3[22m[2m > [22massess node[2m > [22maggregates unique error tags from all attempts[32m 7[2mms[22m[39m
 [32m✓[39m [30m[45m main-process [49m[39m src/main/services/domain/workflow/nodes/__tests__/assess-node.test.ts[2m:666:3[22m[2m > [22massess node[2m > [22mfilters out empty concept IDs[32m 10[2mms[22m[39m
 [32m✓[39m [30m[45m main-process [49m[39m src/main/services/domain/workflow/nodes/__tests__/assess-node.test.ts[2m:742:3[22m[2m > [22massess node[2m > [22mhandles missing model response gracefully[32m 8[2mms[22m[39m
 [32m✓[39m [30m[45m main-process [49m[39m src/main/services/domain/workflow/nodes/__tests__/assess-node.test.ts[2m:776:3[22m[2m > [22massess node[2m > [22mpropagates errors from knowledge service[32m 8[2mms[22m[39m
 [32m✓[39m [30m[45m main-process [49m[39m src/main/services/domain/workflow/nodes/__tests__/assess-node.test.ts[2m:807:3[22m[2m > [22massess node[2m > [22mpropagates errors from learning service[32m 8[2mms[22m[39m
 [32m✓[39m [30m[45m main-process [49m[39m src/main/services/domain/workflow/nodes/__tests__/assess-node.test.ts[2m:838:3[22m[2m > [22massess node[2m > [22mpropagates errors from model invocation[32m 11[2mms[22m[39m
 [32m✓[39m [30m[45m main-process [49m[39m src/main/services/domain/workflow/nodes/__tests__/assess-node.test.ts[2m:869:3[22m[2m > [22massess node[2m > [22muses chunk emitter for streaming[32m 10[2mms[22m[39m
 [32m✓[39m [30m[45m main-process [49m[39m src/main/services/domain/workflow/nodes/__tests__/assess-node.test.ts[2m:905:3[22m[2m > [22massess node[2m > [22mreturns confidence in different ranges for different scenarios[32m 10[2mms[22m[39m
 [32m✓[39m [30m[45m main-process [49m[39m src/main/services/domain/workflow/nodes/__tests__/complete-node.test.ts[2m:34:3[22m[2m > [22mcomplete node[2m > [22mreturns completion summary message[32m 5[2mms[22m[39m
 [32m✓[39m [30m[45m main-process [49m[39m src/main/services/domain/workflow/nodes/__tests__/complete-node.test.ts[2m:51:3[22m[2m > [22mcomplete node[2m > [22mhandles various state inputs[32m 5[2mms[22m[39m
 [32m✓[39m [30m[45m main-process [49m[39m src/main/services/domain/workflow/nodes/__tests__/complete-node.test.ts[2m:78:3[22m[2m > [22mcomplete node[2m > [22mreturns message with celebration content[32m 4[2mms[22m[39m
 [32m✓[39m [30m[45m main-process [49m[39m src/main/services/domain/workflow/nodes/__tests__/evaluate-node.test.ts[2m:97:3[22m[2m > [22mevaluate node[2m > [22mevaluates user answer and calculates mastery[32m 9[2mms[22m[39m
 [32m✓[39m [30m[45m main-process [49m[39m src/main/services/domain/workflow/nodes/__tests__/evaluate-node.test.ts[2m:141:3[22m[2m > [22mevaluate node[2m > [22mincrements attempt count correctly[32m 7[2mms[22m[39m
 [32m✓[39m [30m[45m main-process [49m[39m src/main/services/domain/workflow/nodes/__tests__/evaluate-node.test.ts[2m:172:3[22m[2m > [22mevaluate node[2m > [22mhandles perfect score[32m 8[2mms[22m[39m
 [32m✓[39m [30m[45m main-process [49m[39m src/main/services/domain/workflow/nodes/__tests__/evaluate-node.test.ts[2m:203:3[22m[2m > [22mevaluate node[2m > [22mhandles zero score[32m 9[2mms[22m[39m
 [32m✓[39m [30m[45m main-process [49m[39m src/main/services/domain/workflow/nodes/__tests__/evaluate-node.test.ts[2m:234:3[22m[2m > [22mevaluate node[2m > [22mfalls back to existing mastery when parsing fails[32m 9[2mms[22m[39m
 [32m✓[39m [30m[45m main-process [49m[39m src/main/services/domain/workflow/nodes/__tests__/evaluate-node.test.ts[2m:265:3[22m[2m > [22mevaluate node[2m > [22muses default mastery when both parsing and existing mastery fail[32m 8[2mms[22m[39m
 [32m✓[39m [30m[45m main-process [49m[39m src/main/services/domain/workflow/nodes/__tests__/evaluate-node.test.ts[2m:296:3[22m[2m > [22mevaluate node[2m > [22mhandles empty practice prompt and answer[32m 8[2mms[22m[39m
 [32m✓[39m [30m[45m main-process [49m[39m src/main/services/domain/workflow/nodes/__tests__/evaluate-node.test.ts[2m:335:3[22m[2m > [22mevaluate node[2m > [22mpasses topic and content to model correctly[32m 10[2mms[22m[39m
 [32m✓[39m [30m[45m main-process [49m[39m src/main/services/domain/workflow/nodes/__tests__/fastTrackQuiz-node.test.ts[2m:73:5[22m[2m > [22m[TC-401] fastTrackQuiz Node[2m > [22mUnit Tests (Logic before interrupt)[2m > [22mreturns current state when quiz already generated (resume case)[32m 9[2mms[22m[39m
 [32m✓[39m [30m[45m main-process [49m[39m src/main/services/domain/workflow/nodes/__tests__/fastTrackQuiz-node.test.ts[2m:106:5[22m[2m > [22m[TC-401] fastTrackQuiz Node[2m > [22mInterrupt Tests (with StateGraph streaming)[2m > [22mexecutes interrupt through StateGraph with streaming[32m 12[2mms[22m[39m
 [32m✓[39m [30m[45m main-process [49m[39m src/main/services/domain/workflow/nodes/__tests__/fastTrackQuiz-node.test.ts[2m:147:5[22m[2m > [22m[TC-401] fastTrackQuiz Node[2m > [22mInterrupt Tests (with StateGraph streaming)[2m > [22mhandles resume with string answer[32m 17[2mms[22m[39m
 [32m✓[39m [30m[45m main-process [49m[39m src/main/services/domain/workflow/nodes/__tests__/fastTrackQuiz-node.test.ts[2m:196:5[22m[2m > [22m[TC-401] fastTrackQuiz Node[2m > [22mInterrupt Tests (with StateGraph streaming)[2m > [22mhandles resume with object answer property[32m 11[2mms[22m[39m
 [32m✓[39m [30m[45m main-process [49m[39m src/main/services/domain/workflow/nodes/__tests__/fastTrackQuiz-node.test.ts[2m:248:5[22m[2m > [22m[TC-401] fastTrackQuiz Node[2m > [22mInterrupt Tests (with StateGraph streaming)[2m > [22mhandles resume with object content property[32m 11[2mms[22m[39m
 [32m✓[39m [30m[45m main-process [49m[39m src/main/services/domain/workflow/nodes/__tests__/fastTrackQuiz-node.test.ts[2m:301:5[22m[2m > [22m[TC-401] fastTrackQuiz Node[2m > [22mEdge Cases[2m > [22mhandles model generation failure with StateGraph[32m 13[2mms[22m[39m
 [32m✓[39m [30m[45m main-process [49m[39m src/main/services/domain/workflow/nodes/__tests__/fastTrackQuiz-node.test.ts[2m:325:5[22m[2m > [22m[TC-401] fastTrackQuiz Node[2m > [22mEdge Cases[2m > [22mverifies diagnostic language in quiz prompt[32m 10[2mms[22m[39m
 [32m✓[39m [30m[45m main-process [49m[39m src/main/services/domain/workflow/nodes/__tests__/gradeQuiz-node.test.ts[2m:67:3[22m[2m > [22mgradeQuiz node[2m > [22mshould grade quiz answers and calculate mastery score[32m 10[2mms[22m[39m
 [32m✓[39m [30m[45m main-process [49m[39m src/main/services/domain/workflow/nodes/__tests__/gradeQuiz-node.test.ts[2m:114:3[22m[2m > [22mgradeQuiz node[2m > [22mshould route to COMPLETE when mastery >= 90%[32m 11[2mms[22m[39m
 [32m✓[39m [30m[45m main-process [49m[39m src/main/services/domain/workflow/nodes/__tests__/gradeQuiz-node.test.ts[2m:146:3[22m[2m > [22mgradeQuiz node[2m > [22mshould route to TEACH when mastery < 90%[32m 10[2mms[22m[39m
 [32m✓[39m [30m[45m main-process [49m[39m src/main/services/domain/workflow/nodes/__tests__/gradeQuiz-node.test.ts[2m:174:3[22m[2m > [22mgradeQuiz node[2m > [22mshould parse scores in percentage format[32m 26[2mms[22m[39m
 [32m✓[39m [30m[45m main-process [49m[39m src/main/services/domain/workflow/nodes/__tests__/gradeQuiz-node.test.ts[2m:209:3[22m[2m > [22mgradeQuiz node[2m > [22mshould parse scores in decimal format[32m 21[2mms[22m[39m
 [32m✓[39m [30m[45m main-process [49m[39m src/main/services/domain/workflow/nodes/__tests__/gradeQuiz-node.test.ts[2m:243:3[22m[2m > [22mgradeQuiz node[2m > [22mshould handle boundary case at exactly 90%[32m 10[2mms[22m[39m
 [32m✓[39m [30m[45m main-process [49m[39m src/main/services/domain/workflow/nodes/__tests__/gradeQuiz-node.test.ts[2m:271:3[22m[2m > [22mgradeQuiz node[2m > [22mshould handle boundary case at just below 90%[32m 9[2mms[22m[39m
 [32m✓[39m [30m[45m main-process [49m[39m src/main/services/domain/workflow/nodes/__tests__/gradeQuiz-node.test.ts[2m:299:3[22m[2m > [22mgradeQuiz node[2m > [22mshould identify specific knowledge gaps[32m 9[2mms[22m[39m
 [32m✓[39m [30m[45m main-process [49m[39m src/main/services/domain/workflow/nodes/__tests__/gradeQuiz-node.test.ts[2m:336:3[22m[2m > [22mgradeQuiz node[2m > [22mshould provide constructive feedback[32m 9[2mms[22m[39m
 [32m✓[39m [30m[45m main-process [49m[39m src/main/services/domain/workflow/nodes/__tests__/gradeQuiz-node.test.ts[2m:380:3[22m[2m > [22mgradeQuiz node[2m > [22mshould handle empty or very short answers[32m 11[2mms[22m[39m
 [32m✓[39m [30m[45m main-process [49m[39m src/main/services/domain/workflow/nodes/__tests__/gradeQuiz-node.test.ts[2m:409:3[22m[2m > [22mgradeQuiz node[2m > [22mshould handle very long detailed answers[32m 9[2mms[22m[39m
 [32m✓[39m [30m[45m main-process [49m[39m src/main/services/domain/workflow/nodes/__tests__/gradeQuiz-node.test.ts[2m:442:3[22m[2m > [22mgradeQuiz node[2m > [22mshould propagate errors from model invocation[32m 9[2mms[22m[39m
 [32m✓[39m [30m[45m main-process [49m[39m src/main/services/domain/workflow/nodes/__tests__/gradeQuiz-node.test.ts[2m:462:3[22m[2m > [22mgradeQuiz node[2m > [22mshould build prompt with quiz questions and user answers[32m 10[2mms[22m[39m
 [32m✓[39m [30m[45m main-process [49m[39m src/main/services/domain/workflow/nodes/__tests__/gradeQuiz-node.test.ts[2m:508:3[22m[2m > [22mgradeQuiz node[2m > [22mshould calculate confidence based on answer quality[32m 10[2mms[22m[39m
 [32m✓[39m [30m[45m main-process [49m[39m src/main/services/domain/workflow/nodes/__tests__/gradeQuiz-node.test.ts[2m:542:3[22m[2m > [22mgradeQuiz node[2m > [22mshould provide different feedback for different score ranges[32m 26[2mms[22m[39m
 [32m✓[39m [30m[45m main-process [49m[39m src/main/services/domain/workflow/nodes/__tests__/plan-node.test.ts[2m:17:3[22m[2m > [22mplan node[2m > [22mgenerates session blueprint based on assessment confidence[32m 10[2mms[22m[39m
 [32m✓[39m [30m[45m main-process [49m[39m src/main/services/domain/workflow/nodes/__tests__/plan-node.test.ts[2m:112:3[22m[2m > [22mplan node[2m > [22mdetermines novice level for low confidence[32m 9[2mms[22m[39m
 [32m✓[39m [30m[45m main-process [49m[39m src/main/services/domain/workflow/nodes/__tests__/plan-node.test.ts[2m:188:3[22m[2m > [22mplan node[2m > [22mdetermines advanced level for high confidence[32m 11[2mms[22m[39m
 [32m✓[39m [30m[45m main-process [49m[39m src/main/services/domain/workflow/nodes/__tests__/plan-node.test.ts[2m:264:3[22m[2m > [22mplan node[2m > [22muses default confidence when not provided[32m 9[2mms[22m[39m
 [32m✓[39m [30m[45m main-process [49m[39m src/main/services/domain/workflow/nodes/__tests__/plan-node.test.ts[2m:340:3[22m[2m > [22mplan node[2m > [22mincludes gaps from assessment in the plan[32m 9[2mms[22m[39m
 [32m✓[39m [30m[45m main-process [49m[39m src/main/services/domain/workflow/nodes/__tests__/plan-node.test.ts[2m:418:3[22m[2m > [22mplan node[2m > [22mvalidates session blueprint schema[32m 9[2mms[22m[39m
 [32m✓[39m [30m[45m main-process [49m[39m src/main/services/domain/workflow/nodes/__tests__/plan-node.test.ts[2m:496:3[22m[2m > [22mplan node[2m > [22mhandles errors gracefully[32m 12[2mms[22m[39m
 [32m✓[39m [30m[45m main-process [49m[39m src/main/services/domain/workflow/nodes/__tests__/topicParse-node.test.ts[2m:57:3[22m[2m > [22mtopicParse node[2m > [22mparses valid topic with concept matches[32m 8[2mms[22m[39m
 [32m✓[39m [30m[45m main-process [49m[39m src/main/services/domain/workflow/nodes/__tests__/topicParse-node.test.ts[2m:98:3[22m[2m > [22mtopicParse node[2m > [22mhandles topic with no relationships[32m 9[2mms[22m[39m
 [32m✓[39m [30m[45m main-process [49m[39m src/main/services/domain/workflow/nodes/__tests__/topicParse-node.test.ts[2m:128:3[22m[2m > [22mtopicParse node[2m > [22mhandles empty topic gracefully[32m 10[2mms[22m[39m
 [32m✓[39m [30m[45m main-process [49m[39m src/main/services/domain/workflow/nodes/__tests__/topicParse-node.test.ts[2m:154:3[22m[2m > [22mtopicParse node[2m > [22mhandles topic from last user message[32m 8[2mms[22m[39m
 [32m✓[39m [30m[45m main-process [49m[39m src/main/services/domain/workflow/nodes/__tests__/topicParse-node.test.ts[2m:188:3[22m[2m > [22mtopicParse node[2m > [22mhandles no matching concepts found[32m 8[2mms[22m[39m
 [32m✓[39m [30m[45m main-process [49m[39m src/main/services/domain/workflow/nodes/__tests__/topicParse-node.test.ts[2m:219:3[22m[2m > [22mtopicParse node[2m > [22mhandles errors gracefully[32m 11[2mms[22m[39m
 [32m✓[39m [30m[45m main-process [49m[39m src/main/services/domain/workflow/nodes/__tests__/topicParse-node.test.ts[2m:242:3[22m[2m > [22mtopicParse node[2m > [22mnormalizes and trims topic text[32m 9[2mms[22m[39m
 [32m✓[39m [30m[45m main-process [49m[39m src/main/services/domain/workflow/utils/__tests__/assistant-ui-stream.test.ts[2m:31:5[22m[2m > [22mtoAssistantUIStream Integration[2m > [22mCustom Events (Direct Pass-Through)[2m > [22mshould pass through tool-input-start chunk[32m 5[2mms[22m[39m
 [32m✓[39m [30m[45m main-process [49m[39m src/main/services/domain/workflow/utils/__tests__/assistant-ui-stream.test.ts[2m:55:5[22m[2m > [22mtoAssistantUIStream Integration[2m > [22mCustom Events (Direct Pass-Through)[2m > [22mshould pass through tool-output-available chunk[32m 4[2mms[22m[39m
 [32m✓[39m [30m[45m main-process [49m[39m src/main/services/domain/workflow/utils/__tests__/assistant-ui-stream.test.ts[2m:81:5[22m[2m > [22mtoAssistantUIStream Integration[2m > [22mCustom Events (Direct Pass-Through)[2m > [22mshould pass through error chunk[32m 4[2mms[22m[39m
 [32m✓[39m [30m[45m main-process [49m[39m src/main/services/domain/workflow/utils/__tests__/assistant-ui-stream.test.ts[2m:103:5[22m[2m > [22mtoAssistantUIStream Integration[2m > [22mCustom Events (Direct Pass-Through)[2m > [22mshould ignore invalid custom events[32m 6[2mms[22m[39m
 [2m[90m↓[39m[22m [30m[45m main-process [49m[39m src/main/services/domain/workflow/utils/__tests__/assistant-ui-stream.test.ts[2m:131:5[22m[2m > [22mtoAssistantUIStream Integration[2m > [22mMessages (Conversion) - DEPRECATED[2m > [22mshould convert assistant message to text chunks
 [2m[90m↓[39m[22m [30m[45m main-process [49m[39m src/main/services/domain/workflow/utils/__tests__/assistant-ui-stream.test.ts[2m:140:5[22m[2m > [22mtoAssistantUIStream Integration[2m > [22mMixed Stream (Custom Events + Messages) - DEPRECATED[2m > [22mshould handle interleaved custom events and messages
 [32m✓[39m [30m[45m main-process [49m[39m src/main/services/domain/workflow/utils/__tests__/assistant-ui-stream.test.ts[2m:149:5[22m[2m > [22mtoAssistantUIStream Integration[2m > [22mError Handling[2m > [22mshould pass through error chunks[32m 5[2mms[22m[39m
 [32m✓[39m [30m[45m main-process [49m[39m src/main/services/domain/workflow/utils/__tests__/assistant-ui-stream.test.ts[2m:173:5[22m[2m > [22mtoAssistantUIStream Integration[2m > [22mSSE Formatting[2m > [22mshould format chunks as SSE with data: prefix and double newline[32m 4[2mms[22m[39m
 [32m✓[39m [30m[45m main-process [49m[39m src/main/services/domain/workflow/utils/__tests__/assistant-ui-stream.test.ts[2m:195:5[22m[2m > [22mtoAssistantUIStream Integration[2m > [22mSSE Formatting[2m > [22mshould format custom events as SSE[32m 5[2mms[22m[39m
 [32m✓[39m [30m[45m main-process [49m[39m src/main/services/domain/workflow/utils/__tests__/assistant-ui-stream.test.ts[2m:213:5[22m[2m > [22mtoAssistantUIStream Integration[2m > [22mPerformance[2m > [22mshould handle large streams efficiently[32m 5[2mms[22m[39m
 [32m✓[39m [30m[45m main-process [49m[39m src/main/services/domain/workflow/utils/__tests__/assistant-ui-stream.test.ts[2m:261:3[22m[2m > [22mPractice Node Scenario[2m > [22mshould simulate complete practice node execution[32m 5[2mms[22m[39m
 [32m✓[39m [30m[45m main-process [49m[39m src/main/services/domain/workflow/utils/__tests__/chunk-emitter.test.ts[2m:49:5[22m[2m > [22mChunkEmitter[2m > [22mcreateChunkEmitter[2m > [22mshould create emitter with valid config[32m 8[2mms[22m[39m
 [32m✓[39m [30m[45m main-process [49m[39m src/main/services/domain/workflow/utils/__tests__/chunk-emitter.test.ts[2m:57:5[22m[2m > [22mChunkEmitter[2m > [22mcreateChunkEmitter[2m > [22mshould throw error when config without writer[32m 9[2mms[22m[39m
 [32m✓[39m [30m[45m main-process [49m[39m src/main/services/domain/workflow/utils/__tests__/chunk-emitter.test.ts[2m:69:5[22m[2m > [22mChunkEmitter[2m > [22mcreateChunkEmitter[2m > [22mshould emit text-start chunk correctly[32m 8[2mms[22m[39m
 [32m✓[39m [30m[45m main-process [49m[39m src/main/services/domain/workflow/utils/__tests__/chunk-emitter.test.ts[2m:81:5[22m[2m > [22mChunkEmitter[2m > [22mcreateChunkEmitter[2m > [22mshould emit text-delta chunk correctly[32m 9[2mms[22m[39m
 [32m✓[39m [30m[45m main-process [49m[39m src/main/services/domain/workflow/utils/__tests__/chunk-emitter.test.ts[2m:94:5[22m[2m > [22mChunkEmitter[2m > [22mcreateChunkEmitter[2m > [22mshould emit text-end chunk correctly[32m 8[2mms[22m[39m
 [32m✓[39m [30m[45m main-process [49m[39m src/main/services/domain/workflow/utils/__tests__/chunk-emitter.test.ts[2m:106:5[22m[2m > [22mChunkEmitter[2m > [22mcreateChunkEmitter[2m > [22mshould emit tool-input-start chunk correctly[32m 11[2mms[22m[39m
 [32m✓[39m [30m[45m main-process [49m[39m src/main/services/domain/workflow/utils/__tests__/chunk-emitter.test.ts[2m:119:5[22m[2m > [22mChunkEmitter[2m > [22mcreateChunkEmitter[2m > [22mshould emit tool-input-available chunk correctly[32m 9[2mms[22m[39m
 [32m✓[39m [30m[45m main-process [49m[39m src/main/services/domain/workflow/utils/__tests__/chunk-emitter.test.ts[2m:134:5[22m[2m > [22mChunkEmitter[2m > [22mcreateChunkEmitter[2m > [22mshould emit tool-output-available chunk with success[32m 8[2mms[22m[39m
 [32m✓[39m [30m[45m main-process [49m[39m src/main/services/domain/workflow/utils/__tests__/chunk-emitter.test.ts[2m:148:5[22m[2m > [22mChunkEmitter[2m > [22mcreateChunkEmitter[2m > [22mshould emit tool-output-available chunk with error[32m 9[2mms[22m[39m
 [32m✓[39m [30m[45m main-process [49m[39m src/main/services/domain/workflow/utils/__tests__/chunk-emitter.test.ts[2m:165:5[22m[2m > [22mChunkEmitter[2m > [22mcreateChunkEmitter[2m > [22mshould emit reasoning-start chunk correctly[32m 9[2mms[22m[39m
 [32m✓[39m [30m[45m main-process [49m[39m src/main/services/domain/workflow/utils/__tests__/chunk-emitter.test.ts[2m:177:5[22m[2m > [22mChunkEmitter[2m > [22mcreateChunkEmitter[2m > [22mshould emit reasoning-delta chunk correctly[32m 8[2mms[22m[39m
 [32m✓[39m [30m[45m main-process [49m[39m src/main/services/domain/workflow/utils/__tests__/chunk-emitter.test.ts[2m:190:5[22m[2m > [22mChunkEmitter[2m > [22mcreateChunkEmitter[2m > [22mshould emit reasoning-end chunk correctly[32m 7[2mms[22m[39m
 [32m✓[39m [30m[45m main-process [49m[39m src/main/services/domain/workflow/utils/__tests__/chunk-emitter.test.ts[2m:202:5[22m[2m > [22mChunkEmitter[2m > [22mcreateChunkEmitter[2m > [22mshould emit error chunk correctly[32m 9[2mms[22m[39m
 [32m✓[39m [30m[45m main-process [49m[39m src/main/services/domain/workflow/utils/__tests__/chunk-emitter.test.ts[2m:214:5[22m[2m > [22mChunkEmitter[2m > [22mcreateChunkEmitter[2m > [22mshould emit finish chunk correctly[32m 7[2mms[22m[39m
 [32m✓[39m [30m[45m main-process [49m[39m src/main/services/domain/workflow/utils/__tests__/chunk-emitter.test.ts[2m:223:5[22m[2m > [22mChunkEmitter[2m > [22mcreateChunkEmitter[2m > [22mshould emit abort chunk correctly[32m 8[2mms[22m[39m
 [32m✓[39m [30m[45m main-process [49m[39m src/main/services/domain/workflow/utils/__tests__/chunk-emitter.test.ts[2m:232:5[22m[2m > [22mChunkEmitter[2m > [22mcreateChunkEmitter[2m > [22mshould emit multiple chunks in sequence[32m 8[2mms[22m[39m
 [32m✓[39m [30m[45m main-process [49m[39m src/main/services/domain/workflow/utils/__tests__/chunk-emitter.test.ts[2m:251:5[22m[2m > [22mChunkEmitter[2m > [22mgenerateId[2m > [22mshould generate unique IDs with prefix[32m 10[2mms[22m[39m
 [32m✓[39m [30m[45m main-process [49m[39m src/main/services/domain/workflow/utils/__tests__/chunk-emitter.test.ts[2m:264:5[22m[2m > [22mChunkEmitter[2m > [22mgenerateId[2m > [22mshould include timestamp and random component[32m 9[2mms[22m[39m
 [32m✓[39m [30m[45m main-process [49m[39m src/main/services/domain/workflow/utils/__tests__/chunk-emitter.test.ts[2m:275:5[22m[2m > [22mChunkEmitter[2m > [22misValidChunk[2m > [22mshould return true for valid text-start chunk[32m 9[2mms[22m[39m
 [32m✓[39m [30m[45m main-process [49m[39m src/main/services/domain/workflow/utils/__tests__/chunk-emitter.test.ts[2m:280:5[22m[2m > [22mChunkEmitter[2m > [22misValidChunk[2m > [22mshould return true for valid tool-output-available chunk[32m 10[2mms[22m[39m
 [32m✓[39m [30m[45m main-process [49m[39m src/main/services/domain/workflow/utils/__tests__/chunk-emitter.test.ts[2m:289:5[22m[2m > [22mChunkEmitter[2m > [22misValidChunk[2m > [22mshould return false for invalid type[32m 9[2mms[22m[39m
 [32m✓[39m [30m[45m main-process [49m[39m src/main/services/domain/workflow/utils/__tests__/chunk-emitter.test.ts[2m:294:5[22m[2m > [22mChunkEmitter[2m > [22misValidChunk[2m > [22mshould return false for non-object[32m 8[2mms[22m[39m
 [32m✓[39m [30m[45m main-process [49m[39m src/main/services/domain/workflow/utils/__tests__/chunk-emitter.test.ts[2m:301:5[22m[2m > [22mChunkEmitter[2m > [22misValidChunk[2m > [22mshould return false for object without type[32m 7[2mms[22m[39m
 [32m✓[39m [30m[45m main-process [49m[39m src/main/services/domain/workflow/utils/__tests__/chunk-emitter.test.ts[2m:308:5[22m[2m > [22mChunkEmitter[2m > [22misTextChunk[2m > [22mshould return true for text-start[32m 7[2mms[22m[39m
 [32m✓[39m [30m[45m main-process [49m[39m src/main/services/domain/workflow/utils/__tests__/chunk-emitter.test.ts[2m:313:5[22m[2m > [22mChunkEmitter[2m > [22misTextChunk[2m > [22mshould return true for text-delta[32m 8[2mms[22m[39m
 [32m✓[39m [30m[45m main-process [49m[39m src/main/services/domain/workflow/utils/__tests__/chunk-emitter.test.ts[2m:318:5[22m[2m > [22mChunkEmitter[2m > [22misTextChunk[2m > [22mshould return true for text-end[32m 8[2mms[22m[39m
 [32m✓[39m [30m[45m main-process [49m[39m src/main/services/domain/workflow/utils/__tests__/chunk-emitter.test.ts[2m:323:5[22m[2m > [22mChunkEmitter[2m > [22misTextChunk[2m > [22mshould return false for tool chunks[32m 8[2mms[22m[39m
 [32m✓[39m [30m[45m main-process [49m[39m src/main/services/domain/workflow/utils/__tests__/chunk-emitter.test.ts[2m:328:5[22m[2m > [22mChunkEmitter[2m > [22misTextChunk[2m > [22mshould return false for terminal chunks[32m 7[2mms[22m[39m
 [32m✓[39m [30m[45m main-process [49m[39m src/main/services/domain/workflow/utils/__tests__/chunk-emitter.test.ts[2m:335:5[22m[2m > [22mChunkEmitter[2m > [22misToolChunk[2m > [22mshould return true for tool-input-start[32m 8[2mms[22m[39m
 [32m✓[39m [30m[45m main-process [49m[39m src/main/services/domain/workflow/utils/__tests__/chunk-emitter.test.ts[2m:340:5[22m[2m > [22mChunkEmitter[2m > [22misToolChunk[2m > [22mshould return true for tool-input-available[32m 9[2mms[22m[39m
 [32m✓[39m [30m[45m main-process [49m[39m src/main/services/domain/workflow/utils/__tests__/chunk-emitter.test.ts[2m:345:5[22m[2m > [22mChunkEmitter[2m > [22misToolChunk[2m > [22mshould return true for tool-output-available[32m 7[2mms[22m[39m
 [32m✓[39m [30m[45m main-process [49m[39m src/main/services/domain/workflow/utils/__tests__/chunk-emitter.test.ts[2m:350:5[22m[2m > [22mChunkEmitter[2m > [22misToolChunk[2m > [22mshould return false for text chunks[32m 7[2mms[22m[39m
 [32m✓[39m [30m[45m main-process [49m[39m src/main/services/domain/workflow/utils/__tests__/chunk-emitter.test.ts[2m:357:5[22m[2m > [22mChunkEmitter[2m > [22misTerminalChunk[2m > [22mshould return true for error[32m 8[2mms[22m[39m
 [32m✓[39m [30m[45m main-process [49m[39m src/main/services/domain/workflow/utils/__tests__/chunk-emitter.test.ts[2m:362:5[22m[2m > [22mChunkEmitter[2m > [22misTerminalChunk[2m > [22mshould return true for finish[32m 7[2mms[22m[39m
 [32m✓[39m [30m[45m main-process [49m[39m src/main/services/domain/workflow/utils/__tests__/chunk-emitter.test.ts[2m:367:5[22m[2m > [22mChunkEmitter[2m > [22misTerminalChunk[2m > [22mshould return true for abort[32m 8[2mms[22m[39m
 [32m✓[39m [30m[45m main-process [49m[39m src/main/services/domain/workflow/utils/__tests__/chunk-emitter.test.ts[2m:372:5[22m[2m > [22mChunkEmitter[2m > [22misTerminalChunk[2m > [22mshould return false for text chunks[32m 10[2mms[22m[39m
 [32m✓[39m [30m[45m main-process [49m[39m src/main/services/domain/workflow/utils/__tests__/chunk-emitter.test.ts[2m:377:5[22m[2m > [22mChunkEmitter[2m > [22misTerminalChunk[2m > [22mshould return false for tool chunks[32m 9[2mms[22m[39m
 [32m✓[39m [30m[45m main-process [49m[39m src/main/services/domain/workflow/utils/__tests__/chunk-emitter.test.ts[2m:389:3[22m[2m > [22mChunkEmitter - Integration Example[2m > [22mshould work in a practice node scenario[32m 21[2mms[22m[39m
 [32m✓[39m [30m[45m main-process [49m[39m src/main/services/domain/knowledge/vector/__tests__/vector-database-pure-separation.test.ts[2m:10:5[22m[2m > [22mvector database pure separation[2m > [22maddDocumentBatch[2m > [22mshould store minimal payload with only conceptId and content[32m 13[2mms[22m[39m
 [32m✓[39m [30m[45m main-process [49m[39m src/main/services/domain/knowledge/vector/__tests__/vector-database-pure-separation.test.ts[2m:83:5[22m[2m > [22mvector database pure separation[2m > [22maddDocumentBatch[2m > [22mshould batch multiple documents correctly[32m 10[2mms[22m[39m
 [32m✓[39m [30m[45m main-process [49m[39m src/main/services/domain/knowledge/vector/__tests__/vector-database-pure-separation.test.ts[2m:129:5[22m[2m > [22mvector database pure separation[2m > [22maddDocumentBatch[2m > [22mshould handle empty document array[32m 9[2mms[22m[39m
 [32m✓[39m [30m[45m main-process [49m[39m src/main/services/domain/knowledge/vector/__tests__/vector-database-pure-separation.test.ts[2m:165:5[22m[2m > [22mvector database pure separation[2m > [22maddDocumentBatch[2m > [22mshould format content as "name | description" for better search[32m 12[2mms[22m[39m
 [32m✓[39m [30m[45m main-process [49m[39m src/main/services/domain/knowledge/vector/__tests__/vector-database-pure-separation.test.ts[2m:213:5[22m[2m > [22mvector database pure separation[2m > [22maddDocumentBatch[2m > [22mshould store content without truncation[32m 8[2mms[22m[39m
 [32m✓[39m [30m[45m main-process [49m[39m src/main/services/domain/knowledge/vector/__tests__/vector-database-pure-separation.test.ts[2m:265:5[22m[2m > [22mvector database pure separation[2m > [22msearch[2m > [22mshould return results with minimal metadata[32m 10[2mms[22m[39m
 [32m✓[39m [30m[45m main-process [49m[39m src/main/services/domain/knowledge/vector/__tests__/vector-database-pure-separation.test.ts[2m:338:5[22m[2m > [22mvector database pure separation[2m > [22msearch[2m > [22mshould generate embedding from query[32m 11[2mms[22m[39m
 [32m✓[39m [30m[45m main-process [49m[39m src/main/services/domain/knowledge/vector/__tests__/vector-database-pure-separation.test.ts[2m:384:5[22m[2m > [22mvector database pure separation[2m > [22msearch[2m > [22mshould handle search errors gracefully[32m 9[2mms[22m[39m
 [32m✓[39m [30m[45m main-process [49m[39m src/main/services/domain/knowledge/vector/__tests__/vector-database-pure-separation.test.ts[2m:417:5[22m[2m > [22mvector database pure separation[2m > [22msearch[2m > [22mshould return empty array when no results[32m 9[2mms[22m[39m
 [32m✓[39m [30m[45m main-process [49m[39m src/main/services/domain/knowledge/vector/__tests__/vector-database-pure-separation.test.ts[2m:452:5[22m[2m > [22mvector database pure separation[2m > [22msearch[2m > [22mshould use default options correctly[32m 11[2mms[22m[39m
 [32m✓[39m [30m[45m main-process [49m[39m src/main/services/domain/knowledge/vector/__tests__/vector-database-pure-separation.test.ts[2m:496:5[22m[2m > [22mvector database pure separation[2m > [22mdeleteDocument[2m > [22mshould delete document by ID[32m 8[2mms[22m[39m
 [32m✓[39m [30m[45m main-process [49m[39m src/main/services/domain/knowledge/vector/__tests__/vector-database-pure-separation.test.ts[2m:531:5[22m[2m > [22mvector database pure separation[2m > [22mdeleteDocument[2m > [22mshould handle delete errors gracefully[32m 8[2mms[22m[39m
 [32m✓[39m [30m[45m main-process [49m[39m src/main/services/domain/knowledge/vector/__tests__/vector-database-pure-separation.test.ts[2m:566:5[22m[2m > [22mvector database pure separation[2m > [22mgetStats[2m > [22mshould return total document count[32m 9[2mms[22m[39m
 [32m✓[39m [30m[45m main-process [49m[39m src/main/services/domain/knowledge/vector/__tests__/vector-database-pure-separation.test.ts[2m:611:5[22m[2m > [22mvector database pure separation[2m > [22mpayload structure validation[2m > [22mshould have consistent payload structure[32m 9[2mms[22m[39m
 [32m✓[39m [30m[45m main-process [49m[39m src/main/services/domain/knowledge/vector/__tests__/vector-database-pure-separation.test.ts[2m:683:5[22m[2m > [22mvector database pure separation[2m > [22mvector dimensions[2m > [22mshould handle 1536-dimensional embeddings[32m 7[2mms[22m[39m
 [32m✓[39m [30m[45m main-process [49m[39m src/main/services/domain/knowledge/vector/__tests__/vector-database-pure-separation.test.ts[2m:730:5[22m[2m > [22mvector database pure separation[2m > [22mvector dimensions[2m > [22mshould handle different embedding values[32m 10[2mms[22m[39m
 [32m✓[39m [30m[45m main-process [49m[39m src/main/services/domain/learning/__tests__/learning-service-interface.test.ts[2m:110:5[22m[2m > [22mLearning Service - Interface Tests[2m > [22mService Interface[2m > [22mshould have all required methods[32m 45[2mms[22m[39m
 [32m✓[39m [30m[45m main-process [49m[39m src/main/services/domain/learning/__tests__/learning-service-interface.test.ts[2m:129:5[22m[2m > [22mLearning Service - Interface Tests[2m > [22mSession Management[2m > [22mshould start a learning session[32m 11[2mms[22m[39m
 [32m✓[39m [30m[45m main-process [49m[39m src/main/services/domain/learning/__tests__/learning-service-interface.test.ts[2m:146:5[22m[2m > [22mLearning Service - Interface Tests[2m > [22mSession Management[2m > [22mshould pause a learning session[32m 9[2mms[22m[39m
 [32m✓[39m [30m[45m main-process [49m[39m src/main/services/domain/learning/__tests__/learning-service-interface.test.ts[2m:151:5[22m[2m > [22mLearning Service - Interface Tests[2m > [22mSession Management[2m > [22mshould resume a learning session[32m 9[2mms[22m[39m
 [32m✓[39m [30m[45m main-process [49m[39m src/main/services/domain/learning/__tests__/learning-service-interface.test.ts[2m:156:5[22m[2m > [22mLearning Service - Interface Tests[2m > [22mSession Management[2m > [22mshould complete a learning session[32m 9[2mms[22m[39m
 [32m✓[39m [30m[45m main-process [49m[39m src/main/services/domain/learning/__tests__/learning-service-interface.test.ts[2m:163:5[22m[2m > [22mLearning Service - Interface Tests[2m > [22mSession Information[2m > [22mshould get session details[32m 11[2mms[22m[39m
 [32m✓[39m [30m[45m main-process [49m[39m src/main/services/domain/learning/__tests__/learning-service-interface.test.ts[2m:173:5[22m[2m > [22mLearning Service - Interface Tests[2m > [22mSession Information[2m > [22mshould list sessions[32m 10[2mms[22m[39m
 [32m✓[39m [30m[45m main-process [49m[39m src/main/services/domain/learning/__tests__/learning-service-interface.test.ts[2m:178:5[22m[2m > [22mLearning Service - Interface Tests[2m > [22mSession Information[2m > [22mshould get session progress[32m 9[2mms[22m[39m
 [32m✓[39m [30m[45m main-process [49m[39m src/main/services/domain/learning/__tests__/learning-service-interface.test.ts[2m:189:5[22m[2m > [22mLearning Service - Interface Tests[2m > [22mMessage Handling[2m > [22mshould add messages to session[32m 13[2mms[22m[39m
 [32m✓[39m [30m[45m main-process [49m[39m src/main/services/domain/learning/__tests__/learning-service-interface.test.ts[2m:207:5[22m[2m > [22mLearning Service - Interface Tests[2m > [22mSession Cleanup[2m > [22mshould delete sessions[32m 10[2mms[22m[39m
 [32m✓[39m [30m[45m main-process [49m[39m src/main/services/domain/learning/__tests__/learning-service-interface.test.ts[2m:212:5[22m[2m > [22mLearning Service - Interface Tests[2m > [22mSession Cleanup[2m > [22mshould update sessions[32m 9[2mms[22m[39m
 [32m✓[39m [30m[45m main-process [49m[39m src/main/services/domain/learning/__tests__/learning-service-interface.test.ts[2m:223:5[22m[2m > [22mLearning Service - Interface Tests[2m > [22mService Dependencies[2m > [22mshould accept database dependency[32m 10[2mms[22m[39m
 [32m✓[39m [30m[45m main-process [49m[39m src/main/services/domain/learning/__tests__/learning-service-interface.test.ts[2m:228:5[22m[2m > [22mLearning Service - Interface Tests[2m > [22mService Dependencies[2m > [22mshould accept logger service dependency[32m 12[2mms[22m[39m
 [32m✓[39m [30m[45m main-process [49m[39m src/main/services/domain/learning/__tests__/learning-service-interface.test.ts[2m:233:5[22m[2m > [22mLearning Service - Interface Tests[2m > [22mService Dependencies[2m > [22mshould accept AI service dependency[32m 8[2mms[22m[39m
 [32m✓[39m [30m[45m main-process [49m[39m src/main/services/domain/learning/__tests__/learning-service.test.ts[2m:290:3[22m[2m > [22mlearning service (mocked database)[2m > [22mcreates sessions with LangChain blueprint metadata and reports progress[32m 11[2mms[22m[39m
 [32m✓[39m [30m[45m main-process [49m[39m src/main/services/domain/learning/__tests__/learning-service.test.ts[2m:306:3[22m[2m > [22mlearning service (mocked database)[2m > [22mupdates session state in the database[32m 14[2mms[22m[39m
 [32m✓[39m [30m[45m main-process [49m[39m src/main/services/domain/learning/__tests__/learning-service.test.ts[2m:326:3[22m[2m > [22mlearning service (mocked database)[2m > [22mretrieves practice history for concepts[32m 10[2mms[22m[39m
 [32m✓[39m [30m[45m main-process [49m[39m src/main/services/domain/learning/__tests__/learning-service.test.ts[2m:351:3[22m[2m > [22mlearning service (mocked database)[2m > [22mreturns structured practice history[32m 13[2mms[22m[39m
 [32m✓[39m [30m[45m main-process [49m[39m src/main/services/domain/learning/__tests__/session-checkpoint-integration.test.ts[2m:58:5[22m[2m > [22mSession ↔ Checkpoint Integration[2m > [22mstartLearningSession[2m > [22mshould use provided sessionId from Assistant UI[32m 10[2mms[22m[39m
 [32m✓[39m [30m[45m main-process [49m[39m src/main/services/domain/learning/__tests__/session-checkpoint-integration.test.ts[2m:97:5[22m[2m > [22mSession ↔ Checkpoint Integration[2m > [22mstartLearningSession[2m > [22mshould generate sessionId when not provided[32m 10[2mms[22m[39m
 [32m✓[39m [30m[45m main-process [49m[39m src/main/services/domain/learning/__tests__/session-checkpoint-integration.test.ts[2m:136:5[22m[2m > [22mSession ↔ Checkpoint Integration[2m > [22mSession ID Consistency[2m > [22mshould maintain same ID across session operations[32m 12[2mms[22m[39m
 [32m✓[39m [30m[45m main-process [49m[39m src/main/services/domain/workflow/subgraphs/practice/__tests__/askQuestion-node.test.ts[2m:166:3[22m[2m > [22maskQuestion node[2m > [22mshould propagate errors from model invocation[32m 10[2mms[22m[39m
 [32m✓[39m [30m[45m main-process [49m[39m src/main/services/domain/workflow/subgraphs/practice/__tests__/askQuestion-node.test.ts[2m:178:3[22m[2m > [22maskQuestion node[2m > [22mshould handle no knowledge found gracefully[32m 10[2mms[22m[39m
 [32m✓[39m [30m[45m main-process [49m[39m src/main/services/domain/workflow/subgraphs/practice/__tests__/askQuestion-node.test.ts[2m:211:5[22m[2m > [22maskQuestion node[2m > [22mStateGraph Integration Tests[2m > [22mexecutes question generation through StateGraph[32m 16[2mms[22m[39m
 [32m✓[39m [30m[45m main-process [49m[39m src/main/services/domain/workflow/subgraphs/practice/__tests__/askQuestion-node.test.ts[2m:254:5[22m[2m > [22maskQuestion node[2m > [22mStateGraph Integration Tests[2m > [22mexecutes interrupt through StateGraph with streaming[32m 12[2mms[22m[39m
 [32m✓[39m [30m[45m main-process [49m[39m src/main/services/domain/workflow/subgraphs/practice/__tests__/askQuestion-node.test.ts[2m:299:5[22m[2m > [22maskQuestion node[2m > [22mStateGraph Integration Tests[2m > [22mhandles streaming chunk emission through StateGraph[32m 13[2mms[22m[39m
 [32m✓[39m [30m[45m main-process [49m[39m src/main/services/domain/workflow/subgraphs/practice/__tests__/askQuestion-node.test.ts[2m:328:5[22m[2m > [22maskQuestion node[2m > [22mStateGraph Integration Tests[2m > [22mpreserves state properties during graph execution[32m 14[2mms[22m[39m
 [32m✓[39m [30m[45m main-process [49m[39m src/main/services/domain/workflow/subgraphs/practice/__tests__/classifyIntent-node.test.ts[2m:80:3[22m[2m > [22mclassifyIntent node[2m > [22mshould classify answer attempts[32m 44[2mms[22m[39m
 [32m✓[39m [30m[45m main-process [49m[39m src/main/services/domain/workflow/subgraphs/practice/__tests__/classifyIntent-node.test.ts[2m:115:3[22m[2m > [22mclassifyIntent node[2m > [22mshould classify hint requests[32m 67[2mms[22m[39m
 [32m✓[39m [30m[45m main-process [49m[39m src/main/services/domain/workflow/subgraphs/practice/__tests__/classifyIntent-node.test.ts[2m:149:3[22m[2m > [22mclassifyIntent node[2m > [22mshould classify clarification requests[32m 54[2mms[22m[39m
 [32m✓[39m [30m[45m main-process [49m[39m src/main/services/domain/workflow/subgraphs/practice/__tests__/classifyIntent-node.test.ts[2m:181:3[22m[2m > [22mclassifyIntent node[2m > [22mshould classify thinking aloud[32m 47[2mms[22m[39m
 [32m✓[39m [30m[45m main-process [49m[39m src/main/services/domain/workflow/subgraphs/practice/__tests__/classifyIntent-node.test.ts[2m:212:3[22m[2m > [22mclassifyIntent node[2m > [22mshould classify give up[32m 60[2mms[22m[39m
 [32m✓[39m [30m[45m main-process [49m[39m src/main/services/domain/workflow/subgraphs/practice/__tests__/classifyIntent-node.test.ts[2m:246:3[22m[2m > [22mclassifyIntent node[2m > [22mshould classify off_topic responses[32m 51[2mms[22m[39m
 [32m✓[39m [30m[45m main-process [49m[39m src/main/services/domain/workflow/subgraphs/practice/__tests__/classifyIntent-node.test.ts[2m:278:3[22m[2m > [22mclassifyIntent node[2m > [22mshould handle partial/wrong answers as answer_attempt[32m 35[2mms[22m[39m
 [32m✓[39m [30m[45m main-process [49m[39m src/main/services/domain/workflow/subgraphs/practice/__tests__/classifyIntent-node.test.ts[2m:308:3[22m[2m > [22mclassifyIntent node[2m > [22mshould handle edge cases - very short responses[32m 46[2mms[22m[39m
 [32m✓[39m [30m[45m main-process [49m[39m src/main/services/domain/workflow/subgraphs/practice/__tests__/classifyIntent-node.test.ts[2m:340:3[22m[2m > [22mclassifyIntent node[2m > [22mshould handle edge cases - very long responses[32m 12[2mms[22m[39m
 [32m✓[39m [30m[45m main-process [49m[39m src/main/services/domain/workflow/subgraphs/practice/__tests__/classifyIntent-node.test.ts[2m:360:3[22m[2m > [22mclassifyIntent node[2m > [22mshould handle empty question[32m 11[2mms[22m[39m
 [32m✓[39m [30m[45m main-process [49m[39m src/main/services/domain/workflow/subgraphs/practice/__tests__/classifyIntent-node.test.ts[2m:382:3[22m[2m > [22mclassifyIntent node[2m > [22mshould handle empty user response[32m 11[2mms[22m[39m
 [32m✓[39m [30m[45m main-process [49m[39m src/main/services/domain/workflow/subgraphs/practice/__tests__/classifyIntent-node.test.ts[2m:400:3[22m[2m > [22mclassifyIntent node[2m > [22mshould propagate errors from model invocation[32m 12[2mms[22m[39m
 [32m✓[39m [30m[45m main-process [49m[39m src/main/services/domain/workflow/subgraphs/practice/__tests__/classifyIntent-node.test.ts[2m:415:3[22m[2m > [22mclassifyIntent node[2m > [22mshould preserve practice state properties[32m 10[2mms[22m[39m
 [32m✓[39m [30m[45m main-process [49m[39m src/main/services/domain/workflow/subgraphs/practice/__tests__/classifyIntent-node.test.ts[2m:450:3[22m[2m > [22mclassifyIntent node[2m > [22mshould only update userIntent, not other state[32m 10[2mms[22m[39m
 [32m✓[39m [30m[45m main-process [49m[39m src/main/services/domain/workflow/subgraphs/practice/__tests__/classifyIntent-node.test.ts[2m:473:3[22m[2m > [22mclassifyIntent node[2m > [22mshould build prompt with question and response[32m 11[2mms[22m[39m
 [32m✓[39m [30m[45m main-process [49m[39m src/main/services/domain/workflow/subgraphs/practice/__tests__/classifyIntent-node.test.ts[2m:519:3[22m[2m > [22mclassifyIntent node[2m > [22mshould not require streaming config[32m 9[2mms[22m[39m
 [32m✓[39m [30m[45m main-process [49m[39m src/main/services/domain/workflow/subgraphs/practice/__tests__/classifyIntent-node.test.ts[2m:537:3[22m[2m > [22mclassifyIntent node[2m > [22mshould handle all UserIntent values[32m 40[2mms[22m[39m
 [32m✓[39m [30m[45m main-process [49m[39m src/main/services/domain/workflow/subgraphs/practice/__tests__/classifyIntent-node.test.ts[2m:567:3[22m[2m > [22mclassifyIntent node[2m > [22mshould be generous with answer_attempt classification[32m 32[2mms[22m[39m
 [32m✓[39m [30m[45m main-process [49m[39m src/main/services/domain/workflow/subgraphs/practice/__tests__/classifyIntent-node.test.ts[2m:597:3[22m[2m > [22mclassifyIntent node[2m > [22mshould handle mixed intent responses[32m 25[2mms[22m[39m
 [32m✓[39m [30m[45m main-process [49m[39m src/main/services/domain/workflow/subgraphs/practice/__tests__/graph.test.ts[2m:128:3[22m[2m > [22mPractice Subgraph Graph Structure[2m > [22mshould create a valid graph without errors[32m 9[2mms[22m[39m
 [32m✓[39m [30m[45m main-process [49m[39m src/main/services/domain/workflow/subgraphs/practice/__tests__/graph.test.ts[2m:132:3[22m[2m > [22mPractice Subgraph Graph Structure[2m > [22mshould compile the graph successfully[32m 12[2mms[22m[39m
 [32m✓[39m [30m[45m main-process [49m[39m src/main/services/domain/workflow/subgraphs/practice/__tests__/graph.test.ts[2m:150:3[22m[2m > [22mPractice Subgraph Conditional Edge Routing[2m > [22mshould route to CIRCUIT_BREAKER when shouldCircuitBreak is true[32m 8[2mms[22m[39m
 [32m✓[39m [30m[45m main-process [49m[39m src/main/services/domain/workflow/subgraphs/practice/__tests__/graph.test.ts[2m:167:3[22m[2m > [22mPractice Subgraph Conditional Edge Routing[2m > [22mshould route to REMEDIATE_PRACTICE when needsRemediation is true[32m 10[2mms[22m[39m
 [32m✓[39m [30m[45m main-process [49m[39m src/main/services/domain/workflow/subgraphs/practice/__tests__/graph.test.ts[2m:182:3[22m[2m > [22mPractice Subgraph Conditional Edge Routing[2m > [22mshould route to ASK_QUESTION to continue practice[32m 12[2mms[22m[39m
 [32m✓[39m [30m[45m main-process [49m[39m src/main/services/domain/workflow/subgraphs/practice/__tests__/graph.test.ts[2m:209:3[22m[2m > [22mPractice Subgraph End-to-End Flows[2m > [22mshould handle a complete practice session with successful answer[32m 9[2mms[22m[39m
 [32m✓[39m [30m[45m main-process [49m[39m src/main/services/domain/workflow/subgraphs/practice/__tests__/graph.test.ts[2m:220:3[22m[2m > [22mPractice Subgraph End-to-End Flows[2m > [22mshould propagate state through the practice flow[32m 9[2mms[22m[39m
 [32m✓[39m [30m[45m main-process [49m[39m src/main/services/domain/workflow/subgraphs/practice/__tests__/graph.test.ts[2m:251:3[22m[2m > [22mPractice Subgraph Error Handling[2m > [22mshould handle missing knowledge gracefully[32m 11[2mms[22m[39m
 [32m✓[39m [30m[45m main-process [49m[39m src/main/services/domain/workflow/subgraphs/practice/__tests__/graph.test.ts[2m:273:3[22m[2m > [22mPractice Subgraph Integration[2m > [22mshould work as a node in a parent graph[32m 14[2mms[22m[39m
 [32m✓[39m [30m[45m main-process [49m[39m src/main/services/domain/workflow/subgraphs/teach/__tests__/assessUnderstanding-node.test.ts[2m:50:3[22m[2m > [22massessUnderstanding node[2m > [22mshould assess high understanding (mastery)[32m 12[2mms[22m[39m
 [32m✓[39m [30m[45m main-process [49m[39m src/main/services/domain/workflow/subgraphs/teach/__tests__/assessUnderstanding-node.test.ts[2m:95:3[22m[2m > [22massessUnderstanding node[2m > [22mshould assess partial understanding (not mastered)[32m 10[2mms[22m[39m
 [32m✓[39m [30m[45m main-process [49m[39m src/main/services/domain/workflow/subgraphs/teach/__tests__/assessUnderstanding-node.test.ts[2m:138:3[22m[2m > [22massessUnderstanding node[2m > [22mshould assess low understanding[32m 11[2mms[22m[39m
 [32m✓[39m [30m[45m main-process [49m[39m src/main/services/domain/workflow/subgraphs/teach/__tests__/assessUnderstanding-node.test.ts[2m:176:3[22m[2m > [22massessUnderstanding node[2m > [22mshould determine mastery at threshold (0.75)[32m 11[2mms[22m[39m
 [32m✓[39m [30m[45m main-process [49m[39m src/main/services/domain/workflow/subgraphs/teach/__tests__/assessUnderstanding-node.test.ts[2m:208:3[22m[2m > [22massessUnderstanding node[2m > [22mshould determine not mastered just below threshold (0.74)[32m 11[2mms[22m[39m
 [32m✓[39m [30m[45m main-process [49m[39m src/main/services/domain/workflow/subgraphs/teach/__tests__/assessUnderstanding-node.test.ts[2m:240:3[22m[2m > [22massessUnderstanding node[2m > [22mshould parse JSON response correctly[32m 11[2mms[22m[39m
 [32m✓[39m [30m[45m main-process [49m[39m src/main/services/domain/workflow/subgraphs/teach/__tests__/assessUnderstanding-node.test.ts[2m:265:3[22m[2m > [22massessUnderstanding node[2m > [22mshould handle JSON with extra whitespace[32m 11[2mms[22m[39m
 [32m✓[39m [30m[45m main-process [49m[39m src/main/services/domain/workflow/subgraphs/teach/__tests__/assessUnderstanding-node.test.ts[2m:293:3[22m[2m > [22massessUnderstanding node[2m > [22mshould handle empty conversation[32m 11[2mms[22m[39m
 [32m✓[39m [30m[45m main-process [49m[39m src/main/services/domain/workflow/subgraphs/teach/__tests__/assessUnderstanding-node.test.ts[2m:317:3[22m[2m > [22massessUnderstanding node[2m > [22mshould handle very long conversation[32m 10[2mms[22m[39m
 [32m✓[39m [30m[45m main-process [49m[39m src/main/services/domain/workflow/subgraphs/teach/__tests__/assessUnderstanding-node.test.ts[2m:345:3[22m[2m > [22massessUnderstanding node[2m > [22mshould preserve other teach state properties[32m 10[2mms[22m[39m
 [32m✓[39m [30m[45m main-process [49m[39m src/main/services/domain/workflow/subgraphs/teach/__tests__/assessUnderstanding-node.test.ts[2m:380:3[22m[2m > [22massessUnderstanding node[2m > [22mshould propagate errors from model invocation[32m 12[2mms[22m[39m
 [32m✓[39m [30m[45m main-process [49m[39m src/main/services/domain/workflow/subgraphs/teach/__tests__/assessUnderstanding-node.test.ts[2m:394:3[22m[2m > [22massessUnderstanding node[2m > [22mshould build prompt with topic and conversation[32m 12[2mms[22m[39m
 [32m✓[39m [30m[45m main-process [49m[39m src/main/services/domain/workflow/subgraphs/teach/__tests__/assessUnderstanding-node.test.ts[2m:433:3[22m[2m > [22massessUnderstanding node[2m > [22mshould handle empty topic gracefully[32m 11[2mms[22m[39m
 [32m✓[39m [30m[45m main-process [49m[39m src/main/services/domain/workflow/subgraphs/teach/__tests__/assessUnderstanding-node.test.ts[2m:457:3[22m[2m > [22massessUnderstanding node[2m > [22mshould return immediately with result[32m 12[2mms[22m[39m
 [32m✓[39m [30m[45m main-process [49m[39m src/main/services/domain/workflow/subgraphs/teach/__tests__/graph.test.ts[2m:76:5[22m[2m > [22mTeach Subgraph[2m > [22m[TC-501] Graph Compilation[2m > [22mcompiles successfully with all nodes registered[32m 11[2mms[22m[39m
 [32m✓[39m [30m[45m main-process [49m[39m src/main/services/domain/workflow/subgraphs/teach/__tests__/graph.test.ts[2m:88:5[22m[2m > [22mTeach Subgraph[2m > [22m[TC-510] Interrupt-driven Flow Tests[2m > [22mstreams teach subgraph with interrupts[32m 15[2mms[22m[39m
 [32m✓[39m [30m[45m main-process [49m[39m src/main/services/domain/workflow/subgraphs/teach/__tests__/graph.test.ts[2m:133:5[22m[2m > [22mTeach Subgraph[2m > [22m[TC-520] Conditional Routing Tests[2m > [22mroutes "ready" intent to assessment[32m 10[2mms[22m[39m
 [32m✓[39m [30m[45m main-process [49m[39m src/main/services/domain/workflow/subgraphs/teach/__tests__/graph.test.ts[2m:160:5[22m[2m > [22mTeach Subgraph[2m > [22m[TC-520] Conditional Routing Tests[2m > [22mroutes "question" intent to handle question[32m 10[2mms[22m[39m
 [32m✓[39m [30m[45m main-process [49m[39m src/main/services/domain/workflow/subgraphs/teach/__tests__/graph.test.ts[2m:194:5[22m[2m > [22mTeach Subgraph[2m > [22m[TC-520] Conditional Routing Tests[2m > [22mroutes "needs_more" intent back to explain[32m 12[2mms[22m[39m
 [32m✓[39m [30m[45m main-process [49m[39m src/main/services/domain/workflow/subgraphs/teach/__tests__/graph.test.ts[2m:210:5[22m[2m > [22mTeach Subgraph[2m > [22m[TC-520] Conditional Routing Tests[2m > [22mroutes unknown intent to handle question by default[32m 10[2mms[22m[39m
 [32m✓[39m [30m[45m main-process [49m[39m src/main/services/domain/workflow/subgraphs/teach/__tests__/graph.test.ts[2m:236:5[22m[2m > [22mTeach Subgraph[2m > [22m[TC-530] Assessment and Exit Tests[2m > [22mexits when mastery is achieved[32m 10[2mms[22m[39m
 [32m✓[39m [30m[45m main-process [49m[39m src/main/services/domain/workflow/subgraphs/teach/__tests__/graph.test.ts[2m:255:5[22m[2m > [22mTeach Subgraph[2m > [22m[TC-530] Assessment and Exit Tests[2m > [22mexits when max rounds are reached[32m 11[2mms[22m[39m
 [32m✓[39m [30m[45m main-process [49m[39m src/main/services/domain/workflow/subgraphs/teach/__tests__/graph.test.ts[2m:278:5[22m[2m > [22mTeach Subgraph[2m > [22m[TC-530] Assessment and Exit Tests[2m > [22mcontinues teaching when not mastered and under max rounds[32m 10[2mms[22m[39m
 [32m✓[39m [30m[45m main-process [49m[39m src/main/services/domain/workflow/subgraphs/teach/__tests__/graph.test.ts[2m:303:5[22m[2m > [22mTeach Subgraph[2m > [22m[TC-540] Edge Cases and Error Handling[2m > [22mhandles missing teach state gracefully[32m 10[2mms[22m[39m
 [32m✓[39m [30m[45m main-process [49m[39m src/main/services/domain/workflow/subgraphs/teach/__tests__/graph.test.ts[2m:327:5[22m[2m > [22mTeach Subgraph[2m > [22m[TC-540] Edge Cases and Error Handling[2m > [22mhandles empty topic in initial state[32m 10[2mms[22m[39m
 [32m✓[39m [30m[45m main-process [49m[39m src/main/services/domain/workflow/subgraphs/teach/__tests__/graph.test.ts[2m:337:5[22m[2m > [22mTeach Subgraph[2m > [22m[TC-540] Edge Cases and Error Handling[2m > [22mhandles custom maxRounds configuration[32m 11[2mms[22m[39m
 [32m✓[39m [30m[45m main-process [49m[39m src/main/services/domain/workflow/subgraphs/teach/__tests__/graph.test.ts[2m:363:5[22m[2m > [22mTeach Subgraph[2m > [22m[TC-550] State Management Tests[2m > [22mproperly increments teaching round[32m 11[2mms[22m[39m
 [32m✓[39m [30m[45m main-process [49m[39m src/main/services/domain/workflow/subgraphs/teach/__tests__/graph.test.ts[2m:387:5[22m[2m > [22mTeach Subgraph[2m > [22m[TC-550] State Management Tests[2m > [22mmaintains message history across rounds[32m 12[2mms[22m[39m
 [32m✓[39m [30m[45m main-process [49m[39m src/main/services/domain/workflow/subgraphs/practice/nodes/__tests__/circuitBreaker.test.ts[2m:112:5[22m[2m > [22mcircuitBreakerNode[2m > [22mBasic Functionality[2m > [22mgenerates supportive message and updates state[32m 11[2mms[22m[39m
 [31m×[39m [30m[45m main-process [49m[39m src/main/services/domain/workflow/subgraphs/practice/nodes/__tests__/circuitBreaker.test.ts[2m:153:5[22m[2m > [22mcircuitBreakerNode[2m > [22mBasic Functionality[2m > [22mstreams message via emitter[32m 11[2mms[22m[39m
[31m   → expected "vi.fn()" to be called 1 times, but got 0 times[39m
 [32m✓[39m [30m[45m main-process [49m[39m src/main/services/domain/workflow/subgraphs/practice/nodes/__tests__/circuitBreaker.test.ts[2m:176:5[22m[2m > [22mcircuitBreakerNode[2m > [22mBasic Functionality[2m > [22mhandles different failure scenarios[32m 25[2mms[22m[39m
 [32m✓[39m [30m[45m main-process [49m[39m src/main/services/domain/workflow/subgraphs/practice/nodes/__tests__/circuitBreaker.test.ts[2m:209:5[22m[2m > [22mcircuitBreakerNode[2m > [22mPrompt Generation[2m > [22mincludes all context in prompt[32m 12[2mms[22m[39m
 [32m✓[39m [30m[45m main-process [49m[39m src/main/services/domain/workflow/subgraphs/practice/nodes/__tests__/circuitBreaker.test.ts[2m:233:5[22m[2m > [22mcircuitBreakerNode[2m > [22mPrompt Generation[2m > [22mhandles empty topic gracefully[32m 10[2mms[22m[39m
 [32m✓[39m [30m[45m main-process [49m[39m src/main/services/domain/workflow/subgraphs/practice/nodes/__tests__/circuitBreaker.test.ts[2m:251:5[22m[2m > [22mcircuitBreakerNode[2m > [22mPrompt Generation[2m > [22mhandles zero mastery score[32m 10[2mms[22m[39m
 [32m✓[39m [30m[45m main-process [49m[39m src/main/services/domain/workflow/subgraphs/practice/nodes/__tests__/circuitBreaker.test.ts[2m:270:5[22m[2m > [22mcircuitBreakerNode[2m > [22mPrompt Generation[2m > [22mhandles perfect mastery score (edge case)[32m 12[2mms[22m[39m
 [32m✓[39m [30m[45m main-process [49m[39m src/main/services/domain/workflow/subgraphs/practice/nodes/__tests__/circuitBreaker.test.ts[2m:291:5[22m[2m > [22mcircuitBreakerNode[2m > [22mState Updates[2m > [22mmarks practice as complete[32m 11[2mms[22m[39m
 [32m✓[39m [30m[45m main-process [49m[39m src/main/services/domain/workflow/subgraphs/practice/nodes/__tests__/circuitBreaker.test.ts[2m:310:5[22m[2m > [22mcircuitBreakerNode[2m > [22mState Updates[2m > [22msets shouldCircuitBreak flag[32m 10[2mms[22m[39m
 [32m✓[39m [30m[45m main-process [49m[39m src/main/services/domain/workflow/subgraphs/practice/nodes/__tests__/circuitBreaker.test.ts[2m:329:5[22m[2m > [22mcircuitBreakerNode[2m > [22mState Updates[2m > [22mpreserves other practice state fields[32m 9[2mms[22m[39m
 [32m✓[39m [30m[45m main-process [49m[39m src/main/services/domain/workflow/subgraphs/practice/nodes/__tests__/circuitBreaker.test.ts[2m:352:5[22m[2m > [22mcircuitBreakerNode[2m > [22mMessage Content[2m > [22mreturns AIMessage with generated content[32m 10[2mms[22m[39m
 [32m✓[39m [30m[45m main-process [49m[39m src/main/services/domain/workflow/subgraphs/practice/nodes/__tests__/circuitBreaker.test.ts[2m:373:5[22m[2m > [22mcircuitBreakerNode[2m > [22mMessage Content[2m > [22mhandles empty AI response[32m 9[2mms[22m[39m
 [32m✓[39m [30m[45m main-process [49m[39m src/main/services/domain/workflow/subgraphs/practice/nodes/__tests__/circuitBreaker.test.ts[2m:393:5[22m[2m > [22mcircuitBreakerNode[2m > [22mMessage Content[2m > [22mhandles undefined AI response[32m 9[2mms[22m[39m
 [32m✓[39m [30m[45m main-process [49m[39m src/main/services/domain/workflow/subgraphs/practice/nodes/__tests__/circuitBreaker.test.ts[2m:415:5[22m[2m > [22mcircuitBreakerNode[2m > [22mLogging[2m > [22mlogs support delivery[32m 13[2mms[22m[39m
 [32m✓[39m [30m[45m main-process [49m[39m src/main/services/domain/workflow/subgraphs/practice/nodes/__tests__/circuitBreaker.test.ts[2m:439:5[22m[2m > [22mcircuitBreakerNode[2m > [22mLogging[2m > [22mlogs with correct log level[32m 11[2mms[22m[39m
 [32m✓[39m [30m[45m main-process [49m[39m src/main/services/domain/workflow/subgraphs/practice/nodes/__tests__/circuitBreaker.test.ts[2m:461:5[22m[2m > [22mcircuitBreakerNode[2m > [22mError Handling[2m > [22mhandles provider factory errors[32m 10[2mms[22m[39m
 [32m✓[39m [30m[45m main-process [49m[39m src/main/services/domain/workflow/subgraphs/practice/nodes/__tests__/circuitBreaker.test.ts[2m:479:5[22m[2m > [22mcircuitBreakerNode[2m > [22mError Handling[2m > [22mhandles AI model invoke errors[32m 12[2mms[22m[39m
 [32m✓[39m [30m[45m main-process [49m[39m src/main/services/domain/workflow/subgraphs/practice/nodes/__tests__/detectFailure.test.ts[2m:47:5[22m[2m > [22mdetectFailureNode[2m > [22mCircuit Breaker Scenarios[2m > [22mtriggers circuit breaker after 3 consecutive failures[32m 11[2mms[22m[39m
 [32m✓[39m [30m[45m main-process [49m[39m src/main/services/domain/workflow/subgraphs/practice/nodes/__tests__/detectFailure.test.ts[2m:76:5[22m[2m > [22mdetectFailureNode[2m > [22mCircuit Breaker Scenarios[2m > [22mtriggers circuit breaker with low mastery and high hint usage[32m 10[2mms[22m[39m
 [32m✓[39m [30m[45m main-process [49m[39m src/main/services/domain/workflow/subgraphs/practice/nodes/__tests__/detectFailure.test.ts[2m:98:5[22m[2m > [22mdetectFailureNode[2m > [22mSuccess Scenarios[2m > [22mrecognizes success when mastery >= 0.85[32m 10[2mms[22m[39m
 [32m✓[39m [30m[45m main-process [49m[39m src/main/services/domain/workflow/subgraphs/practice/nodes/__tests__/detectFailure.test.ts[2m:127:5[22m[2m > [22mdetectFailureNode[2m > [22mSuccess Scenarios[2m > [22mrecognizes success at exact threshold (0.85)[32m 10[2mms[22m[39m
 [32m✓[39m [30m[45m main-process [49m[39m src/main/services/domain/workflow/subgraphs/practice/nodes/__tests__/detectFailure.test.ts[2m:148:5[22m[2m > [22mdetectFailureNode[2m > [22mKnowledge Gap Detection[2m > [22mdetects gaps with low mastery (< 0.5)[32m 10[2mms[22m[39m
 [32m✓[39m [30m[45m main-process [49m[39m src/main/services/domain/workflow/subgraphs/practice/nodes/__tests__/detectFailure.test.ts[2m:176:5[22m[2m > [22mdetectFailureNode[2m > [22mKnowledge Gap Detection[2m > [22mdetects gaps with excessive hint usage (>= 3)[32m 13[2mms[22m[39m
 [32m✓[39m [30m[45m main-process [49m[39m src/main/services/domain/workflow/subgraphs/practice/nodes/__tests__/detectFailure.test.ts[2m:196:5[22m[2m > [22mdetectFailureNode[2m > [22mKnowledge Gap Detection[2m > [22mdetects gaps with excessive conversation turns and low mastery[32m 10[2mms[22m[39m
 [32m✓[39m [30m[45m main-process [49m[39m src/main/services/domain/workflow/subgraphs/practice/nodes/__tests__/detectFailure.test.ts[2m:215:5[22m[2m > [22mdetectFailureNode[2m > [22mKnowledge Gap Detection[2m > [22mconsiders previous gaps when mastery is moderate[32m 10[2mms[22m[39m
 [32m✓[39m [30m[45m main-process [49m[39m src/main/services/domain/workflow/subgraphs/practice/nodes/__tests__/detectFailure.test.ts[2m:237:5[22m[2m > [22mdetectFailureNode[2m > [22mContinue Practice Scenarios[2m > [22mcontinues practice when mastery is moderate and no gaps detected[32m 12[2mms[22m[39m
 [32m✓[39m [30m[45m main-process [49m[39m src/main/services/domain/workflow/subgraphs/practice/nodes/__tests__/detectFailure.test.ts[2m:265:5[22m[2m > [22mdetectFailureNode[2m > [22mContinue Practice Scenarios[2m > [22mcontinues practice with increasing failure streak[32m 10[2mms[22m[39m
 [32m✓[39m [30m[45m main-process [49m[39m src/main/services/domain/workflow/subgraphs/practice/nodes/__tests__/detectFailure.test.ts[2m:286:5[22m[2m > [22mdetectFailureNode[2m > [22mEdge Cases[2m > [22mhandles zero mastery score[32m 11[2mms[22m[39m
 [32m✓[39m [30m[45m main-process [49m[39m src/main/services/domain/workflow/subgraphs/practice/nodes/__tests__/detectFailure.test.ts[2m:304:5[22m[2m > [22mdetectFailureNode[2m > [22mEdge Cases[2m > [22mhandles maximum mastery score[32m 12[2mms[22m[39m
 [32m✓[39m [30m[45m main-process [49m[39m src/main/services/domain/workflow/subgraphs/practice/nodes/__tests__/detectFailure.test.ts[2m:321:5[22m[2m > [22mdetectFailureNode[2m > [22mEdge Cases[2m > [22mhandles undefined mastery (defaults to 0)[32m 11[2mms[22m[39m
 [32m✓[39m [30m[45m main-process [49m[39m src/main/services/domain/workflow/subgraphs/practice/nodes/__tests__/detectFailure.test.ts[2m:339:5[22m[2m > [22mdetectFailureNode[2m > [22mEdge Cases[2m > [22mhandles empty focus concepts array[32m 11[2mms[22m[39m
 [32m✓[39m [30m[45m main-process [49m[39m src/main/services/domain/workflow/subgraphs/practice/nodes/__tests__/detectFailure.test.ts[2m:362:5[22m[2m > [22mdetectFailureNode[2m > [22mLogging[2m > [22mlogs debug information on entry[32m 13[2mms[22m[39m
 [32m✓[39m [30m[45m main-process [49m[39m src/main/services/domain/workflow/subgraphs/practice/nodes/__tests__/gradeAnswer-node.test.ts[2m:73:5[22m[2m > [22mgradeAnswerNode[2m > [22mBasic Grading Functionality[2m > [22mgrades answer and provides feedback[32m 10[2mms[22m[39m
 [32m✓[39m [30m[45m main-process [49m[39m src/main/services/domain/workflow/subgraphs/practice/nodes/__tests__/gradeAnswer-node.test.ts[2m:112:5[22m[2m > [22mgradeAnswerNode[2m > [22mBasic Grading Functionality[2m > [22mclamps score to [0, 1] range[32m 13[2mms[22m[39m
 [32m✓[39m [30m[45m main-process [49m[39m src/main/services/domain/workflow/subgraphs/practice/nodes/__tests__/gradeAnswer-node.test.ts[2m:135:5[22m[2m > [22mgradeAnswerNode[2m > [22mBasic Grading Functionality[2m > [22mclamps negative scores to 0[32m 11[2mms[22m[39m
 [32m✓[39m [30m[45m main-process [49m[39m src/main/services/domain/workflow/subgraphs/practice/nodes/__tests__/gradeAnswer-node.test.ts[2m:160:5[22m[2m > [22mgradeAnswerNode[2m > [22mBasic Grading Functionality[2m > [22mhandles score parsing from different formats[32m 35[2mms[22m[39m
 [32m✓[39m [30m[45m main-process [49m[39m src/main/services/domain/workflow/subgraphs/practice/nodes/__tests__/gradeAnswer-node.test.ts[2m:193:5[22m[2m > [22mgradeAnswerNode[2m > [22mBasic Grading Functionality[2m > [22mhandles undefined score (defaults to 0.5)[32m 11[2mms[22m[39m
 [32m✓[39m [30m[45m main-process [49m[39m src/main/services/domain/workflow/subgraphs/practice/nodes/__tests__/gradeAnswer-node.test.ts[2m:218:5[22m[2m > [22mgradeAnswerNode[2m > [22mEmpty Answer Handling[2m > [22mhandles empty user answer gracefully[32m 12[2mms[22m[39m
 [32m✓[39m [30m[45m main-process [49m[39m src/main/services/domain/workflow/subgraphs/practice/nodes/__tests__/gradeAnswer-node.test.ts[2m:242:5[22m[2m > [22mgradeAnswerNode[2m > [22mEmpty Answer Handling[2m > [22mhandles whitespace-only user answer[32m 10[2mms[22m[39m
 [32m✓[39m [30m[45m main-process [49m[39m src/main/services/domain/workflow/subgraphs/practice/nodes/__tests__/gradeAnswer-node.test.ts[2m:262:5[22m[2m > [22mgradeAnswerNode[2m > [22mEmpty Answer Handling[2m > [22mhandles undefined user answer[32m 11[2mms[22m[39m
 [32m✓[39m [30m[45m main-process [49m[39m src/main/services/domain/workflow/subgraphs/practice/nodes/__tests__/gradeAnswer-node.test.ts[2m:284:5[22m[2m > [22mgradeAnswerNode[2m > [22mPractice Attempt Recording[2m > [22mrecords practice attempt with correct result classification[32m 59[2mms[22m[39m
 [32m✓[39m [30m[45m main-process [49m[39m src/main/services/domain/workflow/subgraphs/practice/nodes/__tests__/gradeAnswer-node.test.ts[2m:326:5[22m[2m > [22mgradeAnswerNode[2m > [22mPractice Attempt Recording[2m > [22mincludes task ID and timestamp in attempt record[32m 11[2mms[22m[39m
 [32m✓[39m [30m[45m main-process [49m[39m src/main/services/domain/workflow/subgraphs/practice/nodes/__tests__/gradeAnswer-node.test.ts[2m:350:5[22m[2m > [22mgradeAnswerNode[2m > [22mPractice Attempt Recording[2m > [22mpasses concept IDs to practice service (empty array placeholder)[32m 11[2mms[22m[39m
 [32m✓[39m [30m[45m main-process [49m[39m src/main/services/domain/workflow/subgraphs/practice/nodes/__tests__/gradeAnswer-node.test.ts[2m:375:5[22m[2m > [22mgradeAnswerNode[2m > [22mState Cleanup[2m > [22mclears practice state for next round[32m 12[2mms[22m[39m
 [32m✓[39m [30m[45m main-process [49m[39m src/main/services/domain/workflow/subgraphs/practice/nodes/__tests__/gradeAnswer-node.test.ts[2m:410:5[22m[2m > [22mgradeAnswerNode[2m > [22mState Cleanup[2m > [22mresets counters for fresh start[32m 11[2mms[22m[39m
 [32m✓[39m [30m[45m main-process [49m[39m src/main/services/domain/workflow/subgraphs/practice/nodes/__tests__/gradeAnswer-node.test.ts[2m:433:5[22m[2m > [22mgradeAnswerNode[2m > [22mState Cleanup[2m > [22mclears focus and related concepts[32m 11[2mms[22m[39m
 [32m✓[39m [30m[45m main-process [49m[39m src/main/services/domain/workflow/subgraphs/practice/nodes/__tests__/gradeAnswer-node.test.ts[2m:456:5[22m[2m > [22mgradeAnswerNode[2m > [22mFeedback Generation[2m > [22mstreams feedback via chunk emitter[32m 12[2mms[22m[39m
 [32m✓[39m [30m[45m main-process [49m[39m src/main/services/domain/workflow/subgraphs/practice/nodes/__tests__/gradeAnswer-node.test.ts[2m:498:5[22m[2m > [22mgradeAnswerNode[2m > [22mFeedback Generation[2m > [22mincludes encouraging feedback[32m 11[2mms[22m[39m
 [32m✓[39m [30m[45m main-process [49m[39m src/main/services/domain/workflow/subgraphs/practice/nodes/__tests__/gradeAnswer-node.test.ts[2m:521:5[22m[2m > [22mgradeAnswerNode[2m > [22mFeedback Generation[2m > [22mgenerates constructive feedback for poor answers[32m 11[2mms[22m[39m
 [32m✓[39m [30m[45m main-process [49m[39m src/main/services/domain/workflow/subgraphs/practice/nodes/__tests__/gradeAnswer-node.test.ts[2m:544:5[22m[2m > [22mgradeAnswerNode[2m > [22mFeedback Generation[2m > [22mhandles empty AI response[32m 12[2mms[22m[39m
 [32m✓[39m [30m[45m main-process [49m[39m src/main/services/domain/workflow/subgraphs/practice/nodes/__tests__/gradeAnswer-node.test.ts[2m:566:5[22m[2m > [22mgradeAnswerNode[2m > [22mFeedback Generation[2m > [22mhandles undefined AI response[32m 11[2mms[22m[39m
 [32m✓[39m [30m[45m main-process [49m[39m src/main/services/domain/workflow/subgraphs/practice/nodes/__tests__/gradeAnswer-node.test.ts[2m:590:5[22m[2m > [22mgradeAnswerNode[2m > [22mMastery Score[2m > [22mcalculates mastery from parsed score[32m 12[2mms[22m[39m
 [32m✓[39m [30m[45m main-process [49m[39m src/main/services/domain/workflow/subgraphs/practice/nodes/__tests__/gradeAnswer-node.test.ts[2m:613:5[22m[2m > [22mgradeAnswerNode[2m > [22mMastery Score[2m > [22mhandles perfect score (100%)[32m 13[2mms[22m[39m
 [32m✓[39m [30m[45m main-process [49m[39m src/main/services/domain/workflow/subgraphs/practice/nodes/__tests__/gradeAnswer-node.test.ts[2m:636:5[22m[2m > [22mgradeAnswerNode[2m > [22mMastery Score[2m > [22mhandles zero score[32m 10[2mms[22m[39m
 [32m✓[39m [30m[45m main-process [49m[39m src/main/services/domain/workflow/subgraphs/practice/nodes/__tests__/gradeAnswer-node.test.ts[2m:661:5[22m[2m > [22mgradeAnswerNode[2m > [22mAttempt Count[2m > [22mincrements attempt count[32m 11[2mms[22m[39m
 [32m✓[39m [30m[45m main-process [49m[39m src/main/services/domain/workflow/subgraphs/practice/nodes/__tests__/gradeAnswer-node.test.ts[2m:681:5[22m[2m > [22mgradeAnswerNode[2m > [22mAttempt Count[2m > [22mhandles undefined attempt count[32m 10[2mms[22m[39m
 [32m✓[39m [30m[45m main-process [49m[39m src/main/services/domain/workflow/subgraphs/practice/nodes/__tests__/gradeAnswer-node.test.ts[2m:701:5[22m[2m > [22mgradeAnswerNode[2m > [22mAttempt Count[2m > [22mincrements attempt count on empty answer[32m 12[2mms[22m[39m
 [32m✓[39m [30m[45m main-process [49m[39m src/main/services/domain/workflow/subgraphs/practice/nodes/__tests__/gradeAnswer-node.test.ts[2m:723:5[22m[2m > [22mgradeAnswerNode[2m > [22mQuestion and Context[2m > [22muses currentQuestion from practice state[32m 11[2mms[22m[39m
 [32m✓[39m [30m[45m main-process [49m[39m src/main/services/domain/workflow/subgraphs/practice/nodes/__tests__/gradeAnswer-node.test.ts[2m:745:5[22m[2m > [22mgradeAnswerNode[2m > [22mQuestion and Context[2m > [22mfalls back to practicePrompt when currentQuestion is empty[32m 11[2mms[22m[39m
 [32m✓[39m [30m[45m main-process [49m[39m src/main/services/domain/workflow/subgraphs/practice/nodes/__tests__/gradeAnswer-node.test.ts[2m:768:5[22m[2m > [22mgradeAnswerNode[2m > [22mQuestion and Context[2m > [22mincludes focus concepts in grading prompt[32m 12[2mms[22m[39m
 [32m✓[39m [30m[45m main-process [49m[39m src/main/services/domain/workflow/subgraphs/practice/nodes/__tests__/gradeAnswer-node.test.ts[2m:792:5[22m[2m > [22mgradeAnswerNode[2m > [22mLogging[2m > [22mlogs grading start[32m 11[2mms[22m[39m
 [32m✓[39m [30m[45m main-process [49m[39m src/main/services/domain/workflow/subgraphs/practice/nodes/__tests__/gradeAnswer-node.test.ts[2m:818:5[22m[2m > [22mgradeAnswerNode[2m > [22mLogging[2m > [22mlogs grading completion with metrics[32m 12[2mms[22m[39m
 [32m✓[39m [30m[45m main-process [49m[39m src/main/services/domain/workflow/subgraphs/practice/nodes/__tests__/gradeAnswer-node.test.ts[2m:849:5[22m[2m > [22mgradeAnswerNode[2m > [22mLogging[2m > [22mlogs with correct log levels[32m 13[2mms[22m[39m
 [32m✓[39m [30m[45m main-process [49m[39m src/main/services/domain/workflow/subgraphs/practice/nodes/__tests__/gradeAnswer-node.test.ts[2m:873:5[22m[2m > [22mgradeAnswerNode[2m > [22mMessage Content[2m > [22mreturns AIMessage with feedback content[32m 11[2mms[22m[39m
 [32m✓[39m [30m[45m main-process [49m[39m src/main/services/domain/workflow/subgraphs/practice/nodes/__tests__/gradeAnswer-node.test.ts[2m:895:5[22m[2m > [22mgradeAnswerNode[2m > [22mMessage Content[2m > [22mhandles long feedback messages[32m 11[2mms[22m[39m
 [32m✓[39m [30m[45m main-process [49m[39m src/main/services/domain/workflow/subgraphs/practice/nodes/__tests__/gradeAnswer-node.test.ts[2m:919:5[22m[2m > [22mgradeAnswerNode[2m > [22mError Handling[2m > [22mhandles provider factory errors[32m 12[2mms[22m[39m
 [32m✓[39m [30m[45m main-process [49m[39m src/main/services/domain/workflow/subgraphs/practice/nodes/__tests__/gradeAnswer-node.test.ts[2m:938:5[22m[2m > [22mgradeAnswerNode[2m > [22mError Handling[2m > [22mhandles AI model invoke errors[32m 11[2mms[22m[39m
 [32m✓[39m [30m[45m main-process [49m[39m src/main/services/domain/workflow/subgraphs/practice/nodes/__tests__/handleConversation-node.test.ts[2m:72:5[22m[2m > [22mhandleConversationNode[2m > [22mGive Up Scenarios[2m > [22mreveals answer and marks complete[32m 12[2mms[22m[39m
 [32m✓[39m [30m[45m main-process [49m[39m src/main/services/domain/workflow/subgraphs/practice/nodes/__tests__/handleConversation-node.test.ts[2m:94:5[22m[2m > [22mhandleConversationNode[2m > [22mGive Up Scenarios[2m > [22mprovides encouraging message when giving up[32m 14[2mms[22m[39m
 [32m✓[39m [30m[45m main-process [49m[39m src/main/services/domain/workflow/subgraphs/practice/nodes/__tests__/handleConversation-node.test.ts[2m:117:5[22m[2m > [22mhandleConversationNode[2m > [22mEdge Cases[2m > [22mhandles missing practice state[32m 12[2mms[22m[39m
 [32m✓[39m [30m[45m main-process [49m[39m src/main/services/domain/workflow/subgraphs/practice/nodes/__tests__/handleConversation-node.test.ts[2m:128:5[22m[2m > [22mhandleConversationNode[2m > [22mEdge Cases[2m > [22mhandles undefined user answer on give up[32m 11[2mms[22m[39m
 [32m✓[39m [30m[45m main-process [49m[39m src/main/services/domain/workflow/subgraphs/practice/nodes/__tests__/handleConversation-node.test.ts[2m:150:5[22m[2m > [22mhandleConversationNode[2m > [22mLogging[2m > [22mlogs give up scenario separately[32m 12[2mms[22m[39m
 [32m✓[39m [30m[45m main-process [49m[39m src/main/services/domain/workflow/subgraphs/practice/nodes/__tests__/handleConversation-node.test.ts[2m:194:5[22m[2m > [22mhandleConversationNode[2m > [22mStateGraph Integration Tests[2m > [22mexecutes give_up scenario through StateGraph[32m 14[2mms[22m[39m
 [32m✓[39m [30m[45m main-process [49m[39m src/main/services/domain/workflow/subgraphs/practice/nodes/__tests__/handleConversation-node.test.ts[2m:219:5[22m[2m > [22mhandleConversationNode[2m > [22mStateGraph Integration Tests[2m > [22mexecutes hint_request through StateGraph with streaming and resume[32m 14[2mms[22m[39m
 [32m✓[39m [30m[45m main-process [49m[39m src/main/services/domain/workflow/subgraphs/practice/nodes/__tests__/handleConversation-node.test.ts[2m:275:5[22m[2m > [22mhandleConversationNode[2m > [22mStateGraph Integration Tests[2m > [22mhandles max conversation turns with streaming interrupt[32m 15[2mms[22m[39m
 [32m✓[39m [30m[45m main-process [49m[39m src/main/services/domain/workflow/subgraphs/practice/nodes/__tests__/handleConversation-node.test.ts[2m:316:5[22m[2m > [22mhandleConversationNode[2m > [22mStateGraph Integration Tests[2m > [22mpreserves other state properties during graph execution[32m 16[2mms[22m[39m
 [32m✓[39m [30m[45m main-process [49m[39m src/main/services/domain/workflow/subgraphs/practice/nodes/__tests__/remediatePractice-node.test.ts[2m:72:5[22m[2m > [22mremediatePracticeNode[2m > [22mBasic Remediation Functionality[2m > [22mprovides targeted remediation based on knowledge gaps[32m 13[2mms[22m[39m
 [32m✓[39m [30m[45m main-process [49m[39m src/main/services/domain/workflow/subgraphs/practice/nodes/__tests__/remediatePractice-node.test.ts[2m:115:5[22m[2m > [22mremediatePracticeNode[2m > [22mBasic Remediation Functionality[2m > [22mincludes all context in remediation prompt[32m 10[2mms[22m[39m
 [32m✓[39m [30m[45m main-process [49m[39m src/main/services/domain/workflow/subgraphs/practice/nodes/__tests__/remediatePractice-node.test.ts[2m:145:5[22m[2m > [22mremediatePracticeNode[2m > [22mBasic Remediation Functionality[2m > [22mhandles different mastery levels[32m 47[2mms[22m[39m
 [32m✓[39m [30m[45m main-process [49m[39m src/main/services/domain/workflow/subgraphs/practice/nodes/__tests__/remediatePractice-node.test.ts[2m:175:5[22m[2m > [22mremediatePracticeNode[2m > [22mFocus Concept Extraction[2m > [22mextracts and uses focus concepts[32m 10[2mms[22m[39m
 [32m✓[39m [30m[45m main-process [49m[39m src/main/services/domain/workflow/subgraphs/practice/nodes/__tests__/remediatePractice-node.test.ts[2m:199:5[22m[2m > [22mremediatePracticeNode[2m > [22mFocus Concept Extraction[2m > [22madds related concepts when mastery is low (< 0.5)[32m 11[2mms[22m[39m
 [32m✓[39m [30m[45m main-process [49m[39m src/main/services/domain/workflow/subgraphs/practice/nodes/__tests__/remediatePractice-node.test.ts[2m:222:5[22m[2m > [22mremediatePracticeNode[2m > [22mFocus Concept Extraction[2m > [22mlimits related concepts to first 2 when mastery is low[32m 10[2mms[22m[39m
 [32m✓[39m [30m[45m main-process [49m[39m src/main/services/domain/workflow/subgraphs/practice/nodes/__tests__/remediatePractice-node.test.ts[2m:247:5[22m[2m > [22mremediatePracticeNode[2m > [22mFocus Concept Extraction[2m > [22mdoes not add related concepts when mastery is moderate or high[32m 13[2mms[22m[39m
 [32m✓[39m [30m[45m main-process [49m[39m src/main/services/domain/workflow/subgraphs/practice/nodes/__tests__/remediatePractice-node.test.ts[2m:269:5[22m[2m > [22mremediatePracticeNode[2m > [22mFocus Concept Extraction[2m > [22mextracts key terms from question when no focus concepts[32m 11[2mms[22m[39m
 [32m✓[39m [30m[45m main-process [49m[39m src/main/services/domain/workflow/subgraphs/practice/nodes/__tests__/remediatePractice-node.test.ts[2m:292:5[22m[2m > [22mremediatePracticeNode[2m > [22mFocus Concept Extraction[2m > [22mfilters out short words when extracting from question[32m 11[2mms[22m[39m
 [32m✓[39m [30m[45m main-process [49m[39m src/main/services/domain/workflow/subgraphs/practice/nodes/__tests__/remediatePractice-node.test.ts[2m:316:5[22m[2m > [22mremediatePracticeNode[2m > [22mFocus Concept Extraction[2m > [22mlimits extracted terms to 3 words[32m 12[2mms[22m[39m
 [32m✓[39m [30m[45m main-process [49m[39m src/main/services/domain/workflow/subgraphs/practice/nodes/__tests__/remediatePractice-node.test.ts[2m:343:5[22m[2m > [22mremediatePracticeNode[2m > [22mRemediation Prompt Generation[2m > [22mincludes topic in prompt[32m 12[2mms[22m[39m
 [32m✓[39m [30m[45m main-process [49m[39m src/main/services/domain/workflow/subgraphs/practice/nodes/__tests__/remediatePractice-node.test.ts[2m:366:5[22m[2m > [22mremediatePracticeNode[2m > [22mRemediation Prompt Generation[2m > [22mincludes mastery percentage[32m 11[2mms[22m[39m
 [32m✓[39m [30m[45m main-process [49m[39m src/main/services/domain/workflow/subgraphs/practice/nodes/__tests__/remediatePractice-node.test.ts[2m:389:5[22m[2m > [22mremediatePracticeNode[2m > [22mRemediation Prompt Generation[2m > [22mincludes failure streak[32m 13[2mms[22m[39m
 [32m✓[39m [30m[45m main-process [49m[39m src/main/services/domain/workflow/subgraphs/practice/nodes/__tests__/remediatePractice-node.test.ts[2m:412:5[22m[2m > [22mremediatePracticeNode[2m > [22mRemediation Prompt Generation[2m > [22mincludes knowledge gaps[32m 11[2mms[22m[39m
 [32m✓[39m [30m[45m main-process [49m[39m src/main/services/domain/workflow/subgraphs/practice/nodes/__tests__/remediatePractice-node.test.ts[2m:435:5[22m[2m > [22mremediatePracticeNode[2m > [22mRemediation Prompt Generation[2m > [22mincludes hints used[32m 10[2mms[22m[39m
 [32m✓[39m [30m[45m main-process [49m[39m src/main/services/domain/workflow/subgraphs/practice/nodes/__tests__/remediatePractice-node.test.ts[2m:459:5[22m[2m > [22mremediatePracticeNode[2m > [22mRemediation Prompt Generation[2m > [22mhandles empty focus concepts in prompt[32m 12[2mms[22m[39m
 [32m✓[39m [30m[45m main-process [49m[39m src/main/services/domain/workflow/subgraphs/practice/nodes/__tests__/remediatePractice-node.test.ts[2m:485:5[22m[2m > [22mremediatePracticeNode[2m > [22mState Updates[2m > [22mclears needsRemediation flag[32m 11[2mms[22m[39m
 [32m✓[39m [30m[45m main-process [49m[39m src/main/services/domain/workflow/subgraphs/practice/nodes/__tests__/remediatePractice-node.test.ts[2m:505:5[22m[2m > [22mremediatePracticeNode[2m > [22mState Updates[2m > [22mresets hintsGiven counter[32m 10[2mms[22m[39m
 [32m✓[39m [30m[45m main-process [49m[39m src/main/services/domain/workflow/subgraphs/practice/nodes/__tests__/remediatePractice-node.test.ts[2m:526:5[22m[2m > [22mremediatePracticeNode[2m > [22mState Updates[2m > [22mresets conversationTurns counter[32m 12[2mms[22m[39m
 [32m✓[39m [30m[45m main-process [49m[39m src/main/services/domain/workflow/subgraphs/practice/nodes/__tests__/remediatePractice-node.test.ts[2m:547:5[22m[2m > [22mremediatePracticeNode[2m > [22mState Updates[2m > [22mkeeps focus concepts for next question[32m 11[2mms[22m[39m
 [32m✓[39m [30m[45m main-process [49m[39m src/main/services/domain/workflow/subgraphs/practice/nodes/__tests__/remediatePractice-node.test.ts[2m:568:5[22m[2m > [22mremediatePracticeNode[2m > [22mState Updates[2m > [22mupdates focus concepts with extracted ones[32m 12[2mms[22m[39m
 [32m✓[39m [30m[45m main-process [49m[39m src/main/services/domain/workflow/subgraphs/practice/nodes/__tests__/remediatePractice-node.test.ts[2m:590:5[22m[2m > [22mremediatePracticeNode[2m > [22mState Updates[2m > [22mpreserves other practice state fields[32m 11[2mms[22m[39m
 [32m✓[39m [30m[45m main-process [49m[39m src/main/services/domain/workflow/subgraphs/practice/nodes/__tests__/remediatePractice-node.test.ts[2m:618:5[22m[2m > [22mremediatePracticeNode[2m > [22mChunk Streaming[2m > [22mstreams remediation message via chunk emitter[32m 11[2mms[22m[39m
 [32m✓[39m [30m[45m main-process [49m[39m src/main/services/domain/workflow/subgraphs/practice/nodes/__tests__/remediatePractice-node.test.ts[2m:654:5[22m[2m > [22mremediatePracticeNode[2m > [22mChunk Streaming[2m > [22mgenerates unique message IDs[32m 10[2mms[22m[39m
 [32m✓[39m [30m[45m main-process [49m[39m src/main/services/domain/workflow/subgraphs/practice/nodes/__tests__/remediatePractice-node.test.ts[2m:681:5[22m[2m > [22mremediatePracticeNode[2m > [22mChunk Streaming[2m > [22mstreams complete remediation content[32m 9[2mms[22m[39m
 [32m✓[39m [30m[45m main-process [49m[39m src/main/services/domain/workflow/subgraphs/practice/nodes/__tests__/remediatePractice-node.test.ts[2m:711:5[22m[2m > [22mremediatePracticeNode[2m > [22mMessage Content[2m > [22mreturns AIMessage with remediation content[32m 11[2mms[22m[39m
 [32m✓[39m [30m[45m main-process [49m[39m src/main/services/domain/workflow/subgraphs/practice/nodes/__tests__/remediatePractice-node.test.ts[2m:734:5[22m[2m > [22mremediatePracticeNode[2m > [22mMessage Content[2m > [22mhandles empty AI response[32m 10[2mms[22m[39m
 [32m✓[39m [30m[45m main-process [49m[39m src/main/services/domain/workflow/subgraphs/practice/nodes/__tests__/remediatePractice-node.test.ts[2m:756:5[22m[2m > [22mremediatePracticeNode[2m > [22mMessage Content[2m > [22mhandles undefined AI response[32m 10[2mms[22m[39m
 [32m✓[39m [30m[45m main-process [49m[39m src/main/services/domain/workflow/subgraphs/practice/nodes/__tests__/remediatePractice-node.test.ts[2m:780:5[22m[2m > [22mremediatePracticeNode[2m > [22mLogging[2m > [22mlogs remediation start[32m 14[2mms[22m[39m
 [32m✓[39m [30m[45m main-process [49m[39m src/main/services/domain/workflow/subgraphs/practice/nodes/__tests__/remediatePractice-node.test.ts[2m:808:5[22m[2m > [22mremediatePracticeNode[2m > [22mLogging[2m > [22mlogs remediation delivery[32m 11[2mms[22m[39m
 [32m✓[39m [30m[45m main-process [49m[39m src/main/services/domain/workflow/subgraphs/practice/nodes/__tests__/remediatePractice-node.test.ts[2m:835:5[22m[2m > [22mremediatePracticeNode[2m > [22mLogging[2m > [22mlogs with correct log level[32m 10[2mms[22m[39m
 [32m✓[39m [30m[45m main-process [49m[39m src/main/services/domain/workflow/subgraphs/practice/nodes/__tests__/remediatePractice-node.test.ts[2m:859:5[22m[2m > [22mremediatePracticeNode[2m > [22mEdge Cases[2m > [22mhandles zero mastery[32m 12[2mms[22m[39m
 [32m✓[39m [30m[45m main-process [49m[39m src/main/services/domain/workflow/subgraphs/practice/nodes/__tests__/remediatePractice-node.test.ts[2m:882:5[22m[2m > [22mremediatePracticeNode[2m > [22mEdge Cases[2m > [22mhandles perfect mastery (edge case)[32m 11[2mms[22m[39m
 [32m✓[39m [30m[45m main-process [49m[39m src/main/services/domain/workflow/subgraphs/practice/nodes/__tests__/remediatePractice-node.test.ts[2m:905:5[22m[2m > [22mremediatePracticeNode[2m > [22mEdge Cases[2m > [22mhandles zero failure streak[32m 11[2mms[22m[39m
 [32m✓[39m [30m[45m main-process [49m[39m src/main/services/domain/workflow/subgraphs/practice/nodes/__tests__/remediatePractice-node.test.ts[2m:928:5[22m[2m > [22mremediatePracticeNode[2m > [22mEdge Cases[2m > [22mhandles very high failure streak[32m 10[2mms[22m[39m
 [32m✓[39m [30m[45m main-process [49m[39m src/main/services/domain/workflow/subgraphs/practice/nodes/__tests__/remediatePractice-node.test.ts[2m:951:5[22m[2m > [22mremediatePracticeNode[2m > [22mEdge Cases[2m > [22mhandles empty topic[32m 12[2mms[22m[39m
 [32m✓[39m [30m[45m main-process [49m[39m src/main/services/domain/workflow/subgraphs/practice/nodes/__tests__/remediatePractice-node.test.ts[2m:971:5[22m[2m > [22mremediatePracticeNode[2m > [22mEdge Cases[2m > [22mhandles empty current question[32m 11[2mms[22m[39m
 [32m✓[39m [30m[45m main-process [49m[39m src/main/services/domain/workflow/subgraphs/practice/nodes/__tests__/remediatePractice-node.test.ts[2m:992:5[22m[2m > [22mremediatePracticeNode[2m > [22mEdge Cases[2m > [22mhandles undefined practice state[32m 10[2mms[22m[39m
 [32m✓[39m [30m[45m main-process [49m[39m src/main/services/domain/workflow/subgraphs/practice/nodes/__tests__/remediatePractice-node.test.ts[2m:1006:5[22m[2m > [22mremediatePracticeNode[2m > [22mDifferent Teaching Approaches[2m > [22mgenerates alternative explanations[32m 12[2mms[22m[39m
 [32m✓[39m [30m[45m main-process [49m[39m src/main/services/domain/workflow/subgraphs/practice/nodes/__tests__/remediatePractice-node.test.ts[2m:1027:5[22m[2m > [22mremediatePracticeNode[2m > [22mDifferent Teaching Approaches[2m > [22mhandles remediation for different topics[32m 37[2mms[22m[39m
 [32m✓[39m [30m[45m main-process [49m[39m src/main/services/domain/workflow/subgraphs/practice/nodes/__tests__/remediatePractice-node.test.ts[2m:1057:5[22m[2m > [22mremediatePracticeNode[2m > [22mError Handling[2m > [22mhandles provider factory errors[32m 10[2mms[22m[39m
 [32m✓[39m [30m[45m main-process [49m[39m src/main/services/domain/workflow/subgraphs/practice/nodes/__tests__/remediatePractice-node.test.ts[2m:1077:5[22m[2m > [22mremediatePracticeNode[2m > [22mError Handling[2m > [22mhandles AI model invoke errors[32m 10[2mms[22m[39m

[31m⎯⎯⎯⎯⎯⎯⎯[39m[1m[41m Failed Tests 1 [49m[22m[31m⎯⎯⎯⎯⎯⎯⎯[39m

[41m[1m FAIL [22m[49m [30m[45m main-process [49m[39m src/main/services/domain/workflow/subgraphs/practice/nodes/__tests__/circuitBreaker.test.ts[2m:153:5[22m[2m > [22mcircuitBreakerNode[2m > [22mBasic Functionality[2m > [22mstreams message via emitter
[31m[1mAssertionError[22m: expected "vi.fn()" to be called 1 times, but got 0 times[39m
[36m [2m❯[22m src/main/services/domain/workflow/subgraphs/practice/nodes/__tests__/circuitBreaker.test.ts:[2m171:37[22m[39m
    [90m169| [39m
    [90m170| [39m      [90m// Verify chunk streaming[39m
    [90m171| [39m      [34mexpect[39m(mockEmitter[33m.[39mtextStart)[33m.[39m[34mtoHaveBeenCalledTimes[39m([34m1[39m)[33m;[39m
    [90m   | [39m                                    [31m^[39m
    [90m172| [39m      [34mexpect[39m(mockEmitter[33m.[39mtextDelta)[33m.[39m[34mtoHaveBeenCalledTimes[39m([34m1[39m)[33m;[39m
    [90m173| [39m      [34mexpect[39m(mockEmitter[33m.[39mtextEnd)[33m.[39m[34mtoHaveBeenCalledTimes[39m([34m1[39m)[33m;[39m

[31m[2m⎯⎯⎯⎯⎯⎯⎯⎯⎯⎯⎯⎯⎯⎯⎯⎯⎯⎯⎯⎯⎯⎯⎯⎯[1/1]⎯[22m[39m


[2m Test Files [22m [1m[31m1 failed[39m[22m[2m | [22m[1m[32m85 passed[39m[22m[2m | [22m[33m3 skipped[39m[90m (89)[39m
[2m      Tests [22m [1m[31m1 failed[39m[22m[2m | [22m[1m[32m1075 passed[39m[22m[2m | [22m[33m18 skipped[39m[90m (1094)[39m
[2m   Start at [22m 00:53:35
[2m   Duration [22m 29.98s[2m (transform 1.73s, setup 230ms, import 3.38s, tests 8.13s, environment 0ms)[22m

JSON report written to D:/Projects/learning_catalyst/test-results/main-process/results.json
[1m[7m[35m HTML [39m[27m[22m [35mReport is generated[39m
[2m       You can run [22m[1mnpx vite preview --outDir test-results/main-process[22m[2m to see the test results.[22m

> learning-catalyst-desktop@1.0.0 test:renderer
> vitest --config vitest.renderer.config.ts --run

[1m[43m DEPRECATED [49m[22m [33m`test.poolOptions` was removed in Vitest 4. All previous `poolOptions` are now top-level options. Please, refer to the migration guide: https://vitest.dev/guide/migration#pool-rework[39m

[1m[46m RUN [49m[22m [36mv4.0.16 [39m[90mD:/Projects/learning_catalyst[39m

 [32m✓[39m [30m[46m renderer-thread [49m[39m src/renderer/services/concept-parsing/__tests__/concept-parsing-service.success.test.ts[2m > [22mconcept-parsing-service happy paths[2m > [22mparses valid content[32m 10[2mms[22m[39m
 [32m✓[39m [30m[46m renderer-thread [49m[39m src/renderer/services/chat/__tests__/chat-service.test.ts[2m > [22mchat-service[2m > [22mrequires session id for sendMessage[32m 4[2mms[22m[39m
 [31m×[39m [30m[46m renderer-thread [49m[39m src/renderer/services/chat/__tests__/chat-service.test.ts[2m > [22mchat-service[2m > [22msends message and maps response[32m 8[2mms[22m[39m
[31m   → apiClient.catalyst.sendChat is not a function[39m
 [31m×[39m [30m[46m renderer-thread [49m[39m src/renderer/services/chat/__tests__/chat-service.test.ts[2m > [22mchat-service[2m > [22mstreams messages and aggregates content[32m 2[2mms[22m[39m
[31m   → Cannot read properties of undefined (reading 'stream')[39m
 [32m✓[39m [30m[46m renderer-thread [49m[39m src/renderer/services/chat/__tests__/chat-service.test.ts[2m > [22mchat-service[2m > [22mthrows when onChunk missing[32m 1[2mms[22m[39m
 [31m×[39m [30m[46m renderer-thread [49m[39m src/renderer/services/chat/__tests__/chat-service.test.ts[2m > [22mchat-service[2m > [22mcheckPracticeOpportunity throws on failure[32m 10[2mms[22m[39m
[31m   → promise resolved "{ hasOpportunity: false, …(4) }" instead of rejecting[39m
 [32m✓[39m [30m[46m renderer-thread [49m[39m src/renderer/services/chat/__tests__/chat-service.test.ts[2m > [22mchat-service[2m > [22msession helpers map responses[32m 2[2mms[22m[39m
 [32m✓[39m [30m[46m renderer-thread [49m[39m src/renderer/services/chat/__tests__/chat-service.test.ts[2m > [22mchat-service[2m > [22mlists agents and cancels execution[32m 1[2mms[22m[39m
 [31m×[39m [30m[46m renderer-thread [49m[39m src/renderer/services/chat/__tests__/chat-service.test.ts[2m > [22mchat-service[2m > [22mhandles event-driven streaming with callbacks[32m 2[2mms[22m[39m
[31m   → Cannot read properties of undefined (reading 'stream')[39m
 [31m×[39m [30m[46m renderer-thread [49m[39m src/renderer/services/chat/__tests__/chat-service.test.ts[2m > [22mchat-service[2m > [22mthrows when streaming start fails[32m 2[2mms[22m[39m
[31m   → expected [Function] to throw error matching /start failed|Failed to start streaming/ but got 'Cannot read properties of undefined (…'[39m
 [31m×[39m [30m[46m renderer-thread [49m[39m src/renderer/services/chat/__tests__/chat-service.test.ts[2m > [22mchat-service[2m > [22mrejects on streaming error event[32m 2[2mms[22m[39m
[31m   → expected [Function] to throw error matching /oops/ but got 'Cannot read properties of undefined (…'[39m
 [31m×[39m [30m[46m renderer-thread [49m[39m src/renderer/services/chat/__tests__/chat-service.test.ts[2m > [22mchat-service[2m > [22mcancelStream resolves with aggregated content and calls API[32m 1[2mms[22m[39m
[31m   → Cannot read properties of undefined (reading 'stream')[39m
 [32m✓[39m [30m[46m renderer-thread [49m[39m src/renderer/services/chat/__tests__/chat-service.test.ts[2m > [22mchat-service[2m > [22msendMessage throws on invalid content[32m 1[2mms[22m[39m
 [31m×[39m [30m[46m renderer-thread [49m[39m src/renderer/services/chat/__tests__/chat-service.test.ts[2m > [22mchat-service[2m > [22msendMessage throws when API fails[32m 1[2mms[22m[39m
[31m   → expected [Function] to throw error matching /fail/ but got 'apiClient.catalyst.sendChat is not a …'[39m
 [32m✓[39m [30m[46m renderer-thread [49m[39m src/renderer/services/chat/__tests__/chat-service.test.ts[2m > [22mchat-service[2m > [22msendMessageStream throws on invalid content[32m 0[2mms[22m[39m
 [32m✓[39m [30m[46m renderer-thread [49m[39m src/renderer/services/chat/__tests__/chat-service.test.ts[2m > [22mchat-service[2m > [22mgetAvailableAgents returns empty on failure[32m 1[2mms[22m[39m
 [32m✓[39m [30m[46m renderer-thread [49m[39m src/renderer/services/chat/__tests__/chat-service.test.ts[2m > [22mchat-service[2m > [22mgetProviderInfo returns defaults[32m 0[2mms[22m[39m
 [32m✓[39m [30m[46m renderer-thread [49m[39m src/renderer/services/chat/__tests__/chat-service.test.ts[2m > [22mchat-service[2m > [22mgetSession returns null on failure[32m 0[2mms[22m[39m
 [32m✓[39m [30m[46m renderer-thread [49m[39m src/renderer/services/chat/__tests__/chat-service.test.ts[2m > [22mchat-service[2m > [22mcreateSession returns null on failure[32m 0[2mms[22m[39m
 [31m×[39m [30m[46m renderer-thread [49m[39m src/renderer/services/chat/__tests__/chat-service.test.ts[2m > [22mchat-service[2m > [22mcheckPracticeOpportunity returns data on success[32m 2[2mms[22m[39m
[31m   → expected { hasOpportunity: false, …(4) } to deeply equal { hasOpportunity: true }[39m
 [31m×[39m [30m[46m renderer-thread [49m[39m src/renderer/services/chat/__tests__/resumeWorkflow.api.test.ts[2m > [22mResumeWorkflow API - Client Side[2m > [22mshould call IPC with correct parameters for skip action[32m 11[2mms[22m[39m
[31m   → expected "vi.fn()" to be called with arguments: [ { …(4) } ][90m

Number of calls: [1m0[22m
[31m[39m
 [31m×[39m [30m[46m renderer-thread [49m[39m src/renderer/services/chat/__tests__/resumeWorkflow.api.test.ts[2m > [22mResumeWorkflow API - Client Side[2m > [22mshould call IPC with correct parameters for resume_later action[32m 2[2mms[22m[39m
[31m   → expected "vi.fn()" to be called with arguments: [ { …(3) } ][90m

Number of calls: [1m0[22m
[31m[39m
 [31m×[39m [30m[46m renderer-thread [49m[39m src/renderer/services/chat/__tests__/resumeWorkflow.api.test.ts[2m > [22mResumeWorkflow API - Client Side[2m > [22mshould call IPC with correct parameters for answer action[32m 2[2mms[22m[39m
[31m   → expected "vi.fn()" to be called with arguments: [ { …(5) } ][90m

Number of calls: [1m0[22m
[31m[39m
 [31m×[39m [30m[46m renderer-thread [49m[39m src/renderer/services/chat/__tests__/resumeWorkflow.api.test.ts[2m > [22mResumeWorkflow API - Client Side[2m > [22mshould return success response when API returns success[32m 8[2mms[22m[39m
[31m   → expected { success: false, resumed: false } to deeply equal { success: true, resumed: true }[39m
 [31m×[39m [30m[46m renderer-thread [49m[39m src/renderer/services/chat/__tests__/resumeWorkflow.api.test.ts[2m > [22mResumeWorkflow API - Client Side[2m > [22mshould handle API errors gracefully[32m 6[2mms[22m[39m
[31m   → promise resolved "{ success: false, resumed: false }" instead of rejecting[39m
 [31m×[39m [30m[46m renderer-thread [49m[39m src/renderer/services/chat/__tests__/resumeWorkflow.api.test.ts[2m > [22mResumeWorkflow API - Client Side[2m > [22mshould handle API failure response[32m 3[2mms[22m[39m
[31m   → promise resolved "{ success: false, resumed: false }" instead of rejecting[39m
 [31m×[39m [30m[46m renderer-thread [49m[39m src/renderer/services/chat/__tests__/resumeWorkflow.api.test.ts[2m > [22mResumeWorkflow API - Client Side[2m > [22mshould throw error when required parameters missing[32m 2[2mms[22m[39m
[31m   → promise resolved "{ success: false, resumed: false }" instead of rejecting[39m
 [31m×[39m [30m[46m renderer-thread [49m[39m src/renderer/services/chat/__tests__/resumeWorkflow.api.test.ts[2m > [22mResumeWorkflow API - Client Side[2m > [22mshould throw error when action is invalid[32m 2[2mms[22m[39m
[31m   → promise resolved "{ success: false, resumed: false }" instead of rejecting[39m
 [32m✓[39m [30m[46m renderer-thread [49m[39m src/renderer/services/chat/__tests__/resumeWorkflow.api.test.ts[2m > [22mResumeWorkflow API - Type Safety[2m > [22mshould accept valid action types[32m 3[2mms[22m[39m
 [32m✓[39m [30m[46m renderer-thread [49m[39m src/renderer/services/chat/__tests__/resumeWorkflow.api.test.ts[2m > [22mResumeWorkflow API - Type Safety[2m > [22mshould require input parameter for answer action[32m 2[2mms[22m[39m
 [32m✓[39m [30m[46m renderer-thread [49m[39m src/renderer/services/chat/__tests__/resumeWorkflow.api.test.ts[2m > [22mResumeWorkflow API - Type Safety[2m > [22mshould accept optional questionId parameter[32m 2[2mms[22m[39m
 [31m×[39m [30m[46m renderer-thread [49m[39m src/renderer/services/chat/__tests__/resumeWorkflow.api.test.ts[2m > [22mResumeWorkflow API - Response Handling[2m > [22mshould return resumed: true for skip action[32m 3[2mms[22m[39m
[31m   → expected false to be true // Object.is equality[39m
 [32m✓[39m [30m[46m renderer-thread [49m[39m src/renderer/services/chat/__tests__/resumeWorkflow.api.test.ts[2m > [22mResumeWorkflow API - Response Handling[2m > [22mshould return resumed: false for resume_later action[32m 2[2mms[22m[39m
 [31m×[39m [30m[46m renderer-thread [49m[39m src/renderer/services/chat/__tests__/resumeWorkflow.api.test.ts[2m > [22mResumeWorkflow API - Response Handling[2m > [22mshould return resumed: true for answer action[32m 2[2mms[22m[39m
[31m   → expected false to be true // Object.is equality[39m
 [31m×[39m [30m[46m renderer-thread [49m[39m src/renderer/services/chat/__tests__/resumeWorkflow.api.test.ts[2m > [22mResumeWorkflow API - Integration Scenarios[2m > [22mshould handle complete skip workflow[32m 3[2mms[22m[39m
[31m   → expected false to be true // Object.is equality[39m
 [31m×[39m [30m[46m renderer-thread [49m[39m src/renderer/services/chat/__tests__/resumeWorkflow.api.test.ts[2m > [22mResumeWorkflow API - Integration Scenarios[2m > [22mshould handle complete resume_later workflow[32m 5[2mms[22m[39m
[31m   → expected false to be true // Object.is equality[39m
 [31m×[39m [30m[46m renderer-thread [49m[39m src/renderer/services/chat/__tests__/resumeWorkflow.api.test.ts[2m > [22mResumeWorkflow API - Integration Scenarios[2m > [22mshould handle network timeout[32m 5[2mms[22m[39m
[31m   → promise resolved "{ success: false, resumed: false }" instead of rejecting[39m
 [31m×[39m [30m[46m renderer-thread [49m[39m src/renderer/services/chat/__tests__/resumeWorkflow.api.test.ts[2m > [22mResumeWorkflow API - Integration Scenarios[2m > [22mshould handle invalid conversation ID[32m 3[2mms[22m[39m
[31m   → promise resolved "{ success: false, resumed: false }" instead of rejecting[39m
 [31m×[39m [30m[46m renderer-thread [49m[39m src/renderer/services/chat/__tests__/resumeWorkflow.api.test.ts[2m > [22mResumeWorkflow API - Integration Scenarios[2m > [22mshould handle invalid checkpoint ID[32m 3[2mms[22m[39m
[31m   → promise resolved "{ success: false, resumed: false }" instead of rejecting[39m
 [32m✓[39m [30m[46m renderer-thread [49m[39m src/renderer/services/chat/__tests__/resumeWorkflow.api.test.ts[2m > [22mResumeWorkflow API - Performance[2m > [22mshould complete skip action within reasonable time[32m 6[2mms[22m[39m
 [31m×[39m [30m[46m renderer-thread [49m[39m src/renderer/services/chat/__tests__/resumeWorkflow.api.test.ts[2m > [22mResumeWorkflow API - Performance[2m > [22mshould handle multiple concurrent requests[32m 5[2mms[22m[39m
[31m   → expected false to be true // Object.is equality[39m
 [32m✓[39m [30m[46m renderer-thread [49m[39m src/renderer/services/catalyst/__tests__/catalyst-service.success.test.ts[2m > [22mcatalyst-service success paths[2m > [22msends chat and returns message[32m 3[2mms[22m[39m
 [32m✓[39m [30m[46m renderer-thread [49m[39m src/renderer/services/catalyst/__tests__/catalyst-service.success.test.ts[2m > [22mcatalyst-service success paths[2m > [22mstreams chat and forwards chunks[32m 4[2mms[22m[39m
 [31m×[39m [30m[46m renderer-thread [49m[39m src/renderer/services/catalyst/__tests__/catalyst-service.success.test.ts[2m > [22mcatalyst-service success paths[2m > [22mlists agents successfully[32m 13[2mms[22m[39m
[31m   → expected false to be true // Object.is equality[39m
 [32m✓[39m [30m[46m renderer-thread [49m[39m src/renderer/services/catalyst/__tests__/catalyst-service.success.test.ts[2m > [22mcatalyst-service success paths[2m > [22mretrieves session by id[32m 1[2mms[22m[39m
 [31m×[39m [30m[46m renderer-thread [49m[39m src/renderer/services/catalyst/__tests__/catalyst-service.success.test.ts[2m > [22mcatalyst-service success paths[2m > [22mcancels execution and lists active executions[32m 1[2mms[22m[39m
[31m   → service.getActiveExecutions is not a function[39m
 [31m×[39m [30m[46m renderer-thread [49m[39m src/renderer/services/concept-parsing/__tests__/concept-parsing-service.success.test.ts[2m > [22mconcept-parsing-service happy paths[2m > [22mcompletes file parsing job with markdown files[33m 1061[2mms[22m[39m
[31m   → expected 'failed' to be 'completed' // Object.is equality

Ignored nodes: comments, script, style
[36m<html>[31m
  [36m<head />[31m
  [36m<body />[31m
[36m</html>[31m[39m
Error: [vitest] No "useChatService" export is defined on the "@/renderer/services/services-provider" mock. Did you forget to return it from "vi.mock"?
If you need to partially mock a module, you can use "importOriginal" helper inside:

    at VitestMocker.createError (file:///D:/Projects/learning_catalyst/node_modules/vitest/dist/chunks/startModuleRunner.DpqpB8k3.js:311:17)
    at Object.get (file:///D:/Projects/learning_catalyst/node_modules/vitest/dist/chunks/startModuleRunner.DpqpB8k3.js:384:16)
    at LocalProjectExplorer (D:/Projects/learning_catalyst/src/renderer/features/discovery/ui/LocalProjectExplorer.tsx:176:23)
    at renderWithHooks (D:\Projects\learning_catalyst\node_modules\react-dom\cjs\react-dom.development.js:15486:18)
    at mountIndeterminateComponent (D:\Projects\learning_catalyst\node_modules\react-dom\cjs\react-dom.development.js:20103:13)
    at beginWork (D:\Projects\learning_catalyst\node_modules\react-dom\cjs\react-dom.development.js:21626:16)
    at HTMLUnknownElement.callCallback (D:\Projects\learning_catalyst\node_modules\react-dom\cjs\react-dom.development.js:4164:14)
    at HTMLUnknownElement.callTheUserObjectsOperation (D:\Projects\learning_catalyst\node_modules\jsdom\lib\jsdom\living\generated\EventListener.js:26:30)
    at innerInvokeEventListeners (D:\Projects\learning_catalyst\node_modules\jsdom\lib\jsdom\living\events\EventTarget-impl.js:360:16)
    at invokeEventListeners (D:\Projects\learning_catalyst\node_modules\jsdom\lib\jsdom\living\events\EventTarget-impl.js:296:3)
Error: [vitest] No "useChatService" export is defined on the "@/renderer/services/services-provider" mock. Did you forget to return it from "vi.mock"?
If you need to partially mock a module, you can use "importOriginal" helper inside:

    at VitestMocker.createError (file:///D:/Projects/learning_catalyst/node_modules/vitest/dist/chunks/startModuleRunner.DpqpB8k3.js:311:17)
    at Object.get (file:///D:/Projects/learning_catalyst/node_modules/vitest/dist/chunks/startModuleRunner.DpqpB8k3.js:384:16)
    at LocalProjectExplorer (D:/Projects/learning_catalyst/src/renderer/features/discovery/ui/LocalProjectExplorer.tsx:176:23)
    at renderWithHooks (D:\Projects\learning_catalyst\node_modules\react-dom\cjs\react-dom.development.js:15486:18)
    at mountIndeterminateComponent (D:\Projects\learning_catalyst\node_modules\react-dom\cjs\react-dom.development.js:20103:13)
    at beginWork (D:\Projects\learning_catalyst\node_modules\react-dom\cjs\react-dom.development.js:21626:16)
    at HTMLUnknownElement.callCallback (D:\Projects\learning_catalyst\node_modules\react-dom\cjs\react-dom.development.js:4164:14)
    at HTMLUnknownElement.callTheUserObjectsOperation (D:\Projects\learning_catalyst\node_modules\jsdom\lib\jsdom\living\generated\EventListener.js:26:30)
    at innerInvokeEventListeners (D:\Projects\learning_catalyst\node_modules\jsdom\lib\jsdom\living\events\EventTarget-impl.js:360:16)
    at invokeEventListeners (D:\Projects\learning_catalyst\node_modules\jsdom\lib\jsdom\living\events\EventTarget-impl.js:296:3)
Error: [vitest] No "useChatService" export is defined on the "@/renderer/services/services-provider" mock. Did you forget to return it from "vi.mock"?
If you need to partially mock a module, you can use "importOriginal" helper inside:

    at VitestMocker.createError (file:///D:/Projects/learning_catalyst/node_modules/vitest/dist/chunks/startModuleRunner.DpqpB8k3.js:311:17)
    at Object.get (file:///D:/Projects/learning_catalyst/node_modules/vitest/dist/chunks/startModuleRunner.DpqpB8k3.js:384:16)
    at LocalProjectExplorer (D:/Projects/learning_catalyst/src/renderer/features/discovery/ui/LocalProjectExplorer.tsx:176:23)
    at renderWithHooks (D:\Projects\learning_catalyst\node_modules\react-dom\cjs\react-dom.development.js:15486:18)
    at mountIndeterminateComponent (D:\Projects\learning_catalyst\node_modules\react-dom\cjs\react-dom.development.js:20103:13)
    at beginWork (D:\Projects\learning_catalyst\node_modules\react-dom\cjs\react-dom.development.js:21626:16)
    at HTMLUnknownElement.callCallback (D:\Projects\learning_catalyst\node_modules\react-dom\cjs\react-dom.development.js:4164:14)
    at HTMLUnknownElement.callTheUserObjectsOperation (D:\Projects\learning_catalyst\node_modules\jsdom\lib\jsdom\living\generated\EventListener.js:26:30)
    at innerInvokeEventListeners (D:\Projects\learning_catalyst\node_modules\jsdom\lib\jsdom\living\events\EventTarget-impl.js:360:16)
    at invokeEventListeners (D:\Projects\learning_catalyst\node_modules\jsdom\lib\jsdom\living\events\EventTarget-impl.js:296:3)
Error: [vitest] No "useChatService" export is defined on the "@/renderer/services/services-provider" mock. Did you forget to return it from "vi.mock"?
If you need to partially mock a module, you can use "importOriginal" helper inside:

    at VitestMocker.createError (file:///D:/Projects/learning_catalyst/node_modules/vitest/dist/chunks/startModuleRunner.DpqpB8k3.js:311:17)
    at Object.get (file:///D:/Projects/learning_catalyst/node_modules/vitest/dist/chunks/startModuleRunner.DpqpB8k3.js:384:16)
    at LocalProjectExplorer (D:/Projects/learning_catalyst/src/renderer/features/discovery/ui/LocalProjectExplorer.tsx:176:23)
    at renderWithHooks (D:\Projects\learning_catalyst\node_modules\react-dom\cjs\react-dom.development.js:15486:18)
    at mountIndeterminateComponent (D:\Projects\learning_catalyst\node_modules\react-dom\cjs\react-dom.development.js:20103:13)
    at beginWork (D:\Projects\learning_catalyst\node_modules\react-dom\cjs\react-dom.development.js:21626:16)
    at HTMLUnknownElement.callCallback (D:\Projects\learning_catalyst\node_modules\react-dom\cjs\react-dom.development.js:4164:14)
    at HTMLUnknownElement.callTheUserObjectsOperation (D:\Projects\learning_catalyst\node_modules\jsdom\lib\jsdom\living\generated\EventListener.js:26:30)
    at innerInvokeEventListeners (D:\Projects\learning_catalyst\node_modules\jsdom\lib\jsdom\living\events\EventTarget-impl.js:360:16)
    at invokeEventListeners (D:\Projects\learning_catalyst\node_modules\jsdom\lib\jsdom\living\events\EventTarget-impl.js:296:3)
Error: [vitest] No "useChatService" export is defined on the "@/renderer/services/services-provider" mock. Did you forget to return it from "vi.mock"?
If you need to partially mock a module, you can use "importOriginal" helper inside:

    at VitestMocker.createError (file:///D:/Projects/learning_catalyst/node_modules/vitest/dist/chunks/startModuleRunner.DpqpB8k3.js:311:17)
    at Object.get (file:///D:/Projects/learning_catalyst/node_modules/vitest/dist/chunks/startModuleRunner.DpqpB8k3.js:384:16)
    at LocalProjectExplorer (D:/Projects/learning_catalyst/src/renderer/features/discovery/ui/LocalProjectExplorer.tsx:176:23)
    at renderWithHooks (D:\Projects\learning_catalyst\node_modules\react-dom\cjs\react-dom.development.js:15486:18)
    at mountIndeterminateComponent (D:\Projects\learning_catalyst\node_modules\react-dom\cjs\react-dom.development.js:20103:13)
    at beginWork (D:\Projects\learning_catalyst\node_modules\react-dom\cjs\react-dom.development.js:21626:16)
    at HTMLUnknownElement.callCallback (D:\Projects\learning_catalyst\node_modules\react-dom\cjs\react-dom.development.js:4164:14)
    at HTMLUnknownElement.callTheUserObjectsOperation (D:\Projects\learning_catalyst\node_modules\jsdom\lib\jsdom\living\generated\EventListener.js:26:30)
    at innerInvokeEventListeners (D:\Projects\learning_catalyst\node_modules\jsdom\lib\jsdom\living\events\EventTarget-impl.js:360:16)
    at invokeEventListeners (D:\Projects\learning_catalyst\node_modules\jsdom\lib\jsdom\living\events\EventTarget-impl.js:296:3)
Error: [vitest] No "useChatService" export is defined on the "@/renderer/services/services-provider" mock. Did you forget to return it from "vi.mock"?
If you need to partially mock a module, you can use "importOriginal" helper inside:

    at VitestMocker.createError (file:///D:/Projects/learning_catalyst/node_modules/vitest/dist/chunks/startModuleRunner.DpqpB8k3.js:311:17)
    at Object.get (file:///D:/Projects/learning_catalyst/node_modules/vitest/dist/chunks/startModuleRunner.DpqpB8k3.js:384:16)
    at LocalProjectExplorer (D:/Projects/learning_catalyst/src/renderer/features/discovery/ui/LocalProjectExplorer.tsx:176:23)
    at renderWithHooks (D:\Projects\learning_catalyst\node_modules\react-dom\cjs\react-dom.development.js:15486:18)
    at mountIndeterminateComponent (D:\Projects\learning_catalyst\node_modules\react-dom\cjs\react-dom.development.js:20103:13)
    at beginWork (D:\Projects\learning_catalyst\node_modules\react-dom\cjs\react-dom.development.js:21626:16)
    at HTMLUnknownElement.callCallback (D:\Projects\learning_catalyst\node_modules\react-dom\cjs\react-dom.development.js:4164:14)
    at HTMLUnknownElement.callTheUserObjectsOperation (D:\Projects\learning_catalyst\node_modules\jsdom\lib\jsdom\living\generated\EventListener.js:26:30)
    at innerInvokeEventListeners (D:\Projects\learning_catalyst\node_modules\jsdom\lib\jsdom\living\events\EventTarget-impl.js:360:16)
    at invokeEventListeners (D:\Projects\learning_catalyst\node_modules\jsdom\lib\jsdom\living\events\EventTarget-impl.js:296:3)
 [31m×[39m [30m[46m renderer-thread [49m[39m src/renderer/features/discovery/ui/__tests__/LocalProjectExplorer.error-toast.test.tsx[2m > [22mLocalProjectExplorer - error handling[2m > [22mshows error toast when parsing job fails[32m 39[2mms[22m[39m
[31m   → [vitest] No "useChatService" export is defined on the "@/renderer/services/services-provider" mock. Did you forget to return it from "vi.mock"?
If you need to partially mock a module, you can use "importOriginal" helper inside:
[39m
 [31m×[39m [30m[46m renderer-thread [49m[39m src/renderer/features/discovery/ui/__tests__/LocalProjectExplorer.error-toast.test.tsx[2m > [22mLocalProjectExplorer - error handling[2m > [22mshows success toast when parsing starts[32m 8[2mms[22m[39m
[31m   → [vitest] No "useChatService" export is defined on the "@/renderer/services/services-provider" mock. Did you forget to return it from "vi.mock"?
If you need to partially mock a module, you can use "importOriginal" helper inside:
[39m
 [31m×[39m [30m[46m renderer-thread [49m[39m src/renderer/features/discovery/ui/__tests__/LocalProjectExplorer.error-toast.test.tsx[2m > [22mLocalProjectExplorer - error handling[2m > [22mhandles job failure with empty error message[32m 6[2mms[22m[39m
[31m   → [vitest] No "useChatService" export is defined on the "@/renderer/services/services-provider" mock. Did you forget to return it from "vi.mock"?
If you need to partially mock a module, you can use "importOriginal" helper inside:
[39m
TypeError: Cannot read properties of undefined (reading 'isLoading')
    at AssistantIf (D:/Projects/learning_catalyst/src/renderer/widgets/layout/__tests__/title-generation-bug.test.tsx:59:20)
    at renderWithHooks (D:\Projects\learning_catalyst\node_modules\react-dom\cjs\react-dom.development.js:15486:18)
    at mountIndeterminateComponent (D:\Projects\learning_catalyst\node_modules\react-dom\cjs\react-dom.development.js:20103:13)
    at beginWork (D:\Projects\learning_catalyst\node_modules\react-dom\cjs\react-dom.development.js:21626:16)
    at HTMLUnknownElement.callCallback (D:\Projects\learning_catalyst\node_modules\react-dom\cjs\react-dom.development.js:4164:14)
    at HTMLUnknownElement.callTheUserObjectsOperation (D:\Projects\learning_catalyst\node_modules\jsdom\lib\jsdom\living\generated\EventListener.js:26:30)
    at innerInvokeEventListeners (D:\Projects\learning_catalyst\node_modules\jsdom\lib\jsdom\living\events\EventTarget-impl.js:360:16)
    at invokeEventListeners (D:\Projects\learning_catalyst\node_modules\jsdom\lib\jsdom\living\events\EventTarget-impl.js:296:3)
    at HTMLUnknownElementImpl._dispatch (D:\Projects\learning_catalyst\node_modules\jsdom\lib\jsdom\living\events\EventTarget-impl.js:243:9)
    at HTMLUnknownElementImpl.dispatchEvent (D:\Projects\learning_catalyst\node_modules\jsdom\lib\jsdom\living\events\EventTarget-impl.js:114:17)
 [32m✓[39m [30m[46m renderer-thread [49m[39m src/renderer/widgets/layout/__tests__/title-generation-bug.test.tsx[2m > [22m🚨 BUG: Title Generation and Persistence[2m > [22mTitle Generation Flow[2m > [22mshould generate AI title after first message is sent[32m 26[2mms[22m[39m
 [32m✓[39m [30m[46m renderer-thread [49m[39m src/renderer/widgets/layout/__tests__/title-generation-bug.test.tsx[2m > [22m🚨 BUG: Title Generation and Persistence[2m > [22mTitle Generation Flow[2m > [22mshould persist generated title to SQLite immediately[32m 8[2mms[22m[39m
 [32m✓[39m [30m[46m renderer-thread [49m[39m src/renderer/widgets/layout/__tests__/title-generation-bug.test.tsx[2m > [22m🚨 BUG: Title Generation and Persistence[2m > [22mTitle Generation Flow[2m > [22mshould show generated title in thread list immediately[32m 3[2mms[22m[39m
 [32m✓[39m [30m[46m renderer-thread [49m[39m src/renderer/widgets/layout/__tests__/title-generation-bug.test.tsx[2m > [22m🚨 BUG: Title Generation and Persistence[2m > [22mTitle Persistence After Reload[2m > [22mshould reload persisted title after page reload[32m 3[2mms[22m[39m
Error: [vitest] No "ServicesProvider" export is defined on the "@/renderer/services/services-provider" mock. Did you forget to return it from "vi.mock"?
If you need to partially mock a module, you can use "importOriginal" helper inside:

    at VitestMocker.createError (file:///D:/Projects/learning_catalyst/node_modules/vitest/dist/chunks/startModuleRunner.DpqpB8k3.js:311:17)
    at Object.get (file:///D:/Projects/learning_catalyst/node_modules/vitest/dist/chunks/startModuleRunner.DpqpB8k3.js:384:16)
    at Providers (D:/Projects/learning_catalyst/src/test/utils/test-providers.tsx:127:12)
    at renderWithHooks (D:\Projects\learning_catalyst\node_modules\react-dom\cjs\react-dom.development.js:15486:18)
    at mountIndeterminateComponent (D:\Projects\learning_catalyst\node_modules\react-dom\cjs\react-dom.development.js:20103:13)
    at beginWork (D:\Projects\learning_catalyst\node_modules\react-dom\cjs\react-dom.development.js:21626:16)
    at HTMLUnknownElement.callCallback (D:\Projects\learning_catalyst\node_modules\react-dom\cjs\react-dom.development.js:4164:14)
    at HTMLUnknownElement.callTheUserObjectsOperation (D:\Projects\learning_catalyst\node_modules\jsdom\lib\jsdom\living\generated\EventListener.js:26:30)
    at innerInvokeEventListeners (D:\Projects\learning_catalyst\node_modules\jsdom\lib\jsdom\living\events\EventTarget-impl.js:360:16)
    at invokeEventListeners (D:\Projects\learning_catalyst\node_modules\jsdom\lib\jsdom\living\events\EventTarget-impl.js:296:3)
TypeError: Cannot read properties of undefined (reading 'isLoading')
    at AssistantIf (D:/Projects/learning_catalyst/src/renderer/widgets/layout/__tests__/title-generation-bug.test.tsx:59:20)
    at renderWithHooks (D:\Projects\learning_catalyst\node_modules\react-dom\cjs\react-dom.development.js:15486:18)
    at mountIndeterminateComponent (D:\Projects\learning_catalyst\node_modules\react-dom\cjs\react-dom.development.js:20103:13)
    at beginWork (D:\Projects\learning_catalyst\node_modules\react-dom\cjs\react-dom.development.js:21626:16)
    at HTMLUnknownElement.callCallback (D:\Projects\learning_catalyst\node_modules\react-dom\cjs\react-dom.development.js:4164:14)
    at HTMLUnknownElement.callTheUserObjectsOperation (D:\Projects\learning_catalyst\node_modules\jsdom\lib\jsdom\living\generated\EventListener.js:26:30)
    at innerInvokeEventListeners (D:\Projects\learning_catalyst\node_modules\jsdom\lib\jsdom\living\events\EventTarget-impl.js:360:16)
    at invokeEventListeners (D:\Projects\learning_catalyst\node_modules\jsdom\lib\jsdom\living\events\EventTarget-impl.js:296:3)
    at HTMLUnknownElementImpl._dispatch (D:\Projects\learning_catalyst\node_modules\jsdom\lib\jsdom\living\events\EventTarget-impl.js:243:9)
    at HTMLUnknownElementImpl.dispatchEvent (D:\Projects\learning_catalyst\node_modules\jsdom\lib\jsdom\living\events\EventTarget-impl.js:114:17)
TypeError: Cannot read properties of undefined (reading 'isLoading')
    at AssistantIf (D:/Projects/learning_catalyst/src/renderer/widgets/layout/__tests__/title-generation-bug.test.tsx:59:20)
    at renderWithHooks (D:\Projects\learning_catalyst\node_modules\react-dom\cjs\react-dom.development.js:15486:18)
    at mountIndeterminateComponent (D:\Projects\learning_catalyst\node_modules\react-dom\cjs\react-dom.development.js:20103:13)
    at beginWork (D:\Projects\learning_catalyst\node_modules\react-dom\cjs\react-dom.development.js:21626:16)
    at HTMLUnknownElement.callCallback (D:\Projects\learning_catalyst\node_modules\react-dom\cjs\react-dom.development.js:4164:14)
    at HTMLUnknownElement.callTheUserObjectsOperation (D:\Projects\learning_catalyst\node_modules\jsdom\lib\jsdom\living\generated\EventListener.js:26:30)
    at innerInvokeEventListeners (D:\Projects\learning_catalyst\node_modules\jsdom\lib\jsdom\living\events\EventTarget-impl.js:360:16)
    at invokeEventListeners (D:\Projects\learning_catalyst\node_modules\jsdom\lib\jsdom\living\events\EventTarget-impl.js:296:3)
    at HTMLUnknownElementImpl._dispatch (D:\Projects\learning_catalyst\node_modules\jsdom\lib\jsdom\living\events\EventTarget-impl.js:243:9)
    at HTMLUnknownElementImpl.dispatchEvent (D:\Projects\learning_catalyst\node_modules\jsdom\lib\jsdom\living\events\EventTarget-impl.js:114:17)
TypeError: Cannot read properties of undefined (reading 'isLoading')
    at AssistantIf (D:/Projects/learning_catalyst/src/renderer/widgets/layout/__tests__/title-generation-bug.test.tsx:59:20)
    at renderWithHooks (D:\Projects\learning_catalyst\node_modules\react-dom\cjs\react-dom.development.js:15486:18)
    at mountIndeterminateComponent (D:\Projects\learning_catalyst\node_modules\react-dom\cjs\react-dom.development.js:20103:13)
    at beginWork (D:\Projects\learning_catalyst\node_modules\react-dom\cjs\react-dom.development.js:21626:16)
    at HTMLUnknownElement.callCallback (D:\Projects\learning_catalyst\node_modules\react-dom\cjs\react-dom.development.js:4164:14)
    at HTMLUnknownElement.callTheUserObjectsOperation (D:\Projects\learning_catalyst\node_modules\jsdom\lib\jsdom\living\generated\EventListener.js:26:30)
    at innerInvokeEventListeners (D:\Projects\learning_catalyst\node_modules\jsdom\lib\jsdom\living\events\EventTarget-impl.js:360:16)
    at invokeEventListeners (D:\Projects\learning_catalyst\node_modules\jsdom\lib\jsdom\living\events\EventTarget-impl.js:296:3)
    at HTMLUnknownElementImpl._dispatch (D:\Projects\learning_catalyst\node_modules\jsdom\lib\jsdom\living\events\EventTarget-impl.js:243:9)
    at HTMLUnknownElementImpl.dispatchEvent (D:\Projects\learning_catalyst\node_modules\jsdom\lib\jsdom\living\events\EventTarget-impl.js:114:17)
TypeError: Cannot read properties of undefined (reading 'isLoading')
    at AssistantIf (D:/Projects/learning_catalyst/src/renderer/widgets/layout/__tests__/title-generation-bug.test.tsx:59:20)
    at renderWithHooks (D:\Projects\learning_catalyst\node_modules\react-dom\cjs\react-dom.development.js:15486:18)
    at mountIndeterminateComponent (D:\Projects\learning_catalyst\node_modules\react-dom\cjs\react-dom.development.js:20103:13)
    at beginWork (D:\Projects\learning_catalyst\node_modules\react-dom\cjs\react-dom.development.js:21626:16)
    at HTMLUnknownElement.callCallback (D:\Projects\learning_catalyst\node_modules\react-dom\cjs\react-dom.development.js:4164:14)
    at HTMLUnknownElement.callTheUserObjectsOperation (D:\Projects\learning_catalyst\node_modules\jsdom\lib\jsdom\living\generated\EventListener.js:26:30)
    at innerInvokeEventListeners (D:\Projects\learning_catalyst\node_modules\jsdom\lib\jsdom\living\events\EventTarget-impl.js:360:16)
    at invokeEventListeners (D:\Projects\learning_catalyst\node_modules\jsdom\lib\jsdom\living\events\EventTarget-impl.js:296:3)
    at HTMLUnknownElementImpl._dispatch (D:\Projects\learning_catalyst\node_modules\jsdom\lib\jsdom\living\events\EventTarget-impl.js:243:9)
    at HTMLUnknownElementImpl.dispatchEvent (D:\Projects\learning_catalyst\node_modules\jsdom\lib\jsdom\living\events\EventTarget-impl.js:114:17)
TypeError: Cannot read properties of undefined (reading 'isLoading')
    at AssistantIf (D:/Projects/learning_catalyst/src/renderer/widgets/layout/__tests__/title-generation-bug.test.tsx:59:20)
    at renderWithHooks (D:\Projects\learning_catalyst\node_modules\react-dom\cjs\react-dom.development.js:15486:18)
    at mountIndeterminateComponent (D:\Projects\learning_catalyst\node_modules\react-dom\cjs\react-dom.development.js:20103:13)
    at beginWork (D:\Projects\learning_catalyst\node_modules\react-dom\cjs\react-dom.development.js:21626:16)
    at HTMLUnknownElement.callCallback (D:\Projects\learning_catalyst\node_modules\react-dom\cjs\react-dom.development.js:4164:14)
    at HTMLUnknownElement.callTheUserObjectsOperation (D:\Projects\learning_catalyst\node_modules\jsdom\lib\jsdom\living\generated\EventListener.js:26:30)
    at innerInvokeEventListeners (D:\Projects\learning_catalyst\node_modules\jsdom\lib\jsdom\living\events\EventTarget-impl.js:360:16)
    at invokeEventListeners (D:\Projects\learning_catalyst\node_modules\jsdom\lib\jsdom\living\events\EventTarget-impl.js:296:3)
    at HTMLUnknownElementImpl._dispatch (D:\Projects\learning_catalyst\node_modules\jsdom\lib\jsdom\living\events\EventTarget-impl.js:243:9)
    at HTMLUnknownElementImpl.dispatchEvent (D:\Projects\learning_catalyst\node_modules\jsdom\lib\jsdom\living\events\EventTarget-impl.js:114:17)
TypeError: Cannot read properties of undefined (reading 'isLoading')
    at AssistantIf (D:/Projects/learning_catalyst/src/renderer/widgets/layout/__tests__/title-generation-bug.test.tsx:59:20)
    at renderWithHooks (D:\Projects\learning_catalyst\node_modules\react-dom\cjs\react-dom.development.js:15486:18)
    at mountIndeterminateComponent (D:\Projects\learning_catalyst\node_modules\react-dom\cjs\react-dom.development.js:20103:13)
    at beginWork (D:\Projects\learning_catalyst\node_modules\react-dom\cjs\react-dom.development.js:21626:16)
    at HTMLUnknownElement.callCallback (D:\Projects\learning_catalyst\node_modules\react-dom\cjs\react-dom.development.js:4164:14)
    at HTMLUnknownElement.callTheUserObjectsOperation (D:\Projects\learning_catalyst\node_modules\jsdom\lib\jsdom\living\generated\EventListener.js:26:30)
    at innerInvokeEventListeners (D:\Projects\learning_catalyst\node_modules\jsdom\lib\jsdom\living\events\EventTarget-impl.js:360:16)
    at invokeEventListeners (D:\Projects\learning_catalyst\node_modules\jsdom\lib\jsdom\living\events\EventTarget-impl.js:296:3)
    at HTMLUnknownElementImpl._dispatch (D:\Projects\learning_catalyst\node_modules\jsdom\lib\jsdom\living\events\EventTarget-impl.js:243:9)
    at HTMLUnknownElementImpl.dispatchEvent (D:\Projects\learning_catalyst\node_modules\jsdom\lib\jsdom\living\events\EventTarget-impl.js:114:17)
TypeError: Cannot read properties of undefined (reading 'isLoading')
    at AssistantIf (D:/Projects/learning_catalyst/src/renderer/widgets/layout/__tests__/title-generation-bug.test.tsx:59:20)
    at renderWithHooks (D:\Projects\learning_catalyst\node_modules\react-dom\cjs\react-dom.development.js:15486:18)
    at mountIndeterminateComponent (D:\Projects\learning_catalyst\node_modules\react-dom\cjs\react-dom.development.js:20103:13)
    at beginWork (D:\Projects\learning_catalyst\node_modules\react-dom\cjs\react-dom.development.js:21626:16)
    at HTMLUnknownElement.callCallback (D:\Projects\learning_catalyst\node_modules\react-dom\cjs\react-dom.development.js:4164:14)
    at HTMLUnknownElement.callTheUserObjectsOperation (D:\Projects\learning_catalyst\node_modules\jsdom\lib\jsdom\living\generated\EventListener.js:26:30)
    at innerInvokeEventListeners (D:\Projects\learning_catalyst\node_modules\jsdom\lib\jsdom\living\events\EventTarget-impl.js:360:16)
    at invokeEventListeners (D:\Projects\learning_catalyst\node_modules\jsdom\lib\jsdom\living\events\EventTarget-impl.js:296:3)
    at HTMLUnknownElementImpl._dispatch (D:\Projects\learning_catalyst\node_modules\jsdom\lib\jsdom\living\events\EventTarget-impl.js:243:9)
    at HTMLUnknownElementImpl.dispatchEvent (D:\Projects\learning_catalyst\node_modules\jsdom\lib\jsdom\living\events\EventTarget-impl.js:114:17)
 [31m×[39m [30m[46m renderer-thread [49m[39m src/renderer/widgets/layout/__tests__/bug-reproduction-suite.test.tsx[2m > [22m🚨 BUG REPRODUCTION: Real-World Scenarios[2m > [22mComplete User Journey: First Chat[2m > [22mshould: Start chat → Generate title → Reload → Title persists[32m 122[2mms[22m[39m
[31m   → expected "vi.fn()" to be called with arguments: [ 'How to learn React?' ][90m

Number of calls: [1m0[22m
[31m[39m
 [32m✓[39m [30m[46m renderer-thread [49m[39m src/renderer/widgets/layout/__tests__/bug-reproduction-suite.test.tsx[2m > [22m🚨 BUG REPRODUCTION: Real-World Scenarios[2m > [22mComplete User Journey: Switch Sessions[2m > [22mshould: Chat → Switch session → See full history → Continue chat[32m 15[2mms[22m[39m
 [31m×[39m [30m[46m renderer-thread [49m[39m src/renderer/widgets/layout/__tests__/bug-reproduction-suite.test.tsx[2m > [22m🚨 BUG REPRODUCTION: Real-World Scenarios[2m > [22mError Recovery Scenarios[2m > [22mshould: New chat fails → Show error → Retry → Success[32m 36[2mms[22m[39m
[31m   → expected "vi.fn()" to be called 2 times, but got 0 times[39m
 [31m×[39m [30m[46m renderer-thread [49m[39m src/renderer/widgets/layout/__tests__/bug-reproduction-suite.test.tsx[2m > [22m🚨 BUG REPRODUCTION: Real-World Scenarios[2m > [22mError Recovery Scenarios[2m > [22mshould: History load fails → Show error → User can still start new chat[32m 35[2mms[22m[39m
[31m   → expected "vi.fn()" to be called at least once[39m
 [31m×[39m [30m[46m renderer-thread [49m[39m src/renderer/widgets/layout/__tests__/bug-reproduction-suite.test.tsx[2m > [22m🚨 BUG REPRODUCTION: Real-World Scenarios[2m > [22mError Recovery Scenarios[2m > [22mshould: Title generation fails → Fallback to message preview[32m 2[2mms[22m[39m
[31m   → expected "vi.fn()" to be called with arguments: [ 'thread-123', 'New Chat' ][90m

Number of calls: [1m0[22m
[31m[39m
 [31m×[39m [30m[46m renderer-thread [49m[39m src/renderer/widgets/layout/__tests__/bug-reproduction-suite.test.tsx[2m > [22m🚨 BUG REPRODUCTION: Real-World Scenarios[2m > [22mMemory and Performance[2m > [22mshould handle 50+ sessions without memory leaks[32m 2[2mms[22m[39m
[31m   → Cannot read properties of undefined (reading 'threads')[39m
 [32m✓[39m [30m[46m renderer-thread [49m[39m src/renderer/widgets/layout/__tests__/bug-reproduction-suite.test.tsx[2m > [22m🚨 BUG REPRODUCTION: Real-World Scenarios[2m > [22mMemory and Performance[2m > [22mshould load large history (1000+ messages) efficiently[32m 2[2mms[22m[39m
Error: [vitest] No "ServicesProvider" export is defined on the "@/renderer/services/services-provider" mock. Did you forget to return it from "vi.mock"?
If you need to partially mock a module, you can use "importOriginal" helper inside:

    at VitestMocker.createError (file:///D:/Projects/learning_catalyst/node_modules/vitest/dist/chunks/startModuleRunner.DpqpB8k3.js:311:17)
    at Object.get (file:///D:/Projects/learning_catalyst/node_modules/vitest/dist/chunks/startModuleRunner.DpqpB8k3.js:384:16)
    at Providers (D:/Projects/learning_catalyst/src/test/utils/test-providers.tsx:127:12)
    at renderWithHooks (D:\Projects\learning_catalyst\node_modules\react-dom\cjs\react-dom.development.js:15486:18)
    at mountIndeterminateComponent (D:\Projects\learning_catalyst\node_modules\react-dom\cjs\react-dom.development.js:20103:13)
    at beginWork (D:\Projects\learning_catalyst\node_modules\react-dom\cjs\react-dom.development.js:21626:16)
    at HTMLUnknownElement.callCallback (D:\Projects\learning_catalyst\node_modules\react-dom\cjs\react-dom.development.js:4164:14)
    at HTMLUnknownElement.callTheUserObjectsOperation (D:\Projects\learning_catalyst\node_modules\jsdom\lib\jsdom\living\generated\EventListener.js:26:30)
    at innerInvokeEventListeners (D:\Projects\learning_catalyst\node_modules\jsdom\lib\jsdom\living\events\EventTarget-impl.js:360:16)
    at invokeEventListeners (D:\Projects\learning_catalyst\node_modules\jsdom\lib\jsdom\living\events\EventTarget-impl.js:296:3)
Error: [vitest] No "ServicesProvider" export is defined on the "@/renderer/services/services-provider" mock. Did you forget to return it from "vi.mock"?
If you need to partially mock a module, you can use "importOriginal" helper inside:

    at VitestMocker.createError (file:///D:/Projects/learning_catalyst/node_modules/vitest/dist/chunks/startModuleRunner.DpqpB8k3.js:311:17)
    at Object.get (file:///D:/Projects/learning_catalyst/node_modules/vitest/dist/chunks/startModuleRunner.DpqpB8k3.js:384:16)
    at Providers (D:/Projects/learning_catalyst/src/test/utils/test-providers.tsx:127:12)
    at renderWithHooks (D:\Projects\learning_catalyst\node_modules\react-dom\cjs\react-dom.development.js:15486:18)
    at mountIndeterminateComponent (D:\Projects\learning_catalyst\node_modules\react-dom\cjs\react-dom.development.js:20103:13)
    at beginWork (D:\Projects\learning_catalyst\node_modules\react-dom\cjs\react-dom.development.js:21626:16)
    at HTMLUnknownElement.callCallback (D:\Projects\learning_catalyst\node_modules\react-dom\cjs\react-dom.development.js:4164:14)
    at HTMLUnknownElement.callTheUserObjectsOperation (D:\Projects\learning_catalyst\node_modules\jsdom\lib\jsdom\living\generated\EventListener.js:26:30)
    at innerInvokeEventListeners (D:\Projects\learning_catalyst\node_modules\jsdom\lib\jsdom\living\events\EventTarget-impl.js:360:16)
    at invokeEventListeners (D:\Projects\learning_catalyst\node_modules\jsdom\lib\jsdom\living\events\EventTarget-impl.js:296:3)
Error: [vitest] No "ServicesProvider" export is defined on the "@/renderer/services/services-provider" mock. Did you forget to return it from "vi.mock"?
If you need to partially mock a module, you can use "importOriginal" helper inside:

    at VitestMocker.createError (file:///D:/Projects/learning_catalyst/node_modules/vitest/dist/chunks/startModuleRunner.DpqpB8k3.js:311:17)
    at Object.get (file:///D:/Projects/learning_catalyst/node_modules/vitest/dist/chunks/startModuleRunner.DpqpB8k3.js:384:16)
    at Providers (D:/Projects/learning_catalyst/src/test/utils/test-providers.tsx:127:12)
    at renderWithHooks (D:\Projects\learning_catalyst\node_modules\react-dom\cjs\react-dom.development.js:15486:18)
    at mountIndeterminateComponent (D:\Projects\learning_catalyst\node_modules\react-dom\cjs\react-dom.development.js:20103:13)
    at beginWork (D:\Projects\learning_catalyst\node_modules\react-dom\cjs\react-dom.development.js:21626:16)
    at HTMLUnknownElement.callCallback (D:\Projects\learning_catalyst\node_modules\react-dom\cjs\react-dom.development.js:4164:14)
    at HTMLUnknownElement.callTheUserObjectsOperation (D:\Projects\learning_catalyst\node_modules\jsdom\lib\jsdom\living\generated\EventListener.js:26:30)
    at innerInvokeEventListeners (D:\Projects\learning_catalyst\node_modules\jsdom\lib\jsdom\living\events\EventTarget-impl.js:360:16)
    at invokeEventListeners (D:\Projects\learning_catalyst\node_modules\jsdom\lib\jsdom\living\events\EventTarget-impl.js:296:3)
Error: [vitest] No "ServicesProvider" export is defined on the "@/renderer/services/services-provider" mock. Did you forget to return it from "vi.mock"?
If you need to partially mock a module, you can use "importOriginal" helper inside:

    at VitestMocker.createError (file:///D:/Projects/learning_catalyst/node_modules/vitest/dist/chunks/startModuleRunner.DpqpB8k3.js:311:17)
    at Object.get (file:///D:/Projects/learning_catalyst/node_modules/vitest/dist/chunks/startModuleRunner.DpqpB8k3.js:384:16)
    at Providers (D:/Projects/learning_catalyst/src/test/utils/test-providers.tsx:127:12)
    at renderWithHooks (D:\Projects\learning_catalyst\node_modules\react-dom\cjs\react-dom.development.js:15486:18)
    at mountIndeterminateComponent (D:\Projects\learning_catalyst\node_modules\react-dom\cjs\react-dom.development.js:20103:13)
    at beginWork (D:\Projects\learning_catalyst\node_modules\react-dom\cjs\react-dom.development.js:21626:16)
    at HTMLUnknownElement.callCallback (D:\Projects\learning_catalyst\node_modules\react-dom\cjs\react-dom.development.js:4164:14)
    at HTMLUnknownElement.callTheUserObjectsOperation (D:\Projects\learning_catalyst\node_modules\jsdom\lib\jsdom\living\generated\EventListener.js:26:30)
    at innerInvokeEventListeners (D:\Projects\learning_catalyst\node_modules\jsdom\lib\jsdom\living\events\EventTarget-impl.js:360:16)
    at invokeEventListeners (D:\Projects\learning_catalyst\node_modules\jsdom\lib\jsdom\living\events\EventTarget-impl.js:296:3)
Error: [vitest] No "ServicesProvider" export is defined on the "@/renderer/services/services-provider" mock. Did you forget to return it from "vi.mock"?
If you need to partially mock a module, you can use "importOriginal" helper inside:

    at VitestMocker.createError (file:///D:/Projects/learning_catalyst/node_modules/vitest/dist/chunks/startModuleRunner.DpqpB8k3.js:311:17)
    at Object.get (file:///D:/Projects/learning_catalyst/node_modules/vitest/dist/chunks/startModuleRunner.DpqpB8k3.js:384:16)
    at Providers (D:/Projects/learning_catalyst/src/test/utils/test-providers.tsx:127:12)
    at renderWithHooks (D:\Projects\learning_catalyst\node_modules\react-dom\cjs\react-dom.development.js:15486:18)
    at mountIndeterminateComponent (D:\Projects\learning_catalyst\node_modules\react-dom\cjs\react-dom.development.js:20103:13)
    at beginWork (D:\Projects\learning_catalyst\node_modules\react-dom\cjs\react-dom.development.js:21626:16)
    at HTMLUnknownElement.callCallback (D:\Projects\learning_catalyst\node_modules\react-dom\cjs\react-dom.development.js:4164:14)
    at HTMLUnknownElement.callTheUserObjectsOperation (D:\Projects\learning_catalyst\node_modules\jsdom\lib\jsdom\living\generated\EventListener.js:26:30)
    at innerInvokeEventListeners (D:\Projects\learning_catalyst\node_modules\jsdom\lib\jsdom\living\events\EventTarget-impl.js:360:16)
    at invokeEventListeners (D:\Projects\learning_catalyst\node_modules\jsdom\lib\jsdom\living\events\EventTarget-impl.js:296:3)
Error: [vitest] No "ServicesProvider" export is defined on the "@/renderer/services/services-provider" mock. Did you forget to return it from "vi.mock"?
If you need to partially mock a module, you can use "importOriginal" helper inside:

    at VitestMocker.createError (file:///D:/Projects/learning_catalyst/node_modules/vitest/dist/chunks/startModuleRunner.DpqpB8k3.js:311:17)
    at Object.get (file:///D:/Projects/learning_catalyst/node_modules/vitest/dist/chunks/startModuleRunner.DpqpB8k3.js:384:16)
    at Providers (D:/Projects/learning_catalyst/src/test/utils/test-providers.tsx:127:12)
    at renderWithHooks (D:\Projects\learning_catalyst\node_modules\react-dom\cjs\react-dom.development.js:15486:18)
    at mountIndeterminateComponent (D:\Projects\learning_catalyst\node_modules\react-dom\cjs\react-dom.development.js:20103:13)
    at beginWork (D:\Projects\learning_catalyst\node_modules\react-dom\cjs\react-dom.development.js:21626:16)
    at HTMLUnknownElement.callCallback (D:\Projects\learning_catalyst\node_modules\react-dom\cjs\react-dom.development.js:4164:14)
    at HTMLUnknownElement.callTheUserObjectsOperation (D:\Projects\learning_catalyst\node_modules\jsdom\lib\jsdom\living\generated\EventListener.js:26:30)
    at innerInvokeEventListeners (D:\Projects\learning_catalyst\node_modules\jsdom\lib\jsdom\living\events\EventTarget-impl.js:360:16)
    at invokeEventListeners (D:\Projects\learning_catalyst\node_modules\jsdom\lib\jsdom\living\events\EventTarget-impl.js:296:3)
Error: [vitest] No "ServicesProvider" export is defined on the "@/renderer/services/services-provider" mock. Did you forget to return it from "vi.mock"?
If you need to partially mock a module, you can use "importOriginal" helper inside:

    at VitestMocker.createError (file:///D:/Projects/learning_catalyst/node_modules/vitest/dist/chunks/startModuleRunner.DpqpB8k3.js:311:17)
    at Object.get (file:///D:/Projects/learning_catalyst/node_modules/vitest/dist/chunks/startModuleRunner.DpqpB8k3.js:384:16)
    at Providers (D:/Projects/learning_catalyst/src/test/utils/test-providers.tsx:127:12)
    at renderWithHooks (D:\Projects\learning_catalyst\node_modules\react-dom\cjs\react-dom.development.js:15486:18)
    at mountIndeterminateComponent (D:\Projects\learning_catalyst\node_modules\react-dom\cjs\react-dom.development.js:20103:13)
    at beginWork (D:\Projects\learning_catalyst\node_modules\react-dom\cjs\react-dom.development.js:21626:16)
    at HTMLUnknownElement.callCallback (D:\Projects\learning_catalyst\node_modules\react-dom\cjs\react-dom.development.js:4164:14)
    at HTMLUnknownElement.callTheUserObjectsOperation (D:\Projects\learning_catalyst\node_modules\jsdom\lib\jsdom\living\generated\EventListener.js:26:30)
    at innerInvokeEventListeners (D:\Projects\learning_catalyst\node_modules\jsdom\lib\jsdom\living\events\EventTarget-impl.js:360:16)
    at invokeEventListeners (D:\Projects\learning_catalyst\node_modules\jsdom\lib\jsdom\living\events\EventTarget-impl.js:296:3)
 [31m×[39m [30m[46m renderer-thread [49m[39m src/renderer/widgets/layout/__tests__/title-generation-bug.test.tsx[2m > [22m🚨 BUG: Title Generation and Persistence[2m > [22mTitle Persistence After Reload[2m > [22mshould show persisted title in sidebar after reload[32m 101[2mms[22m[39m
[31m   → Cannot read properties of undefined (reading 'isLoading')[39m
 [32m✓[39m [30m[46m renderer-thread [49m[39m src/renderer/widgets/layout/__tests__/title-generation-bug.test.tsx[2m > [22m🚨 BUG: Title Generation and Persistence[2m > [22mTitle Persistence After Reload[2m > [22mshould not lose title even after multiple reloads[32m 1[2mms[22m[39m
 [31m×[39m [30m[46m renderer-thread [49m[39m src/renderer/widgets/layout/__tests__/title-generation-bug.test.tsx[2m > [22m🚨 BUG: Title Generation and Persistence[2m > [22mTitle Generation Edge Cases[2m > [22mshould handle AI generation failure gracefully[32m 1[2mms[22m[39m
[31m   → mockElectronAPI.chat.generateTitle.mockRejectedValue is not a function[39m
 [31m×[39m [30m[46m renderer-thread [49m[39m src/renderer/widgets/layout/__tests__/title-generation-bug.test.tsx[2m > [22m🚨 BUG: Title Generation and Persistence[2m > [22mTitle Generation Edge Cases[2m > [22mshould handle empty AI response[32m 1[2mms[22m[39m
[31m   → mockElectronAPI.chat.generateTitle.mockResolvedValue is not a function[39m
 [31m×[39m [30m[46m renderer-thread [49m[39m src/renderer/widgets/layout/__tests__/title-generation-bug.test.tsx[2m > [22m🚨 BUG: Title Generation and Persistence[2m > [22mTitle Generation Edge Cases[2m > [22mshould handle null AI response[32m 2[2mms[22m[39m
[31m   → mockElectronAPI.chat.generateTitle.mockResolvedValue is not a function[39m
 [31m×[39m [30m[46m renderer-thread [49m[39m src/renderer/widgets/layout/__tests__/title-generation-bug.test.tsx[2m > [22m🚨 BUG: Title Generation and Persistence[2m > [22mTitle Generation Edge Cases[2m > [22mshould handle undefined AI response[32m 1[2mms[22m[39m
[31m   → mockElectronAPI.chat.generateTitle.mockResolvedValue is not a function[39m
 [31m×[39m [30m[46m renderer-thread [49m[39m src/renderer/widgets/layout/__tests__/title-generation-bug.test.tsx[2m > [22m🚨 BUG: Title Generation and Persistence[2m > [22mTitle Generation Edge Cases[2m > [22mshould handle long titles appropriately[32m 1[2mms[22m[39m
[31m   → mockElectronAPI.chat.generateTitle.mockResolvedValue is not a function[39m
 [32m✓[39m [30m[46m renderer-thread [49m[39m src/renderer/widgets/layout/__tests__/title-generation-bug.test.tsx[2m > [22m🚨 BUG: Title Generation and Persistence[2m > [22mTitle Update Propagation[2m > [22mshould update title when user manually renames[32m 1[2mms[22m[39m
 [32m✓[39m [30m[46m renderer-thread [49m[39m src/renderer/widgets/layout/__tests__/title-generation-bug.test.tsx[2m > [22m🚨 BUG: Title Generation and Persistence[2m > [22mTitle Update Propagation[2m > [22mshould reflect manual rename in thread list[32m 6[2mms[22m[39m
 [32m✓[39m [30m[46m renderer-thread [49m[39m src/renderer/widgets/layout/__tests__/title-generation-bug.test.tsx[2m > [22m🚨 BUG: Title Generation and Persistence[2m > [22mDefault Title Handling[2m > [22mshould handle "New Chat" when no user messages[32m 4[2mms[22m[39m
 [31m×[39m [30m[46m renderer-thread [49m[39m src/renderer/widgets/layout/__tests__/title-generation-bug.test.tsx[2m > [22m🚨 BUG: Title Generation and Persistence[2m > [22mDefault Title Handling[2m > [22mshould handle title generation when it fails[32m 10[2mms[22m[39m
[31m   → mockElectronAPI.chat.generateTitle.mockRejectedValue is not a function[39m
 [31m×[39m [30m[46m renderer-thread [49m[39m src/renderer/widgets/layout/__tests__/title-generation-bug.test.tsx[2m > [22m🚨 BUG: Title Generation and Persistence[2m > [22mThread List Integration[2m > [22mshould display title in thread list item[32m 14[2mms[22m[39m
[31m   → Cannot read properties of undefined (reading 'isLoading')[39m
 [32m✓[39m [30m[46m renderer-thread [49m[39m src/renderer/widgets/layout/__tests__/title-generation-bug.test.tsx[2m > [22m🚨 BUG: Title Generation and Persistence[2m > [22mThread List Integration[2m > [22mshould use topic as fallback when title is null[32m 1[2mms[22m[39m
 [32m✓[39m [30m[46m renderer-thread [49m[39m src/renderer/widgets/layout/__tests__/title-generation-bug.test.tsx[2m > [22m🚨 BUG: Title Generation and Persistence[2m > [22mThread List Integration[2m > [22mshould use "New Chat" when both title and topic are null[32m 1[2mms[22m[39m
 [31m×[39m [30m[46m renderer-thread [49m[39m src/renderer/features/config/ui/__tests__/AIProviderSettings.test.tsx[2m > [22mAIProviderSettings (current UI)[2m > [22mrenders sections and model types[32m 32[2mms[22m[39m
[31m   → [vitest] No "ServicesProvider" export is defined on the "@/renderer/services/services-provider" mock. Did you forget to return it from "vi.mock"?
If you need to partially mock a module, you can use "importOriginal" helper inside:
[39m
 [31m×[39m [30m[46m renderer-thread [49m[39m src/renderer/features/config/ui/__tests__/AIProviderSettings.test.tsx[2m > [22mAIProviderSettings (current UI)[2m > [22mvalidates provider and enables save[32m 9[2mms[22m[39m
[31m   → [vitest] No "ServicesProvider" export is defined on the "@/renderer/services/services-provider" mock. Did you forget to return it from "vi.mock"?
If you need to partially mock a module, you can use "importOriginal" helper inside:
[39m
 [31m×[39m [30m[46m renderer-thread [49m[39m src/renderer/features/config/ui/__tests__/AIProviderSettings.test.tsx[2m > [22mAIProviderSettings (current UI)[2m > [22mlists configured providers and allows fetching models[32m 7[2mms[22m[39m
[31m   → [vitest] No "ServicesProvider" export is defined on the "@/renderer/services/services-provider" mock. Did you forget to return it from "vi.mock"?
If you need to partially mock a module, you can use "importOriginal" helper inside:
[39m
 [31m×[39m [30m[46m renderer-thread [49m[39m src/renderer/features/config/ui/__tests__/AIProviderSettings.test.tsx[2m > [22mAIProviderSettings (current UI)[2m > [22memits onModelAssignmentChange when selecting model[32m 5[2mms[22m[39m
[31m   → [vitest] No "ServicesProvider" export is defined on the "@/renderer/services/services-provider" mock. Did you forget to return it from "vi.mock"?
If you need to partially mock a module, you can use "importOriginal" helper inside:
[39m
 [32m✓[39m [30m[46m renderer-thread [49m[39m src/renderer/widgets/layout/__tests__/bug-reproduction-suite.test.tsx[2m > [22m🚨 BUG REPRODUCTION: Real-World Scenarios[2m > [22mMemory and Performance[2m > [22mshould not accumulate memory when switching between sessions rapidly[32m 2[2mms[22m[39m
 [32m✓[39m [30m[46m renderer-thread [49m[39m src/renderer/widgets/layout/__tests__/bug-reproduction-suite.test.tsx[2m > [22m🚨 BUG REPRODUCTION: Real-World Scenarios[2m > [22mData Consistency[2m > [22mshould maintain message order across session switches[32m 1[2mms[22m[39m
 [31m×[39m [30m[46m renderer-thread [49m[39m src/renderer/widgets/layout/__tests__/bug-reproduction-suite.test.tsx[2m > [22m🚨 BUG REPRODUCTION: Real-World Scenarios[2m > [22mData Consistency[2m > [22mshould sync title between session list and individual session[32m 15[2mms[22m[39m
[31m   → Cannot read properties of undefined (reading 'threads')[39m
 [32m✓[39m [30m[46m renderer-thread [49m[39m src/renderer/widgets/layout/__tests__/bug-reproduction-suite.test.tsx[2m > [22m🚨 BUG REPRODUCTION: Real-World Scenarios[2m > [22mData Consistency[2m > [22mshould persist checkpoint changes immediately[32m 2[2mms[22m[39m
 [32m✓[39m [30m[46m renderer-thread [49m[39m src/renderer/widgets/layout/__tests__/bug-reproduction-suite.test.tsx[2m > [22m🚨 BUG REPRODUCTION: Real-World Scenarios[2m > [22mEdge Cases[2m > [22mshould handle session with no checkpoint[32m 1[2mms[22m[39m
 [31m×[39m [30m[46m renderer-thread [49m[39m src/renderer/widgets/layout/__tests__/bug-reproduction-suite.test.tsx[2m > [22m🚨 BUG REPRODUCTION: Real-World Scenarios[2m > [22mEdge Cases[2m > [22mshould handle concurrent title updates[32m 1[2mms[22m[39m
[31m   → expected "vi.fn()" to be called 3 times, but got 0 times[39m
 [31m×[39m [30m[46m renderer-thread [49m[39m src/renderer/widgets/layout/__tests__/bug-reproduction-suite.test.tsx[2m > [22m🚨 BUG REPRODUCTION: Real-World Scenarios[2m > [22mEdge Cases[2m > [22mshould handle session deletion while active[32m 1[2mms[22m[39m
[31m   → expected "vi.fn()" to be called with arguments: [ 'session-123' ][90m

Number of calls: [1m0[22m
[31m[39m
 [31m×[39m [30m[46m renderer-thread [49m[39m src/renderer/widgets/layout/__tests__/bug-reproduction-suite.test.tsx[2m > [22m🚨 BUG REPRODUCTION: Real-World Scenarios[2m > [22mEdge Cases[2m > [22mshould handle archive/unarchive cycle[32m 3[2mms[22m[39m
[31m   → expected "vi.fn()" to be called 2 times, but got 0 times[39m
 [31m×[39m [30m[46m renderer-thread [49m[39m src/renderer/services/concept-parsing/__tests__/concept-parsing-service.success.test.ts[2m > [22mconcept-parsing-service happy paths[2m > [22mhandles directory parsing by delegating to file parsing[33m 1023[2mms[22m[39m
[31m   → expected 'failed' to be 'completed' // Object.is equality

Ignored nodes: comments, script, style
[36m<html>[31m
  [36m<head />[31m
  [36m<body />[31m
[36m</html>[31m[39m
 [32m✓[39m [30m[46m renderer-thread [49m[39m src/renderer/services/concept-parsing/__tests__/concept-parsing-service.success.test.ts[2m > [22mconcept-parsing-service happy paths[2m > [22mallows cancelling an in-flight job[32m 1[2mms[22m[39m
 [32m✓[39m [30m[46m renderer-thread [49m[39m src/renderer/features/analytics/ui/__tests__/Achievements.test.tsx[2m > [22mAchievements[2m > [22mrenders loading state initially[32m 61[2mms[22m[39m
 [32m✓[39m [30m[46m renderer-thread [49m[39m src/renderer/shared/ui/__tests__/SidebarTrigger.test.tsx[2m > [22mSidebarTrigger[2m > [22mRendering[2m > [22mshould render as a button by default[32m 63[2mms[22m[39m
 [31m×[39m [30m[46m renderer-thread [49m[39m src/renderer/shared/ui/__tests__/SidebarTrigger.test.tsx[2m > [22mSidebarTrigger[2m > [22mRendering[2m > [22mshould use ghost variant by default[32m 17[2mms[22m[39m
[31m   → [2mexpect([22m[31melement[31m[2m).toHaveAttribute([22m[32m[32m"data-variant"[32m[31m[2m, [22m[32m[32m"ghost"[32m[31m[2m) // element.getAttribute("data-variant") === "ghost"[22m

Expected the element to have attribute:
[32m  data-variant="ghost"[31m
Received:
[31m  null[31m[39m
 [31m×[39m [30m[46m renderer-thread [49m[39m src/renderer/shared/ui/__tests__/SidebarTrigger.test.tsx[2m > [22mSidebarTrigger[2m > [22mRendering[2m > [22mshould support custom variant[32m 8[2mms[22m[39m
[31m   → [2mexpect([22m[31melement[31m[2m).toHaveAttribute([22m[32m[32m"data-variant"[32m[31m[2m, [22m[32m[32m"primary"[32m[31m[2m) // element.getAttribute("data-variant") === "primary"[22m

Expected the element to have attribute:
[32m  data-variant="primary"[31m
Received:
[31m  null[31m[39m
 [32m✓[39m [30m[46m renderer-thread [49m[39m src/renderer/shared/ui/__tests__/SidebarTrigger.test.tsx[2m > [22mSidebarTrigger[2m > [22masChild Composition[2m > [22mshould render child element when asChild is true[32m 6[2mms[22m[39m
 [32m✓[39m [30m[46m renderer-thread [49m[39m src/renderer/features/analytics/ui/__tests__/Achievements.test.tsx[2m > [22mAchievements[2m > [22mrenders error state when analytics fails[32m 53[2mms[22m[39m
 [32m✓[39m [30m[46m renderer-thread [49m[39m src/renderer/shared/ui/__tests__/SidebarTrigger.test.tsx[2m > [22mSidebarTrigger[2m > [22masChild Composition[2m > [22mshould merge props into child element[32m 38[2mms[22m[39m
 [31m×[39m [30m[46m renderer-thread [49m[39m src/renderer/shared/ui/__tests__/SidebarTrigger.test.tsx[2m > [22mSidebarTrigger[2m > [22masChild Composition[2m > [22mshould pass ref to child element[32m 11[2mms[22m[39m
[31m   → expected null to be an instance of HTMLButtonElement[39m
 [32m✓[39m [30m[46m renderer-thread [49m[39m src/renderer/shared/ui/__tests__/SidebarTrigger.test.tsx[2m > [22mSidebarTrigger[2m > [22mEvent Handling[2m > [22mshould handle click events[32m 6[2mms[22m[39m
 [31m×[39m [30m[46m renderer-thread [49m[39m src/renderer/shared/ui/__tests__/SidebarTrigger.test.tsx[2m > [22mSidebarTrigger[2m > [22mEvent Handling[2m > [22mshould forward all button props[32m 10[2mms[22m[39m
[31m   → expected "vi.fn()" to be called 1 times, but got 0 times[39m
 [32m✓[39m [30m[46m renderer-thread [49m[39m src/renderer/shared/ui/__tests__/SidebarTrigger.test.tsx[2m > [22mSidebarTrigger[2m > [22mProps Forwarding[2m > [22mshould forward HTML button attributes[32m 7[2mms[22m[39m
 [32m✓[39m [30m[46m renderer-thread [49m[39m src/renderer/shared/ui/__tests__/SidebarTrigger.test.tsx[2m > [22mSidebarTrigger[2m > [22mProps Forwarding[2m > [22mshould support custom className[32m 11[2mms[22m[39m
 [31m×[39m [30m[46m renderer-thread [49m[39m src/renderer/shared/ui/__tests__/SidebarTrigger.test.tsx[2m > [22mSidebarTrigger[2m > [22mProps Forwarding[2m > [22mshould support icon prop[32m 8[2mms[22m[39m
[31m   → Unable to find an element by: [data-testid="icon"]

Ignored nodes: comments, script, style
[36m<body>[31m
  [36m<div>[31m
    [36m<button[31m
      [33mdata-testid[31m=[32m"button"[31m
      [33micon[31m=[32m"[object Object]"[31m
      [33mvariant[31m=[32m"ghost"[31m
    [36m>[31m
      [0mWith Icon[0m
    [36m</button>[31m
  [36m</div>[31m
[36m</body>[31m[39m
 [32m✓[39m [30m[46m renderer-thread [49m[39m src/renderer/shared/ui/__tests__/SidebarTrigger.test.tsx[2m > [22mSidebarTrigger[2m > [22mButton Integration[2m > [22mshould render Button component with correct props[32m 3[2mms[22m[39m
 [32m✓[39m [30m[46m renderer-thread [49m[39m src/renderer/shared/ui/__tests__/SidebarTrigger.test.tsx[2m > [22mSidebarTrigger[2m > [22mButton Integration[2m > [22mshould pass children to Button[32m 15[2mms[22m[39m
 [31m×[39m [30m[46m renderer-thread [49m[39m src/renderer/shared/ui/__tests__/SidebarTrigger.test.tsx[2m > [22mSidebarTrigger[2m > [22mButton Integration[2m > [22mshould apply default variant when not specified[32m 4[2mms[22m[39m
[31m   → [2mexpect([22m[31melement[31m[2m).toHaveAttribute([22m[32m[32m"data-variant"[32m[31m[2m, [22m[32m[32m"ghost"[32m[31m[2m) // element.getAttribute("data-variant") === "ghost"[22m

Expected the element to have attribute:
[32m  data-variant="ghost"[31m
Received:
[31m  null[31m[39m
 [32m✓[39m [30m[46m renderer-thread [49m[39m src/renderer/shared/ui/__tests__/SidebarTrigger.test.tsx[2m > [22mSidebarTrigger[2m > [22mTypeScript Props[2m > [22mshould accept ButtonProps without variant[32m 5[2mms[22m[39m
 [32m✓[39m [30m[46m renderer-thread [49m[39m src/renderer/shared/ui/__tests__/SidebarTrigger.test.tsx[2m > [22mSidebarTrigger[2m > [22mDisplay Name[2m > [22mshould have correct display name[32m 1[2mms[22m[39m
 [32m✓[39m [30m[46m renderer-thread [49m[39m src/renderer/shared/ui/__tests__/SidebarTrigger.test.tsx[2m > [22mSidebarTrigger[2m > [22mEdge Cases[2m > [22mshould handle invalid children gracefully when asChild is true[32m 3[2mms[22m[39m
 [31m×[39m [30m[46m renderer-thread [49m[39m src/renderer/shared/ui/__tests__/SidebarTrigger.test.tsx[2m > [22mSidebarTrigger[2m > [22mEdge Cases[2m > [22mshould not render when children is null with asChild[32m 8[2mms[22m[39m
[31m   → [2mexpect([22m[31melement[31m[2m).not.toBeInTheDocument()[22m

[31mexpected document not to contain element, found <button
  data-testid="button"
  variant="ghost"
/> instead[31m[39m
 [31m×[39m [30m[46m renderer-thread [49m[39m src/renderer/widgets/layout/__tests__/SessionList.test.tsx[2m > [22mThreadListSidebar[2m > [22mRendering[2m > [22mshould render sidebar when open is true[32m 112[2mms[22m[39m
[31m   → Unable to find an element by: [data-testid="thread-list-root"]

Ignored nodes: comments, script, style
[36m<body>[31m
  [36m<div>[31m
    [36m<aside[31m
      [33mclass[31m=[32m"w-64 bg-white dark:bg-gray-800 border-r border-gray-200 dark:border-gray-700 flex flex-col h-full"[31m
    [36m>[31m
      [36m<div[31m
        [33mclass[31m=[32m"flex h-full flex-col gap-2 p-2 overflow-hidden"[31m
      [36m>[31m
        [36m<div[31m
          [33mclass[31m=[32m"flex flex-col gap-1"[31m
        [36m>[31m
          [36m<div[31m
            [33mclass[31m=[32m"px-2 py-1 text-xs font-medium text-gray-500 dark:text-gray-400 uppercase"[31m
          [36m>[31m
            [0mKnowledge[0m
          [36m</div>[31m
          [36m<button[31m
            [33mclass[31m=[32m"inline-flex items-center rounded-lg transition-colors duration-200 focus:outline-none focus:ring-2 focus:ring-offset-2 dark:focus:ring-offset-gray-900 disabled:opacity-50 disabled:cursor-not-allowed hover:bg-gray-100 dark:hover:bg-gray-800 text-gray-600 dark:text-gray-400 hover:text-gray-900 dark:hover:text-gray-100 focus:ring-gray-500 px-4 py-2 text-sm w-full justify-start font-normal"[31m
            [33mtitle[31m=[32m"Visual knowledge graph view"[31m
            [33mtype[31m=[32m"button"[31m
          [36m>[31m
            [36m<svg[31m
              [33maria-hidden[31m=[32m"true"[31m
              [33mclass[31m=[32m"mr-2 h-4 w-4"[31m
              [33mdata-slot[31m=[32m"icon"[31m
              [33mfill[31m=[32m"none"[31m
              [33mstroke[31m=[32m"currentColor"[31m
              [33mstroke-width[31m=[32m"1.5"[31m
              [33mviewBox[31m=[32m"0 0 24 24"[31m
              [33mxmlns[31m=[32m"http://www.w3.org/2000/svg"[31m
            [36m>[31m
              [36m<path[31m
                [33md[31m=[32m"M9 6.75V15m6-6v8.25m.503 3.498 4.875-2.437c.381-.19.622-.58.622-1.006V4.82c0-.836-.88-1.38-1.628-1.006l-3.869 1.934c-.317.159-.69.159-1.006 0L9.503 3.252a1.125 1.125 0 0 0-1.006 0L3.622 5.689C3.24 5.88 3 6.27 3 6.695V19.18c0 .836.88 1.38 1.628 1.006l3.869-1.934c.317-.159.69-.159 1.006 0l4.994 2.497c.317.158.69.158 1.006 0Z"[31m
                [33mstroke-linecap[31m=[32m"round"[31m
                [33mstroke-linejoin[31m=[32m"round"[31m
              [36m/>[31m
            [36m</svg>[31m
            [0mKnowledge Map[0m
          [36m</button>[31m
          [36m<button[31m
            [33mclass[31m=[32m"inline-flex items-center rounded-lg transition-colors duration-200 focus:outline-none focus:ring-2 focus:ring-offset-2 dark:focus:ring-offset-gray-900 disabled:opacity-50 disabled:cursor-not-allowed hover:bg-gray-100 dark:hover:bg-gray-800 text-gray-600 dark:text-gray-400 hover:text-gray-900 dark:hover:text-gray-100 focus:ring-gray-500 px-4 py-2 text-sm w-full justify-start font-normal"[31m
            [33mtitle[31m=[32m"Learning progress and analytics"[31m
            [33mtype[31m=[32m"button"[31m
          [36m>[31m
            [36m<svg[31m
              [33maria-hidden[31m=[32m"true"[31m
              [33mclass[31m=[32m"mr-2 h-4 w-4"[31m
              [33mdata-slot[31m=[32m"icon"[31m
              [33mfill[31m=[32m"none"[31m
              [33mstroke[31m=[32m"currentColor"[31m
              [33mstroke-width[31m=[32m"1.5"[31m
              [33mviewBox[31m=[32m"0 0 24 24"[31m
              [33mxmlns[31m=[32m"http://www.w3.org/2000/svg"[31m
            [36m>[31m
              [36m<path[31m
                [33md[31m=[32m"M3 13.125C3 12.504 3.504 12 4.125 12h2.25c.621 0 1.125.504 1.125 1.125v6.75C7.5 20.496 6.996 21 6.375 21h-2.25A1.125 1.125 0 0 1 3 19.875v-6.75ZM9.75 8.625c0-.621.504-1.125 1.125-1.125h2.25c.621 0 1.125.504 1.125 1.125v11.25c0 .621-.504 1.125-1.125 1.125h-2.25a1.125 1.125 0 0 1-1.125-1.125V8.625ZM16.5 4.125c0-.621.504-1.125 1.125-1.125h2.25C20.496 3 21 3.504 21 4.125v15.75c0 .621-.504 1.125-1.125 1.125h-2.25a1.125 1.125 0 0 1-1.125-1.125V4.125Z"[31m
                [33mstroke-linecap[31m=[32m"round"[31m
                [33mstroke-linejoin[31m=[32m"round"[31m
              [36m/>[31m
            [36m</svg>[31m
            [0mDashboard[0m
          [36m</button>[31m
          [36m<button[31m
            [33mclass[31m=[32m"inline-flex items-center rounded-lg transition-colors duration-200 focus:outline-none focus:ring-2 focus:ring-offset-2 dark:focus:ring-offset-gray-900 disabled:opacity-50 disabled:cursor-not-allowed hover:bg-gray-100 dark:hover:bg-gray-800 text-gray-600 dark:text-gray-400 hover:text-gray-900 dark:hover:text-gray-100 focus:ring-gray-500 px-4 py-2 text-sm w-full justify-start font-normal"[31m
            [33mtitle[31m=[32m"Parse concepts from markdown files"[31m
            [33mtype[31m=[32m"button"[31m
          [36m>[31m
            [36m<svg[31m
              [33maria-hidden[31m=[32m"true"[31m
              [33mclass[31m=[32m"mr-2 h-4 w-4"[31m
              [33mdata-slot[31m=[32m"icon"[31m
              [33mfill[31m=[32m"none"[31m
              [33mstroke[31m=[32m"currentColor"[31m
              [33mstroke-width[31m=[32m"1.5"[31m
              [33mviewBox[31m=[32m"0 0 24 24"[31m
              [33mxmlns[31m=[32m"http://www.w3.org/2000/svg"[31m
            [36m>[31m
              [36m<path[31m
                [33md[31m=[32m"m21 21-5.197-5.197m0 0A7.5 7.5 0 1 0 5.196 5.196a7.5 7.5 0 0 0 10.607 10.607Z"[31m
                [33mstroke-linecap[31m=[32m"round"[31m
                [33mstroke-linejoin[31m=[32m"round"[31m
              [36m/>[31m
            [36m</svg>[31m
            [0mDiscovery[0m
          [36m</button>[31m
          [36m<button[31m
            [33mclass[31m=[32m"inline-flex items-center rounded-lg transition-colors duration-200 focus:outline-none focus:ring-2 focus:ring-offset-2 dark:focus:ring-offset-gray-900 disabled:opacity-50 disabled:cursor-not-allowed hover:bg-gray-100 dark:hover:bg-gray-800 text-gray-600 dark:text-gray-400 hover:text-gray-900 dark:hover:text-gray-100 focus:ring-gray-500 px-4 py-2 text-sm w-full justify-start font-normal"[31m
            [33mtitle[31m=[32m"Configure the application"[31m
            [33mtype[31m=[32m"button"[31m
          [36m>[31m
            [36m<svg[31m
              [33maria-hidden[31m=[32m"true"[31m
              [33mclass[31m=[32m"mr-2 h-4 w-4"[31m
              [33mdata-slot[31m=[32m"icon"[31m
              [33mfill[31m=[32m"none"[31m
              [33mstroke[31m=[32m"currentColor"[31m
              [33mstroke-width[31m=[32m"1.5"[31m
              [33mviewBox[31m=[32m"0 0 24 24"[31m
              [33mxmlns[31m=[32m"http://www.w3.org/2000/svg"[31m
            [36m>[31m
              [36m<path[31m
                [33md[31m=[32m"M4.5 12a7.5 7.5 0 0 0 15 0m-15 0a7.5 7.5 0 1 1 15 0m-15 0H3m16.5 0H21m-1.5 0H12m-8.457 3.077 1.41-.513m14.095-5.13 1.41-.513M5.106 17.785l1.15-.964m11.49-9.642 1.149-.964M7.501 19.795l.75-1.3m7.5-12.99.75-1.3m-6.063 16.658.26-1.477m2.605-14.772.26-1.477m0 17.726-.26-1.477M10.698 4.614l-.26-1.477M16.5 19.794l-.75-1.299M7.5 4.205 12 12m6.894 5.785-1.149-.964M6.256 7.178l-1.15-.964m15.352 8.864-1.41-.513M4.954 9.435l-1.41-.514M12.002 12l-3.75 6.495"[31m
                [33mstroke-linecap[31m=[32m"round"[31m
                [33mstroke-linejoin[31m=[32m"round"[31m
              [36m/>[31m
            [36m</svg>[31m
            [0mSettings[0m
          [36m</button>[31m
        [36m</div>[31m
        [36m<div[31m
          [33maria-orientation[31m=[32m"horizontal"[31m
          [33mclass[31m=[32m"shrink-0 bg-gray-200 dark:bg-gray-700 h-[1px] w-full"[31m
          [33mrole[31m=[32m"separator"[31m
        [36m/>[31m
        [36m<div[31m
          [33mclass[31m=[32m"flex items-center justify-between px-2"[31m
        [36m>[31m
          [36m<div[31m
            [33mclass[31m=[32m"text-xs font-medium text-gray-500 dark:text-gray-400 uppercase"[31m
          [36m>[31m
            [0mConversations[0m
          [36m</div>[31m
          [36m<button[31m
            [33maria-current[31m=[32m"true"[31m
            [33mclass[31m=[32m"inline-flex items-center justify-center font-medium rounded-lg transition-colors duration-200 focus:outline-none focus:ring-2 focus:ring-offset-2 dark:focus:ring-offset-gray-900 disabled:opacity-50 disabled:cursor-not-allowed hover:bg-gray-100 dark:hover:bg-gray-800 text-gray-600 dark:text-gray-400 hover:text-gray-900 dark:hover:text-gray-100 focus:ring-gray-500 py-1.5 text-sm h-7 px-2"[31m
            [33mdata-active[31m=[32m"true"[31m
            [33mtype[31m=[32m"button"[31m
          [36m>[31m
            [36m<svg[31m
              [33maria-hidden[31m=[32m"true"[31m
              [33mclass[31m=[32m"h-4 w-4"[31m
              [33mdata-slot[31m=[32m"icon"[31m
              [33mfill[31m=[32m"none"[31m
              [33mstroke[31m=[32m"currentColor"[31m
              [33mstroke-width[31m=[32m"1.5"[31m
              [33mviewBox[31m=[32m"0 0 24 24"[31m
              [33mxmlns[31m=[32m"http://www.w3.org/2000/svg"[31m
            [36m>[31m
              [36m<path[31m
                [33md[31m=[32m"M12 4.5v15m7.5-7.5h-15"[31m
                [33mstroke-linecap[31m=[32m"round"[31m
                [33mstroke-linejoin[31m=[32m"round"[31m
              [36m/>[31m
            [36m</svg>[31m
          [36m</button>[31m
        [36m</div>[31m
        [36m<div[31m
          [33mclass[31m=[32m"flex-1 overflow-y-auto"[31m
        [36m/>[31m
      [36m</div>[31m
    [36m</aside>[31m
  [36m</div>[31m
[36m</body>[31m[39m
 [32m✓[39m [30m[46m renderer-thread [49m[39m src/renderer/widgets/layout/__tests__/SessionList.test.tsx[2m > [22mThreadListSidebar[2m > [22mRendering[2m > [22mshould not render sidebar when open is false[32m 12[2mms[22m[39m
 [32m✓[39m [30m[46m renderer-thread [49m[39m src/renderer/widgets/layout/__tests__/SessionList.test.tsx[2m > [22mThreadListSidebar[2m > [22mRendering[2m > [22mshould render knowledge section with navigation items[32m 31[2mms[22m[39m
 [31m×[39m [30m[46m renderer-thread [49m[39m src/renderer/widgets/layout/__tests__/SessionList.test.tsx[2m > [22mThreadListSidebar[2m > [22mRendering[2m > [22mshould render conversations section[32m 18[2mms[22m[39m
[31m   → Unable to find an element by: [data-testid="new-thread-button"]

Ignored nodes: comments, script, style
[36m<body>[31m
  [36m<div>[31m
    [36m<aside[31m
      [33mclass[31m=[32m"w-64 bg-white dark:bg-gray-800 border-r border-gray-200 dark:border-gray-700 flex flex-col h-full"[31m
    [36m>[31m
      [36m<div[31m
        [33mclass[31m=[32m"flex h-full flex-col gap-2 p-2 overflow-hidden"[31m
      [36m>[31m
        [36m<div[31m
          [33mclass[31m=[32m"flex flex-col gap-1"[31m
        [36m>[31m
          [36m<div[31m
            [33mclass[31m=[32m"px-2 py-1 text-xs font-medium text-gray-500 dark:text-gray-400 uppercase"[31m
          [36m>[31m
            [0mKnowledge[0m
          [36m</div>[31m
          [36m<button[31m
            [33mclass[31m=[32m"inline-flex items-center rounded-lg transition-colors duration-200 focus:outline-none focus:ring-2 focus:ring-offset-2 dark:focus:ring-offset-gray-900 disabled:opacity-50 disabled:cursor-not-allowed hover:bg-gray-100 dark:hover:bg-gray-800 text-gray-600 dark:text-gray-400 hover:text-gray-900 dark:hover:text-gray-100 focus:ring-gray-500 px-4 py-2 text-sm w-full justify-start font-normal"[31m
            [33mtitle[31m=[32m"Visual knowledge graph view"[31m
            [33mtype[31m=[32m"button"[31m
          [36m>[31m
            [36m<svg[31m
              [33maria-hidden[31m=[32m"true"[31m
              [33mclass[31m=[32m"mr-2 h-4 w-4"[31m
              [33mdata-slot[31m=[32m"icon"[31m
              [33mfill[31m=[32m"none"[31m
              [33mstroke[31m=[32m"currentColor"[31m
              [33mstroke-width[31m=[32m"1.5"[31m
              [33mviewBox[31m=[32m"0 0 24 24"[31m
              [33mxmlns[31m=[32m"http://www.w3.org/2000/svg"[31m
            [36m>[31m
              [36m<path[31m
                [33md[31m=[32m"M9 6.75V15m6-6v8.25m.503 3.498 4.875-2.437c.381-.19.622-.58.622-1.006V4.82c0-.836-.88-1.38-1.628-1.006l-3.869 1.934c-.317.159-.69.159-1.006 0L9.503 3.252a1.125 1.125 0 0 0-1.006 0L3.622 5.689C3.24 5.88 3 6.27 3 6.695V19.18c0 .836.88 1.38 1.628 1.006l3.869-1.934c.317-.159.69-.159 1.006 0l4.994 2.497c.317.158.69.158 1.006 0Z"[31m
                [33mstroke-linecap[31m=[32m"round"[31m
                [33mstroke-linejoin[31m=[32m"round"[31m
              [36m/>[31m
            [36m</svg>[31m
            [0mKnowledge Map[0m
          [36m</button>[31m
          [36m<button[31m
            [33mclass[31m=[32m"inline-flex items-center rounded-lg transition-colors duration-200 focus:outline-none focus:ring-2 focus:ring-offset-2 dark:focus:ring-offset-gray-900 disabled:opacity-50 disabled:cursor-not-allowed hover:bg-gray-100 dark:hover:bg-gray-800 text-gray-600 dark:text-gray-400 hover:text-gray-900 dark:hover:text-gray-100 focus:ring-gray-500 px-4 py-2 text-sm w-full justify-start font-normal"[31m
            [33mtitle[31m=[32m"Learning progress and analytics"[31m
            [33mtype[31m=[32m"button"[31m
          [36m>[31m
            [36m<svg[31m
              [33maria-hidden[31m=[32m"true"[31m
              [33mclass[31m=[32m"mr-2 h-4 w-4"[31m
              [33mdata-slot[31m=[32m"icon"[31m
              [33mfill[31m=[32m"none"[31m
              [33mstroke[31m=[32m"currentColor"[31m
              [33mstroke-width[31m=[32m"1.5"[31m
              [33mviewBox[31m=[32m"0 0 24 24"[31m
              [33mxmlns[31m=[32m"http://www.w3.org/2000/svg"[31m
            [36m>[31m
              [36m<path[31m
                [33md[31m=[32m"M3 13.125C3 12.504 3.504 12 4.125 12h2.25c.621 0 1.125.504 1.125 1.125v6.75C7.5 20.496 6.996 21 6.375 21h-2.25A1.125 1.125 0 0 1 3 19.875v-6.75ZM9.75 8.625c0-.621.504-1.125 1.125-1.125h2.25c.621 0 1.125.504 1.125 1.125v11.25c0 .621-.504 1.125-1.125 1.125h-2.25a1.125 1.125 0 0 1-1.125-1.125V8.625ZM16.5 4.125c0-.621.504-1.125 1.125-1.125h2.25C20.496 3 21 3.504 21 4.125v15.75c0 .621-.504 1.125-1.125 1.125h-2.25a1.125 1.125 0 0 1-1.125-1.125V4.125Z"[31m
                [33mstroke-linecap[31m=[32m"round"[31m
                [33mstroke-linejoin[31m=[32m"round"[31m
              [36m/>[31m
            [36m</svg>[31m
            [0mDashboard[0m
          [36m</button>[31m
          [36m<button[31m
            [33mclass[31m=[32m"inline-flex items-center rounded-lg transition-colors duration-200 focus:outline-none focus:ring-2 focus:ring-offset-2 dark:focus:ring-offset-gray-900 disabled:opacity-50 disabled:cursor-not-allowed hover:bg-gray-100 dark:hover:bg-gray-800 text-gray-600 dark:text-gray-400 hover:text-gray-900 dark:hover:text-gray-100 focus:ring-gray-500 px-4 py-2 text-sm w-full justify-start font-normal"[31m
            [33mtitle[31m=[32m"Parse concepts from markdown files"[31m
            [33mtype[31m=[32m"button"[31m
          [36m>[31m
            [36m<svg[31m
              [33maria-hidden[31m=[32m"true"[31m
              [33mclass[31m=[32m"mr-2 h-4 w-4"[31m
              [33mdata-slot[31m=[32m"icon"[31m
              [33mfill[31m=[32m"none"[31m
              [33mstroke[31m=[32m"currentColor"[31m
              [33mstroke-width[31m=[32m"1.5"[31m
              [33mviewBox[31m=[32m"0 0 24 24"[31m
              [33mxmlns[31m=[32m"http://www.w3.org/2000/svg"[31m
            [36m>[31m
              [36m<path[31m
                [33md[31m=[32m"m21 21-5.197-5.197m0 0A7.5 7.5 0 1 0 5.196 5.196a7.5 7.5 0 0 0 10.607 10.607Z"[31m
                [33mstroke-linecap[31m=[32m"round"[31m
                [33mstroke-linejoin[31m=[32m"round"[31m
              [36m/>[31m
            [36m</svg>[31m
            [0mDiscovery[0m
          [36m</button>[31m
          [36m<button[31m
            [33mclass[31m=[32m"inline-flex items-center rounded-lg transition-colors duration-200 focus:outline-none focus:ring-2 focus:ring-offset-2 dark:focus:ring-offset-gray-900 disabled:opacity-50 disabled:cursor-not-allowed hover:bg-gray-100 dark:hover:bg-gray-800 text-gray-600 dark:text-gray-400 hover:text-gray-900 dark:hover:text-gray-100 focus:ring-gray-500 px-4 py-2 text-sm w-full justify-start font-normal"[31m
            [33mtitle[31m=[32m"Configure the application"[31m
            [33mtype[31m=[32m"button"[31m
          [36m>[31m
            [36m<svg[31m
              [33maria-hidden[31m=[32m"true"[31m
              [33mclass[31m=[32m"mr-2 h-4 w-4"[31m
              [33mdata-slot[31m=[32m"icon"[31m
              [33mfill[31m=[32m"none"[31m
              [33mstroke[31m=[32m"currentColor"[31m
              [33mstroke-width[31m=[32m"1.5"[31m
              [33mviewBox[31m=[32m"0 0 24 24"[31m
              [33mxmlns[31m=[32m"http://www.w3.org/2000/svg"[31m
            [36m>[31m
              [36m<path[31m
                [33md[31m=[32m"M4.5 12a7.5 7.5 0 0 0 15 0m-15 0a7.5 7.5 0 1 1 15 0m-15 0H3m16.5 0H21m-1.5 0H12m-8.457 3.077 1.41-.513m14.095-5.13 1.41-.513M5.106 17.785l1.15-.964m11.49-9.642 1.149-.964M7.501 19.795l.75-1.3m7.5-12.99.75-1.3m-6.063 16.658.26-1.477m2.605-14.772.26-1.477m0 17.726-.26-1.477M10.698 4.614l-.26-1.477M16.5 19.794l-.75-1.299M7.5 4.205 12 12m6.894 5.785-1.149-.964M6.256 7.178l-1.15-.964m15.352 8.864-1.41-.513M4.954 9.435l-1.41-.514M12.002 12l-3.75 6.495"[31m
                [33mstroke-linecap[31m=[32m"round"[31m
                [33mstroke-linejoin[31m=[32m"round"[31m
              [36m/>[31m
            [36m</svg>[31m
            [0mSettings[0m
          [36m</button>[31m
        [36m</div>[31m
        [36m<div[31m
          [33maria-orientation[31m=[32m"horizontal"[31m
          [33mclass[31m=[32m"shrink-0 bg-gray-200 dark:bg-gray-700 h-[1px] w-full"[31m
          [33mrole[31m=[32m"separator"[31m
        [36m/>[31m
        [36m<div[31m
          [33mclass[31m=[32m"flex items-center justify-between px-2"[31m
        [36m>[31m
          [36m<div[31m
            [33mclass[31m=[32m"text-xs font-medium text-gray-500 dark:text-gray-400 uppercase"[31m
          [36m>[31m
            [0mConversations[0m
          [36m</div>[31m
          [36m<button[31m
            [33maria-current[31m=[32m"true"[31m
            [33mclass[31m=[32m"inline-flex items-center justify-center font-medium rounded-lg transition-colors duration-200 focus:outline-none focus:ring-2 focus:ring-offset-2 dark:focus:ring-offset-gray-900 disabled:opacity-50 disabled:cursor-not-allowed hover:bg-gray-100 dark:hover:bg-gray-800 text-gray-600 dark:text-gray-400 hover:text-gray-900 dark:hover:text-gray-100 focus:ring-gray-500 py-1.5 text-sm h-7 px-2"[31m
            [33mdata-active[31m=[32m"true"[31m
            [33mtype[31m=[32m"button"[31m
          [36m>[31m
            [36m<svg[31m
              [33maria-hidden[31m=[32m"true"[31m
              [33mclass[31m=[32m"h-4 w-4"[31m
              [33mdata-slot[31m=[32m"icon"[31m
              [33mfill[31m=[32m"none"[31m
              [33mstroke[31m=[32m"currentColor"[31m
              [33mstroke-width[31m=[32m"1.5"[31m
              [33mviewBox[31m=[32m"0 0 24 24"[31m
              [33mxmlns[31m=[32m"http://www.w3.org/2000/svg"[31m
            [36m>[31m
              [36m<path[31m
                [33md[31m=[32m"M12 4.5v15m7.5-7.5h-15"[31m
                [33mstroke-linecap[31m=[32m"round"[31m
                [33mstroke-linejoin[31m=[32m"round"[31m
              [36m/>[31m
            [36m</svg>[31m
          [36m</button>[31m
        [36m</div>[31m
        [36m<div[31m
          [33mclass[31m=[32m"flex-1 overflow-y-auto"[31m
        [36m/>[31m
      [36m</div>[31m
    [36m</aside>[31m
  [36m</div>[31m
[36m</body>[31m[39m
 [31m×[39m [30m[46m renderer-thread [49m[39m src/renderer/widgets/layout/__tests__/SessionList.test.tsx[2m > [22mThreadListSidebar[2m > [22mRendering[2m > [22mshould render separator between sections[32m 19[2mms[22m[39m
[31m   → Unable to find an element by: [data-testid="separator"]

Ignored nodes: comments, script, style
[36m<body>[31m
  [36m<div>[31m
    [36m<aside[31m
      [33mclass[31m=[32m"w-64 bg-white dark:bg-gray-800 border-r border-gray-200 dark:border-gray-700 flex flex-col h-full"[31m
    [36m>[31m
      [36m<div[31m
        [33mclass[31m=[32m"flex h-full flex-col gap-2 p-2 overflow-hidden"[31m
      [36m>[31m
        [36m<div[31m
          [33mclass[31m=[32m"flex flex-col gap-1"[31m
        [36m>[31m
          [36m<div[31m
            [33mclass[31m=[32m"px-2 py-1 text-xs font-medium text-gray-500 dark:text-gray-400 uppercase"[31m
          [36m>[31m
            [0mKnowledge[0m
          [36m</div>[31m
          [36m<button[31m
            [33mclass[31m=[32m"inline-flex items-center rounded-lg transition-colors duration-200 focus:outline-none focus:ring-2 focus:ring-offset-2 dark:focus:ring-offset-gray-900 disabled:opacity-50 disabled:cursor-not-allowed hover:bg-gray-100 dark:hover:bg-gray-800 text-gray-600 dark:text-gray-400 hover:text-gray-900 dark:hover:text-gray-100 focus:ring-gray-500 px-4 py-2 text-sm w-full justify-start font-normal"[31m
            [33mtitle[31m=[32m"Visual knowledge graph view"[31m
            [33mtype[31m=[32m"button"[31m
          [36m>[31m
            [36m<svg[31m
              [33maria-hidden[31m=[32m"true"[31m
              [33mclass[31m=[32m"mr-2 h-4 w-4"[31m
              [33mdata-slot[31m=[32m"icon"[31m
              [33mfill[31m=[32m"none"[31m
              [33mstroke[31m=[32m"currentColor"[31m
              [33mstroke-width[31m=[32m"1.5"[31m
              [33mviewBox[31m=[32m"0 0 24 24"[31m
              [33mxmlns[31m=[32m"http://www.w3.org/2000/svg"[31m
            [36m>[31m
              [36m<path[31m
                [33md[31m=[32m"M9 6.75V15m6-6v8.25m.503 3.498 4.875-2.437c.381-.19.622-.58.622-1.006V4.82c0-.836-.88-1.38-1.628-1.006l-3.869 1.934c-.317.159-.69.159-1.006 0L9.503 3.252a1.125 1.125 0 0 0-1.006 0L3.622 5.689C3.24 5.88 3 6.27 3 6.695V19.18c0 .836.88 1.38 1.628 1.006l3.869-1.934c.317-.159.69-.159 1.006 0l4.994 2.497c.317.158.69.158 1.006 0Z"[31m
                [33mstroke-linecap[31m=[32m"round"[31m
                [33mstroke-linejoin[31m=[32m"round"[31m
              [36m/>[31m
            [36m</svg>[31m
            [0mKnowledge Map[0m
          [36m</button>[31m
          [36m<button[31m
            [33mclass[31m=[32m"inline-flex items-center rounded-lg transition-colors duration-200 focus:outline-none focus:ring-2 focus:ring-offset-2 dark:focus:ring-offset-gray-900 disabled:opacity-50 disabled:cursor-not-allowed hover:bg-gray-100 dark:hover:bg-gray-800 text-gray-600 dark:text-gray-400 hover:text-gray-900 dark:hover:text-gray-100 focus:ring-gray-500 px-4 py-2 text-sm w-full justify-start font-normal"[31m
            [33mtitle[31m=[32m"Learning progress and analytics"[31m
            [33mtype[31m=[32m"button"[31m
          [36m>[31m
            [36m<svg[31m
              [33maria-hidden[31m=[32m"true"[31m
              [33mclass[31m=[32m"mr-2 h-4 w-4"[31m
              [33mdata-slot[31m=[32m"icon"[31m
              [33mfill[31m=[32m"none"[31m
              [33mstroke[31m=[32m"currentColor"[31m
              [33mstroke-width[31m=[32m"1.5"[31m
              [33mviewBox[31m=[32m"0 0 24 24"[31m
              [33mxmlns[31m=[32m"http://www.w3.org/2000/svg"[31m
            [36m>[31m
              [36m<path[31m
                [33md[31m=[32m"M3 13.125C3 12.504 3.504 12 4.125 12h2.25c.621 0 1.125.504 1.125 1.125v6.75C7.5 20.496 6.996 21 6.375 21h-2.25A1.125 1.125 0 0 1 3 19.875v-6.75ZM9.75 8.625c0-.621.504-1.125 1.125-1.125h2.25c.621 0 1.125.504 1.125 1.125v11.25c0 .621-.504 1.125-1.125 1.125h-2.25a1.125 1.125 0 0 1-1.125-1.125V8.625ZM16.5 4.125c0-.621.504-1.125 1.125-1.125h2.25C20.496 3 21 3.504 21 4.125v15.75c0 .621-.504 1.125-1.125 1.125h-2.25a1.125 1.125 0 0 1-1.125-1.125V4.125Z"[31m
                [33mstroke-linecap[31m=[32m"round"[31m
                [33mstroke-linejoin[31m=[32m"round"[31m
              [36m/>[31m
            [36m</svg>[31m
            [0mDashboard[0m
          [36m</button>[31m
          [36m<button[31m
            [33mclass[31m=[32m"inline-flex items-center rounded-lg transition-colors duration-200 focus:outline-none focus:ring-2 focus:ring-offset-2 dark:focus:ring-offset-gray-900 disabled:opacity-50 disabled:cursor-not-allowed hover:bg-gray-100 dark:hover:bg-gray-800 text-gray-600 dark:text-gray-400 hover:text-gray-900 dark:hover:text-gray-100 focus:ring-gray-500 px-4 py-2 text-sm w-full justify-start font-normal"[31m
            [33mtitle[31m=[32m"Parse concepts from markdown files"[31m
            [33mtype[31m=[32m"button"[31m
          [36m>[31m
            [36m<svg[31m
              [33maria-hidden[31m=[32m"true"[31m
              [33mclass[31m=[32m"mr-2 h-4 w-4"[31m
              [33mdata-slot[31m=[32m"icon"[31m
              [33mfill[31m=[32m"none"[31m
              [33mstroke[31m=[32m"currentColor"[31m
              [33mstroke-width[31m=[32m"1.5"[31m
              [33mviewBox[31m=[32m"0 0 24 24"[31m
              [33mxmlns[31m=[32m"http://www.w3.org/2000/svg"[31m
            [36m>[31m
              [36m<path[31m
                [33md[31m=[32m"m21 21-5.197-5.197m0 0A7.5 7.5 0 1 0 5.196 5.196a7.5 7.5 0 0 0 10.607 10.607Z"[31m
                [33mstroke-linecap[31m=[32m"round"[31m
                [33mstroke-linejoin[31m=[32m"round"[31m
              [36m/>[31m
            [36m</svg>[31m
            [0mDiscovery[0m
          [36m</button>[31m
          [36m<button[31m
            [33mclass[31m=[32m"inline-flex items-center rounded-lg transition-colors duration-200 focus:outline-none focus:ring-2 focus:ring-offset-2 dark:focus:ring-offset-gray-900 disabled:opacity-50 disabled:cursor-not-allowed hover:bg-gray-100 dark:hover:bg-gray-800 text-gray-600 dark:text-gray-400 hover:text-gray-900 dark:hover:text-gray-100 focus:ring-gray-500 px-4 py-2 text-sm w-full justify-start font-normal"[31m
            [33mtitle[31m=[32m"Configure the application"[31m
            [33mtype[31m=[32m"button"[31m
          [36m>[31m
            [36m<svg[31m
              [33maria-hidden[31m=[32m"true"[31m
              [33mclass[31m=[32m"mr-2 h-4 w-4"[31m
              [33mdata-slot[31m=[32m"icon"[31m
              [33mfill[31m=[32m"none"[31m
              [33mstroke[31m=[32m"currentColor"[31m
              [33mstroke-width[31m=[32m"1.5"[31m
              [33mviewBox[31m=[32m"0 0 24 24"[31m
              [33mxmlns[31m=[32m"http://www.w3.org/2000/svg"[31m
            [36m>[31m
              [36m<path[31m
                [33md[31m=[32m"M4.5 12a7.5 7.5 0 0 0 15 0m-15 0a7.5 7.5 0 1 1 15 0m-15 0H3m16.5 0H21m-1.5 0H12m-8.457 3.077 1.41-.513m14.095-5.13 1.41-.513M5.106 17.785l1.15-.964m11.49-9.642 1.149-.964M7.501 19.795l.75-1.3m7.5-12.99.75-1.3m-6.063 16.658.26-1.477m2.605-14.772.26-1.477m0 17.726-.26-1.477M10.698 4.614l-.26-1.477M16.5 19.794l-.75-1.299M7.5 4.205 12 12m6.894 5.785-1.149-.964M6.256 7.178l-1.15-.964m15.352 8.864-1.41-.513M4.954 9.435l-1.41-.514M12.002 12l-3.75 6.495"[31m
                [33mstroke-linecap[31m=[32m"round"[31m
                [33mstroke-linejoin[31m=[32m"round"[31m
              [36m/>[31m
            [36m</svg>[31m
            [0mSettings[0m
          [36m</button>[31m
        [36m</div>[31m
        [36m<div[31m
          [33maria-orientation[31m=[32m"horizontal"[31m
          [33mclass[31m=[32m"shrink-0 bg-gray-200 dark:bg-gray-700 h-[1px] w-full"[31m
          [33mrole[31m=[32m"separator"[31m
        [36m/>[31m
        [36m<div[31m
          [33mclass[31m=[32m"flex items-center justify-between px-2"[31m
        [36m>[31m
          [36m<div[31m
            [33mclass[31m=[32m"text-xs font-medium text-gray-500 dark:text-gray-400 uppercase"[31m
          [36m>[31m
            [0mConversations[0m
          [36m</div>[31m
          [36m<button[31m
            [33maria-current[31m=[32m"true"[31m
            [33mclass[31m=[32m"inline-flex items-center justify-center font-medium rounded-lg transition-colors duration-200 focus:outline-none focus:ring-2 focus:ring-offset-2 dark:focus:ring-offset-gray-900 disabled:opacity-50 disabled:cursor-not-allowed hover:bg-gray-100 dark:hover:bg-gray-800 text-gray-600 dark:text-gray-400 hover:text-gray-900 dark:hover:text-gray-100 focus:ring-gray-500 py-1.5 text-sm h-7 px-2"[31m
            [33mdata-active[31m=[32m"true"[31m
            [33mtype[31m=[32m"button"[31m
          [36m>[31m
            [36m<svg[31m
              [33maria-hidden[31m=[32m"true"[31m
              [33mclass[31m=[32m"h-4 w-4"[31m
              [33mdata-slot[31m=[32m"icon"[31m
              [33mfill[31m=[32m"none"[31m
              [33mstroke[31m=[32m"currentColor"[31m
              [33mstroke-width[31m=[32m"1.5"[31m
              [33mviewBox[31m=[32m"0 0 24 24"[31m
              [33mxmlns[31m=[32m"http://www.w3.org/2000/svg"[31m
            [36m>[31m
              [36m<path[31m
                [33md[31m=[32m"M12 4.5v15m7.5-7.5h-15"[31m
                [33mstroke-linecap[31m=[32m"round"[31m
                [33mstroke-linejoin[31m=[32m"round"[31m
              [36m/>[31m
            [36m</svg>[31m
          [36m</button>[31m
        [36m</div>[31m
        [36m<div[31m
          [33mclass[31m=[32m"flex-1 overflow-y-auto"[31m
        [36m/>[31m
      [36m</div>[31m
    [36m</aside>[31m
  [36m</div>[31m
[36m</body>[31m[39m
 [32m✓[39m [30m[46m renderer-thread [49m[39m src/renderer/features/analytics/ui/__tests__/Achievements.test.tsx[2m > [22mAchievements[2m > [22mrenders achievements data when loaded successfully[32m 110[2mms[22m[39m
 [32m✓[39m [30m[46m renderer-thread [49m[39m src/renderer/features/analytics/ui/__tests__/Achievements.test.tsx[2m > [22mAchievements[2m > [22mrenders unlocked achievements section when there are unlocked achievements[32m 44[2mms[22m[39m
 [32m✓[39m [30m[46m renderer-thread [49m[39m src/renderer/features/analytics/ui/__tests__/Achievements.test.tsx[2m > [22mAchievements[2m > [22mrenders locked achievements section when there are locked achievements[32m 43[2mms[22m[39m
 [31m×[39m [30m[46m renderer-thread [49m[39m src/renderer/widgets/layout/__tests__/Layout.test.tsx[2m > [22mLayout[2m > [22mrenders header and sidebar when not in focus mode[32m 131[2mms[22m[39m
[31m   → Unable to find an element by: [data-testid="header"]

Ignored nodes: comments, script, style
[36m<body>[31m
  [36m<div>[31m
    [36m<div[31m
      [33mclass[31m=[32m"h-screen flex flex-col bg-gray-50 dark:bg-gray-900 "[31m
    [36m>[31m
      [36m<header[31m
        [33mclass[31m=[32m"relative bg-gradient-to-r from-white to-gray-50 dark:from-gray-800 dark:to-gray-900 border-b border-gray-200/60 dark:border-gray-700/60 px-4 py-3 backdrop-blur-sm shadow-sm animate-fade-in"[31m
      [36m>[31m
        [36m<div[31m
          [33mclass[31m=[32m"flex items-center justify-between"[31m
        [36m>[31m
          [36m<div[31m
            [33mclass[31m=[32m"flex items-center space-x-4"[31m
          [36m>[31m
            [36m<button[31m
              [33mclass[31m=[32m"group relative p-2.5 rounded-xl bg-gradient-to-br from-gray-50 to-gray-100 dark:from-gray-700 dark:to-gray-800 hover:from-primary-50 hover:to-primary-100 dark:hover:from-primary-900/20 dark:hover:to-primary-800/20 transition-all duration-300 transform hover:scale-105 hover:shadow-md"[31m
              [33mtitle[31m=[32m"Toggle sidebar"[31m
            [36m>[31m
              [36m<div[31m
                [33mclass[31m=[32m"absolute inset-0 bg-gradient-to-br from-primary-500 to-accent-purple-500 rounded-xl opacity-0 group-hover:opacity-10 transition-opacity duration-300"[31m
              [36m/>[31m
              [36m<svg[31m
                [33maria-hidden[31m=[32m"true"[31m
                [33mclass[31m=[32m"w-5 h-5 text-gray-600 dark:text-gray-400 group-hover:text-primary-600 dark:group-hover:text-primary-400 relative z-10 transition-colors duration-200"[31m
                [33mdata-slot[31m=[32m"icon"[31m
                [33mfill[31m=[32m"none"[31m
                [33mstroke[31m=[32m"currentColor"[31m
                [33mstroke-width[31m=[32m"1.5"[31m
                [33mviewBox[31m=[32m"0 0 24 24"[31m
                [33mxmlns[31m=[32m"http://www.w3.org/2000/svg"[31m
              [36m>[31m
                [36m<path[31m
                  [33md[31m=[32m"M3.75 6.75h16.5M3.75 12h16.5m-16.5 5.25h16.5"[31m
                  [33mstroke-linecap[31m=[32m"round"[31m
                  [33mstroke-linejoin[31m=[32m"round"[31m
                [36m/>[31m
              [36m</svg>[31m
            [36m</button>[31m
            [36m<div[31m
              [33mclass[31m=[32m"min-w-0"[31m
            [36m>[31m
              [36m<div[31m
                [33mclass[31m=[32m"flex items-center space-x-2"[31m
              [36m>[31m
                [36m<div[31m
                  [33mclass[31m=[32m"w-2 h-2 bg-gradient-to-br from-primary-500 to-accent-emerald-500 rounded-full animate-pulse-soft shadow-lg shadow-primary-500/30"[31m
                [36m/>[31m
                [36m<h1[31m
                  [33mclass[31m=[32m"text-lg font-bold bg-gradient-to-r from-gray-900 to-gray-700 dark:from-gray-100 dark:to-gray-300 bg-clip-text text-transparent truncate animate-fade-in"[31m
                [36m>[31m
                  [0mLearning Catalyst[0m
                [36m</h1>[31m
              [36m</div>[31m
            [36m</div>[31m
          [36m</div>[31m
          [36m<div[31m
            [33mclass[31m=[32m"flex items-center space-x-2"[31m
          [36m>[31m
            [36m<button[31m
              [33mclass[31m=[32m"group relative p-2.5 rounded-xl transition-all duration-300 transform hover:scale-105 bg-gradient-to-br from-gray-50 to-gray-100 dark:from-gray-700 dark:to-gray-800 hover:from-primary-50 hover:to-primary-100 dark:hover:from-primary-900/20 dark:hover:to-primary-800/20 text-gray-600 dark:text-gray-400 hover:text-primary-600 dark:hover:text-primary-400 hover:shadow-md"[31m
              [33mtitle[31m=[32m"Enter focus mode (F11)"[31m
            [36m>[31m
              [36m<div[31m
                [33mclass[31m=[32m"absolute inset-0 bg-gradient-to-br from-primary-500 to-accent-purple-500 rounded-xl opacity-0 group-hover:opacity-10 transition-opacity duration-300"[31m
              [36m/>[31m
              [36m<svg[31m
                [33maria-hidden[31m=[32m"true"[31m
                [33mclass[31m=[32m"w-5 h-5 relative z-10 transition-all duration-200 "[31m
                [33mdata-slot[31m=[32m"icon"[31m
                [33mfill[31m=[32m"none"[31m
                [33mstroke[31m=[32m"currentColor"[31m
                [33mstroke-width[31m=[32m"1.5"[31m
                [33mviewBox[31m=[32m"0 0 24 24"[31m
                [33mxmlns[31m=[32m"http://www.w3.org/2000/svg"[31m
              [36m>[31m
                [36m<path[31m
                  [33md[31m=[32m"M2.036 12.322a1.012 1.012 0 0 1 0-.639C3.423 7.51 7.36 4.5 12 4.5c4.638 0 8.573 3.007 9.963 7.178.07.207.07.431 0 .639C20.577 16.49 16.64 19.5 12 19.5c-4.638 0-8.573-3.007-9.963-7.178Z"[31m
                  [33mstroke-linecap[31m=[32m"round"[31m
                  [33mstroke-linejoin[31m=[32m"round"[31m
                [36m/>[31m
                [36m<path[31m
                  [33md[31m=[32m"M15 12a3 3 0 1 1-6 0 3 3 0 0 1 6 0Z"[31m
                  [33mstroke-linecap[31m=[32m"round"[31m
                  [33mstroke-linejoin[31m=[32m"round"[31m
                [36m/>[31m
              [36m</svg>[31m
            [36m</button>[31m
            [36m<button[31m
              [33mclass[31m=[32m"group relative p-2.5 rounded-xl bg-gradient-to-br from-gray-50 to-gray-100 dark:from-gray-700 dark:to-gray-800 hover:from-amber-50 hover:to-amber-100 dark:hover:from-amber-900/20 dark:hover:to-amber-800/20 transition-all duration-300 transform hover:scale-105 hover:shadow-md"[31m
              [33mtitle[31m=[32m"Theme: Dark"[31m
            [36m>[31m
              [36m<div[31m
                [33mclass[31m=[32m"absolute inset-0 bg-gradient-to-br from-amber-500 to-orange-500 rounded-xl opacity-0 group-hover:opacity-10 transition-opacity duration-300"[31m
              [36m/>[31m
              [36m<div[31m
                [33mclass[31m=[32m"relative z-10 transition-all duration-200 group-hover:rotate-12 group-hover:scale-110"[31m
              [36m>[31m
                [36m<svg[31m
                  [33maria-hidden[31m=[32m"true"[31m
                  [33mclass[31m=[32m"w-5 h-5"[31m
                  [33mdata-slot[31m=[32m"icon"[31m
                  [33mfill[31m=[32m"none"[31m
                  [33mstroke[31m=[32m"currentColor"[31m
                  [33mstroke-width[31m=[32m"1.5"[31m
                  [33mviewBox[31m=[32m"0 0 24 24"[31m
                  [33mxmlns[31m=[32m"http://www.w3.org/2000/svg"[31m
                [36m>[31m
                  [36m<path[31m
                    [33md[31m=[32m"M21.752 15.002A9.72 9.72 0 0 1 18 15.75c-5.385 0-9.75-4.365-9.75-9.75 0-1.33.266-2.597.748-3.752A9.753 9.753 0 0 0 3 11.25C3 16.635 7.365 21 12.75 21a9.753 9.753 0 0 0 9.002-5.998Z...[39m
 [32m✓[39m [30m[46m renderer-thread [49m[39m src/renderer/widgets/layout/__tests__/Layout.test.tsx[2m > [22mLayout[2m > [22mapplies dark class when theme is dark[32m 53[2mms[22m[39m
 [32m✓[39m [30m[46m renderer-thread [49m[39m src/renderer/widgets/layout/__tests__/Layout.test.tsx[2m > [22mLayout[2m > [22mderives theme from system in auto mode[32m 26[2mms[22m[39m
 [31m×[39m [30m[46m renderer-thread [49m[39m src/renderer/widgets/layout/__tests__/SessionList.test.tsx[2m > [22mThreadListSidebar[2m > [22mKnowledge Navigation[2m > [22mshould navigate to knowledge map when Knowledge Map is clicked[32m 30[2mms[22m[39m
[31m   → expected "vi.fn()" to be called with arguments: [ 'knowledge-map' ][90m

Number of calls: [1m0[22m
[31m[39m
 [31m×[39m [30m[46m renderer-thread [49m[39m src/renderer/widgets/layout/__tests__/SessionList.test.tsx[2m > [22mThreadListSidebar[2m > [22mKnowledge Navigation[2m > [22mshould navigate to progress when Dashboard is clicked[32m 18[2mms[22m[39m
[31m   → expected "vi.fn()" to be called with arguments: [ 'progress' ][90m

Number of calls: [1m0[22m
[31m[39m
 [31m×[39m [30m[46m renderer-thread [49m[39m src/renderer/widgets/layout/__tests__/SessionList.test.tsx[2m > [22mThreadListSidebar[2m > [22mKnowledge Navigation[2m > [22mshould navigate to discovery when Discovery is clicked[32m 20[2mms[22m[39m
[31m   → expected "vi.fn()" to be called with arguments: [ 'discovery' ][90m

Number of calls: [1m0[22m
[31m[39m
 [31m×[39m [30m[46m renderer-thread [49m[39m src/renderer/widgets/layout/__tests__/SessionList.test.tsx[2m > [22mThreadListSidebar[2m > [22mKnowledge Navigation[2m > [22mshould navigate to settings when Settings is clicked[32m 15[2mms[22m[39m
[31m   → expected "vi.fn()" to be called with arguments: [ 'settings' ][90m

Number of calls: [1m0[22m
[31m[39m
 [31m×[39m [30m[46m renderer-thread [49m[39m src/renderer/widgets/layout/__tests__/SessionList.test.tsx[2m > [22mThreadListSidebar[2m > [22mAssistant UI Integration[2m > [22mshould render ThreadListPrimitive.Root with correct structure[32m 25[2mms[22m[39m
[31m   → Unable to find an element by: [data-testid="thread-list-root"]

Ignored nodes: comments, script, style
[36m<body>[31m
  [36m<div>[31m
    [36m<aside[31m
      [33mclass[31m=[32m"w-64 bg-white dark:bg-gray-800 border-r border-gray-200 dark:border-gray-700 flex flex-col h-full"[31m
    [36m>[31m
      [36m<div[31m
        [33mclass[31m=[32m"flex h-full flex-col gap-2 p-2 overflow-hidden"[31m
      [36m>[31m
        [36m<div[31m
          [33mclass[31m=[32m"flex flex-col gap-1"[31m
        [36m>[31m
          [36m<div[31m
            [33mclass[31m=[32m"px-2 py-1 text-xs font-medium text-gray-500 dark:text-gray-400 uppercase"[31m
          [36m>[31m
            [0mKnowledge[0m
          [36m</div>[31m
          [36m<button[31m
            [33mclass[31m=[32m"inline-flex items-center rounded-lg transition-colors duration-200 focus:outline-none focus:ring-2 focus:ring-offset-2 dark:focus:ring-offset-gray-900 disabled:opacity-50 disabled:cursor-not-allowed hover:bg-gray-100 dark:hover:bg-gray-800 text-gray-600 dark:text-gray-400 hover:text-gray-900 dark:hover:text-gray-100 focus:ring-gray-500 px-4 py-2 text-sm w-full justify-start font-normal"[31m
            [33mtitle[31m=[32m"Visual knowledge graph view"[31m
            [33mtype[31m=[32m"button"[31m
          [36m>[31m
            [36m<svg[31m
              [33maria-hidden[31m=[32m"true"[31m
              [33mclass[31m=[32m"mr-2 h-4 w-4"[31m
              [33mdata-slot[31m=[32m"icon"[31m
              [33mfill[31m=[32m"none"[31m
              [33mstroke[31m=[32m"currentColor"[31m
              [33mstroke-width[31m=[32m"1.5"[31m
              [33mviewBox[31m=[32m"0 0 24 24"[31m
              [33mxmlns[31m=[32m"http://www.w3.org/2000/svg"[31m
            [36m>[31m
              [36m<path[31m
                [33md[31m=[32m"M9 6.75V15m6-6v8.25m.503 3.498 4.875-2.437c.381-.19.622-.58.622-1.006V4.82c0-.836-.88-1.38-1.628-1.006l-3.869 1.934c-.317.159-.69.159-1.006 0L9.503 3.252a1.125 1.125 0 0 0-1.006 0L3.622 5.689C3.24 5.88 3 6.27 3 6.695V19.18c0 .836.88 1.38 1.628 1.006l3.869-1.934c.317-.159.69-.159 1.006 0l4.994 2.497c.317.158.69.158 1.006 0Z"[31m
                [33mstroke-linecap[31m=[32m"round"[31m
                [33mstroke-linejoin[31m=[32m"round"[31m
              [36m/>[31m
            [36m</svg>[31m
            [0mKnowledge Map[0m
          [36m</button>[31m
          [36m<button[31m
            [33mclass[31m=[32m"inline-flex items-center rounded-lg transition-colors duration-200 focus:outline-none focus:ring-2 focus:ring-offset-2 dark:focus:ring-offset-gray-900 disabled:opacity-50 disabled:cursor-not-allowed hover:bg-gray-100 dark:hover:bg-gray-800 text-gray-600 dark:text-gray-400 hover:text-gray-900 dark:hover:text-gray-100 focus:ring-gray-500 px-4 py-2 text-sm w-full justify-start font-normal"[31m
            [33mtitle[31m=[32m"Learning progress and analytics"[31m
            [33mtype[31m=[32m"button"[31m
          [36m>[31m
            [36m<svg[31m
              [33maria-hidden[31m=[32m"true"[31m
              [33mclass[31m=[32m"mr-2 h-4 w-4"[31m
              [33mdata-slot[31m=[32m"icon"[31m
              [33mfill[31m=[32m"none"[31m
              [33mstroke[31m=[32m"currentColor"[31m
              [33mstroke-width[31m=[32m"1.5"[31m
              [33mviewBox[31m=[32m"0 0 24 24"[31m
              [33mxmlns[31m=[32m"http://www.w3.org/2000/svg"[31m
            [36m>[31m
              [36m<path[31m
                [33md[31m=[32m"M3 13.125C3 12.504 3.504 12 4.125 12h2.25c.621 0 1.125.504 1.125 1.125v6.75C7.5 20.496 6.996 21 6.375 21h-2.25A1.125 1.125 0 0 1 3 19.875v-6.75ZM9.75 8.625c0-.621.504-1.125 1.125-1.125h2.25c.621 0 1.125.504 1.125 1.125v11.25c0 .621-.504 1.125-1.125 1.125h-2.25a1.125 1.125 0 0 1-1.125-1.125V8.625ZM16.5 4.125c0-.621.504-1.125 1.125-1.125h2.25C20.496 3 21 3.504 21 4.125v15.75c0 .621-.504 1.125-1.125 1.125h-2.25a1.125 1.125 0 0 1-1.125-1.125V4.125Z"[31m
                [33mstroke-linecap[31m=[32m"round"[31m
                [33mstroke-linejoin[31m=[32m"round"[31m
              [36m/>[31m
            [36m</svg>[31m
            [0mDashboard[0m
          [36m</button>[31m
          [36m<button[31m
            [33mclass[31m=[32m"inline-flex items-center rounded-lg transition-colors duration-200 focus:outline-none focus:ring-2 focus:ring-offset-2 dark:focus:ring-offset-gray-900 disabled:opacity-50 disabled:cursor-not-allowed hover:bg-gray-100 dark:hover:bg-gray-800 text-gray-600 dark:text-gray-400 hover:text-gray-900 dark:hover:text-gray-100 focus:ring-gray-500 px-4 py-2 text-sm w-full justify-start font-normal"[31m
            [33mtitle[31m=[32m"Parse concepts from markdown files"[31m
            [33mtype[31m=[32m"button"[31m
          [36m>[31m
            [36m<svg[31m
              [33maria-hidden[31m=[32m"true"[31m
              [33mclass[31m=[32m"mr-2 h-4 w-4"[31m
              [33mdata-slot[31m=[32m"icon"[31m
              [33mfill[31m=[32m"none"[31m
              [33mstroke[31m=[32m"currentColor"[31m
              [33mstroke-width[31m=[32m"1.5"[31m
              [33mviewBox[31m=[32m"0 0 24 24"[31m
              [33mxmlns[31m=[32m"http://www.w3.org/2000/svg"[31m
            [36m>[31m
              [36m<path[31m
                [33md[31m=[32m"m21 21-5.197-5.197m0 0A7.5 7.5 0 1 0 5.196 5.196a7.5 7.5 0 0 0 10.607 10.607Z"[31m
                [33mstroke-linecap[31m=[32m"round"[31m
                [33mstroke-linejoin[31m=[32m"round"[31m
              [36m/>[31m
            [36m</svg>[31m
            [0mDiscovery[0m
          [36m</button>[31m
          [36m<button[31m
            [33mclass[31m=[32m"inline-flex items-center rounded-lg transition-colors duration-200 focus:outline-none focus:ring-2 focus:ring-offset-2 dark:focus:ring-offset-gray-900 disabled:opacity-50 disabled:cursor-not-allowed hover:bg-gray-100 dark:hover:bg-gray-800 text-gray-600 dark:text-gray-400 hover:text-gray-900 dark:hover:text-gray-100 focus:ring-gray-500 px-4 py-2 text-sm w-full justify-start font-normal"[31m
            [33mtitle[31m=[32m"Configure the application"[31m
            [33mtype[31m=[32m"button"[31m
          [36m>[31m
            [36m<svg[31m
              [33maria-hidden[31m=[32m"true"[31m
              [33mclass[31m=[32m"mr-2 h-4 w-4"[31m
              [33mdata-slot[31m=[32m"icon"[31m
              [33mfill[31m=[32m"none"[31m
              [33mstroke[31m=[32m"currentColor"[31m
              [33mstroke-width[31m=[32m"1.5"[31m
              [33mviewBox[31m=[32m"0 0 24 24"[31m
              [33mxmlns[31m=[32m"http://www.w3.org/2000/svg"[31m
            [36m>[31m
              [36m<path[31m
                [33md[31m=[32m"M4.5 12a7.5 7.5 0 0 0 15 0m-15 0a7.5 7.5 0 1 1 15 0m-15 0H3m16.5 0H21m-1.5 0H12m-8.457 3.077 1.41-.513m14.095-5.13 1.41-.513M5.106 17.785l1.15-.964m11.49-9.642 1.149-.964M7.501 19.795l.75-1.3m7.5-12.99.75-1.3m-6.063 16.658.26-1.477m2.605-14.772.26-1.477m0 17.726-.26-1.477M10.698 4.614l-.26-1.477M16.5 19.794l-.75-1.299M7.5 4.205 12 12m6.894 5.785-1.149-.964M6.256 7.178l-1.15-.964m15.352 8.864-1.41-.513M4.954 9.435l-1.41-.514M12.002 12l-3.75 6.495"[31m
                [33mstroke-linecap[31m=[32m"round"[31m
                [33mstroke-linejoin[31m=[32m"round"[31m
              [36m/>[31m
            [36m</svg>[31m
            [0mSettings[0m
          [36m</button>[31m
        [36m</div>[31m
        [36m<div[31m
          [33maria-orientation[31m=[32m"horizontal"[31m
          [33mclass[31m=[32m"shrink-0 bg-gray-200 dark:bg-gray-700 h-[1px] w-full"[31m
          [33mrole[31m=[32m"separator"[31m
        [36m/>[31m
        [36m<div[31m
          [33mclass[31m=[32m"flex items-center justify-between px-2"[31m
        [36m>[31m
          [36m<div[31m
            [33mclass[31m=[32m"text-xs font-medium text-gray-500 dark:text-gray-400 uppercase"[31m
          [36m>[31m
            [0mConversations[0m
          [36m</div>[31m
          [36m<button[31m
            [33maria-current[31m=[32m"true"[31m
            [33mclass[31m=[32m"inline-flex items-center justify-center font-medium rounded-lg transition-colors duration-200 focus:outline-none focus:ring-2 focus:ring-offset-2 dark:focus:ring-offset-gray-900 disabled:opacity-50 disabled:cursor-not-allowed hover:bg-gray-100 dark:hover:bg-gray-800 text-gray-600 dark:text-gray-400 hover:text-gray-900 dark:hover:text-gray-100 focus:ring-gray-500 py-1.5 text-sm h-7 px-2"[31m
            [33mdata-active[31m=[32m"true"[31m
            [33mtype[31m=[32m"button"[31m
          [36m>[31m
            [36m<svg[31m
              [33maria-hidden[31m=[32m"true"[31m
              [33mclass[31m=[32m"h-4 w-4"[31m
              [33mdata-slot[31m=[32m"icon"[31m
              [33mfill[31m=[32m"none"[31m
              [33mstroke[31m=[32m"currentColor"[31m
              [33mstroke-width[31m=[32m"1.5"[31m
              [33mviewBox[31m=[32m"0 0 24 24"[31m
              [33mxmlns[31m=[32m"http://www.w3.org/2000/svg"[31m
            [36m>[31m
              [36m<path[31m
                [33md[31m=[32m"M12 4.5v15m7.5-7.5h-15"[31m
                [33mstroke-linecap[31m=[32m"round"[31m
                [33mstroke-linejoin[31m=[32m"round"[31m
              [36m/>[31m
            [36m</svg>[31m
          [36m</button>[31m
        [36m</div>[31m
        [36m<div[31m
          [33mclass[31m=[32m"flex-1 overflow-y-auto"[31m
        [36m/>[31m
      [36m</div>[31m
    [36m</aside>[31m
  [36m</div>[31m
[36m</body>[31m[39m
 [31m×[39m [30m[46m renderer-thread [49m[39m src/renderer/widgets/layout/__tests__/SessionList.test.tsx[2m > [22mThreadListSidebar[2m > [22mAssistant UI Integration[2m > [22mshould render ThreadListPrimitive.New for new conversations[32m 11[2mms[22m[39m
[31m   → Unable to find an element by: [data-testid="new-thread-button"]

Ignored nodes: comments, script, style
[36m<body>[31m
  [36m<div>[31m
    [36m<aside[31m
      [33mclass[31m=[32m"w-64 bg-white dark:bg-gray-800 border-r border-gray-200 dark:border-gray-700 flex flex-col h-full"[31m
    [36m>[31m
      [36m<div[31m
        [33mclass[31m=[32m"flex h-full flex-col gap-2 p-2 overflow-hidden"[31m
      [36m>[31m
        [36m<div[31m
          [33mclass[31m=[32m"flex flex-col gap-1"[31m
        [36m>[31m
          [36m<div[31m
            [33mclass[31m=[32m"px-2 py-1 text-xs font-medium text-gray-500 dark:text-gray-400 uppercase"[31m
          [36m>[31m
            [0mKnowledge[0m
          [36m</div>[31m
          [36m<button[31m
            [33mclass[31m=[32m"inline-flex items-center rounded-lg transition-colors duration-200 focus:outline-none focus:ring-2 focus:ring-offset-2 dark:focus:ring-offset-gray-900 disabled:opacity-50 disabled:cursor-not-allowed hover:bg-gray-100 dark:hover:bg-gray-800 text-gray-600 dark:text-gray-400 hover:text-gray-900 dark:hover:text-gray-100 focus:ring-gray-500 px-4 py-2 text-sm w-full justify-start font-normal"[31m
            [33mtitle[31m=[32m"Visual knowledge graph view"[31m
            [33mtype[31m=[32m"button"[31m
          [36m>[31m
            [36m<svg[31m
              [33maria-hidden[31m=[32m"true"[31m
              [33mclass[31m=[32m"mr-2 h-4 w-4"[31m
              [33mdata-slot[31m=[32m"icon"[31m
              [33mfill[31m=[32m"none"[31m
              [33mstroke[31m=[32m"currentColor"[31m
              [33mstroke-width[31m=[32m"1.5"[31m
              [33mviewBox[31m=[32m"0 0 24 24"[31m
              [33mxmlns[31m=[32m"http://www.w3.org/2000/svg"[31m
            [36m>[31m
              [36m<path[31m
                [33md[31m=[32m"M9 6.75V15m6-6v8.25m.503 3.498 4.875-2.437c.381-.19.622-.58.622-1.006V4.82c0-.836-.88-1.38-1.628-1.006l-3.869 1.934c-.317.159-.69.159-1.006 0L9.503 3.252a1.125 1.125 0 0 0-1.006 0L3.622 5.689C3.24 5.88 3 6.27 3 6.695V19.18c0 .836.88 1.38 1.628 1.006l3.869-1.934c.317-.159.69-.159 1.006 0l4.994 2.497c.317.158.69.158 1.006 0Z"[31m
                [33mstroke-linecap[31m=[32m"round"[31m
                [33mstroke-linejoin[31m=[32m"round"[31m
              [36m/>[31m
            [36m</svg>[31m
            [0mKnowledge Map[0m
          [36m</button>[31m
          [36m<button[31m
            [33mclass[31m=[32m"inline-flex items-center rounded-lg transition-colors duration-200 focus:outline-none focus:ring-2 focus:ring-offset-2 dark:focus:ring-offset-gray-900 disabled:opacity-50 disabled:cursor-not-allowed hover:bg-gray-100 dark:hover:bg-gray-800 text-gray-600 dark:text-gray-400 hover:text-gray-900 dark:hover:text-gray-100 focus:ring-gray-500 px-4 py-2 text-sm w-full justify-start font-normal"[31m
            [33mtitle[31m=[32m"Learning progress and analytics"[31m
            [33mtype[31m=[32m"button"[31m
          [36m>[31m
            [36m<svg[31m
              [33maria-hidden[31m=[32m"true"[31m
              [33mclass[31m=[32m"mr-2 h-4 w-4"[31m
              [33mdata-slot[31m=[32m"icon"[31m
              [33mfill[31m=[32m"none"[31m
              [33mstroke[31m=[32m"currentColor"[31m
              [33mstroke-width[31m=[32m"1.5"[31m
              [33mviewBox[31m=[32m"0 0 24 24"[31m
              [33mxmlns[31m=[32m"http://www.w3.org/2000/svg"[31m
            [36m>[31m
              [36m<path[31m
                [33md[31m=[32m"M3 13.125C3 12.504 3.504 12 4.125 12h2.25c.621 0 1.125.504 1.125 1.125v6.75C7.5 20.496 6.996 21 6.375 21h-2.25A1.125 1.125 0 0 1 3 19.875v-6.75ZM9.75 8.625c0-.621.504-1.125 1.125-1.125h2.25c.621 0 1.125.504 1.125 1.125v11.25c0 .621-.504 1.125-1.125 1.125h-2.25a1.125 1.125 0 0 1-1.125-1.125V8.625ZM16.5 4.125c0-.621.504-1.125 1.125-1.125h2.25C20.496 3 21 3.504 21 4.125v15.75c0 .621-.504 1.125-1.125 1.125h-2.25a1.125 1.125 0 0 1-1.125-1.125V4.125Z"[31m
                [33mstroke-linecap[31m=[32m"round"[31m
                [33mstroke-linejoin[31m=[32m"round"[31m
              [36m/>[31m
            [36m</svg>[31m
            [0mDashboard[0m
          [36m</button>[31m
          [36m<button[31m
            [33mclass[31m=[32m"inline-flex items-center rounded-lg transition-colors duration-200 focus:outline-none focus:ring-2 focus:ring-offset-2 dark:focus:ring-offset-gray-900 disabled:opacity-50 disabled:cursor-not-allowed hover:bg-gray-100 dark:hover:bg-gray-800 text-gray-600 dark:text-gray-400 hover:text-gray-900 dark:hover:text-gray-100 focus:ring-gray-500 px-4 py-2 text-sm w-full justify-start font-normal"[31m
            [33mtitle[31m=[32m"Parse concepts from markdown files"[31m
            [33mtype[31m=[32m"button"[31m
          [36m>[31m
            [36m<svg[31m
              [33maria-hidden[31m=[32m"true"[31m
              [33mclass[31m=[32m"mr-2 h-4 w-4"[31m
              [33mdata-slot[31m=[32m"icon"[31m
              [33mfill[31m=[32m"none"[31m
              [33mstroke[31m=[32m"currentColor"[31m
              [33mstroke-width[31m=[32m"1.5"[31m
              [33mviewBox[31m=[32m"0 0 24 24"[31m
              [33mxmlns[31m=[32m"http://www.w3.org/2000/svg"[31m
            [36m>[31m
              [36m<path[31m
                [33md[31m=[32m"m21 21-5.197-5.197m0 0A7.5 7.5 0 1 0 5.196 5.196a7.5 7.5 0 0 0 10.607 10.607Z"[31m
                [33mstroke-linecap[31m=[32m"round"[31m
                [33mstroke-linejoin[31m=[32m"round"[31m
              [36m/>[31m
            [36m</svg>[31m
            [0mDiscovery[0m
          [36m</button>[31m
          [36m<button[31m
            [33mclass[31m=[32m"inline-flex items-center rounded-lg transition-colors duration-200 focus:outline-none focus:ring-2 focus:ring-offset-2 dark:focus:ring-offset-gray-900 disabled:opacity-50 disabled:cursor-not-allowed hover:bg-gray-100 dark:hover:bg-gray-800 text-gray-600 dark:text-gray-400 hover:text-gray-900 dark:hover:text-gray-100 focus:ring-gray-500 px-4 py-2 text-sm w-full justify-start font-normal"[31m
            [33mtitle[31m=[32m"Configure the application"[31m
            [33mtype[31m=[32m"button"[31m
          [36m>[31m
            [36m<svg[31m
              [33maria-hidden[31m=[32m"true"[31m
              [33mclass[31m=[32m"mr-2 h-4 w-4"[31m
              [33mdata-slot[31m=[32m"icon"[31m
              [33mfill[31m=[32m"none"[31m
              [33mstroke[31m=[32m"currentColor"[31m
              [33mstroke-width[31m=[32m"1.5"[31m
              [33mviewBox[31m=[32m"0 0 24 24"[31m
              [33mxmlns[31m=[32m"http://www.w3.org/2000/svg"[31m
            [36m>[31m
              [36m<path[31m
                [33md[31m=[32m"M4.5 12a7.5 7.5 0 0 0 15 0m-15 0a7.5 7.5 0 1 1 15 0m-15 0H3m16.5 0H21m-1.5 0H12m-8.457 3.077 1.41-.513m14.095-5.13 1.41-.513M5.106 17.785l1.15-.964m11.49-9.642 1.149-.964M7.501 19.795l.75-1.3m7.5-12.99.75-1.3m-6.063 16.658.26-1.477m2.605-14.772.26-1.477m0 17.726-.26-1.477M10.698 4.614l-.26-1.477M16.5 19.794l-.75-1.299M7.5 4.205 12 12m6.894 5.785-1.149-.964M6.256 7.178l-1.15-.964m15.352 8.864-1.41-.513M4.954 9.435l-1.41-.514M12.002 12l-3.75 6.495"[31m
                [33mstroke-linecap[31m=[32m"round"[31m
                [33mstroke-linejoin[31m=[32m"round"[31m
              [36m/>[31m
            [36m</svg>[31m
            [0mSettings[0m
          [36m</button>[31m
        [36m</div>[31m
        [36m<div[31m
          [33maria-orientation[31m=[32m"horizontal"[31m
          [33mclass[31m=[32m"shrink-0 bg-gray-200 dark:bg-gray-700 h-[1px] w-full"[31m
          [33mrole[31m=[32m"separator"[31m
        [36m/>[31m
        [36m<div[31m
          [33mclass[31m=[32m"flex items-center justify-between px-2"[31m
        [36m>[31m
          [36m<div[31m
            [33mclass[31m=[32m"text-xs font-medium text-gray-500 dark:text-gray-400 uppercase"[31m
          [36m>[31m
            [0mConversations[0m
          [36m</div>[31m
          [36m<button[31m
            [33maria-current[31m=[32m"true"[31m
            [33mclass[31m=[32m"inline-flex items-center justify-center font-medium rounded-lg transition-colors duration-200 focus:outline-none focus:ring-2 focus:ring-offset-2 dark:focus:ring-offset-gray-900 disabled:opacity-50 disabled:cursor-not-allowed hover:bg-gray-100 dark:hover:bg-gray-800 text-gray-600 dark:text-gray-400 hover:text-gray-900 dark:hover:text-gray-100 focus:ring-gray-500 py-1.5 text-sm h-7 px-2"[31m
            [33mdata-active[31m=[32m"true"[31m
            [33mtype[31m=[32m"button"[31m
          [36m>[31m
            [36m<svg[31m
              [33maria-hidden[31m=[32m"true"[31m
              [33mclass[31m=[32m"h-4 w-4"[31m
              [33mdata-slot[31m=[32m"icon"[31m
              [33mfill[31m=[32m"none"[31m
              [33mstroke[31m=[32m"currentColor"[31m
              [33mstroke-width[31m=[32m"1.5"[31m
              [33mviewBox[31m=[32m"0 0 24 24"[31m
              [33mxmlns[31m=[32m"http://www.w3.org/2000/svg"[31m
            [36m>[31m
              [36m<path[31m
                [33md[31m=[32m"M12 4.5v15m7.5-7.5h-15"[31m
                [33mstroke-linecap[31m=[32m"round"[31m
                [33mstroke-linejoin[31m=[32m"round"[31m
              [36m/>[31m
            [36m</svg>[31m
          [36m</button>[31m
        [36m</div>[31m
        [36m<div[31m
          [33mclass[31m=[32m"flex-1 overflow-y-auto"[31m
        [36m/>[31m
      [36m</div>[31m
    [36m</aside>[31m
  [36m</div>[31m
[36m</body>[31m[39m
 [32m✓[39m [30m[46m renderer-thread [49m[39m src/renderer/features/analytics/ui/__tests__/Achievements.test.tsx[2m > [22mAchievements[2m > [22mrenders progress bar correctly[32m 28[2mms[22m[39m
 [32m✓[39m [30m[46m renderer-thread [49m[39m src/renderer/features/analytics/ui/__tests__/Achievements.test.tsx[2m > [22mAchievements[2m > [22mrenders custom icons when provided[32m 45[2mms[22m[39m
 [32m✓[39m [30m[46m renderer-thread [49m[39m src/renderer/features/analytics/ui/__tests__/Achievements.test.tsx[2m > [22mAchievements[2m > [22mrenders default icons when no custom icon is provided[32m 28[2mms[22m[39m
 [31m×[39m [30m[46m renderer-thread [49m[39m src/renderer/widgets/layout/__tests__/Layout.test.tsx[2m > [22mLayout[2m > [22mshows status bar when token usage toggle exists[32m 32[2mms[22m[39m
[31m   → Unable to find an element with the text: /Provider:/i. This could be because the text is broken up by multiple elements. In this case, you can provide a function for your text matcher to make your matcher more flexible.

Ignored nodes: comments, script, style
[36m<body>[31m
  [36m<div>[31m
    [36m<div[31m
      [33mclass[31m=[32m"h-screen flex flex-col bg-gray-50 dark:bg-gray-900 "[31m
    [36m>[31m
      [36m<header[31m
        [33mclass[31m=[32m"relative bg-gradient-to-r from-white to-gray-50 dark:from-gray-800 dark:to-gray-900 border-b border-gray-200/60 dark:border-gray-700/60 px-4 py-3 backdrop-blur-sm shadow-sm animate-fade-in"[31m
      [36m>[31m
        [36m<div[31m
          [33mclass[31m=[32m"flex items-center justify-between"[31m
        [36m>[31m
          [36m<div[31m
            [33mclass[31m=[32m"flex items-center space-x-4"[31m
          [36m>[31m
            [36m<button[31m
              [33mclass[31m=[32m"group relative p-2.5 rounded-xl bg-gradient-to-br from-gray-50 to-gray-100 dark:from-gray-700 dark:to-gray-800 hover:from-primary-50 hover:to-primary-100 dark:hover:from-primary-900/20 dark:hover:to-primary-800/20 transition-all duration-300 transform hover:scale-105 hover:shadow-md"[31m
              [33mtitle[31m=[32m"Toggle sidebar"[31m
            [36m>[31m
              [36m<div[31m
                [33mclass[31m=[32m"absolute inset-0 bg-gradient-to-br from-primary-500 to-accent-purple-500 rounded-xl opacity-0 group-hover:opacity-10 transition-opacity duration-300"[31m
              [36m/>[31m
              [36m<svg[31m
                [33maria-hidden[31m=[32m"true"[31m
                [33mclass[31m=[32m"w-5 h-5 text-gray-600 dark:text-gray-400 group-hover:text-primary-600 dark:group-hover:text-primary-400 relative z-10 transition-colors duration-200"[31m
                [33mdata-slot[31m=[32m"icon"[31m
                [33mfill[31m=[32m"none"[31m
                [33mstroke[31m=[32m"currentColor"[31m
                [33mstroke-width[31m=[32m"1.5"[31m
                [33mviewBox[31m=[32m"0 0 24 24"[31m
                [33mxmlns[31m=[32m"http://www.w3.org/2000/svg"[31m
              [36m>[31m
                [36m<path[31m
                  [33md[31m=[32m"M3.75 6.75h16.5M3.75 12h16.5m-16.5 5.25h16.5"[31m
                  [33mstroke-linecap[31m=[32m"round"[31m
                  [33mstroke-linejoin[31m=[32m"round"[31m
                [36m/>[31m
              [36m</svg>[31m
            [36m</button>[31m
            [36m<div[31m
              [33mclass[31m=[32m"min-w-0"[31m
            [36m>[31m
              [36m<div[31m
                [33mclass[31m=[32m"flex items-center space-x-2"[31m
              [36m>[31m
                [36m<div[31m
                  [33mclass[31m=[32m"w-2 h-2 bg-gradient-to-br from-primary-500 to-accent-emerald-500 rounded-full animate-pulse-soft shadow-lg shadow-primary-500/30"[31m
                [36m/>[31m
                [36m<h1[31m
                  [33mclass[31m=[32m"text-lg font-bold bg-gradient-to-r from-gray-900 to-gray-700 dark:from-gray-100 dark:to-gray-300 bg-clip-text text-transparent truncate animate-fade-in"[31m
                [36m>[31m
                  [0mLearning Catalyst[0m
                [36m</h1>[31m
              [36m</div>[31m
            [36m</div>[31m
          [36m</div>[31m
          [36m<div[31m
            [33mclass[31m=[32m"flex items-center space-x-2"[31m
          [36m>[31m
            [36m<button[31m
              [33mclass[31m=[32m"group relative p-2.5 rounded-xl transition-all duration-300 transform hover:scale-105 bg-gradient-to-br from-gray-50 to-gray-100 dark:from-gray-700 dark:to-gray-800 hover:from-primary-50 hover:to-primary-100 dark:hover:from-primary-900/20 dark:hover:to-primary-800/20 text-gray-600 dark:text-gray-400 hover:text-primary-600 dark:hover:text-primary-400 hover:shadow-md"[31m
              [33mtitle[31m=[32m"Enter focus mode (F11)"[31m
            [36m>[31m
              [36m<div[31m
                [33mclass[31m=[32m"absolute inset-0 bg-gradient-to-br from-primary-500 to-accent-purple-500 rounded-xl opacity-0 group-hover:opacity-10 transition-opacity duration-300"[31m
              [36m/>[31m
              [36m<svg[31m
                [33maria-hidden[31m=[32m"true"[31m
                [33mclass[31m=[32m"w-5 h-5 relative z-10 transition-all duration-200 "[31m
                [33mdata-slot[31m=[32m"icon"[31m
                [33mfill[31m=[32m"none"[31m
                [33mstroke[31m=[32m"currentColor"[31m
                [33mstroke-width[31m=[32m"1.5"[31m
                [33mviewBox[31m=[32m"0 0 24 24"[31m
                [33mxmlns[31m=[32m"http://www.w3.org/2000/svg"[31m
              [36m>[31m
                [36m<path[31m
                  [33md[31m=[32m"M2.036 12.322a1.012 1.012 0 0 1 0-.639C3.423 7.51 7.36 4.5 12 4.5c4.638 0 8.573 3.007 9.963 7.178.07.207.07.431 0 .639C20.577 16.49 16.64 19.5 12 19.5c-4.638 0-8.573-3.007-9.963-7.178Z"[31m
                  [33mstroke-linecap[31m=[32m"round"[31m
                  [33mstroke-linejoin[31m=[32m"round"[31m
                [36m/>[31m
                [36m<path[31m
                  [33md[31m=[32m"M15 12a3 3 0 1 1-6 0 3 3 0 0 1 6 0Z"[31m
                  [33mstroke-linecap[31m=[32m"round"[31m
                  [33mstroke-linejoin[31m=[32m"round"[31m
                [36m/>[31m
              [36m</svg>[31m
            [36m</button>[31m
            [36m<button[31m
              [33mclass[31m=[32m"group relative p-2.5 rounded-xl bg-gradient-to-br from-gray-50 to-gray-100 dark:from-gray-700 dark:to-gray-800 hover:from-amber-50 hover:to-amber-100 dark:hover:from-amber-900/20 dark:hover:to-amber-800/20 transition-all duration-300 transform hover:scale-105 hover:shadow-md"[31m
              [33mtitle[31m=[32m"Theme: Dark"[31m
            [36m>[31m
              [36m<div[31m
                [33mclass[31m=[32m"absolute inset-0 bg-gradient-to-br from-amber-500 to-orange-500 rounded-xl opacity-0 group-hover:opacity-10 transition-opacity duration-300"[31m
              [36m/>[31m
              [36m<div[31m
                [33mclass[31m=[32m"relative z-10 transition-all duration-200 group-hover:rotate-12 group-hover:scale-110"[31m
              [36m>[31m
                [36m<svg[31m
                  [33maria-hidden[31m=[32m"true"[31m
                  [33mclass[31m=[32m"w-5 h-5"[31m
                  [33mdata-slot[31m=[32m"icon"[31m
                  [33mfill[31m=[32m"none"[31m
                  [33mstroke[31m=[32m"currentColor"[31m
                  [33mstroke-width[31m=[32m"1.5"[31m
                  [33mviewBox[31m=[32m"0 0 24 24"[31m
                  [33mxmlns[31m=[32m"http://www.w3.org/2000/svg"[31m
                [36m>[31m
                  [36m<path[31m
                    [33md[31m=[32m"M21.752 15.002A9.72 9.72 0 0 1 18 15.75c-5.385 0-9.75-4.365-9.75-9.75 0-1.33.266-2.597.748-3.752A9.753 9.753 0 0 0 3 11.25C3 16.635 7.365 21 12.75 21a9.753 9.753 0 0 0 9.002-5.998Z...[39m
 [31m×[39m [30m[46m renderer-thread [49m[39m src/renderer/widgets/layout/__tests__/Layout.test.tsx[2m > [22mLayout[2m > [22mhides chrome and shows focus indicator in focus mode[32m 34[2mms[22m[39m
[31m   → Unable to find an element with the text: Focus Mode. This could be because the text is broken up by multiple elements. In this case, you can provide a function for your text matcher to make your matcher more flexible.

Ignored nodes: comments, script, style
[36m<body>[31m
  [36m<div>[31m
    [36m<div[31m
      [33mclass[31m=[32m"h-screen flex flex-col bg-gray-50 dark:bg-gray-900 "[31m
    [36m>[31m
      [36m<header[31m
        [33mclass[31m=[32m"relative bg-gradient-to-r from-white to-gray-50 dark:from-gray-800 dark:to-gray-900 border-b border-gray-200/60 dark:border-gray-700/60 px-4 py-3 backdrop-blur-sm shadow-sm animate-fade-in"[31m
      [36m>[31m
        [36m<div[31m
          [33mclass[31m=[32m"flex items-center justify-between"[31m
        [36m>[31m
          [36m<div[31m
            [33mclass[31m=[32m"flex items-center space-x-4"[31m
          [36m>[31m
            [36m<button[31m
              [33mclass[31m=[32m"group relative p-2.5 rounded-xl bg-gradient-to-br from-gray-50 to-gray-100 dark:from-gray-700 dark:to-gray-800 hover:from-primary-50 hover:to-primary-100 dark:hover:from-primary-900/20 dark:hover:to-primary-800/20 transition-all duration-300 transform hover:scale-105 hover:shadow-md"[31m
              [33mtitle[31m=[32m"Toggle sidebar"[31m
            [36m>[31m
              [36m<div[31m
                [33mclass[31m=[32m"absolute inset-0 bg-gradient-to-br from-primary-500 to-accent-purple-500 rounded-xl opacity-0 group-hover:opacity-10 transition-opacity duration-300"[31m
              [36m/>[31m
              [36m<svg[31m
                [33maria-hidden[31m=[32m"true"[31m
                [33mclass[31m=[32m"w-5 h-5 text-gray-600 dark:text-gray-400 group-hover:text-primary-600 dark:group-hover:text-primary-400 relative z-10 transition-colors duration-200"[31m
                [33mdata-slot[31m=[32m"icon"[31m
                [33mfill[31m=[32m"none"[31m
                [33mstroke[31m=[32m"currentColor"[31m
                [33mstroke-width[31m=[32m"1.5"[31m
                [33mviewBox[31m=[32m"0 0 24 24"[31m
                [33mxmlns[31m=[32m"http://www.w3.org/2000/svg"[31m
              [36m>[31m
                [36m<path[31m
                  [33md[31m=[32m"M3.75 6.75h16.5M3.75 12h16.5m-16.5 5.25h16.5"[31m
                  [33mstroke-linecap[31m=[32m"round"[31m
                  [33mstroke-linejoin[31m=[32m"round"[31m
                [36m/>[31m
              [36m</svg>[31m
            [36m</button>[31m
            [36m<div[31m
              [33mclass[31m=[32m"min-w-0"[31m
            [36m>[31m
              [36m<div[31m
                [33mclass[31m=[32m"flex items-center space-x-2"[31m
              [36m>[31m
                [36m<div[31m
                  [33mclass[31m=[32m"w-2 h-2 bg-gradient-to-br from-primary-500 to-accent-emerald-500 rounded-full animate-pulse-soft shadow-lg shadow-primary-500/30"[31m
                [36m/>[31m
                [36m<h1[31m
                  [33mclass[31m=[32m"text-lg font-bold bg-gradient-to-r from-gray-900 to-gray-700 dark:from-gray-100 dark:to-gray-300 bg-clip-text text-transparent truncate animate-fade-in"[31m
                [36m>[31m
                  [0mLearning Catalyst[0m
                [36m</h1>[31m
              [36m</div>[31m
            [36m</div>[31m
          [36m</div>[31m
          [36m<div[31m
            [33mclass[31m=[32m"flex items-center space-x-2"[31m
          [36m>[31m
            [36m<button[31m
              [33mclass[31m=[32m"group relative p-2.5 rounded-xl transition-all duration-300 transform hover:scale-105 bg-gradient-to-br from-gray-50 to-gray-100 dark:from-gray-700 dark:to-gray-800 hover:from-primary-50 hover:to-primary-100 dark:hover:from-primary-900/20 dark:hover:to-primary-800/20 text-gray-600 dark:text-gray-400 hover:text-primary-600 dark:hover:text-primary-400 hover:shadow-md"[31m
              [33mtitle[31m=[32m"Enter focus mode (F11)"[31m
            [36m>[31m
              [36m<div[31m
                [33mclass[31m=[32m"absolute inset-0 bg-gradient-to-br from-primary-500 to-accent-purple-500 rounded-xl opacity-0 group-hover:opacity-10 transition-opacity duration-300"[31m
              [36m/>[31m
              [36m<svg[31m
                [33maria-hidden[31m=[32m"true"[31m
                [33mclass[31m=[32m"w-5 h-5 relative z-10 transition-all duration-200 "[31m
                [33mdata-slot[31m=[32m"icon"[31m
                [33mfill[31m=[32m"none"[31m
                [33mstroke[31m=[32m"currentColor"[31m
                [33mstroke-width[31m=[32m"1.5"[31m
                [33mviewBox[31m=[32m"0 0 24 24"[31m
                [33mxmlns[31m=[32m"http://www.w3.org/2000/svg"[31m
              [36m>[31m
                [36m<path[31m
                  [33md[31m=[32m"M2.036 12.322a1.012 1.012 0 0 1 0-.639C3.423 7.51 7.36 4.5 12 4.5c4.638 0 8.573 3.007 9.963 7.178.07.207.07.431 0 .639C20.577 16.49 16.64 19.5 12 19.5c-4.638 0-8.573-3.007-9.963-7.178Z"[31m
                  [33mstroke-linecap[31m=[32m"round"[31m
                  [33mstroke-linejoin[31m=[32m"round"[31m
                [36m/>[31m
                [36m<path[31m
                  [33md[31m=[32m"M15 12a3 3 0 1 1-6 0 3 3 0 0 1 6 0Z"[31m
                  [33mstroke-linecap[31m=[32m"round"[31m
                  [33mstroke-linejoin[31m=[32m"round"[31m
                [36m/>[31m
              [36m</svg>[31m
            [36m</button>[31m
            [36m<button[31m
              [33mclass[31m=[32m"group relative p-2.5 rounded-xl bg-gradient-to-br from-gray-50 to-gray-100 dark:from-gray-700 dark:to-gray-800 hover:from-amber-50 hover:to-amber-100 dark:hover:from-amber-900/20 dark:hover:to-amber-800/20 transition-all duration-300 transform hover:scale-105 hover:shadow-md"[31m
              [33mtitle[31m=[32m"Theme: Dark"[31m
            [36m>[31m
              [36m<div[31m
                [33mclass[31m=[32m"absolute inset-0 bg-gradient-to-br from-amber-500 to-orange-500 rounded-xl opacity-0 group-hover:opacity-10 transition-opacity duration-300"[31m
              [36m/>[31m
              [36m<div[31m
                [33mclass[31m=[32m"relative z-10 transition-all duration-200 group-hover:rotate-12 group-hover:scale-110"[31m
              [36m>[31m
                [36m<svg[31m
                  [33maria-hidden[31m=[32m"true"[31m
                  [33mclass[31m=[32m"w-5 h-5"[31m
                  [33mdata-slot[31m=[32m"icon"[31m
                  [33mfill[31m=[32m"none"[31m
                  [33mstroke[31m=[32m"currentColor"[31m
                  [33mstroke-width[31m=[32m"1.5"[31m
                  [33mviewBox[31m=[32m"0 0 24 24"[31m
                  [33mxmlns[31m=[32m"http://www.w3.org/2000/svg"[31m
                [36m>[31m
                  [36m<path[31m
                    [33md[31m=[32m"M21.752 15.002A9.72 9.72 0 0 1 18 15.75c-5.385 0-9.75-4.365-9.75-9.75 0-1.33.266-2.597.748-3.752A9.753 9.753 0 0 0 3 11.25C3 16.635 7.365 21 12.75 21a9.753 9.753 0 0 0 9.002-5.998Z...[39m
 [31m×[39m [30m[46m renderer-thread [49m[39m src/renderer/widgets/layout/__tests__/Layout.test.tsx[2m > [22mLayout[2m > [22mexits focus mode via close button[32m 21[2mms[22m[39m
[31m   → Unable to find an element with the text: Focus Mode. This could be because the text is broken up by multiple elements. In this case, you can provide a function for your text matcher to make your matcher more flexible.

Ignored nodes: comments, script, style
[36m<body>[31m
  [36m<div>[31m
    [36m<div[31m
      [33mclass[31m=[32m"h-screen flex flex-col bg-gray-50 dark:bg-gray-900 "[31m
    [36m>[31m
      [36m<header[31m
        [33mclass[31m=[32m"relative bg-gradient-to-r from-white to-gray-50 dark:from-gray-800 dark:to-gray-900 border-b border-gray-200/60 dark:border-gray-700/60 px-4 py-3 backdrop-blur-sm shadow-sm animate-fade-in"[31m
      [36m>[31m
        [36m<div[31m
          [33mclass[31m=[32m"flex items-center justify-between"[31m
        [36m>[31m
          [36m<div[31m
            [33mclass[31m=[32m"flex items-center space-x-4"[31m
          [36m>[31m
            [36m<button[31m
              [33mclass[31m=[32m"group relative p-2.5 rounded-xl bg-gradient-to-br from-gray-50 to-gray-100 dark:from-gray-700 dark:to-gray-800 hover:from-primary-50 hover:to-primary-100 dark:hover:from-primary-900/20 dark:hover:to-primary-800/20 transition-all duration-300 transform hover:scale-105 hover:shadow-md"[31m
              [33mtitle[31m=[32m"Toggle sidebar"[31m
            [36m>[31m
              [36m<div[31m
                [33mclass[31m=[32m"absolute inset-0 bg-gradient-to-br from-primary-500 to-accent-purple-500 rounded-xl opacity-0 group-hover:opacity-10 transition-opacity duration-300"[31m
              [36m/>[31m
              [36m<svg[31m
                [33maria-hidden[31m=[32m"true"[31m
                [33mclass[31m=[32m"w-5 h-5 text-gray-600 dark:text-gray-400 group-hover:text-primary-600 dark:group-hover:text-primary-400 relative z-10 transition-colors duration-200"[31m
                [33mdata-slot[31m=[32m"icon"[31m
                [33mfill[31m=[32m"none"[31m
                [33mstroke[31m=[32m"currentColor"[31m
                [33mstroke-width[31m=[32m"1.5"[31m
                [33mviewBox[31m=[32m"0 0 24 24"[31m
                [33mxmlns[31m=[32m"http://www.w3.org/2000/svg"[31m
              [36m>[31m
                [36m<path[31m
                  [33md[31m=[32m"M3.75 6.75h16.5M3.75 12h16.5m-16.5 5.25h16.5"[31m
                  [33mstroke-linecap[31m=[32m"round"[31m
                  [33mstroke-linejoin[31m=[32m"round"[31m
                [36m/>[31m
              [36m</svg>[31m
            [36m</button>[31m
            [36m<div[31m
              [33mclass[31m=[32m"min-w-0"[31m
            [36m>[31m
              [36m<div[31m
                [33mclass[31m=[32m"flex items-center space-x-2"[31m
              [36m>[31m
                [36m<div[31m
                  [33mclass[31m=[32m"w-2 h-2 bg-gradient-to-br from-primary-500 to-accent-emerald-500 rounded-full animate-pulse-soft shadow-lg shadow-primary-500/30"[31m
                [36m/>[31m
                [36m<h1[31m
                  [33mclass[31m=[32m"text-lg font-bold bg-gradient-to-r from-gray-900 to-gray-700 dark:from-gray-100 dark:to-gray-300 bg-clip-text text-transparent truncate animate-fade-in"[31m
                [36m>[31m
                  [0mLearning Catalyst[0m
                [36m</h1>[31m
              [36m</div>[31m
            [36m</div>[31m
          [36m</div>[31m
          [36m<div[31m
            [33mclass[31m=[32m"flex items-center space-x-2"[31m
          [36m>[31m
            [36m<button[31m
              [33mclass[31m=[32m"group relative p-2.5 rounded-xl transition-all duration-300 transform hover:scale-105 bg-gradient-to-br from-gray-50 to-gray-100 dark:from-gray-700 dark:to-gray-800 hover:from-primary-50 hover:to-primary-100 dark:hover:from-primary-900/20 dark:hover:to-primary-800/20 text-gray-600 dark:text-gray-400 hover:text-primary-600 dark:hover:text-primary-400 hover:shadow-md"[31m
              [33mtitle[31m=[32m"Enter focus mode (F11)"[31m
            [36m>[31m
              [36m<div[31m
                [33mclass[31m=[32m"absolute inset-0 bg-gradient-to-br from-primary-500 to-accent-purple-500 rounded-xl opacity-0 group-hover:opacity-10 transition-opacity duration-300"[31m
              [36m/>[31m
              [36m<svg[31m
                [33maria-hidden[31m=[32m"true"[31m
                [33mclass[31m=[32m"w-5 h-5 relative z-10 transition-all duration-200 "[31m
                [33mdata-slot[31m=[32m"icon"[31m
                [33mfill[31m=[32m"none"[31m
                [33mstroke[31m=[32m"currentColor"[31m
                [33mstroke-width[31m=[32m"1.5"[31m
                [33mviewBox[31m=[32m"0 0 24 24"[31m
                [33mxmlns[31m=[32m"http://www.w3.org/2000/svg"[31m
              [36m>[31m
                [36m<path[31m
                  [33md[31m=[32m"M2.036 12.322a1.012 1.012 0 0 1 0-.639C3.423 7.51 7.36 4.5 12 4.5c4.638 0 8.573 3.007 9.963 7.178.07.207.07.431 0 .639C20.577 16.49 16.64 19.5 12 19.5c-4.638 0-8.573-3.007-9.963-7.178Z"[31m
                  [33mstroke-linecap[31m=[32m"round"[31m
                  [33mstroke-linejoin[31m=[32m"round"[31m
                [36m/>[31m
                [36m<path[31m
                  [33md[31m=[32m"M15 12a3 3 0 1 1-6 0 3 3 0 0 1 6 0Z"[31m
                  [33mstroke-linecap[31m=[32m"round"[31m
                  [33mstroke-linejoin[31m=[32m"round"[31m
                [36m/>[31m
              [36m</svg>[31m
            [36m</button>[31m
            [36m<button[31m
              [33mclass[31m=[32m"group relative p-2.5 rounded-xl bg-gradient-to-br from-gray-50 to-gray-100 dark:from-gray-700 dark:to-gray-800 hover:from-amber-50 hover:to-amber-100 dark:hover:from-amber-900/20 dark:hover:to-amber-800/20 transition-all duration-300 transform hover:scale-105 hover:shadow-md"[31m
              [33mtitle[31m=[32m"Theme: Dark"[31m
            [36m>[31m
              [36m<div[31m
                [33mclass[31m=[32m"absolute inset-0 bg-gradient-to-br from-amber-500 to-orange-500 rounded-xl opacity-0 group-hover:opacity-10 transition-opacity duration-300"[31m
              [36m/>[31m
              [36m<div[31m
                [33mclass[31m=[32m"relative z-10 transition-all duration-200 group-hover:rotate-12 group-hover:scale-110"[31m
              [36m>[31m
                [36m<svg[31m
                  [33maria-hidden[31m=[32m"true"[31m
                  [33mclass[31m=[32m"w-5 h-5"[31m
                  [33mdata-slot[31m=[32m"icon"[31m
                  [33mfill[31m=[32m"none"[31m
                  [33mstroke[31m=[32m"currentColor"[31m
                  [33mstroke-width[31m=[32m"1.5"[31m
                  [33mviewBox[31m=[32m"0 0 24 24"[31m
                  [33mxmlns[31m=[32m"http://www.w3.org/2000/svg"[31m
                [36m>[31m
                  [36m<path[31m
                    [33md[31m=[32m"M21.752 15.002A9.72 9.72 0 0 1 18 15.75c-5.385 0-9.75-4.365-9.75-9.75 0-1.33.266-2.597.748-3.752A9.753 9.753 0 0 0 3 11.25C3 16.635 7.365 21 12.75 21a9.753 9.753 0 0 0 9.002-5.998Z...[39m
 [31m×[39m [30m[46m renderer-thread [49m[39m src/renderer/widgets/layout/__tests__/SessionList.test.tsx[2m > [22mThreadListSidebar[2m > [22mAssistant UI Integration[2m > [22mshould render ThreadListPrimitive.Items container[32m 14[2mms[22m[39m
[31m   → Unable to find an element by: [data-testid="thread-items"]

Ignored nodes: comments, script, style
[36m<body>[31m
  [36m<div>[31m
    [36m<aside[31m
      [33mclass[31m=[32m"w-64 bg-white dark:bg-gray-800 border-r border-gray-200 dark:border-gray-700 flex flex-col h-full"[31m
    [36m>[31m
      [36m<div[31m
        [33mclass[31m=[32m"flex h-full flex-col gap-2 p-2 overflow-hidden"[31m
      [36m>[31m
        [36m<div[31m
          [33mclass[31m=[32m"flex flex-col gap-1"[31m
        [36m>[31m
          [36m<div[31m
            [33mclass[31m=[32m"px-2 py-1 text-xs font-medium text-gray-500 dark:text-gray-400 uppercase"[31m
          [36m>[31m
            [0mKnowledge[0m
          [36m</div>[31m
          [36m<button[31m
            [33mclass[31m=[32m"inline-flex items-center rounded-lg transition-colors duration-200 focus:outline-none focus:ring-2 focus:ring-offset-2 dark:focus:ring-offset-gray-900 disabled:opacity-50 disabled:cursor-not-allowed hover:bg-gray-100 dark:hover:bg-gray-800 text-gray-600 dark:text-gray-400 hover:text-gray-900 dark:hover:text-gray-100 focus:ring-gray-500 px-4 py-2 text-sm w-full justify-start font-normal"[31m
            [33mtitle[31m=[32m"Visual knowledge graph view"[31m
            [33mtype[31m=[32m"button"[31m
          [36m>[31m
            [36m<svg[31m
              [33maria-hidden[31m=[32m"true"[31m
              [33mclass[31m=[32m"mr-2 h-4 w-4"[31m
              [33mdata-slot[31m=[32m"icon"[31m
              [33mfill[31m=[32m"none"[31m
              [33mstroke[31m=[32m"currentColor"[31m
              [33mstroke-width[31m=[32m"1.5"[31m
              [33mviewBox[31m=[32m"0 0 24 24"[31m
              [33mxmlns[31m=[32m"http://www.w3.org/2000/svg"[31m
            [36m>[31m
              [36m<path[31m
                [33md[31m=[32m"M9 6.75V15m6-6v8.25m.503 3.498 4.875-2.437c.381-.19.622-.58.622-1.006V4.82c0-.836-.88-1.38-1.628-1.006l-3.869 1.934c-.317.159-.69.159-1.006 0L9.503 3.252a1.125 1.125 0 0 0-1.006 0L3.622 5.689C3.24 5.88 3 6.27 3 6.695V19.18c0 .836.88 1.38 1.628 1.006l3.869-1.934c.317-.159.69-.159 1.006 0l4.994 2.497c.317.158.69.158 1.006 0Z"[31m
                [33mstroke-linecap[31m=[32m"round"[31m
                [33mstroke-linejoin[31m=[32m"round"[31m
              [36m/>[31m
            [36m</svg>[31m
            [0mKnowledge Map[0m
          [36m</button>[31m
          [36m<button[31m
            [33mclass[31m=[32m"inline-flex items-center rounded-lg transition-colors duration-200 focus:outline-none focus:ring-2 focus:ring-offset-2 dark:focus:ring-offset-gray-900 disabled:opacity-50 disabled:cursor-not-allowed hover:bg-gray-100 dark:hover:bg-gray-800 text-gray-600 dark:text-gray-400 hover:text-gray-900 dark:hover:text-gray-100 focus:ring-gray-500 px-4 py-2 text-sm w-full justify-start font-normal"[31m
            [33mtitle[31m=[32m"Learning progress and analytics"[31m
            [33mtype[31m=[32m"button"[31m
          [36m>[31m
            [36m<svg[31m
              [33maria-hidden[31m=[32m"true"[31m
              [33mclass[31m=[32m"mr-2 h-4 w-4"[31m
              [33mdata-slot[31m=[32m"icon"[31m
              [33mfill[31m=[32m"none"[31m
              [33mstroke[31m=[32m"currentColor"[31m
              [33mstroke-width[31m=[32m"1.5"[31m
              [33mviewBox[31m=[32m"0 0 24 24"[31m
              [33mxmlns[31m=[32m"http://www.w3.org/2000/svg"[31m
            [36m>[31m
              [36m<path[31m
                [33md[31m=[32m"M3 13.125C3 12.504 3.504 12 4.125 12h2.25c.621 0 1.125.504 1.125 1.125v6.75C7.5 20.496 6.996 21 6.375 21h-2.25A1.125 1.125 0 0 1 3 19.875v-6.75ZM9.75 8.625c0-.621.504-1.125 1.125-1.125h2.25c.621 0 1.125.504 1.125 1.125v11.25c0 .621-.504 1.125-1.125 1.125h-2.25a1.125 1.125 0 0 1-1.125-1.125V8.625ZM16.5 4.125c0-.621.504-1.125 1.125-1.125h2.25C20.496 3 21 3.504 21 4.125v15.75c0 .621-.504 1.125-1.125 1.125h-2.25a1.125 1.125 0 0 1-1.125-1.125V4.125Z"[31m
                [33mstroke-linecap[31m=[32m"round"[31m
                [33mstroke-linejoin[31m=[32m"round"[31m
              [36m/>[31m
            [36m</svg>[31m
            [0mDashboard[0m
          [36m</button>[31m
          [36m<button[31m
            [33mclass[31m=[32m"inline-flex items-center rounded-lg transition-colors duration-200 focus:outline-none focus:ring-2 focus:ring-offset-2 dark:focus:ring-offset-gray-900 disabled:opacity-50 disabled:cursor-not-allowed hover:bg-gray-100 dark:hover:bg-gray-800 text-gray-600 dark:text-gray-400 hover:text-gray-900 dark:hover:text-gray-100 focus:ring-gray-500 px-4 py-2 text-sm w-full justify-start font-normal"[31m
            [33mtitle[31m=[32m"Parse concepts from markdown files"[31m
            [33mtype[31m=[32m"button"[31m
          [36m>[31m
            [36m<svg[31m
              [33maria-hidden[31m=[32m"true"[31m
              [33mclass[31m=[32m"mr-2 h-4 w-4"[31m
              [33mdata-slot[31m=[32m"icon"[31m
              [33mfill[31m=[32m"none"[31m
              [33mstroke[31m=[32m"currentColor"[31m
              [33mstroke-width[31m=[32m"1.5"[31m
              [33mviewBox[31m=[32m"0 0 24 24"[31m
              [33mxmlns[31m=[32m"http://www.w3.org/2000/svg"[31m
            [36m>[31m
              [36m<path[31m
                [33md[31m=[32m"m21 21-5.197-5.197m0 0A7.5 7.5 0 1 0 5.196 5.196a7.5 7.5 0 0 0 10.607 10.607Z"[31m
                [33mstroke-linecap[31m=[32m"round"[31m
                [33mstroke-linejoin[31m=[32m"round"[31m
              [36m/>[31m
            [36m</svg>[31m
            [0mDiscovery[0m
          [36m</button>[31m
          [36m<button[31m
            [33mclass[31m=[32m"inline-flex items-center rounded-lg transition-colors duration-200 focus:outline-none focus:ring-2 focus:ring-offset-2 dark:focus:ring-offset-gray-900 disabled:opacity-50 disabled:cursor-not-allowed hover:bg-gray-100 dark:hover:bg-gray-800 text-gray-600 dark:text-gray-400 hover:text-gray-900 dark:hover:text-gray-100 focus:ring-gray-500 px-4 py-2 text-sm w-full justify-start font-normal"[31m
            [33mtitle[31m=[32m"Configure the application"[31m
            [33mtype[31m=[32m"button"[31m
          [36m>[31m
            [36m<svg[31m
              [33maria-hidden[31m=[32m"true"[31m
              [33mclass[31m=[32m"mr-2 h-4 w-4"[31m
              [33mdata-slot[31m=[32m"icon"[31m
              [33mfill[31m=[32m"none"[31m
              [33mstroke[31m=[32m"currentColor"[31m
              [33mstroke-width[31m=[32m"1.5"[31m
              [33mviewBox[31m=[32m"0 0 24 24"[31m
              [33mxmlns[31m=[32m"http://www.w3.org/2000/svg"[31m
            [36m>[31m
              [36m<path[31m
                [33md[31m=[32m"M4.5 12a7.5 7.5 0 0 0 15 0m-15 0a7.5 7.5 0 1 1 15 0m-15 0H3m16.5 0H21m-1.5 0H12m-8.457 3.077 1.41-.513m14.095-5.13 1.41-.513M5.106 17.785l1.15-.964m11.49-9.642 1.149-.964M7.501 19.795l.75-1.3m7.5-12.99.75-1.3m-6.063 16.658.26-1.477m2.605-14.772.26-1.477m0 17.726-.26-1.477M10.698 4.614l-.26-1.477M16.5 19.794l-.75-1.299M7.5 4.205 12 12m6.894 5.785-1.149-.964M6.256 7.178l-1.15-.964m15.352 8.864-1.41-.513M4.954 9.435l-1.41-.514M12.002 12l-3.75 6.495"[31m
                [33mstroke-linecap[31m=[32m"round"[31m
                [33mstroke-linejoin[31m=[32m"round"[31m
              [36m/>[31m
            [36m</svg>[31m
            [0mSettings[0m
          [36m</button>[31m
        [36m</div>[31m
        [36m<div[31m
          [33maria-orientation[31m=[32m"horizontal"[31m
          [33mclass[31m=[32m"shrink-0 bg-gray-200 dark:bg-gray-700 h-[1px] w-full"[31m
          [33mrole[31m=[32m"separator"[31m
        [36m/>[31m
        [36m<div[31m
          [33mclass[31m=[32m"flex items-center justify-between px-2"[31m
        [36m>[31m
          [36m<div[31m
            [33mclass[31m=[32m"text-xs font-medium text-gray-500 dark:text-gray-400 uppercase"[31m
          [36m>[31m
            [0mConversations[0m
          [36m</div>[31m
          [36m<button[31m
            [33maria-current[31m=[32m"true"[31m
            [33mclass[31m=[32m"inline-flex items-center justify-center font-medium rounded-lg transition-colors duration-200 focus:outline-none focus:ring-2 focus:ring-offset-2 dark:focus:ring-offset-gray-900 disabled:opacity-50 disabled:cursor-not-allowed hover:bg-gray-100 dark:hover:bg-gray-800 text-gray-600 dark:text-gray-400 hover:text-gray-900 dark:hover:text-gray-100 focus:ring-gray-500 py-1.5 text-sm h-7 px-2"[31m
            [33mdata-active[31m=[32m"true"[31m
            [33mtype[31m=[32m"button"[31m
          [36m>[31m
            [36m<svg[31m
              [33maria-hidden[31m=[32m"true"[31m
              [33mclass[31m=[32m"h-4 w-4"[31m
              [33mdata-slot[31m=[32m"icon"[31m
              [33mfill[31m=[32m"none"[31m
              [33mstroke[31m=[32m"currentColor"[31m
              [33mstroke-width[31m=[32m"1.5"[31m
              [33mviewBox[31m=[32m"0 0 24 24"[31m
              [33mxmlns[31m=[32m"http://www.w3.org/2000/svg"[31m
            [36m>[31m
              [36m<path[31m
                [33md[31m=[32m"M12 4.5v15m7.5-7.5h-15"[31m
                [33mstroke-linecap[31m=[32m"round"[31m
                [33mstroke-linejoin[31m=[32m"round"[31m
              [36m/>[31m
            [36m</svg>[31m
          [36m</button>[31m
        [36m</div>[31m
        [36m<div[31m
          [33mclass[31m=[32m"flex-1 overflow-y-auto"[31m
        [36m/>[31m
      [36m</div>[31m
    [36m</aside>[31m
  [36m</div>[31m
[36m</body>[31m[39m
 [31m×[39m [30m[46m renderer-thread [49m[39m src/renderer/widgets/layout/__tests__/SessionList.test.tsx[2m > [22mThreadListSidebar[2m > [22mComponent Structure[2m > [22mshould render as an aside element[32m 27[2mms[22m[39m
[31m   → Unable to find an element by: [data-testid="thread-list-root"]

Ignored nodes: comments, script, style
[36m<body>[31m
  [36m<div>[31m
    [36m<aside[31m
      [33mclass[31m=[32m"w-64 bg-white dark:bg-gray-800 border-r border-gray-200 dark:border-gray-700 flex flex-col h-full"[31m
    [36m>[31m
      [36m<div[31m
        [33mclass[31m=[32m"flex h-full flex-col gap-2 p-2 overflow-hidden"[31m
      [36m>[31m
        [36m<div[31m
          [33mclass[31m=[32m"flex flex-col gap-1"[31m
        [36m>[31m
          [36m<div[31m
            [33mclass[31m=[32m"px-2 py-1 text-xs font-medium text-gray-500 dark:text-gray-400 uppercase"[31m
          [36m>[31m
            [0mKnowledge[0m
          [36m</div>[31m
          [36m<button[31m
            [33mclass[31m=[32m"inline-flex items-center rounded-lg transition-colors duration-200 focus:outline-none focus:ring-2 focus:ring-offset-2 dark:focus:ring-offset-gray-900 disabled:opacity-50 disabled:cursor-not-allowed hover:bg-gray-100 dark:hover:bg-gray-800 text-gray-600 dark:text-gray-400 hover:text-gray-900 dark:hover:text-gray-100 focus:ring-gray-500 px-4 py-2 text-sm w-full justify-start font-normal"[31m
            [33mtitle[31m=[32m"Visual knowledge graph view"[31m
            [33mtype[31m=[32m"button"[31m
          [36m>[31m
            [36m<svg[31m
              [33maria-hidden[31m=[32m"true"[31m
              [33mclass[31m=[32m"mr-2 h-4 w-4"[31m
              [33mdata-slot[31m=[32m"icon"[31m
              [33mfill[31m=[32m"none"[31m
              [33mstroke[31m=[32m"currentColor"[31m
              [33mstroke-width[31m=[32m"1.5"[31m
              [33mviewBox[31m=[32m"0 0 24 24"[31m
              [33mxmlns[31m=[32m"http://www.w3.org/2000/svg"[31m
            [36m>[31m
              [36m<path[31m
                [33md[31m=[32m"M9 6.75V15m6-6v8.25m.503 3.498 4.875-2.437c.381-.19.622-.58.622-1.006V4.82c0-.836-.88-1.38-1.628-1.006l-3.869 1.934c-.317.159-.69.159-1.006 0L9.503 3.252a1.125 1.125 0 0 0-1.006 0L3.622 5.689C3.24 5.88 3 6.27 3 6.695V19.18c0 .836.88 1.38 1.628 1.006l3.869-1.934c.317-.159.69-.159 1.006 0l4.994 2.497c.317.158.69.158 1.006 0Z"[31m
                [33mstroke-linecap[31m=[32m"round"[31m
                [33mstroke-linejoin[31m=[32m"round"[31m
              [36m/>[31m
            [36m</svg>[31m
            [0mKnowledge Map[0m
          [36m</button>[31m
          [36m<button[31m
            [33mclass[31m=[32m"inline-flex items-center rounded-lg transition-colors duration-200 focus:outline-none focus:ring-2 focus:ring-offset-2 dark:focus:ring-offset-gray-900 disabled:opacity-50 disabled:cursor-not-allowed hover:bg-gray-100 dark:hover:bg-gray-800 text-gray-600 dark:text-gray-400 hover:text-gray-900 dark:hover:text-gray-100 focus:ring-gray-500 px-4 py-2 text-sm w-full justify-start font-normal"[31m
            [33mtitle[31m=[32m"Learning progress and analytics"[31m
            [33mtype[31m=[32m"button"[31m
          [36m>[31m
            [36m<svg[31m
              [33maria-hidden[31m=[32m"true"[31m
              [33mclass[31m=[32m"mr-2 h-4 w-4"[31m
              [33mdata-slot[31m=[32m"icon"[31m
              [33mfill[31m=[32m"none"[31m
              [33mstroke[31m=[32m"currentColor"[31m
              [33mstroke-width[31m=[32m"1.5"[31m
              [33mviewBox[31m=[32m"0 0 24 24"[31m
              [33mxmlns[31m=[32m"http://www.w3.org/2000/svg"[31m
            [36m>[31m
              [36m<path[31m
                [33md[31m=[32m"M3 13.125C3 12.504 3.504 12 4.125 12h2.25c.621 0 1.125.504 1.125 1.125v6.75C7.5 20.496 6.996 21 6.375 21h-2.25A1.125 1.125 0 0 1 3 19.875v-6.75ZM9.75 8.625c0-.621.504-1.125 1.125-1.125h2.25c.621 0 1.125.504 1.125 1.125v11.25c0 .621-.504 1.125-1.125 1.125h-2.25a1.125 1.125 0 0 1-1.125-1.125V8.625ZM16.5 4.125c0-.621.504-1.125 1.125-1.125h2.25C20.496 3 21 3.504 21 4.125v15.75c0 .621-.504 1.125-1.125 1.125h-2.25a1.125 1.125 0 0 1-1.125-1.125V4.125Z"[31m
                [33mstroke-linecap[31m=[32m"round"[31m
                [33mstroke-linejoin[31m=[32m"round"[31m
              [36m/>[31m
            [36m</svg>[31m
            [0mDashboard[0m
          [36m</button>[31m
          [36m<button[31m
            [33mclass[31m=[32m"inline-flex items-center rounded-lg transition-colors duration-200 focus:outline-none focus:ring-2 focus:ring-offset-2 dark:focus:ring-offset-gray-900 disabled:opacity-50 disabled:cursor-not-allowed hover:bg-gray-100 dark:hover:bg-gray-800 text-gray-600 dark:text-gray-400 hover:text-gray-900 dark:hover:text-gray-100 focus:ring-gray-500 px-4 py-2 text-sm w-full justify-start font-normal"[31m
            [33mtitle[31m=[32m"Parse concepts from markdown files"[31m
            [33mtype[31m=[32m"button"[31m
          [36m>[31m
            [36m<svg[31m
              [33maria-hidden[31m=[32m"true"[31m
              [33mclass[31m=[32m"mr-2 h-4 w-4"[31m
              [33mdata-slot[31m=[32m"icon"[31m
              [33mfill[31m=[32m"none"[31m
              [33mstroke[31m=[32m"currentColor"[31m
              [33mstroke-width[31m=[32m"1.5"[31m
              [33mviewBox[31m=[32m"0 0 24 24"[31m
              [33mxmlns[31m=[32m"http://www.w3.org/2000/svg"[31m
            [36m>[31m
              [36m<path[31m
                [33md[31m=[32m"m21 21-5.197-5.197m0 0A7.5 7.5 0 1 0 5.196 5.196a7.5 7.5 0 0 0 10.607 10.607Z"[31m
                [33mstroke-linecap[31m=[32m"round"[31m
                [33mstroke-linejoin[31m=[32m"round"[31m
              [36m/>[31m
            [36m</svg>[31m
            [0mDiscovery[0m
          [36m</button>[31m
          [36m<button[31m
            [33mclass[31m=[32m"inline-flex items-center rounded-lg transition-colors duration-200 focus:outline-none focus:ring-2 focus:ring-offset-2 dark:focus:ring-offset-gray-900 disabled:opacity-50 disabled:cursor-not-allowed hover:bg-gray-100 dark:hover:bg-gray-800 text-gray-600 dark:text-gray-400 hover:text-gray-900 dark:hover:text-gray-100 focus:ring-gray-500 px-4 py-2 text-sm w-full justify-start font-normal"[31m
            [33mtitle[31m=[32m"Configure the application"[31m
            [33mtype[31m=[32m"button"[31m
          [36m>[31m
            [36m<svg[31m
              [33maria-hidden[31m=[32m"true"[31m
              [33mclass[31m=[32m"mr-2 h-4 w-4"[31m
              [33mdata-slot[31m=[32m"icon"[31m
              [33mfill[31m=[32m"none"[31m
              [33mstroke[31m=[32m"currentColor"[31m
              [33mstroke-width[31m=[32m"1.5"[31m
              [33mviewBox[31m=[32m"0 0 24 24"[31m
              [33mxmlns[31m=[32m"http://www.w3.org/2000/svg"[31m
            [36m>[31m
              [36m<path[31m
                [33md[31m=[32m"M4.5 12a7.5 7.5 0 0 0 15 0m-15 0a7.5 7.5 0 1 1 15 0m-15 0H3m16.5 0H21m-1.5 0H12m-8.457 3.077 1.41-.513m14.095-5.13 1.41-.513M5.106 17.785l1.15-.964m11.49-9.642 1.149-.964M7.501 19.795l.75-1.3m7.5-12.99.75-1.3m-6.063 16.658.26-1.477m2.605-14.772.26-1.477m0 17.726-.26-1.477M10.698 4.614l-.26-1.477M16.5 19.794l-.75-1.299M7.5 4.205 12 12m6.894 5.785-1.149-.964M6.256 7.178l-1.15-.964m15.352 8.864-1.41-.513M4.954 9.435l-1.41-.514M12.002 12l-3.75 6.495"[31m
                [33mstroke-linecap[31m=[32m"round"[31m
                [33mstroke-linejoin[31m=[32m"round"[31m
              [36m/>[31m
            [36m</svg>[31m
            [0mSettings[0m
          [36m</button>[31m
        [36m</div>[31m
        [36m<div[31m
          [33maria-orientation[31m=[32m"horizontal"[31m
          [33mclass[31m=[32m"shrink-0 bg-gray-200 dark:bg-gray-700 h-[1px] w-full"[31m
          [33mrole[31m=[32m"separator"[31m
        [36m/>[31m
        [36m<div[31m
          [33mclass[31m=[32m"flex items-center justify-between px-2"[31m
        [36m>[31m
          [36m<div[31m
            [33mclass[31m=[32m"text-xs font-medium text-gray-500 dark:text-gray-400 uppercase"[31m
          [36m>[31m
            [0mConversations[0m
          [36m</div>[31m
          [36m<button[31m
            [33maria-current[31m=[32m"true"[31m
            [33mclass[31m=[32m"inline-flex items-center justify-center font-medium rounded-lg transition-colors duration-200 focus:outline-none focus:ring-2 focus:ring-offset-2 dark:focus:ring-offset-gray-900 disabled:opacity-50 disabled:cursor-not-allowed hover:bg-gray-100 dark:hover:bg-gray-800 text-gray-600 dark:text-gray-400 hover:text-gray-900 dark:hover:text-gray-100 focus:ring-gray-500 py-1.5 text-sm h-7 px-2"[31m
            [33mdata-active[31m=[32m"true"[31m
            [33mtype[31m=[32m"button"[31m
          [36m>[31m
            [36m<svg[31m
              [33maria-hidden[31m=[32m"true"[31m
              [33mclass[31m=[32m"h-4 w-4"[31m
              [33mdata-slot[31m=[32m"icon"[31m
              [33mfill[31m=[32m"none"[31m
              [33mstroke[31m=[32m"currentColor"[31m
              [33mstroke-width[31m=[32m"1.5"[31m
              [33mviewBox[31m=[32m"0 0 24 24"[31m
              [33mxmlns[31m=[32m"http://www.w3.org/2000/svg"[31m
            [36m>[31m
              [36m<path[31m
                [33md[31m=[32m"M12 4.5v15m7.5-7.5h-15"[31m
                [33mstroke-linecap[31m=[32m"round"[31m
                [33mstroke-linejoin[31m=[32m"round"[31m
              [36m/>[31m
            [36m</svg>[31m
          [36m</button>[31m
        [36m</div>[31m
        [36m<div[31m
          [33mclass[31m=[32m"flex-1 overflow-y-auto"[31m
        [36m/>[31m
      [36m</div>[31m
    [36m</aside>[31m
  [36m</div>[31m
[36m</body>[31m[39m
 [31m×[39m [30m[46m renderer-thread [49m[39m src/renderer/widgets/layout/__tests__/SessionList.test.tsx[2m > [22mThreadListSidebar[2m > [22mComponent Structure[2m > [22mshould have proper CSS classes for styling[32m 15[2mms[22m[39m
[31m   → Unable to find an element by: [data-testid="thread-list-root"]

Ignored nodes: comments, script, style
[36m<body>[31m
  [36m<div>[31m
    [36m<aside[31m
      [33mclass[31m=[32m"w-64 bg-white dark:bg-gray-800 border-r border-gray-200 dark:border-gray-700 flex flex-col h-full"[31m
    [36m>[31m
      [36m<div[31m
        [33mclass[31m=[32m"flex h-full flex-col gap-2 p-2 overflow-hidden"[31m
      [36m>[31m
        [36m<div[31m
          [33mclass[31m=[32m"flex flex-col gap-1"[31m
        [36m>[31m
          [36m<div[31m
            [33mclass[31m=[32m"px-2 py-1 text-xs font-medium text-gray-500 dark:text-gray-400 uppercase"[31m
          [36m>[31m
            [0mKnowledge[0m
          [36m</div>[31m
          [36m<button[31m
            [33mclass[31m=[32m"inline-flex items-center rounded-lg transition-colors duration-200 focus:outline-none focus:ring-2 focus:ring-offset-2 dark:focus:ring-offset-gray-900 disabled:opacity-50 disabled:cursor-not-allowed hover:bg-gray-100 dark:hover:bg-gray-800 text-gray-600 dark:text-gray-400 hover:text-gray-900 dark:hover:text-gray-100 focus:ring-gray-500 px-4 py-2 text-sm w-full justify-start font-normal"[31m
            [33mtitle[31m=[32m"Visual knowledge graph view"[31m
            [33mtype[31m=[32m"button"[31m
          [36m>[31m
            [36m<svg[31m
              [33maria-hidden[31m=[32m"true"[31m
              [33mclass[31m=[32m"mr-2 h-4 w-4"[31m
              [33mdata-slot[31m=[32m"icon"[31m
              [33mfill[31m=[32m"none"[31m
              [33mstroke[31m=[32m"currentColor"[31m
              [33mstroke-width[31m=[32m"1.5"[31m
              [33mviewBox[31m=[32m"0 0 24 24"[31m
              [33mxmlns[31m=[32m"http://www.w3.org/2000/svg"[31m
            [36m>[31m
              [36m<path[31m
                [33md[31m=[32m"M9 6.75V15m6-6v8.25m.503 3.498 4.875-2.437c.381-.19.622-.58.622-1.006V4.82c0-.836-.88-1.38-1.628-1.006l-3.869 1.934c-.317.159-.69.159-1.006 0L9.503 3.252a1.125 1.125 0 0 0-1.006 0L3.622 5.689C3.24 5.88 3 6.27 3 6.695V19.18c0 .836.88 1.38 1.628 1.006l3.869-1.934c.317-.159.69-.159 1.006 0l4.994 2.497c.317.158.69.158 1.006 0Z"[31m
                [33mstroke-linecap[31m=[32m"round"[31m
                [33mstroke-linejoin[31m=[32m"round"[31m
              [36m/>[31m
            [36m</svg>[31m
            [0mKnowledge Map[0m
          [36m</button>[31m
          [36m<button[31m
            [33mclass[31m=[32m"inline-flex items-center rounded-lg transition-colors duration-200 focus:outline-none focus:ring-2 focus:ring-offset-2 dark:focus:ring-offset-gray-900 disabled:opacity-50 disabled:cursor-not-allowed hover:bg-gray-100 dark:hover:bg-gray-800 text-gray-600 dark:text-gray-400 hover:text-gray-900 dark:hover:text-gray-100 focus:ring-gray-500 px-4 py-2 text-sm w-full justify-start font-normal"[31m
            [33mtitle[31m=[32m"Learning progress and analytics"[31m
            [33mtype[31m=[32m"button"[31m
          [36m>[31m
            [36m<svg[31m
              [33maria-hidden[31m=[32m"true"[31m
              [33mclass[31m=[32m"mr-2 h-4 w-4"[31m
              [33mdata-slot[31m=[32m"icon"[31m
              [33mfill[31m=[32m"none"[31m
              [33mstroke[31m=[32m"currentColor"[31m
              [33mstroke-width[31m=[32m"1.5"[31m
              [33mviewBox[31m=[32m"0 0 24 24"[31m
              [33mxmlns[31m=[32m"http://www.w3.org/2000/svg"[31m
            [36m>[31m
              [36m<path[31m
                [33md[31m=[32m"M3 13.125C3 12.504 3.504 12 4.125 12h2.25c.621 0 1.125.504 1.125 1.125v6.75C7.5 20.496 6.996 21 6.375 21h-2.25A1.125 1.125 0 0 1 3 19.875v-6.75ZM9.75 8.625c0-.621.504-1.125 1.125-1.125h2.25c.621 0 1.125.504 1.125 1.125v11.25c0 .621-.504 1.125-1.125 1.125h-2.25a1.125 1.125 0 0 1-1.125-1.125V8.625ZM16.5 4.125c0-.621.504-1.125 1.125-1.125h2.25C20.496 3 21 3.504 21 4.125v15.75c0 .621-.504 1.125-1.125 1.125h-2.25a1.125 1.125 0 0 1-1.125-1.125V4.125Z"[31m
                [33mstroke-linecap[31m=[32m"round"[31m
                [33mstroke-linejoin[31m=[32m"round"[31m
              [36m/>[31m
            [36m</svg>[31m
            [0mDashboard[0m
          [36m</button>[31m
          [36m<button[31m
            [33mclass[31m=[32m"inline-flex items-center rounded-lg transition-colors duration-200 focus:outline-none focus:ring-2 focus:ring-offset-2 dark:focus:ring-offset-gray-900 disabled:opacity-50 disabled:cursor-not-allowed hover:bg-gray-100 dark:hover:bg-gray-800 text-gray-600 dark:text-gray-400 hover:text-gray-900 dark:hover:text-gray-100 focus:ring-gray-500 px-4 py-2 text-sm w-full justify-start font-normal"[31m
            [33mtitle[31m=[32m"Parse concepts from markdown files"[31m
            [33mtype[31m=[32m"button"[31m
          [36m>[31m
            [36m<svg[31m
              [33maria-hidden[31m=[32m"true"[31m
              [33mclass[31m=[32m"mr-2 h-4 w-4"[31m
              [33mdata-slot[31m=[32m"icon"[31m
              [33mfill[31m=[32m"none"[31m
              [33mstroke[31m=[32m"currentColor"[31m
              [33mstroke-width[31m=[32m"1.5"[31m
              [33mviewBox[31m=[32m"0 0 24 24"[31m
              [33mxmlns[31m=[32m"http://www.w3.org/2000/svg"[31m
            [36m>[31m
              [36m<path[31m
                [33md[31m=[32m"m21 21-5.197-5.197m0 0A7.5 7.5 0 1 0 5.196 5.196a7.5 7.5 0 0 0 10.607 10.607Z"[31m
                [33mstroke-linecap[31m=[32m"round"[31m
                [33mstroke-linejoin[31m=[32m"round"[31m
              [36m/>[31m
            [36m</svg>[31m
            [0mDiscovery[0m
          [36m</button>[31m
          [36m<button[31m
            [33mclass[31m=[32m"inline-flex items-center rounded-lg transition-colors duration-200 focus:outline-none focus:ring-2 focus:ring-offset-2 dark:focus:ring-offset-gray-900 disabled:opacity-50 disabled:cursor-not-allowed hover:bg-gray-100 dark:hover:bg-gray-800 text-gray-600 dark:text-gray-400 hover:text-gray-900 dark:hover:text-gray-100 focus:ring-gray-500 px-4 py-2 text-sm w-full justify-start font-normal"[31m
            [33mtitle[31m=[32m"Configure the application"[31m
            [33mtype[31m=[32m"button"[31m
          [36m>[31m
            [36m<svg[31m
              [33maria-hidden[31m=[32m"true"[31m
              [33mclass[31m=[32m"mr-2 h-4 w-4"[31m
              [33mdata-slot[31m=[32m"icon"[31m
              [33mfill[31m=[32m"none"[31m
              [33mstroke[31m=[32m"currentColor"[31m
              [33mstroke-width[31m=[32m"1.5"[31m
              [33mviewBox[31m=[32m"0 0 24 24"[31m
              [33mxmlns[31m=[32m"http://www.w3.org/2000/svg"[31m
            [36m>[31m
              [36m<path[31m
                [33md[31m=[32m"M4.5 12a7.5 7.5 0 0 0 15 0m-15 0a7.5 7.5 0 1 1 15 0m-15 0H3m16.5 0H21m-1.5 0H12m-8.457 3.077 1.41-.513m14.095-5.13 1.41-.513M5.106 17.785l1.15-.964m11.49-9.642 1.149-.964M7.501 19.795l.75-1.3m7.5-12.99.75-1.3m-6.063 16.658.26-1.477m2.605-14.772.26-1.477m0 17.726-.26-1.477M10.698 4.614l-.26-1.477M16.5 19.794l-.75-1.299M7.5 4.205 12 12m6.894 5.785-1.149-.964M6.256 7.178l-1.15-.964m15.352 8.864-1.41-.513M4.954 9.435l-1.41-.514M12.002 12l-3.75 6.495"[31m
                [33mstroke-linecap[31m=[32m"round"[31m
                [33mstroke-linejoin[31m=[32m"round"[31m
              [36m/>[31m
            [36m</svg>[31m
            [0mSettings[0m
          [36m</button>[31m
        [36m</div>[31m
        [36m<div[31m
          [33maria-orientation[31m=[32m"horizontal"[31m
          [33mclass[31m=[32m"shrink-0 bg-gray-200 dark:bg-gray-700 h-[1px] w-full"[31m
          [33mrole[31m=[32m"separator"[31m
        [36m/>[31m
        [36m<div[31m
          [33mclass[31m=[32m"flex items-center justify-between px-2"[31m
        [36m>[31m
          [36m<div[31m
            [33mclass[31m=[32m"text-xs font-medium text-gray-500 dark:text-gray-400 uppercase"[31m
          [36m>[31m
            [0mConversations[0m
          [36m</div>[31m
          [36m<button[31m
            [33maria-current[31m=[32m"true"[31m
            [33mclass[31m=[32m"inline-flex items-center justify-center font-medium rounded-lg transition-colors duration-200 focus:outline-none focus:ring-2 focus:ring-offset-2 dark:focus:ring-offset-gray-900 disabled:opacity-50 disabled:cursor-not-allowed hover:bg-gray-100 dark:hover:bg-gray-800 text-gray-600 dark:text-gray-400 hover:text-gray-900 dark:hover:text-gray-100 focus:ring-gray-500 py-1.5 text-sm h-7 px-2"[31m
            [33mdata-active[31m=[32m"true"[31m
            [33mtype[31m=[32m"button"[31m
          [36m>[31m
            [36m<svg[31m
              [33maria-hidden[31m=[32m"true"[31m
              [33mclass[31m=[32m"h-4 w-4"[31m
              [33mdata-slot[31m=[32m"icon"[31m
              [33mfill[31m=[32m"none"[31m
              [33mstroke[31m=[32m"currentColor"[31m
              [33mstroke-width[31m=[32m"1.5"[31m
              [33mviewBox[31m=[32m"0 0 24 24"[31m
              [33mxmlns[31m=[32m"http://www.w3.org/2000/svg"[31m
            [36m>[31m
              [36m<path[31m
                [33md[31m=[32m"M12 4.5v15m7.5-7.5h-15"[31m
                [33mstroke-linecap[31m=[32m"round"[31m
                [33mstroke-linejoin[31m=[32m"round"[31m
              [36m/>[31m
            [36m</svg>[31m
          [36m</button>[31m
        [36m</div>[31m
        [36m<div[31m
          [33mclass[31m=[32m"flex-1 overflow-y-auto"[31m
        [36m/>[31m
      [36m</div>[31m
    [36m</aside>[31m
  [36m</div>[31m
[36m</body>[31m[39m
 [31m×[39m [30m[46m renderer-thread [49m[39m src/renderer/widgets/layout/__tests__/SessionList.test.tsx[2m > [22mThreadListSidebar[2m > [22mEdge Cases[2m > [22mshould handle rapid navigation clicks[32m 23[2mms[22m[39m
[31m   → expected "vi.fn()" to be called 3 times, but got 0 times[39m
 [31m×[39m [30m[46m renderer-thread [49m[39m src/renderer/widgets/layout/__tests__/SessionList.test.tsx[2m > [22mThreadListSidebar[2m > [22mEdge Cases[2m > [22mshould handle empty knowledge navigation gracefully[32m 13[2mms[22m[39m
[31m   → Unable to find an element by: [data-testid="thread-list-root"]

Ignored nodes: comments, script, style
[36m<body>[31m
  [36m<div>[31m
    [36m<aside[31m
      [33mclass[31m=[32m"w-64 bg-white dark:bg-gray-800 border-r border-gray-200 dark:border-gray-700 flex flex-col h-full"[31m
    [36m>[31m
      [36m<div[31m
        [33mclass[31m=[32m"flex h-full flex-col gap-2 p-2 overflow-hidden"[31m
      [36m>[31m
        [36m<div[31m
          [33mclass[31m=[32m"flex flex-col gap-1"[31m
        [36m>[31m
          [36m<div[31m
            [33mclass[31m=[32m"px-2 py-1 text-xs font-medium text-gray-500 dark:text-gray-400 uppercase"[31m
          [36m>[31m
            [0mKnowledge[0m
          [36m</div>[31m
          [36m<button[31m
            [33mclass[31m=[32m"inline-flex items-center rounded-lg transition-colors duration-200 focus:outline-none focus:ring-2 focus:ring-offset-2 dark:focus:ring-offset-gray-900 disabled:opacity-50 disabled:cursor-not-allowed hover:bg-gray-100 dark:hover:bg-gray-800 text-gray-600 dark:text-gray-400 hover:text-gray-900 dark:hover:text-gray-100 focus:ring-gray-500 px-4 py-2 text-sm w-full justify-start font-normal"[31m
            [33mtitle[31m=[32m"Visual knowledge graph view"[31m
            [33mtype[31m=[32m"button"[31m
          [36m>[31m
            [36m<svg[31m
              [33maria-hidden[31m=[32m"true"[31m
              [33mclass[31m=[32m"mr-2 h-4 w-4"[31m
              [33mdata-slot[31m=[32m"icon"[31m
              [33mfill[31m=[32m"none"[31m
              [33mstroke[31m=[32m"currentColor"[31m
              [33mstroke-width[31m=[32m"1.5"[31m
              [33mviewBox[31m=[32m"0 0 24 24"[31m
              [33mxmlns[31m=[32m"http://www.w3.org/2000/svg"[31m
            [36m>[31m
              [36m<path[31m
                [33md[31m=[32m"M9 6.75V15m6-6v8.25m.503 3.498 4.875-2.437c.381-.19.622-.58.622-1.006V4.82c0-.836-.88-1.38-1.628-1.006l-3.869 1.934c-.317.159-.69.159-1.006 0L9.503 3.252a1.125 1.125 0 0 0-1.006 0L3.622 5.689C3.24 5.88 3 6.27 3 6.695V19.18c0 .836.88 1.38 1.628 1.006l3.869-1.934c.317-.159.69-.159 1.006 0l4.994 2.497c.317.158.69.158 1.006 0Z"[31m
                [33mstroke-linecap[31m=[32m"round"[31m
                [33mstroke-linejoin[31m=[32m"round"[31m
              [36m/>[31m
            [36m</svg>[31m
            [0mKnowledge Map[0m
          [36m</button>[31m
          [36m<button[31m
            [33mclass[31m=[32m"inline-flex items-center rounded-lg transition-colors duration-200 focus:outline-none focus:ring-2 focus:ring-offset-2 dark:focus:ring-offset-gray-900 disabled:opacity-50 disabled:cursor-not-allowed hover:bg-gray-100 dark:hover:bg-gray-800 text-gray-600 dark:text-gray-400 hover:text-gray-900 dark:hover:text-gray-100 focus:ring-gray-500 px-4 py-2 text-sm w-full justify-start font-normal"[31m
            [33mtitle[31m=[32m"Learning progress and analytics"[31m
            [33mtype[31m=[32m"button"[31m
          [36m>[31m
            [36m<svg[31m
              [33maria-hidden[31m=[32m"true"[31m
              [33mclass[31m=[32m"mr-2 h-4 w-4"[31m
              [33mdata-slot[31m=[32m"icon"[31m
              [33mfill[31m=[32m"none"[31m
              [33mstroke[31m=[32m"currentColor"[31m
              [33mstroke-width[31m=[32m"1.5"[31m
              [33mviewBox[31m=[32m"0 0 24 24"[31m
              [33mxmlns[31m=[32m"http://www.w3.org/2000/svg"[31m
            [36m>[31m
              [36m<path[31m
                [33md[31m=[32m"M3 13.125C3 12.504 3.504 12 4.125 12h2.25c.621 0 1.125.504 1.125 1.125v6.75C7.5 20.496 6.996 21 6.375 21h-2.25A1.125 1.125 0 0 1 3 19.875v-6.75ZM9.75 8.625c0-.621.504-1.125 1.125-1.125h2.25c.621 0 1.125.504 1.125 1.125v11.25c0 .621-.504 1.125-1.125 1.125h-2.25a1.125 1.125 0 0 1-1.125-1.125V8.625ZM16.5 4.125c0-.621.504-1.125 1.125-1.125h2.25C20.496 3 21 3.504 21 4.125v15.75c0 .621-.504 1.125-1.125 1.125h-2.25a1.125 1.125 0 0 1-1.125-1.125V4.125Z"[31m
                [33mstroke-linecap[31m=[32m"round"[31m
                [33mstroke-linejoin[31m=[32m"round"[31m
              [36m/>[31m
            [36m</svg>[31m
            [0mDashboard[0m
          [36m</button>[31m
          [36m<button[31m
            [33mclass[31m=[32m"inline-flex items-center rounded-lg transition-colors duration-200 focus:outline-none focus:ring-2 focus:ring-offset-2 dark:focus:ring-offset-gray-900 disabled:opacity-50 disabled:cursor-not-allowed hover:bg-gray-100 dark:hover:bg-gray-800 text-gray-600 dark:text-gray-400 hover:text-gray-900 dark:hover:text-gray-100 focus:ring-gray-500 px-4 py-2 text-sm w-full justify-start font-normal"[31m
            [33mtitle[31m=[32m"Parse concepts from markdown files"[31m
            [33mtype[31m=[32m"button"[31m
          [36m>[31m
            [36m<svg[31m
              [33maria-hidden[31m=[32m"true"[31m
              [33mclass[31m=[32m"mr-2 h-4 w-4"[31m
              [33mdata-slot[31m=[32m"icon"[31m
              [33mfill[31m=[32m"none"[31m
              [33mstroke[31m=[32m"currentColor"[31m
              [33mstroke-width[31m=[32m"1.5"[31m
              [33mviewBox[31m=[32m"0 0 24 24"[31m
              [33mxmlns[31m=[32m"http://www.w3.org/2000/svg"[31m
            [36m>[31m
              [36m<path[31m
                [33md[31m=[32m"m21 21-5.197-5.197m0 0A7.5 7.5 0 1 0 5.196 5.196a7.5 7.5 0 0 0 10.607 10.607Z"[31m
                [33mstroke-linecap[31m=[32m"round"[31m
                [33mstroke-linejoin[31m=[32m"round"[31m
              [36m/>[31m
            [36m</svg>[31m
            [0mDiscovery[0m
          [36m</button>[31m
          [36m<button[31m
            [33mclass[31m=[32m"inline-flex items-center rounded-lg transition-colors duration-200 focus:outline-none focus:ring-2 focus:ring-offset-2 dark:focus:ring-offset-gray-900 disabled:opacity-50 disabled:cursor-not-allowed hover:bg-gray-100 dark:hover:bg-gray-800 text-gray-600 dark:text-gray-400 hover:text-gray-900 dark:hover:text-gray-100 focus:ring-gray-500 px-4 py-2 text-sm w-full justify-start font-normal"[31m
            [33mtitle[31m=[32m"Configure the application"[31m
            [33mtype[31m=[32m"button"[31m
          [36m>[31m
            [36m<svg[31m
              [33maria-hidden[31m=[32m"true"[31m
              [33mclass[31m=[32m"mr-2 h-4 w-4"[31m
              [33mdata-slot[31m=[32m"icon"[31m
              [33mfill[31m=[32m"none"[31m
              [33mstroke[31m=[32m"currentColor"[31m
              [33mstroke-width[31m=[32m"1.5"[31m
              [33mviewBox[31m=[32m"0 0 24 24"[31m
              [33mxmlns[31m=[32m"http://www.w3.org/2000/svg"[31m
            [36m>[31m
              [36m<path[31m
                [33md[31m=[32m"M4.5 12a7.5 7.5 0 0 0 15 0m-15 0a7.5 7.5 0 1 1 15 0m-15 0H3m16.5 0H21m-1.5 0H12m-8.457 3.077 1.41-.513m14.095-5.13 1.41-.513M5.106 17.785l1.15-.964m11.49-9.642 1.149-.964M7.501 19.795l.75-1.3m7.5-12.99.75-1.3m-6.063 16.658.26-1.477m2.605-14.772.26-1.477m0 17.726-.26-1.477M10.698 4.614l-.26-1.477M16.5 19.794l-.75-1.299M7.5 4.205 12 12m6.894 5.785-1.149-.964M6.256 7.178l-1.15-.964m15.352 8.864-1.41-.513M4.954 9.435l-1.41-.514M12.002 12l-3.75 6.495"[31m
                [33mstroke-linecap[31m=[32m"round"[31m
                [33mstroke-linejoin[31m=[32m"round"[31m
              [36m/>[31m
            [36m</svg>[31m
            [0mSettings[0m
          [36m</button>[31m
        [36m</div>[31m
        [36m<div[31m
          [33maria-orientation[31m=[32m"horizontal"[31m
          [33mclass[31m=[32m"shrink-0 bg-gray-200 dark:bg-gray-700 h-[1px] w-full"[31m
          [33mrole[31m=[32m"separator"[31m
        [36m/>[31m
        [36m<div[31m
          [33mclass[31m=[32m"flex items-center justify-between px-2"[31m
        [36m>[31m
          [36m<div[31m
            [33mclass[31m=[32m"text-xs font-medium text-gray-500 dark:text-gray-400 uppercase"[31m
          [36m>[31m
            [0mConversations[0m
          [36m</div>[31m
          [36m<button[31m
            [33maria-current[31m=[32m"true"[31m
            [33mclass[31m=[32m"inline-flex items-center justify-center font-medium rounded-lg transition-colors duration-200 focus:outline-none focus:ring-2 focus:ring-offset-2 dark:focus:ring-offset-gray-900 disabled:opacity-50 disabled:cursor-not-allowed hover:bg-gray-100 dark:hover:bg-gray-800 text-gray-600 dark:text-gray-400 hover:text-gray-900 dark:hover:text-gray-100 focus:ring-gray-500 py-1.5 text-sm h-7 px-2"[31m
            [33mdata-active[31m=[32m"true"[31m
            [33mtype[31m=[32m"button"[31m
          [36m>[31m
            [36m<svg[31m
              [33maria-hidden[31m=[32m"true"[31m
              [33mclass[31m=[32m"h-4 w-4"[31m
              [33mdata-slot[31m=[32m"icon"[31m
              [33mfill[31m=[32m"none"[31m
              [33mstroke[31m=[32m"currentColor"[31m
              [33mstroke-width[31m=[32m"1.5"[31m
              [33mviewBox[31m=[32m"0 0 24 24"[31m
              [33mxmlns[31m=[32m"http://www.w3.org/2000/svg"[31m
            [36m>[31m
              [36m<path[31m
                [33md[31m=[32m"M12 4.5v15m7.5-7.5h-15"[31m
                [33mstroke-linecap[31m=[32m"round"[31m
                [33mstroke-linejoin[31m=[32m"round"[31m
              [36m/>[31m
            [36m</svg>[31m
          [36m</button>[31m
        [36m</div>[31m
        [36m<div[31m
          [33mclass[31m=[32m"flex-1 overflow-y-auto"[31m
        [36m/>[31m
      [36m</div>[31m
    [36m</aside>[31m
  [36m</div>[31m
[36m</body>[31m[39m
 [32m✓[39m [30m[46m renderer-thread [49m[39m src/renderer/features/analytics/ui/__tests__/Achievements.test.tsx[2m > [22mAchievements[2m > [22mshows no achievements message when there are no achievements[32m 32[2mms[22m[39m
 [32m✓[39m [30m[46m renderer-thread [49m[39m src/renderer/features/analytics/ui/__tests__/Achievements.test.tsx[2m > [22mAchievements[2m > [22mcategorizes achievements correctly[32m 67[2mms[22m[39m
 [31m×[39m [30m[46m renderer-thread [49m[39m src/renderer/features/analytics/ui/__tests__/Achievements.test.tsx[2m > [22mAchievements[2m > [22mapplies className prop correctly[32m 9[2mms[22m[39m
[31m   → render is not defined[39m
 [32m✓[39m [30m[46m renderer-thread [49m[39m src/renderer/widgets/layout/__tests__/SessionList.test.tsx[2m > [22mThreadListSidebar[2m > [22mTypeScript Compliance[2m > [22mshould accept open prop as boolean[32m 22[2mms[22m[39m
 [32m✓[39m [30m[46m renderer-thread [49m[39m src/renderer/widgets/layout/__tests__/SessionList.test.tsx[2m > [22mThreadListSidebar[2m > [22mTypeScript Compliance[2m > [22mshould have correct component type[32m 1[2mms[22m[39m
 [31m×[39m [30m[46m renderer-thread [49m[39m src/renderer/widgets/layout/__tests__/SessionList.test.tsx[2m > [22mThreadListSidebar[2m > [22mAccessibility[2m > [22mshould render semantic HTML structure[32m 18[2mms[22m[39m
[31m   → Unable to find an element by: [data-testid="thread-list-root"]

Ignored nodes: comments, script, style
[36m<body>[31m
  [36m<div>[31m
    [36m<aside[31m
      [33mclass[31m=[32m"w-64 bg-white dark:bg-gray-800 border-r border-gray-200 dark:border-gray-700 flex flex-col h-full"[31m
    [36m>[31m
      [36m<div[31m
        [33mclass[31m=[32m"flex h-full flex-col gap-2 p-2 overflow-hidden"[31m
      [36m>[31m
        [36m<div[31m
          [33mclass[31m=[32m"flex flex-col gap-1"[31m
        [36m>[31m
          [36m<div[31m
            [33mclass[31m=[32m"px-2 py-1 text-xs font-medium text-gray-500 dark:text-gray-400 uppercase"[31m
          [36m>[31m
            [0mKnowledge[0m
          [36m</div>[31m
          [36m<button[31m
            [33mclass[31m=[32m"inline-flex items-center rounded-lg transition-colors duration-200 focus:outline-none focus:ring-2 focus:ring-offset-2 dark:focus:ring-offset-gray-900 disabled:opacity-50 disabled:cursor-not-allowed hover:bg-gray-100 dark:hover:bg-gray-800 text-gray-600 dark:text-gray-400 hover:text-gray-900 dark:hover:text-gray-100 focus:ring-gray-500 px-4 py-2 text-sm w-full justify-start font-normal"[31m
            [33mtitle[31m=[32m"Visual knowledge graph view"[31m
            [33mtype[31m=[32m"button"[31m
          [36m>[31m
            [36m<svg[31m
              [33maria-hidden[31m=[32m"true"[31m
              [33mclass[31m=[32m"mr-2 h-4 w-4"[31m
              [33mdata-slot[31m=[32m"icon"[31m
              [33mfill[31m=[32m"none"[31m
              [33mstroke[31m=[32m"currentColor"[31m
              [33mstroke-width[31m=[32m"1.5"[31m
              [33mviewBox[31m=[32m"0 0 24 24"[31m
              [33mxmlns[31m=[32m"http://www.w3.org/2000/svg"[31m
            [36m>[31m
              [36m<path[31m
                [33md[31m=[32m"M9 6.75V15m6-6v8.25m.503 3.498 4.875-2.437c.381-.19.622-.58.622-1.006V4.82c0-.836-.88-1.38-1.628-1.006l-3.869 1.934c-.317.159-.69.159-1.006 0L9.503 3.252a1.125 1.125 0 0 0-1.006 0L3.622 5.689C3.24 5.88 3 6.27 3 6.695V19.18c0 .836.88 1.38 1.628 1.006l3.869-1.934c.317-.159.69-.159 1.006 0l4.994 2.497c.317.158.69.158 1.006 0Z"[31m
                [33mstroke-linecap[31m=[32m"round"[31m
                [33mstroke-linejoin[31m=[32m"round"[31m
              [36m/>[31m
            [36m</svg>[31m
            [0mKnowledge Map[0m
          [36m</button>[31m
          [36m<button[31m
            [33mclass[31m=[32m"inline-flex items-center rounded-lg transition-colors duration-200 focus:outline-none focus:ring-2 focus:ring-offset-2 dark:focus:ring-offset-gray-900 disabled:opacity-50 disabled:cursor-not-allowed hover:bg-gray-100 dark:hover:bg-gray-800 text-gray-600 dark:text-gray-400 hover:text-gray-900 dark:hover:text-gray-100 focus:ring-gray-500 px-4 py-2 text-sm w-full justify-start font-normal"[31m
            [33mtitle[31m=[32m"Learning progress and analytics"[31m
            [33mtype[31m=[32m"button"[31m
          [36m>[31m
            [36m<svg[31m
              [33maria-hidden[31m=[32m"true"[31m
              [33mclass[31m=[32m"mr-2 h-4 w-4"[31m
              [33mdata-slot[31m=[32m"icon"[31m
              [33mfill[31m=[32m"none"[31m
              [33mstroke[31m=[32m"currentColor"[31m
              [33mstroke-width[31m=[32m"1.5"[31m
              [33mviewBox[31m=[32m"0 0 24 24"[31m
              [33mxmlns[31m=[32m"http://www.w3.org/2000/svg"[31m
            [36m>[31m
              [36m<path[31m
                [33md[31m=[32m"M3 13.125C3 12.504 3.504 12 4.125 12h2.25c.621 0 1.125.504 1.125 1.125v6.75C7.5 20.496 6.996 21 6.375 21h-2.25A1.125 1.125 0 0 1 3 19.875v-6.75ZM9.75 8.625c0-.621.504-1.125 1.125-1.125h2.25c.621 0 1.125.504 1.125 1.125v11.25c0 .621-.504 1.125-1.125 1.125h-2.25a1.125 1.125 0 0 1-1.125-1.125V8.625ZM16.5 4.125c0-.621.504-1.125 1.125-1.125h2.25C20.496 3 21 3.504 21 4.125v15.75c0 .621-.504 1.125-1.125 1.125h-2.25a1.125 1.125 0 0 1-1.125-1.125V4.125Z"[31m
                [33mstroke-linecap[31m=[32m"round"[31m
                [33mstroke-linejoin[31m=[32m"round"[31m
              [36m/>[31m
            [36m</svg>[31m
            [0mDashboard[0m
          [36m</button>[31m
          [36m<button[31m
            [33mclass[31m=[32m"inline-flex items-center rounded-lg transition-colors duration-200 focus:outline-none focus:ring-2 focus:ring-offset-2 dark:focus:ring-offset-gray-900 disabled:opacity-50 disabled:cursor-not-allowed hover:bg-gray-100 dark:hover:bg-gray-800 text-gray-600 dark:text-gray-400 hover:text-gray-900 dark:hover:text-gray-100 focus:ring-gray-500 px-4 py-2 text-sm w-full justify-start font-normal"[31m
            [33mtitle[31m=[32m"Parse concepts from markdown files"[31m
            [33mtype[31m=[32m"button"[31m
          [36m>[31m
            [36m<svg[31m
              [33maria-hidden[31m=[32m"true"[31m
              [33mclass[31m=[32m"mr-2 h-4 w-4"[31m
              [33mdata-slot[31m=[32m"icon"[31m
              [33mfill[31m=[32m"none"[31m
              [33mstroke[31m=[32m"currentColor"[31m
              [33mstroke-width[31m=[32m"1.5"[31m
              [33mviewBox[31m=[32m"0 0 24 24"[31m
              [33mxmlns[31m=[32m"http://www.w3.org/2000/svg"[31m
            [36m>[31m
              [36m<path[31m
                [33md[31m=[32m"m21 21-5.197-5.197m0 0A7.5 7.5 0 1 0 5.196 5.196a7.5 7.5 0 0 0 10.607 10.607Z"[31m
                [33mstroke-linecap[31m=[32m"round"[31m
                [33mstroke-linejoin[31m=[32m"round"[31m
              [36m/>[31m
            [36m</svg>[31m
            [0mDiscovery[0m
          [36m</button>[31m
          [36m<button[31m
            [33mclass[31m=[32m"inline-flex items-center rounded-lg transition-colors duration-200 focus:outline-none focus:ring-2 focus:ring-offset-2 dark:focus:ring-offset-gray-900 disabled:opacity-50 disabled:cursor-not-allowed hover:bg-gray-100 dark:hover:bg-gray-800 text-gray-600 dark:text-gray-400 hover:text-gray-900 dark:hover:text-gray-100 focus:ring-gray-500 px-4 py-2 text-sm w-full justify-start font-normal"[31m
            [33mtitle[31m=[32m"Configure the application"[31m
            [33mtype[31m=[32m"button"[31m
          [36m>[31m
            [36m<svg[31m
              [33maria-hidden[31m=[32m"true"[31m
              [33mclass[31m=[32m"mr-2 h-4 w-4"[31m
              [33mdata-slot[31m=[32m"icon"[31m
              [33mfill[31m=[32m"none"[31m
              [33mstroke[31m=[32m"currentColor"[31m
              [33mstroke-width[31m=[32m"1.5"[31m
              [33mviewBox[31m=[32m"0 0 24 24"[31m
              [33mxmlns[31m=[32m"http://www.w3.org/2000/svg"[31m
            [36m>[31m
              [36m<path[31m
                [33md[31m=[32m"M4.5 12a7.5 7.5 0 0 0 15 0m-15 0a7.5 7.5 0 1 1 15 0m-15 0H3m16.5 0H21m-1.5 0H12m-8.457 3.077 1.41-.513m14.095-5.13 1.41-.513M5.106 17.785l1.15-.964m11.49-9.642 1.149-.964M7.501 19.795l.75-1.3m7.5-12.99.75-1.3m-6.063 16.658.26-1.477m2.605-14.772.26-1.477m0 17.726-.26-1.477M10.698 4.614l-.26-1.477M16.5 19.794l-.75-1.299M7.5 4.205 12 12m6.894 5.785-1.149-.964M6.256 7.178l-1.15-.964m15.352 8.864-1.41-.513M4.954 9.435l-1.41-.514M12.002 12l-3.75 6.495"[31m
                [33mstroke-linecap[31m=[32m"round"[31m
                [33mstroke-linejoin[31m=[32m"round"[31m
              [36m/>[31m
            [36m</svg>[31m
            [0mSettings[0m
          [36m</button>[31m
        [36m</div>[31m
        [36m<div[31m
          [33maria-orientation[31m=[32m"horizontal"[31m
          [33mclass[31m=[32m"shrink-0 bg-gray-200 dark:bg-gray-700 h-[1px] w-full"[31m
          [33mrole[31m=[32m"separator"[31m
        [36m/>[31m
        [36m<div[31m
          [33mclass[31m=[32m"flex items-center justify-between px-2"[31m
        [36m>[31m
          [36m<div[31m
            [33mclass[31m=[32m"text-xs font-medium text-gray-500 dark:text-gray-400 uppercase"[31m
          [36m>[31m
            [0mConversations[0m
          [36m</div>[31m
          [36m<button[31m
            [33maria-current[31m=[32m"true"[31m
            [33mclass[31m=[32m"inline-flex items-center justify-center font-medium rounded-lg transition-colors duration-200 focus:outline-none focus:ring-2 focus:ring-offset-2 dark:focus:ring-offset-gray-900 disabled:opacity-50 disabled:cursor-not-allowed hover:bg-gray-100 dark:hover:bg-gray-800 text-gray-600 dark:text-gray-400 hover:text-gray-900 dark:hover:text-gray-100 focus:ring-gray-500 py-1.5 text-sm h-7 px-2"[31m
            [33mdata-active[31m=[32m"true"[31m
            [33mtype[31m=[32m"button"[31m
          [36m>[31m
            [36m<svg[31m
              [33maria-hidden[31m=[32m"true"[31m
              [33mclass[31m=[32m"h-4 w-4"[31m
              [33mdata-slot[31m=[32m"icon"[31m
              [33mfill[31m=[32m"none"[31m
              [33mstroke[31m=[32m"currentColor"[31m
              [33mstroke-width[31m=[32m"1.5"[31m
              [33mviewBox[31m=[32m"0 0 24 24"[31m
              [33mxmlns[31m=[32m"http://www.w3.org/2000/svg"[31m
            [36m>[31m
              [36m<path[31m
                [33md[31m=[32m"M12 4.5v15m7.5-7.5h-15"[31m
                [33mstroke-linecap[31m=[32m"round"[31m
                [33mstroke-linejoin[31m=[32m"round"[31m
              [36m/>[31m
            [36m</svg>[31m
          [36m</button>[31m
        [36m</div>[31m
        [36m<div[31m
          [33mclass[31m=[32m"flex-1 overflow-y-auto"[31m
        [36m/>[31m
      [36m</div>[31m
    [36m</aside>[31m
  [36m</div>[31m
[36m</body>[31m[39m
 [32m✓[39m [30m[46m renderer-thread [49m[39m src/renderer/widgets/layout/__tests__/SessionList.test.tsx[2m > [22mThreadListSidebar[2m > [22mAccessibility[2m > [22mshould include proper button roles[32m 35[2mms[22m[39m
 [32m✓[39m [30m[46m renderer-thread [49m[39m src/renderer/features/analytics/ui/__tests__/Achievements.test.tsx[2m > [22mAchievements[2m > [22mcalculates overall progress correctly[32m 41[2mms[22m[39m
 [31m×[39m [30m[46m renderer-thread [49m[39m src/renderer/features/config/ui/__tests__/UISettings.depth.test.tsx[2m > [22mUISettings depth[2m > [22mshows included levels for default depth and updates on change[32m 145[2mms[22m[39m
[31m   → expected 'text-xs px-2 py-1 rounded border bg-b…' to match 'bg-gray-'[39m
 [31m×[39m [30m[46m renderer-thread [49m[39m src/renderer/widgets/layout/__tests__/Header.test.tsx[2m > [22mHeader[2m > [22mtoggles sidebar via menu button[32m 108[2mms[22m[39m
[31m   → expected "vi.fn()" to be called with arguments: [ false ][90m

Number of calls: [1m0[22m
[31m[39m
 [31m×[39m [30m[46m renderer-thread [49m[39m src/renderer/widgets/layout/__tests__/Header.test.tsx[2m > [22mHeader[2m > [22mcycles theme when theme button clicked[32m 16[2mms[22m[39m
[31m   → expected "vi.fn()" to be called with arguments: [ 'dark' ][90m

Number of calls: [1m0[22m
[31m[39m
 [31m×[39m [30m[46m renderer-thread [49m[39m src/renderer/widgets/layout/__tests__/Header.test.tsx[2m > [22mHeader[2m > [22mtoggles focus mode on F11[32m 15[2mms[22m[39m
[31m   → expected "vi.fn()" to be called at least once[39m
 [31m×[39m [30m[46m renderer-thread [49m[39m src/renderer/widgets/layout/__tests__/Header.test.tsx[2m > [22mHeader[2m > [22menters edit mode and saves session title[32m 36[2mms[22m[39m
[31m   → Unable to find an element with the text: Session 1. This could be because the text is broken up by multiple elements. In this case, you can provide a function for your text matcher to make your matcher more flexible.

Ignored nodes: comments, script, style
[36m<body>[31m
  [36m<div>[31m
    [36m<header[31m
      [33mclass[31m=[32m"relative bg-gradient-to-r from-white to-gray-50 dark:from-gray-800 dark:to-gray-900 border-b border-gray-200/60 dark:border-gray-700/60 px-4 py-3 backdrop-blur-sm shadow-sm animate-fade-in"[31m
    [36m>[31m
      [36m<div[31m
        [33mclass[31m=[32m"flex items-center justify-between"[31m
      [36m>[31m
        [36m<div[31m
          [33mclass[31m=[32m"flex items-center space-x-4"[31m
        [36m>[31m
          [36m<button[31m
            [33mclass[31m=[32m"group relative p-2.5 rounded-xl bg-gradient-to-br from-gray-50 to-gray-100 dark:from-gray-700 dark:to-gray-800 hover:from-primary-50 hover:to-primary-100 dark:hover:from-primary-900/20 dark:hover:to-primary-800/20 transition-all duration-300 transform hover:scale-105 hover:shadow-md"[31m
            [33mtitle[31m=[32m"Toggle sidebar"[31m
          [36m>[31m
            [36m<div[31m
              [33mclass[31m=[32m"absolute inset-0 bg-gradient-to-br from-primary-500 to-accent-purple-500 rounded-xl opacity-0 group-hover:opacity-10 transition-opacity duration-300"[31m
            [36m/>[31m
            [36m<svg[31m
              [33maria-hidden[31m=[32m"true"[31m
              [33mclass[31m=[32m"w-5 h-5 text-gray-600 dark:text-gray-400 group-hover:text-primary-600 dark:group-hover:text-primary-400 relative z-10 transition-colors duration-200"[31m
              [33mdata-slot[31m=[32m"icon"[31m
              [33mfill[31m=[32m"none"[31m
              [33mstroke[31m=[32m"currentColor"[31m
              [33mstroke-width[31m=[32m"1.5"[31m
              [33mviewBox[31m=[32m"0 0 24 24"[31m
              [33mxmlns[31m=[32m"http://www.w3.org/2000/svg"[31m
            [36m>[31m
              [36m<path[31m
                [33md[31m=[32m"M3.75 6.75h16.5M3.75 12h16.5m-16.5 5.25h16.5"[31m
                [33mstroke-linecap[31m=[32m"round"[31m
                [33mstroke-linejoin[31m=[32m"round"[31m
              [36m/>[31m
            [36m</svg>[31m
          [36m</button>[31m
          [36m<div[31m
            [33mclass[31m=[32m"min-w-0"[31m
          [36m>[31m
            [36m<div[31m
              [33mclass[31m=[32m"flex items-center space-x-2"[31m
            [36m>[31m
              [36m<div[31m
                [33mclass[31m=[32m"w-2 h-2 bg-gradient-to-br from-primary-500 to-accent-emerald-500 rounded-full animate-pulse-soft shadow-lg shadow-primary-500/30"[31m
              [36m/>[31m
              [36m<h1[31m
                [33mclass[31m=[32m"text-lg font-bold bg-gradient-to-r from-gray-900 to-gray-700 dark:from-gray-100 dark:to-gray-300 bg-clip-text text-transparent truncate animate-fade-in"[31m
              [36m>[31m
                [0mLearning Catalyst[0m
              [36m</h1>[31m
            [36m</div>[31m
          [36m</div>[31m
        [36m</div>[31m
        [36m<div[31m
          [33mclass[31m=[32m"flex items-center space-x-2"[31m
        [36m>[31m
          [36m<button[31m
            [33mclass[31m=[32m"group relative p-2.5 rounded-xl transition-all duration-300 transform hover:scale-105 bg-gradient-to-br from-gray-50 to-gray-100 dark:from-gray-700 dark:to-gray-800 hover:from-primary-50 hover:to-primary-100 dark:hover:from-primary-900/20 dark:hover:to-primary-800/20 text-gray-600 dark:text-gray-400 hover:text-primary-600 dark:hover:text-primary-400 hover:shadow-md"[31m
            [33mtitle[31m=[32m"Enter focus mode (F11)"[31m
          [36m>[31m
            [36m<div[31m
              [33mclass[31m=[32m"absolute inset-0 bg-gradient-to-br from-primary-500 to-accent-purple-500 rounded-xl opacity-0 group-hover:opacity-10 transition-opacity duration-300"[31m
            [36m/>[31m
            [36m<svg[31m
              [33maria-hidden[31m=[32m"true"[31m
              [33mclass[31m=[32m"w-5 h-5 relative z-10 transition-all duration-200 "[31m
              [33mdata-slot[31m=[32m"icon"[31m
              [33mfill[31m=[32m"none"[31m
              [33mstroke[31m=[32m"currentColor"[31m
              [33mstroke-width[31m=[32m"1.5"[31m
              [33mviewBox[31m=[32m"0 0 24 24"[31m
              [33mxmlns[31m=[32m"http://www.w3.org/2000/svg"[31m
            [36m>[31m
              [36m<path[31m
                [33md[31m=[32m"M2.036 12.322a1.012 1.012 0 0 1 0-.639C3.423 7.51 7.36 4.5 12 4.5c4.638 0 8.573 3.007 9.963 7.178.07.207.07.431 0 .639C20.577 16.49 16.64 19.5 12 19.5c-4.638 0-8.573-3.007-9.963-7.178Z"[31m
                [33mstroke-linecap[31m=[32m"round"[31m
                [33mstroke-linejoin[31m=[32m"round"[31m
              [36m/>[31m
              [36m<path[31m
                [33md[31m=[32m"M15 12a3 3 0 1 1-6 0 3 3 0 0 1 6 0Z"[31m
                [33mstroke-linecap[31m=[32m"round"[31m
                [33mstroke-linejoin[31m=[32m"round"[31m
              [36m/>[31m
            [36m</svg>[31m
          [36m</button>[31m
          [36m<button[31m
            [33mclass[31m=[32m"group relative p-2.5 rounded-xl bg-gradient-to-br from-gray-50 to-gray-100 dark:from-gray-700 dark:to-gray-800 hover:from-amber-50 hover:to-amber-100 dark:hover:from-amber-900/20 dark:hover:to-amber-800/20 transition-all duration-300 transform hover:scale-105 hover:shadow-md"[31m
            [33mtitle[31m=[32m"Theme: Dark"[31m
          [36m>[31m
            [36m<div[31m
              [33mclass[31m=[32m"absolute inset-0 bg-gradient-to-br from-amber-500 to-orange-500 rounded-xl opacity-0 group-hover:opacity-10 transition-opacity duration-300"[31m
            [36m/>[31m
            [36m<div[31m
              [33mclass[31m=[32m"relative z-10 transition-all duration-200 group-hover:rotate-12 group-hover:scale-110"[31m
            [36m>[31m
              [36m<svg[31m
                [33maria-hidden[31m=[32m"true"[31m
                [33mclass[31m=[32m"w-5 h-5"[31m
                [33mdata-slot[31m=[32m"icon"[31m
                [33mfill[31m=[32m"none"[31m
                [33mstroke[31m=[32m"currentColor"[31m
                [33mstroke-width[31m=[32m"1.5"[31m
                [33mviewBox[31m=[32m"0 0 24 24"[31m
                [33mxmlns[31m=[32m"http://www.w3.org/2000/svg"[31m
              [36m>[31m
                [36m<path[31m
                  [33md[31m=[32m"M21.752 15.002A9.72 9.72 0 0 1 18 15.75c-5.385 0-9.75-4.365-9.75-9.75 0-1.33.266-2.597.748-3.752A9.753 9.753 0 0 0 3 11.25C3 16.635 7.365 21 12.75 21a9.753 9.753 0 0 0 9.002-5.998Z"[31m
                  [33mstroke-linecap[31m=[32m"round"[31m
                  [33mstroke-linejoin[31m=[32m"round"[31m
                [36m/>[31m
              [36m</svg>[31m
            [36m</div>[31m
          [36m</button>[31m
          [36m<button[31m
            [33mclass[31m=[32m"group relative p-2...[39m
 [31m×[39m [30m[46m renderer-thread [49m[39m src/renderer/widgets/layout/__tests__/Header.test.tsx[2m > [22mHeader[2m > [22mopens settings panel[32m 20[2mms[22m[39m
[31m   → expected "vi.fn()" to be called with arguments: [ true ][90m

Number of calls: [1m0[22m
[31m[39m
 [32m✓[39m [30m[46m renderer-thread [49m[39m src/renderer/services/concept-parsing/__tests__/concept-parsing-service.test.ts[2m > [22mconcept-parsing-service[2m > [22mvalidates content length and markdown detection[32m 6[2mms[22m[39m
 [31m×[39m [30m[46m renderer-thread [49m[39m src/renderer/services/concept-parsing/__tests__/concept-parsing-service.test.ts[2m > [22mconcept-parsing-service[2m > [22mpropagates API errors from parseContent[32m 9[2mms[22m[39m
[31m   → expected [Function] to throw error matching /nope/ but got '[object Object]'[39m
 [32m✓[39m [30m[46m renderer-thread [49m[39m src/renderer/services/concept-parsing/__tests__/concept-parsing-service.test.ts[2m > [22mconcept-parsing-service[2m > [22mreturns jobs for parseFiles and parseDirectories and exposes status[32m 3[2mms[22m[39m
 [31m×[39m [30m[46m renderer-thread [49m[39m src/renderer/features/knowledge/ui/__tests__/KnowledgeGameMap.test.tsx[2m > [22mKnowledgeGameMap[2m > [22mInitial Load Scenarios[2m > [22mshould render when data loads AFTER graph instance is ready[33m 1083[2mms[22m[39m
[31m   → Unable to find an element by: [data-testid="rg-mock"]

Ignored nodes: comments, script, style
[36m<body>[31m
  [36m<div>[31m
    [36m<div[31m
      [33mclass[31m=[32m"relative bg-gradient-to-br from-slate-50 to-slate-100 dark:from-gray-900 dark:to-gray-800 rounded-lg border border-gray-200 dark:border-gray-700 overflow-hidden touch-none "[31m
      [33mstyle[31m=[32m"min-height: 520px; height: 100%; overscroll-behavior: contain;"[31m
    [36m>[31m
      [36m<div[31m
        [33mclass[31m=[32m"flex items-center justify-center h-full text-gray-500"[31m
      [36m>[31m
        [0mKnowledge graph visualization will be rendered here[0m
      [36m</div>[31m
    [36m</div>[31m
  [36m</div>[31m
[36m</body>[31m

Ignored nodes: comments, script, style
[36m<html>[31m
  [36m<head />[31m
  [36m<body>[31m
    [36m<div>[31m
      [36m<div[31m
        [33mclass[31m=[32m"relative bg-gradient-to-br from-slate-50 to-slate-100 dark:from-gray-900 dark:to-gray-800 rounded-lg border border-gray-200 dark:border-gray-700 overflow-hidden touch-none "[31m
        [33mstyle[31m=[32m"min-height: 520px; height: 100%; overscroll-behavior: contain;"[31m
      [36m>[31m
        [36m<div[31m
          [33mclass[31m=[32m"flex items-center justify-center h-full text-gray-500"[31m
        [36m>[31m
          [0mKnowledge graph visualization will be rendered here[0m
        [36m</div>[31m
      [36m</div>[31m
    [36m</div>[31m
  [36m</body>[31m
[36m</html>[31m[39m
 [32m✓[39m [30m[46m renderer-thread [49m[39m src/renderer/services/catalyst/__tests__/catalyst-service.errors.test.ts[2m > [22mcatalyst-service error paths[2m > [22mreturns error when message is empty[32m 2[2mms[22m[39m
 [32m✓[39m [30m[46m renderer-thread [49m[39m src/renderer/services/catalyst/__tests__/catalyst-service.errors.test.ts[2m > [22mcatalyst-service error paths[2m > [22mreturns error when onChunk is missing for stream[32m 1[2mms[22m[39m
 [32m✓[39m [30m[46m renderer-thread [49m[39m src/renderer/services/catalyst/__tests__/catalyst-service.errors.test.ts[2m > [22mcatalyst-service error paths[2m > [22mfails when underlying sendChat API throws[32m 2[2mms[22m[39m
 [32m✓[39m [30m[46m renderer-thread [49m[39m src/renderer/services/catalyst/__tests__/catalyst-service.errors.test.ts[2m > [22mcatalyst-service error paths[2m > [22mfails when sendChatStream API not available[32m 1[2mms[22m[39m
 [31m×[39m [30m[46m renderer-thread [49m[39m src/renderer/services/catalyst/__tests__/catalyst-service.errors.test.ts[2m > [22mcatalyst-service error paths[2m > [22mpropagates API error when sendChatStream returns failure[32m 6[2mms[22m[39m
[31m   → expected '[object Object]' to match /stream failed/[39m
 [32m✓[39m [30m[46m renderer-thread [49m[39m src/renderer/services/catalyst/__tests__/catalyst-service.test.ts[2m > [22mcatalyst-service[2m > [22mreturns error when message is empty[32m 3[2mms[22m[39m
 [32m✓[39m [30m[46m renderer-thread [49m[39m src/renderer/services/catalyst/__tests__/catalyst-service.test.ts[2m > [22mcatalyst-service[2m > [22msends chat successfully with defaults[32m 4[2mms[22m[39m
 [32m✓[39m [30m[46m renderer-thread [49m[39m src/renderer/services/catalyst/__tests__/catalyst-service.test.ts[2m > [22mcatalyst-service[2m > [22mstreams chat and forwards chunks[32m 2[2mms[22m[39m
 [32m✓[39m [30m[46m renderer-thread [49m[39m src/renderer/services/catalyst/__tests__/catalyst-service.test.ts[2m > [22mcatalyst-service[2m > [22mrejects stream when callback missing[32m 1[2mms[22m[39m
 [32m✓[39m [30m[46m renderer-thread [49m[39m src/renderer/services/catalyst/__tests__/catalyst-service.test.ts[2m > [22mcatalyst-service[2m > [22mgets session details[32m 1[2mms[22m[39m
 [32m✓[39m [30m[46m renderer-thread [49m[39m src/renderer/services/catalyst/__tests__/catalyst-service.test.ts[2m > [22mcatalyst-service[2m > [22mcancels execution and handles missing id[32m 1[2mms[22m[39m
 [31m×[39m [30m[46m renderer-thread [49m[39m src/renderer/services/catalyst/__tests__/catalyst-service.test.ts[2m > [22mcatalyst-service[2m > [22mlists active executions and handles missing API[32m 5[2mms[22m[39m
[31m   → service.getActiveExecutions is not a function[39m
 [31m×[39m [30m[46m renderer-thread [49m[39m src/renderer/services/discovery/__tests__/discovery-service.test.ts[2m > [22mdiscovery-service[2m > [22mparses concepts and propagates errors[32m 24[2mms[22m[39m
[31m   → expected [Function] to throw error including 'Failed to parse concepts' but got 'nope'[39m
 [31m×[39m [30m[46m renderer-thread [49m[39m src/renderer/services/discovery/__tests__/discovery-service.test.ts[2m > [22mdiscovery-service[2m > [22mgenerates learning path using learning API and maps modules[32m 1[2mms[22m[39m
[31m   → svc.generateLearningPath is not a function[39m
 [32m✓[39m [30m[46m renderer-thread [49m[39m src/renderer/services/discovery/__tests__/discovery-service.test.ts[2m > [22mdiscovery-service[2m > [22mcreatePracticeExercises filters exercises by difficulty[32m 2[2mms[22m[39m
 [32m✓[39m [30m[46m renderer-thread [49m[39m src/renderer/services/discovery/__tests__/discovery-service.test.ts[2m > [22mdiscovery-service[2m > [22massessKnowledge builds strengths and gaps[32m 5[2mms[22m[39m
 [32m✓[39m [30m[46m renderer-thread [49m[39m src/renderer/services/__tests__/appServices.legacy.test.ts[2m > [22mappServices legacy layer[2m > [22minitializes container only once and exposes analytics/session services[32m 8[2mms[22m[39m
 [32m✓[39m [30m[46m renderer-thread [49m[39m src/renderer/services/__tests__/appServices.legacy.test.ts[2m > [22mappServices legacy layer[2m > [22mcleanup resets initialization[32m 0[2mms[22m[39m
 [31m×[39m [30m[46m renderer-thread [49m[39m src/renderer/services/__tests__/appServices.legacy.test.ts[2m > [22mappServices legacy layer[2m > [22mthrows for unavailable services[32m 9[2mms[22m[39m
[31m   → expected [Function] to throw error matching /not available/ but got '__vite_ssr_import_1__.appServices.get…'[39m
 [32m✓[39m [30m[46m renderer-thread [49m[39m src/renderer/services/session/__tests__/session-service.test.ts[2m > [22msession-service[2m > [22mgenerates session ID[32m 4[2mms[22m[39m
 [32m✓[39m [30m[46m renderer-thread [49m[39m src/renderer/services/session/__tests__/session-service.test.ts[2m > [22msession-service[2m > [22mlists, gets, creates, updates and deletes sessions[32m 2[2mms[22m[39m
 [31m×[39m [30m[46m renderer-thread [49m[39m src/renderer/services/session/__tests__/session-service.test.ts[2m > [22msession-service[2m > [22msearches sessions and handles missing fields[32m 19[2mms[22m[39m
[31m   → apiClient.sessions.searchSessions is not a function[39m
 [31m×[39m [30m[46m renderer-thread [49m[39m src/renderer/services/session/__tests__/session-service.test.ts[2m > [22msession-service[2m > [22mpropagates list/search errors[32m 7[2mms[22m[39m
[31m   → expected [Function] to throw error matching /Session API request failed/ but got 'bad'[39m
 [31m×[39m [30m[46m renderer-thread [49m[39m src/renderer/services/session/__tests__/session-service.test.ts[2m > [22msession-service[2m > [22mgets recent sessions and global statistics[32m 2[2mms[22m[39m
[31m   → apiClient.sessions.getGlobalStatistics is not a function[39m
 [32m✓[39m [30m[46m renderer-thread [49m[39m src/renderer/services/session/__tests__/session-service.test.ts[2m > [22msession-service[2m > [22mgenerates AI titles[32m 1[2mms[22m[39m
 [31m×[39m [30m[46m renderer-thread [49m[39m src/renderer/services/session/__tests__/session-service.test.ts[2m > [22msession-service[2m > [22mhandles create session errors[32m 2[2mms[22m[39m
[31m   → expected [Function] to throw error matching /Session API request failed/ but got 'Creation failed'[39m
 [31m×[39m [30m[46m renderer-thread [49m[39m src/renderer/services/session/__tests__/session-service.test.ts[2m > [22msession-service[2m > [22mhandles update title errors[32m 6[2mms[22m[39m
[31m   → expected [Function] to throw error matching /Session API request failed/ but got 'Update failed'[39m
 [31m×[39m [30m[46m renderer-thread [49m[39m src/renderer/services/session/__tests__/session-service.test.ts[2m > [22msession-service[2m > [22mhandles delete session errors[32m 4[2mms[22m[39m
[31m   → expected [Function] to throw error matching /Session delete failed/ but got 'Delete failed'[39m
 [32m✓[39m [30m[46m renderer-thread [49m[39m src/renderer/services/session/__tests__/session-service.test.ts[2m > [22msession-service[2m > [22mhandles get session errors[32m 1[2mms[22m[39m
 [32m✓[39m [30m[46m renderer-thread [49m[39m src/renderer/services/__tests__/electron-api-client.test.ts[2m > [22mSimplified electronAPI Abstraction[2m > [22mElectronAPI client[2m > [22mshould create real electronAPI client[32m 2[2mms[22m[39m
 [32m✓[39m [30m[46m renderer-thread [49m[39m src/renderer/services/__tests__/electron-api-client.test.ts[2m > [22mSimplified electronAPI Abstraction[2m > [22mElectronAPI client[2m > [22mshould create mock electronAPI client[32m 2[2mms[22m[39m
 [32m✓[39m [30m[46m renderer-thread [49m[39m src/renderer/services/__tests__/electron-api-client.test.ts[2m > [22mSimplified electronAPI Abstraction[2m > [22mElectronAPI client[2m > [22mfalls back to mock client when window.electronAPI missing[32m 0[2mms[22m[39m
 [32m✓[39m [30m[46m renderer-thread [49m[39m src/renderer/services/__tests__/electron-api-client.test.ts[2m > [22mSimplified electronAPI Abstraction[2m > [22mElectronAPI client[2m > [22mcreateElectronAPIClientWith returns provided implementation[32m 1[2mms[22m[39m
 [31m×[39m [30m[46m renderer-thread [49m[39m src/renderer/services/__tests__/electron-api-client.test.ts[2m > [22mSimplified electronAPI Abstraction[2m > [22mSession Service[2m > [22mshould work with new electronAPI client[32m 12[2mms[22m[39m
[31m   → expected "vi.fn()" to be called with arguments: [ { limit: 5 } ][90m

Received: 

[1m  1st vi.fn() call:

[22m[2m  [[22m
[32m-   {[90m
[32m-     "limit": 5,[90m
[32m-   },[90m
[31m+   5,[90m
[2m  ][22m
[31m[90m

Number of calls: [1m1[22m
[31m[39m
 [32m✓[39m [30m[46m renderer-thread [49m[39m src/renderer/services/__tests__/electron-api-client.test.ts[2m > [22mSimplified electronAPI Abstraction[2m > [22mAnalytics Service[2m > [22mshould work with new electronAPI client[32m 2[2mms[22m[39m
 [31m×[39m [30m[46m renderer-thread [49m[39m src/renderer/features/knowledge/ui/__tests__/KnowledgeGameMap.test.tsx[2m > [22mKnowledgeGameMap[2m > [22mInitial Load Scenarios[2m > [22mshould render when graph instance is ready BEFORE data loads[33m 1028[2mms[22m[39m
[31m   → Unable to find an element by: [data-testid="rg-mock"]

Ignored nodes: comments, script, style
[36m<body>[31m
  [36m<div>[31m
    [36m<div[31m
      [33mclass[31m=[32m"relative bg-gradient-to-br from-slate-50 to-slate-100 dark:from-gray-900 dark:to-gray-800 rounded-lg border border-gray-200 dark:border-gray-700 overflow-hidden touch-none "[31m
      [33mstyle[31m=[32m"min-height: 520px; height: 100%; overscroll-behavior: contain;"[31m
    [36m>[31m
      [36m<div[31m
        [33mclass[31m=[32m"flex items-center justify-center h-full text-gray-500"[31m
      [36m>[31m
        [0mKnowledge graph visualization will be rendered here[0m
      [36m</div>[31m
    [36m</div>[31m
  [36m</div>[31m
[36m</body>[31m

Ignored nodes: comments, script, style
[36m<html>[31m
  [36m<head />[31m
  [36m<body>[31m
    [36m<div>[31m
      [36m<div[31m
        [33mclass[31m=[32m"relative bg-gradient-to-br from-slate-50 to-slate-100 dark:from-gray-900 dark:to-gray-800 rounded-lg border border-gray-200 dark:border-gray-700 overflow-hidden touch-none "[31m
        [33mstyle[31m=[32m"min-height: 520px; height: 100%; overscroll-behavior: contain;"[31m
      [36m>[31m
        [36m<div[31m
          [33mclass[31m=[32m"flex items-center justify-center h-full text-gray-500"[31m
        [36m>[31m
          [0mKnowledge graph visualization will be rendered here[0m
        [36m</div>[31m
      [36m</div>[31m
    [36m</div>[31m
  [36m</body>[31m
[36m</html>[31m[39m
 [31m×[39m [30m[46m renderer-thread [49m[39m src/renderer/features/knowledge/ui/__tests__/KnowledgeGameMap.test.tsx[2m > [22mKnowledgeGameMap[2m > [22mInitial Load Scenarios[2m > [22mshould handle empty data gracefully[33m 1029[2mms[22m[39m
[31m   → Unable to find an element by: [data-testid="rg-mock"]

Ignored nodes: comments, script, style
[36m<body>[31m
  [36m<div>[31m
    [36m<div[31m
      [33mclass[31m=[32m"relative bg-gradient-to-br from-slate-50 to-slate-100 dark:from-gray-900 dark:to-gray-800 rounded-lg border border-gray-200 dark:border-gray-700 overflow-hidden touch-none "[31m
      [33mstyle[31m=[32m"min-height: 520px; height: 100%; overscroll-behavior: contain;"[31m
    [36m>[31m
      [36m<div[31m
        [33mclass[31m=[32m"flex items-center justify-center h-full text-gray-500"[31m
      [36m>[31m
        [0mKnowledge graph visualization will be rendered here[0m
      [36m</div>[31m
    [36m</div>[31m
  [36m</div>[31m
[36m</body>[31m

Ignored nodes: comments, script, style
[36m<html>[31m
  [36m<head />[31m
  [36m<body>[31m
    [36m<div>[31m
      [36m<div[31m
        [33mclass[31m=[32m"relative bg-gradient-to-br from-slate-50 to-slate-100 dark:from-gray-900 dark:to-gray-800 rounded-lg border border-gray-200 dark:border-gray-700 overflow-hidden touch-none "[31m
        [33mstyle[31m=[32m"min-height: 520px; height: 100%; overscroll-behavior: contain;"[31m
      [36m>[31m
        [36m<div[31m
          [33mclass[31m=[32m"flex items-center justify-center h-full text-gray-500"[31m
        [36m>[31m
          [0mKnowledge graph visualization will be rendered here[0m
        [36m</div>[31m
      [36m</div>[31m
    [36m</div>[31m
  [36m</body>[31m
[36m</html>[31m[39m
 [31m×[39m [30m[46m renderer-thread [49m[39m src/renderer/features/knowledge/ui/__tests__/KnowledgeGameMap.test.tsx[2m > [22mKnowledgeGameMap[2m > [22mData Updates[2m > [22mshould update when node attributes change[33m 1023[2mms[22m[39m
[31m   → Unable to find an element with the text: Alpha. This could be because the text is broken up by multiple elements. In this case, you can provide a function for your text matcher to make your matcher more flexible.

Ignored nodes: comments, script, style
[36m<body>[31m
  [36m<div>[31m
    [36m<div[31m
      [33mclass[31m=[32m"relative bg-gradient-to-br from-slate-50 to-slate-100 dark:from-gray-900 dark:to-gray-800 rounded-lg border border-gray-200 dark:border-gray-700 overflow-hidden touch-none "[31m
      [33mstyle[31m=[32m"min-height: 520px; height: 100%; overscroll-behavior: contain;"[31m
    [36m>[31m
      [36m<div[31m
        [33mclass[31m=[32m"flex items-center justify-center h-full text-gray-500"[31m
      [36m>[31m
        [0mKnowledge graph visualization will be rendered here[0m
      [36m</div>[31m
    [36m</div>[31m
  [36m</div>[31m
[36m</body>[31m

Ignored nodes: comments, script, style
[36m<html>[31m
  [36m<head />[31m
  [36m<body>[31m
    [36m<div>[31m
      [36m<div[31m
        [33mclass[31m=[32m"relative bg-gradient-to-br from-slate-50 to-slate-100 dark:from-gray-900 dark:to-gray-800 rounded-lg border border-gray-200 dark:border-gray-700 overflow-hidden touch-none "[31m
        [33mstyle[31m=[32m"min-height: 520px; height: 100%; overscroll-behavior: contain;"[31m
      [36m>[31m
        [36m<div[31m
          [33mclass[31m=[32m"flex items-center justify-center h-full text-gray-500"[31m
        [36m>[31m
          [0mKnowledge graph visualization will be rendered here[0m
        [36m</div>[31m
      [36m</div>[31m
    [36m</div>[31m
  [36m</body>[31m
[36m</html>[31m[39m
 [32m✓[39m [30m[46m renderer-thread [49m[39m src/renderer/features/discovery/ui/__tests__/LocalProjectExplorer.test.tsx[2m > [22mLocalProjectExplorer[2m > [22mshows empty state when directory scan returns no items[32m 107[2mms[22m[39m
 [32m✓[39m [30m[46m renderer-thread [49m[39m src/renderer/features/discovery/ui/__tests__/LocalProjectExplorer.test.tsx[2m > [22mLocalProjectExplorer[2m > [22mshows error state when scan fails[32m 54[2mms[22m[39m
 [32m✓[39m [30m[46m renderer-thread [49m[39m src/renderer/features/discovery/ui/__tests__/LocalProjectExplorer.test.tsx[2m > [22mLocalProjectExplorer[2m > [22mrenders directory items and tracks selection counts[32m 68[2mms[22m[39m
 [32m✓[39m [30m[46m renderer-thread [49m[39m src/renderer/features/discovery/ui/__tests__/LocalProjectExplorer.test.tsx[2m > [22mLocalProjectExplorer[2m > [22mfilters items based on search query[32m 185[2mms[22m[39m
Error: Objects are not valid as a React child (found: object with keys {success, data, timestamp}). If you meant to render a collection of children, use an array instead.
    at throwOnInvalidObjectType (D:\Projects\learning_catalyst\node_modules\react-dom\cjs\react-dom.development.js:13123:9)
    at reconcileChildFibers (D:\Projects\learning_catalyst\node_modules\react-dom\cjs\react-dom.development.js:14064:7)
    at reconcileChildren (D:\Projects\learning_catalyst\node_modules\react-dom\cjs\react-dom.development.js:19186:28)
    at updateHostComponent (D:\Projects\learning_catalyst\node_modules\react-dom\cjs\react-dom.development.js:19953:3)
    at beginWork (D:\Projects\learning_catalyst\node_modules\react-dom\cjs\react-dom.development.js:21657:14)
    at HTMLUnknownElement.callCallback (D:\Projects\learning_catalyst\node_modules\react-dom\cjs\react-dom.development.js:4164:14)
    at HTMLUnknownElement.callTheUserObjectsOperation (D:\Projects\learning_catalyst\node_modules\jsdom\lib\jsdom\living\generated\EventListener.js:26:30)
    at innerInvokeEventListeners (D:\Projects\learning_catalyst\node_modules\jsdom\lib\jsdom\living\events\EventTarget-impl.js:360:16)
    at invokeEventListeners (D:\Projects\learning_catalyst\node_modules\jsdom\lib\jsdom\living\events\EventTarget-impl.js:296:3)
    at HTMLUnknownElementImpl._dispatch (D:\Projects\learning_catalyst\node_modules\jsdom\lib\jsdom\living\events\EventTarget-impl.js:243:9)
Error: Objects are not valid as a React child (found: object with keys {success, data, timestamp}). If you meant to render a collection of children, use an array instead.
    at throwOnInvalidObjectType (D:\Projects\learning_catalyst\node_modules\react-dom\cjs\react-dom.development.js:13123:9)
    at reconcileChildFibers (D:\Projects\learning_catalyst\node_modules\react-dom\cjs\react-dom.development.js:14064:7)
    at reconcileChildren (D:\Projects\learning_catalyst\node_modules\react-dom\cjs\react-dom.development.js:19186:28)
    at updateHostComponent (D:\Projects\learning_catalyst\node_modules\react-dom\cjs\react-dom.development.js:19953:3)
    at beginWork (D:\Projects\learning_catalyst\node_modules\react-dom\cjs\react-dom.development.js:21657:14)
    at HTMLUnknownElement.callCallback (D:\Projects\learning_catalyst\node_modules\react-dom\cjs\react-dom.development.js:4164:14)
    at HTMLUnknownElement.callTheUserObjectsOperation (D:\Projects\learning_catalyst\node_modules\jsdom\lib\jsdom\living\generated\EventListener.js:26:30)
    at innerInvokeEventListeners (D:\Projects\learning_catalyst\node_modules\jsdom\lib\jsdom\living\events\EventTarget-impl.js:360:16)
    at invokeEventListeners (D:\Projects\learning_catalyst\node_modules\jsdom\lib\jsdom\living\events\EventTarget-impl.js:296:3)
    at HTMLUnknownElementImpl._dispatch (D:\Projects\learning_catalyst\node_modules\jsdom\lib\jsdom\living\events\EventTarget-impl.js:243:9)
 [31m×[39m [30m[46m renderer-thread [49m[39m src/renderer/features/knowledge/ui/__tests__/KnowledgeGameMap.test.tsx[2m > [22mKnowledgeGameMap[2m > [22mGraph Instance Availability[2m > [22mshould wait for graph instance before setting data[33m 1014[2mms[22m[39m
[31m   → Unable to find an element by: [data-testid="rg-mock"]

Ignored nodes: comments, script, style
[36m<body>[31m
  [36m<div>[31m
    [36m<div[31m
      [33mclass[31m=[32m"relative bg-gradient-to-br from-slate-50 to-slate-100 dark:from-gray-900 dark:to-gray-800 rounded-lg border border-gray-200 dark:border-gray-700 overflow-hidden touch-none "[31m
      [33mstyle[31m=[32m"min-height: 520px; height: 100%; overscroll-behavior: contain;"[31m
    [36m>[31m
      [36m<div[31m
        [33mclass[31m=[32m"flex items-center justify-center h-full text-gray-500"[31m
      [36m>[31m
        [0mKnowledge graph visualization will be rendered here[0m
      [36m</div>[31m
    [36m</div>[31m
  [36m</div>[31m
[36m</body>[31m

Ignored nodes: comments, script, style
[36m<html>[31m
  [36m<head />[31m
  [36m<body>[31m
    [36m<div>[31m
      [36m<div[31m
        [33mclass[31m=[32m"relative bg-gradient-to-br from-slate-50 to-slate-100 dark:from-gray-900 dark:to-gray-800 rounded-lg border border-gray-200 dark:border-gray-700 overflow-hidden touch-none "[31m
        [33mstyle[31m=[32m"min-height: 520px; height: 100%; overscroll-behavior: contain;"[31m
      [36m>[31m
        [36m<div[31m
          [33mclass[31m=[32m"flex items-center justify-center h-full text-gray-500"[31m
        [36m>[31m
          [0mKnowledge graph visualization will be rendered here[0m
        [36m</div>[31m
      [36m</div>[31m
    [36m</div>[31m
  [36m</body>[31m
[36m</html>[31m[39m
 [32m✓[39m [30m[46m renderer-thread [49m[39m src/renderer/widgets/layout/__tests__/new-chat-crash.test.tsx[2m > [22m🚨 BUG: New Chat Crashes App[2m > [22mNew Chat Button Click[2m > [22mshould reset chat state without crashing[32m 65[2mms[22m[39m
 [32m✓[39m [30m[46m renderer-thread [49m[39m src/renderer/widgets/layout/__tests__/new-chat-crash.test.tsx[2m > [22m🚨 BUG: New Chat Crashes App[2m > [22mNew Chat Button Click[2m > [22mshould call resetChatState function[32m 24[2mms[22m[39m
 [32m✓[39m [30m[46m renderer-thread [49m[39m src/renderer/widgets/layout/__tests__/new-chat-crash.test.tsx[2m > [22m🚨 BUG: New Chat Crashes App[2m > [22mNew Chat Button Click[2m > [22mshould navigate to base route without error[32m 30[2mms[22m[39m
 [32m✓[39m [30m[46m renderer-thread [49m[39m src/renderer/widgets/layout/__tests__/new-chat-crash.test.tsx[2m > [22m🚨 BUG: New Chat Crashes App[2m > [22mNew Chat Button Click[2m > [22mshould handle resetChatState throwing error[32m 31[2mms[22m[39m
 [32m✓[39m [30m[46m renderer-thread [49m[39m src/renderer/widgets/layout/__tests__/new-chat-crash.test.tsx[2m > [22m🚨 BUG: New Chat Crashes App[2m > [22mNew Chat Button Click[2m > [22mshould handle navigate throwing error[32m 32[2mms[22m[39m
 [32m✓[39m [30m[46m renderer-thread [49m[39m src/renderer/widgets/layout/__tests__/new-chat-crash.test.tsx[2m > [22m🚨 BUG: New Chat Crashes App[2m > [22mNew Chat Button Click[2m > [22mshould not crash when open is false[32m 19[2mms[22m[39m
 [32m✓[39m [30m[46m renderer-thread [49m[39m src/renderer/widgets/layout/__tests__/new-chat-crash.test.tsx[2m > [22m🚨 BUG: New Chat Crashes App[2m > [22mThread Initialization After New Chat[2m > [22mshould create new thread after reset[32m 25[2mms[22m[39m
 [32m✓[39m [30m[46m renderer-thread [49m[39m src/renderer/widgets/layout/__tests__/new-chat-crash.test.tsx[2m > [22m🚨 BUG: New Chat Crashes App[2m > [22mThread Initialization After New Chat[2m > [22mshould clear previous conversation messages[32m 19[2mms[22m[39m
 [32m✓[39m [30m[46m renderer-thread [49m[39m src/renderer/widgets/layout/__tests__/new-chat-crash.test.tsx[2m > [22m🚨 BUG: New Chat Crashes App[2m > [22mThread Initialization After New Chat[2m > [22mshould handle thread creation failure gracefully[32m 29[2mms[22m[39m
 [32m✓[39m [30m[46m renderer-thread [49m[39m src/renderer/widgets/layout/__tests__/new-chat-crash.test.tsx[2m > [22m🚨 BUG: New Chat Crashes App[2m > [22mThread Initialization After New Chat[2m > [22mshould handle session creation throwing exception[32m 16[2mms[22m[39m
 [32m✓[39m [30m[46m renderer-thread [49m[39m src/renderer/widgets/layout/__tests__/new-chat-crash.test.tsx[2m > [22m🚨 BUG: New Chat Crashes App[2m > [22mThread Initialization After New Chat[2m > [22mshould not leak memory from previous thread[32m 15[2mms[22m[39m
 [32m✓[39m [30m[46m renderer-thread [49m[39m src/renderer/widgets/layout/__tests__/new-chat-crash.test.tsx[2m > [22m🚨 BUG: New Chat Crashes App[2m > [22mUI State After New Chat[2m > [22mshould clear input field after new chat[32m 16[2mms[22m[39m
 [32m✓[39m [30m[46m renderer-thread [49m[39m src/renderer/widgets/layout/__tests__/new-chat-crash.test.tsx[2m > [22m🚨 BUG: New Chat Crashes App[2m > [22mUI State After New Chat[2m > [22mshould not show error state after successful new chat[32m 16[2mms[22m[39m
 [32m✓[39m [30m[46m renderer-thread [49m[39m src/renderer/widgets/layout/__tests__/new-chat-crash.test.tsx[2m > [22m🚨 BUG: New Chat Crashes App[2m > [22mError Recovery[2m > [22mshould recover from resetChatState error and still navigate[32m 15[2mms[22m[39m
 [32m✓[39m [30m[46m renderer-thread [49m[39m src/renderer/widgets/layout/__tests__/new-chat-crash.test.tsx[2m > [22m🚨 BUG: New Chat Crashes App[2m > [22mError Recovery[2m > [22mshould handle multiple rapid new chat clicks[32m 36[2mms[22m[39m
 [32m✓[39m [30m[46m renderer-thread [49m[39m src/renderer/widgets/layout/__tests__/new-chat-crash.test.tsx[2m > [22m🚨 BUG: New Chat Crashes App[2m > [22mError Recovery[2m > [22mshould not interfere with other sidebar functions after error[32m 25[2mms[22m[39m
 [32m✓[39m [30m[46m renderer-thread [49m[39m src/renderer/widgets/layout/__tests__/new-chat-crash.test.tsx[2m > [22m🚨 BUG: New Chat Crashes App[2m > [22mState Consistency[2m > [22mshould maintain sidebar open state after new chat[32m 16[2mms[22m[39m
 [32m✓[39m [30m[46m renderer-thread [49m[39m src/renderer/widgets/layout/__tests__/new-chat-crash.test.tsx[2m > [22m🚨 BUG: New Chat Crashes App[2m > [22mState Consistency[2m > [22mshould reset only chat state, not app state[32m 18[2mms[22m[39m
 [32m✓[39m [30m[46m renderer-thread [49m[39m src/renderer/widgets/layout/__tests__/new-chat-crash.test.tsx[2m > [22m🚨 BUG: New Chat Crashes App[2m > [22mState Consistency[2m > [22mshould handle state where stores are not available[32m 9[2mms[22m[39m
 [32m✓[39m [30m[46m renderer-thread [49m[39m src/renderer/widgets/layout/__tests__/new-chat-crash.test.tsx[2m > [22m🚨 BUG: New Chat Crashes App[2m > [22mConcurrent Operations[2m > [22mshould handle new chat while session list is loading[32m 22[2mms[22m[39m
 [32m✓[39m [30m[46m renderer-thread [49m[39m src/renderer/widgets/layout/__tests__/new-chat-crash.test.tsx[2m > [22m🚨 BUG: New Chat Crashes App[2m > [22mConcurrent Operations[2m > [22mshould cancel pending operations on new chat[32m 15[2mms[22m[39m
 [31m×[39m [30m[46m renderer-thread [49m[39m src/renderer/features/knowledge/ui/__tests__/KnowledgeGameMap.test.tsx[2m > [22mKnowledgeGameMap[2m > [22mGraph Instance Availability[2m > [22mshould not crash if graph instance never becomes available[33m 1038[2mms[22m[39m
[31m   → Unable to find an element by: [data-testid="rg-mock"]

Ignored nodes: comments, script, style
[36m<body>[31m
  [36m<div>[31m
    [36m<div[31m
      [33mclass[31m=[32m"relative bg-gradient-to-br from-slate-50 to-slate-100 dark:from-gray-900 dark:to-gray-800 rounded-lg border border-gray-200 dark:border-gray-700 overflow-hidden touch-none "[31m
      [33mstyle[31m=[32m"min-height: 520px; height: 100%; overscroll-behavior: contain;"[31m
    [36m>[31m
      [36m<div[31m
        [33mclass[31m=[32m"flex items-center justify-center h-full text-gray-500"[31m
      [36m>[31m
        [0mKnowledge graph visualization will be rendered here[0m
      [36m</div>[31m
    [36m</div>[31m
  [36m</div>[31m
[36m</body>[31m

Ignored nodes: comments, script, style
[36m<html>[31m
  [36m<head />[31m
  [36m<body>[31m
    [36m<div>[31m
      [36m<div[31m
        [33mclass[31m=[32m"relative bg-gradient-to-br from-slate-50 to-slate-100 dark:from-gray-900 dark:to-gray-800 rounded-lg border border-gray-200 dark:border-gray-700 overflow-hidden touch-none "[31m
        [33mstyle[31m=[32m"min-height: 520px; height: 100%; overscroll-behavior: contain;"[31m
      [36m>[31m
        [36m<div[31m
          [33mclass[31m=[32m"flex items-center justify-center h-full text-gray-500"[31m
        [36m>[31m
          [0mKnowledge graph visualization will be rendered here[0m
        [36m</div>[31m
      [36m</div>[31m
    [36m</div>[31m
  [36m</body>[31m
[36m</html>[31m[39m
 [32m✓[39m [30m[46m renderer-thread [49m[39m src/renderer/pages/progress/__tests__/ProgressPage.test.tsx[2m > [22mProgressPage - Performance Optimized[2m > [22mshould load dashboard with available agents and statistics[32m 281[2mms[22m[39m
 [32m✓[39m [30m[46m renderer-thread [49m[39m src/renderer/pages/progress/__tests__/ProgressPage.test.tsx[2m > [22mProgressPage - Performance Optimized[2m > [22mshould handle errors gracefully[32m 19[2mms[22m[39m
 [32m✓[39m [30m[46m renderer-thread [49m[39m src/renderer/shared/ui/__tests__/Button.test.tsx[2m > [22mButton Component[2m > [22mBasic Rendering[2m > [22mshould render with default props[32m 91[2mms[22m[39m
 [32m✓[39m [30m[46m renderer-thread [49m[39m src/renderer/pages/progress/__tests__/ProgressPage.test.tsx[2m > [22mProgressPage - Performance Optimized[2m > [22mshould coordinate multiple agents[32m 90[2mms[22m[39m
 [32m✓[39m [30m[46m renderer-thread [49m[39m src/renderer/pages/progress/__tests__/ProgressPage.test.tsx[2m > [22mProgressPage - Performance Optimized[2m > [22mshould display analytics and statistics[32m 69[2mms[22m[39m
 [32m✓[39m [30m[46m renderer-thread [49m[39m src/renderer/features/chat/ui/__tests__/ToolFallback.test.tsx[2m > [22mToolFallback[2m > [22mHelper Functions via Component[2m > [22mformatPayload behavior[2m > [22mhandles string values directly[32m 101[2mms[22m[39m
 [32m✓[39m [30m[46m renderer-thread [49m[39m src/renderer/features/chat/ui/__tests__/ToolFallback.test.tsx[2m > [22mToolFallback[2m > [22mHelper Functions via Component[2m > [22mformatPayload behavior[2m > [22mstringifies objects with proper formatting[32m 15[2mms[22m[39m
 [32m✓[39m [30m[46m renderer-thread [49m[39m src/renderer/features/chat/ui/__tests__/ToolFallback.test.tsx[2m > [22mToolFallback[2m > [22mHelper Functions via Component[2m > [22mformatPayload behavior[2m > [22mhandles complex nested objects[32m 13[2mms[22m[39m
 [32m✓[39m [30m[46m renderer-thread [49m[39m src/renderer/features/chat/ui/__tests__/ToolFallback.test.tsx[2m > [22mToolFallback[2m > [22mHelper Functions via Component[2m > [22mformatPayload behavior[2m > [22mhandles arrays properly[32m 13[2mms[22m[39m
 [32m✓[39m [30m[46m renderer-thread [49m[39m src/renderer/features/chat/ui/__tests__/ToolFallback.test.tsx[2m > [22mToolFallback[2m > [22mHelper Functions via Component[2m > [22mstatusLabel behavior[2m > [22mreturns "complete" when result.ok is true[32m 7[2mms[22m[39m
 [32m✓[39m [30m[46m renderer-thread [49m[39m src/renderer/features/chat/ui/__tests__/ToolFallback.test.tsx[2m > [22mToolFallback[2m > [22mHelper Functions via Component[2m > [22mstatusLabel behavior[2m > [22mreturns "error" when result.ok is false[32m 6[2mms[22m[39m
 [32m✓[39m [30m[46m renderer-thread [49m[39m src/renderer/features/chat/ui/__tests__/ToolFallback.test.tsx[2m > [22mToolFallback[2m > [22mHelper Functions via Component[2m > [22mstatusLabel behavior[2m > [22mreturns "running" when status.type is running[32m 5[2mms[22m[39m
 [32m✓[39m [30m[46m renderer-thread [49m[39m src/renderer/features/chat/ui/__tests__/ToolFallback.test.tsx[2m > [22mToolFallback[2m > [22mHelper Functions via Component[2m > [22mstatusLabel behavior[2m > [22mreturns "complete" when status.type is complete[32m 6[2mms[22m[39m
 [32m✓[39m [30m[46m renderer-thread [49m[39m src/renderer/features/chat/ui/__tests__/ToolFallback.test.tsx[2m > [22mToolFallback[2m > [22mHelper Functions via Component[2m > [22mstatusLabel behavior[2m > [22mreturns "error" when status.type is incomplete[32m 7[2mms[22m[39m
 [32m✓[39m [30m[46m renderer-thread [49m[39m src/renderer/features/chat/ui/__tests__/ToolFallback.test.tsx[2m > [22mToolFallback[2m > [22mHelper Functions via Component[2m > [22mstatusLabel behavior[2m > [22mprioritizes result.ok over status when both present[32m 6[2mms[22m[39m
 [32m✓[39m [30m[46m renderer-thread [49m[39m src/renderer/features/chat/ui/__tests__/ToolFallback.test.tsx[2m > [22mToolFallback[2m > [22mResult Display[2m > [22mdisplays result when not cancelled and result exists[32m 14[2mms[22m[39m
 [32m✓[39m [30m[46m renderer-thread [49m[39m src/renderer/pages/settings/__tests__/SettingsPage.reliability.test.tsx[2m > [22mSettingsPage reliability[2m > [22mhas no Fetch Models button until a provider exists[33m 989[2mms[22m[39m
 [32m✓[39m [30m[46m renderer-thread [49m[39m src/renderer/shared/ui/__tests__/Button.test.tsx[2m > [22mButton Component[2m > [22mBasic Rendering[2m > [22mshould render children correctly[32m 10[2mms[22m[39m
 [32m✓[39m [30m[46m renderer-thread [49m[39m src/renderer/shared/ui/__tests__/Button.test.tsx[2m > [22mButton Component[2m > [22mBasic Rendering[2m > [22mshould accept custom className[32m 7[2mms[22m[39m
 [32m✓[39m [30m[46m renderer-thread [49m[39m src/renderer/shared/ui/__tests__/Button.test.tsx[2m > [22mButton Component[2m > [22mClick Behavior[2m > [22mshould handle click events[32m 65[2mms[22m[39m
 [32m✓[39m [30m[46m renderer-thread [49m[39m src/renderer/features/discovery/ui/__tests__/LocalProjectExplorer.test.tsx[2m > [22mLocalProjectExplorer[2m > [22mreloads with new depth selection[32m 50[2mms[22m[39m
 [32m✓[39m [30m[46m renderer-thread [49m[39m src/renderer/features/discovery/ui/__tests__/LocalProjectExplorer.test.tsx[2m > [22mLocalProjectExplorer[2m > [22mError Detection and Render Safety[2m > [22mshould NOT render error objects[32m 19[2mms[22m[39m
 [32m✓[39m [30m[46m renderer-thread [49m[39m src/renderer/features/discovery/ui/__tests__/LocalProjectExplorer.test.tsx[2m > [22mLocalProjectExplorer[2m > [22mError Detection and Render Safety[2m > [22mshould handle malformed directory data gracefully[32m 18[2mms[22m[39m
 [32m✓[39m [30m[46m renderer-thread [49m[39m src/renderer/features/discovery/ui/__tests__/LocalProjectExplorer.test.tsx[2m > [22mLocalProjectExplorer[2m > [22mError Detection and Render Safety[2m > [22mshould render error messages as strings, not objects[32m 28[2mms[22m[39m
 [32m✓[39m [30m[46m renderer-thread [49m[39m src/renderer/features/discovery/ui/__tests__/LocalProjectExplorer.test.tsx[2m > [22mLocalProjectExplorer[2m > [22mError Detection and Render Safety[2m > [22mshould handle mixed success/error data in results[32m 31[2mms[22m[39m
 [32m✓[39m [30m[46m renderer-thread [49m[39m src/renderer/features/chat/ui/__tests__/ToolFallback.test.tsx[2m > [22mToolFallback[2m > [22mResult Display[2m > [22mdoes not display result when cancelled[32m 23[2mms[22m[39m
 [32m✓[39m [30m[46m renderer-thread [49m[39m src/renderer/features/chat/ui/__tests__/ToolFallback.test.tsx[2m > [22mToolFallback[2m > [22mResult Display[2m > [22mdoes not display result when result is undefined[32m 14[2mms[22m[39m
 [32m✓[39m [30m[46m renderer-thread [49m[39m src/renderer/features/chat/ui/__tests__/ToolFallback.test.tsx[2m > [22mToolFallback[2m > [22mResult Display[2m > [22mallows collapsing and expanding result[32m 43[2mms[22m[39m
 [32m✓[39m [30m[46m renderer-thread [49m[39m src/renderer/features/chat/ui/__tests__/ToolFallback.test.tsx[2m > [22mToolFallback[2m > [22mError Handling - New Format (result.ok)[2m > [22mdisplays error section when result.ok is false[32m 12[2mms[22m[39m
 [32m✓[39m [30m[46m renderer-thread [49m[39m src/renderer/features/chat/ui/__tests__/ToolFallback.test.tsx[2m > [22mToolFallback[2m > [22mError Handling - New Format (result.ok)[2m > [22mdisplays default error message when error.message is not provided[32m 12[2mms[22m[39m
 [32m✓[39m [30m[46m renderer-thread [49m[39m src/renderer/pages/progress/__tests__/ProgressPage.test.tsx[2m > [22mProgressPage - Performance Optimized[2m > [22mshould handle large datasets efficiently[32m 51[2mms[22m[39m
 [32m✓[39m [30m[46m renderer-thread [49m[39m src/renderer/shared/ui/__tests__/Button.test.tsx[2m > [22mButton Component[2m > [22mClick Behavior[2m > [22mshould not trigger when disabled[32m 37[2mms[22m[39m
 [32m✓[39m [30m[46m renderer-thread [49m[39m src/renderer/shared/ui/__tests__/Button.test.tsx[2m > [22mButton Component[2m > [22mClick Behavior[2m > [22mshould not trigger when loading[32m 68[2mms[22m[39m
 [32m✓[39m [30m[46m renderer-thread [49m[39m src/renderer/features/chat/ui/__tests__/ToolFallback.test.tsx[2m > [22mToolFallback[2m > [22mError Handling - New Format (result.ok)[2m > [22mdisplays error section with custom error message[32m 10[2mms[22m[39m
 [32m✓[39m [30m[46m renderer-thread [49m[39m src/renderer/features/chat/ui/__tests__/ToolFallback.test.tsx[2m > [22mToolFallback[2m > [22mError Handling - New Format (result.ok)[2m > [22mapplies rose color styling to error section[32m 9[2mms[22m[39m
 [32m✓[39m [30m[46m renderer-thread [49m[39m src/renderer/features/chat/ui/__tests__/ToolFallback.test.tsx[2m > [22mToolFallback[2m > [22mError Handling - Legacy Format (status.error)[2m > [22mdisplays error section when status.error exists[32m 8[2mms[22m[39m
 [32m✓[39m [30m[46m renderer-thread [49m[39m src/renderer/features/chat/ui/__tests__/ToolFallback.test.tsx[2m > [22mToolFallback[2m > [22mError Handling - Legacy Format (status.error)[2m > [22mdoes not display error section when status.error is undefined[32m 10[2mms[22m[39m
 [32m✓[39m [30m[46m renderer-thread [49m[39m src/renderer/features/chat/ui/__tests__/ToolFallback.test.tsx[2m > [22mToolFallback[2m > [22mCancellation Handling[2m > [22mdisplays cancelled state when status.type is incomplete and reason is cancelled[32m 8[2mms[22m[39m
 [32m✓[39m [30m[46m renderer-thread [49m[39m src/renderer/features/chat/ui/__tests__/ToolFallback.test.tsx[2m > [22mToolFallback[2m > [22mCancellation Handling[2m > [22mdisplays cancellation reason when provided[32m 15[2mms[22m[39m
 [32m✓[39m [30m[46m renderer-thread [49m[39m src/renderer/features/chat/ui/__tests__/ToolFallback.test.tsx[2m > [22mToolFallback[2m > [22mCancellation Handling[2m > [22mhandles string cancellation reason[32m 22[2mms[22m[39m
 [32m✓[39m [30m[46m renderer-thread [49m[39m src/renderer/features/chat/ui/__tests__/ToolFallback.test.tsx[2m > [22mToolFallback[2m > [22mCancellation Handling[2m > [22mhandles object cancellation reason[32m 11[2mms[22m[39m
 [32m✓[39m [30m[46m renderer-thread [49m[39m src/renderer/features/chat/ui/__tests__/ToolFallback.test.tsx[2m > [22mToolFallback[2m > [22mCancellation Handling[2m > [22mdoes not display cancellation reason when not cancelled[32m 12[2mms[22m[39m
 [32m✓[39m [30m[46m renderer-thread [49m[39m src/renderer/features/discovery/ui/__tests__/LocalProjectExplorer.test.tsx[2m > [22mLocalProjectExplorer[2m > [22mStress Testing and Edge Cases[2m > [22mshould handle very large number of files without crashing[33m 1627[2mms[22m[39m
 [32m✓[39m [30m[46m renderer-thread [49m[39m src/renderer/features/discovery/ui/__tests__/LocalProjectExplorer.test.tsx[2m > [22mLocalProjectExplorer[2m > [22mStress Testing and Edge Cases[2m > [22mshould handle extremely long file names[32m 33[2mms[22m[39m
 [32m✓[39m [30m[46m renderer-thread [49m[39m src/renderer/pages/progress/__tests__/ProgressPage.test.tsx[2m > [22mProgressPage - Performance Optimized[2m > [22mshould maintain responsiveness during loading[32m 138[2mms[22m[39m
 [32m✓[39m [30m[46m renderer-thread [49m[39m src/renderer/pages/progress/__tests__/ProgressPage.test.tsx[2m > [22mProgressPage - Performance Optimized[2m > [22mshould recover from service failures[32m 66[2mms[22m[39m
 [32m✓[39m [30m[46m renderer-thread [49m[39m src/renderer/features/chat/ui/__tests__/ToolFallback.test.tsx[2m > [22mToolFallback[2m > [22mCollapsible Behavior[2m > [22mstarts collapsed by default[32m 9[2mms[22m[39m
 [32m✓[39m [30m[46m renderer-thread [49m[39m src/renderer/features/chat/ui/__tests__/ToolFallback.test.tsx[2m > [22mToolFallback[2m > [22mCollapsible Behavior[2m > [22mexpands when toggle button is clicked[32m 10[2mms[22m[39m
 [32m✓[39m [30m[46m renderer-thread [49m[39m src/renderer/features/chat/ui/__tests__/ToolFallback.test.tsx[2m > [22mToolFallback[2m > [22mCollapsible Behavior[2m > [22mcollapses when toggle button is clicked again[32m 15[2mms[22m[39m
 [32m✓[39m [30m[46m renderer-thread [49m[39m src/renderer/features/chat/ui/__tests__/ToolFallback.test.tsx[2m > [22mToolFallback[2m > [22mVisual States[2m > [22mapplies muted styling when cancelled[32m 6[2mms[22m[39m
 [32m✓[39m [30m[46m renderer-thread [49m[39m src/renderer/features/chat/ui/__tests__/ToolFallback.test.tsx[2m > [22mToolFallback[2m > [22mVisual States[2m > [22mapplies muted styling when error result[32m 5[2mms[22m[39m
 [32m✓[39m [30m[46m renderer-thread [49m[39m src/renderer/features/chat/ui/__tests__/ToolFallback.test.tsx[2m > [22mToolFallback[2m > [22mVisual States[2m > [22mapplies line-through text when cancelled[32m 4[2mms[22m[39m
 [32m✓[39m [30m[46m renderer-thread [49m[39m src/renderer/features/chat/ui/__tests__/ToolFallback.test.tsx[2m > [22mToolFallback[2m > [22mVisual States[2m > [22mapplies line-through text when error result[32m 5[2mms[22m[39m
 [32m✓[39m [30m[46m renderer-thread [49m[39m src/renderer/features/chat/ui/__tests__/ToolFallback.test.tsx[2m > [22mToolFallback[2m > [22mVisual States[2m > [22mshows XCircleIcon when cancelled[32m 5[2mms[22m[39m
 [32m✓[39m [30m[46m renderer-thread [49m[39m src/renderer/features/chat/ui/__tests__/ToolFallback.test.tsx[2m > [22mToolFallback[2m > [22mVisual States[2m > [22mshows XCircleIcon when error result[32m 4[2mms[22m[39m
 [32m✓[39m [30m[46m renderer-thread [49m[39m src/renderer/features/chat/ui/__tests__/ToolFallback.test.tsx[2m > [22mToolFallback[2m > [22mVisual States[2m > [22mshows CheckIcon when successful[32m 4[2mms[22m[39m
 [32m✓[39m [30m[46m renderer-thread [49m[39m src/renderer/features/chat/ui/__tests__/ToolFallback.test.tsx[2m > [22mToolFallback[2m > [22mArguments Display[2m > [22mdisplays arguments section[32m 12[2mms[22m[39m
 [32m✓[39m [30m[46m renderer-thread [49m[39m src/renderer/features/chat/ui/__tests__/ToolFallback.test.tsx[2m > [22mToolFallback[2m > [22mArguments Display[2m > [22mapplies opacity when cancelled[32m 8[2mms[22m[39m
 [32m✓[39m [30m[46m renderer-thread [49m[39m src/renderer/features/chat/ui/__tests__/ToolFallback.test.tsx[2m > [22mToolFallback[2m > [22mArguments Display[2m > [22mapplies opacity when error result[32m 11[2mms[22m[39m
 [32m✓[39m [30m[46m renderer-thread [49m[39m src/renderer/features/chat/ui/__tests__/ToolFallback.test.tsx[2m > [22mToolFallback[2m > [22mEdge Cases[2m > [22mhandles null result gracefully[32m 3[2mms[22m[39m
 [32m✓[39m [30m[46m renderer-thread [49m[39m src/renderer/features/chat/ui/__tests__/ToolFallback.test.tsx[2m > [22mToolFallback[2m > [22mEdge Cases[2m > [22mhandles empty string result[32m 8[2mms[22m[39m
 [32m✓[39m [30m[46m renderer-thread [49m[39m src/renderer/features/chat/ui/__tests__/ToolFallback.test.tsx[2m > [22mToolFallback[2m > [22mEdge Cases[2m > [22mhandles undefined status[32m 4[2mms[22m[39m
 [32m✓[39m [30m[46m renderer-thread [49m[39m src/renderer/features/chat/ui/__tests__/ToolFallback.test.tsx[2m > [22mToolFallback[2m > [22mEdge Cases[2m > [22mhandles empty argsText[32m 14[2mms[22m[39m
 [32m✓[39m [30m[46m renderer-thread [49m[39m src/renderer/features/chat/ui/__tests__/ToolFallback.test.tsx[2m > [22mToolFallback[2m > [22mIntegration Scenarios[2m > [22mrenders complete tool execution with result[32m 9[2mms[22m[39m
 [32m✓[39m [30m[46m renderer-thread [49m[39m src/renderer/features/chat/ui/__tests__/ToolFallback.test.tsx[2m > [22mToolFallback[2m > [22mIntegration Scenarios[2m > [22mrenders failed tool execution with error[32m 11[2mms[22m[39m
 [32m✓[39m [30m[46m renderer-thread [49m[39m src/renderer/features/chat/ui/__tests__/ToolFallback.test.tsx[2m > [22mToolFallback[2m > [22mIntegration Scenarios[2m > [22mrenders cancelled tool execution with reason[32m 10[2mms[22m[39m
 [32m✓[39m [30m[46m renderer-thread [49m[39m src/renderer/features/chat/ui/__tests__/ToolFallback.test.tsx[2m > [22mToolFallback[2m > [22mIntegration Scenarios[2m > [22mrenders running tool execution without result[32m 8[2mms[22m[39m
 [32m✓[39m [30m[46m renderer-thread [49m[39m src/renderer/shared/ui/__tests__/Button.test.tsx[2m > [22mButton Component[2m > [22mClick Behavior[2m > [22mshould handle multiple clicks[32m 152[2mms[22m[39m
 [32m✓[39m [30m[46m renderer-thread [49m[39m src/renderer/shared/ui/__tests__/Button.test.tsx[2m > [22mButton Component[2m > [22mVariants[2m > [22mshould render primary variant by default[32m 4[2mms[22m[39m
 [32m✓[39m [30m[46m renderer-thread [49m[39m src/renderer/shared/ui/__tests__/Button.test.tsx[2m > [22mButton Component[2m > [22mVariants[2m > [22mshould render secondary variant[32m 9[2mms[22m[39m
 [32m✓[39m [30m[46m renderer-thread [49m[39m src/renderer/shared/ui/__tests__/Button.test.tsx[2m > [22mButton Component[2m > [22mVariants[2m > [22mshould render ghost variant[32m 5[2mms[22m[39m
 [32m✓[39m [30m[46m renderer-thread [49m[39m src/renderer/shared/ui/__tests__/Button.test.tsx[2m > [22mButton Component[2m > [22mVariants[2m > [22mshould render danger variant[32m 11[2mms[22m[39m
 [32m✓[39m [30m[46m renderer-thread [49m[39m src/renderer/shared/ui/__tests__/Button.test.tsx[2m > [22mButton Component[2m > [22mVariants[2m > [22mshould render success variant[32m 5[2mms[22m[39m
 [32m✓[39m [30m[46m renderer-thread [49m[39m src/renderer/shared/ui/__tests__/Button.test.tsx[2m > [22mButton Component[2m > [22mSizes[2m > [22mshould render medium size by default[32m 3[2mms[22m[39m
 [32m✓[39m [30m[46m renderer-thread [49m[39m src/renderer/shared/ui/__tests__/Button.test.tsx[2m > [22mButton Component[2m > [22mSizes[2m > [22mshould render small size[32m 3[2mms[22m[39m
 [32m✓[39m [30m[46m renderer-thread [49m[39m src/renderer/shared/ui/__tests__/Button.test.tsx[2m > [22mButton Component[2m > [22mSizes[2m > [22mshould render large size[32m 3[2mms[22m[39m
 [32m✓[39m [30m[46m renderer-thread [49m[39m src/renderer/shared/ui/__tests__/Button.test.tsx[2m > [22mButton Component[2m > [22mSizes[2m > [22mshould render icon size[32m 10[2mms[22m[39m
 [32m✓[39m [30m[46m renderer-thread [49m[39m src/renderer/shared/ui/__tests__/Button.test.tsx[2m > [22mButton Component[2m > [22mLoading State[2m > [22mshould show loading spinner when loading[32m 6[2mms[22m[39m
 [32m✓[39m [30m[46m renderer-thread [49m[39m src/renderer/shared/ui/__tests__/Button.test.tsx[2m > [22mButton Component[2m > [22mLoading State[2m > [22mshould display text alongside spinner[32m 8[2mms[22m[39m
 [32m✓[39m [30m[46m renderer-thread [49m[39m src/renderer/shared/ui/__tests__/Button.test.tsx[2m > [22mButton Component[2m > [22mIcon Support[2m > [22mshould render icon on left by default[32m 6[2mms[22m[39m
 [32m✓[39m [30m[46m renderer-thread [49m[39m src/renderer/shared/ui/__tests__/Button.test.tsx[2m > [22mButton Component[2m > [22mIcon Support[2m > [22mshould render icon on right when specified[32m 5[2mms[22m[39m
 [32m✓[39m [30m[46m renderer-thread [49m[39m src/renderer/shared/ui/__tests__/Button.test.tsx[2m > [22mButton Component[2m > [22mIcon Support[2m > [22mshould render without icon when not provided[32m 5[2mms[22m[39m
 [32m✓[39m [30m[46m renderer-thread [49m[39m src/renderer/shared/ui/__tests__/Button.test.tsx[2m > [22mButton Component[2m > [22mAccessibility[2m > [22mshould have proper button role[32m 4[2mms[22m[39m
 [32m✓[39m [30m[46m renderer-thread [49m[39m src/renderer/shared/ui/__tests__/Button.test.tsx[2m > [22mButton Component[2m > [22mAccessibility[2m > [22mshould respect disabled state accessibility[32m 11[2mms[22m[39m
 [32m✓[39m [30m[46m renderer-thread [49m[39m src/renderer/pages/settings/__tests__/SettingsPage.reliability.test.tsx[2m > [22mSettingsPage reliability[2m > [22mshows validation error toast when provider validation fails[33m 388[2mms[22m[39m
 [32m✓[39m [30m[46m renderer-thread [49m[39m src/renderer/pages/settings/__tests__/SettingsPage.reliability.test.tsx[2m > [22mSettingsPage reliability[2m > [22msaves configuration when Save Changes is clicked[32m 104[2mms[22m[39m
 [32m✓[39m [30m[46m renderer-thread [49m[39m src/renderer/pages/progress/__tests__/ProgressPage.test.tsx[2m > [22mProgressPage - Performance Optimized[2m > [22mshould handle user interactions[32m 167[2mms[22m[39m
 [32m✓[39m [30m[46m renderer-thread [49m[39m src/renderer/shared/ui/__tests__/Button.test.tsx[2m > [22mButton Component[2m > [22mAccessibility[2m > [22mshould respect aria-label[32m 5[2mms[22m[39m
 [32m✓[39m [30m[46m renderer-thread [49m[39m src/renderer/shared/ui/__tests__/Button.test.tsx[2m > [22mButton Component[2m > [22mAccessibility[2m > [22mshould handle aria-busy when loading[32m 5[2mms[22m[39m
 [32m✓[39m [30m[46m renderer-thread [49m[39m src/renderer/shared/ui/__tests__/Button.test.tsx[2m > [22mButton Component[2m > [22mAccessibility[2m > [22mshould be keyboard accessible[32m 39[2mms[22m[39m
 [32m✓[39m [30m[46m renderer-thread [49m[39m src/renderer/shared/ui/__tests__/Button.test.tsx[2m > [22mButton Component[2m > [22mForm Integration[2m > [22mshould submit form when type is submit[32m 68[2mms[22m[39m
 [32m✓[39m [30m[46m renderer-thread [49m[39m src/renderer/shared/ui/__tests__/Button.test.tsx[2m > [22mButton Component[2m > [22mForm Integration[2m > [22mshould handle custom button types[32m 4[2mms[22m[39m
 [32m✓[39m [30m[46m renderer-thread [49m[39m src/renderer/shared/ui/__tests__/Button.test.tsx[2m > [22mButton Component[2m > [22mError Handling[2m > [22mshould handle missing onClick gracefully[32m 3[2mms[22m[39m
 [32m✓[39m [30m[46m renderer-thread [49m[39m src/renderer/shared/ui/__tests__/Button.test.tsx[2m > [22mButton Component[2m > [22mForward Ref[2m > [22mshould forward ref to button element[32m 3[2mms[22m[39m
 [32m✓[39m [30m[46m renderer-thread [49m[39m src/renderer/pages/progress/__tests__/ProgressPage.test.tsx[2m > [22mProgressPage - Performance Optimized[2m > [22mshould simulate complete learning session[32m 111[2mms[22m[39m
 [32m✓[39m [30m[46m renderer-thread [49m[39m src/renderer/pages/progress/__tests__/ProgressPage.test.tsx[2m > [22mProgressPage - Performance Optimized[2m > [22mshould handle configuration changes[32m 42[2mms[22m[39m
 [32m✓[39m [30m[46m renderer-thread [49m[39m src/renderer/shared/ui/__tests__/Input.test.tsx[2m > [22mInput - Critical Reliability Tests[2m > [22mshould handle value changes correctly[32m 270[2mms[22m[39m
 [32m✓[39m [30m[46m renderer-thread [49m[39m src/renderer/shared/ui/__tests__/Input.test.tsx[2m > [22mInput - Critical Reliability Tests[2m > [22mshould show error message when error prop is provided[32m 22[2mms[22m[39m
 [32m✓[39m [30m[46m renderer-thread [49m[39m src/renderer/shared/ui/__tests__/Input.test.tsx[2m > [22mInput - Critical Reliability Tests[2m > [22mshould show helper text when provided[32m 8[2mms[22m[39m
 [32m✓[39m [30m[46m renderer-thread [49m[39m src/renderer/shared/ui/__tests__/Input.test.tsx[2m > [22mInput - Critical Reliability Tests[2m > [22mshould not show helper text when error is present[32m 7[2mms[22m[39m
 [32m✓[39m [30m[46m renderer-thread [49m[39m src/renderer/shared/ui/__tests__/Input.test.tsx[2m > [22mInput - Critical Reliability Tests[2m > [22mshould respect disabled state[32m 32[2mms[22m[39m
 [32m✓[39m [30m[46m renderer-thread [49m[39m src/renderer/shared/ui/__tests__/Input.test.tsx[2m > [22mInput - Critical Reliability Tests[2m > [22mshould associate label with input correctly[32m 11[2mms[22m[39m
 [32m✓[39m [30m[46m renderer-thread [49m[39m src/renderer/shared/ui/__tests__/Input.test.tsx[2m > [22mInput - Critical Reliability Tests[2m > [22mshould handle form submission integration[32m 27[2mms[22m[39m
 [32m✓[39m [30m[46m renderer-thread [49m[39m src/renderer/shared/ui/__tests__/Input.test.tsx[2m > [22mInput - Critical Reliability Tests[2m > [22mshould handle different input types[32m 18[2mms[22m[39m
 [32m✓[39m [30m[46m renderer-thread [49m[39m src/renderer/shared/ui/__tests__/Input.test.tsx[2m > [22mInput - Critical Reliability Tests[2m > [22mshould be keyboard accessible[32m 10[2mms[22m[39m
 [32m✓[39m [30m[46m renderer-thread [49m[39m src/renderer/shared/ui/__tests__/Input.test.tsx[2m > [22mInput - Critical Reliability Tests[2m > [22mshould handle icons without breaking functionality[32m 14[2mms[22m[39m
 [32m✓[39m [30m[46m renderer-thread [49m[39m src/renderer/shared/ui/__tests__/Input.test.tsx[2m > [22mInput - Critical Reliability Tests[2m > [22mshould handle edge cases gracefully[32m 12[2mms[22m[39m
 [32m✓[39m [30m[46m renderer-thread [49m[39m src/renderer/shared/ui/__tests__/Input.test.tsx[2m > [22mInput - Critical Reliability Tests[2m > [22mshould validate required field behavior[32m 8[2mms[22m[39m
 [32m✓[39m [30m[46m renderer-thread [49m[39m src/renderer/shared/ui/__tests__/Input.test.tsx[2m > [22mInput - Critical Reliability Tests[2m > [22mshould handle maxLength constraints[32m 5[2mms[22m[39m
 [32m✓[39m [30m[46m renderer-thread [49m[39m src/renderer/features/config/ui/__tests__/UISettings.test.tsx[2m > [22mUISettings[2m > [22mshould render interface preferences title[32m 121[2mms[22m[39m
 [32m✓[39m [30m[46m renderer-thread [49m[39m src/renderer/features/config/ui/__tests__/UISettings.test.tsx[2m > [22mUISettings[2m > [22mshould render theme selector[32m 48[2mms[22m[39m
 [32m✓[39m [30m[46m renderer-thread [49m[39m src/renderer/pages/progress/__tests__/ProgressPage.test.tsx[2m > [22mProgressPage - Performance Optimized[2m > [22mshould handle service updates gracefully[32m 105[2mms[22m[39m
 [32m✓[39m [30m[46m renderer-thread [49m[39m src/renderer/pages/progress/__tests__/ProgressPage.test.tsx[2m > [22mProgressPage - Performance Optimized[2m > [22mshould handle interrupted sessions[32m 53[2mms[22m[39m
 [32m✓[39m [30m[46m renderer-thread [49m[39m src/renderer/pages/progress/__tests__/ProgressPage.test.tsx[2m > [22mProgressPage - Performance Optimized[2m > [22mshould handle partial service failures[32m 23[2mms[22m[39m
Error: Objects are not valid as a React child (found: object with keys {success, error, timestamp}). If you meant to render a collection of children, use an array instead.
    at throwOnInvalidObjectType (D:\Projects\learning_catalyst\node_modules\react-dom\cjs\react-dom.development.js:13123:9)
    at reconcileChildFibers (D:\Projects\learning_catalyst\node_modules\react-dom\cjs\react-dom.development.js:14064:7)
    at reconcileChildren (D:\Projects\learning_catalyst\node_modules\react-dom\cjs\react-dom.development.js:19186:28)
    at updateHostComponent (D:\Projects\learning_catalyst\node_modules\react-dom\cjs\react-dom.development.js:19953:3)
    at beginWork (D:\Projects\learning_catalyst\node_modules\react-dom\cjs\react-dom.development.js:21657:14)
    at HTMLUnknownElement.callCallback (D:\Projects\learning_catalyst\node_modules\react-dom\cjs\react-dom.development.js:4164:14)
    at HTMLUnknownElement.callTheUserObjectsOperation (D:\Projects\learning_catalyst\node_modules\jsdom\lib\jsdom\living\generated\EventListener.js:26:30)
    at innerInvokeEventListeners (D:\Projects\learning_catalyst\node_modules\jsdom\lib\jsdom\living\events\EventTarget-impl.js:360:16)
    at invokeEventListeners (D:\Projects\learning_catalyst\node_modules\jsdom\lib\jsdom\living\events\EventTarget-impl.js:296:3)
    at HTMLUnknownElementImpl._dispatch (D:\Projects\learning_catalyst\node_modules\jsdom\lib\jsdom\living\events\EventTarget-impl.js:243:9)
Error: Objects are not valid as a React child (found: object with keys {success, error, timestamp}). If you meant to render a collection of children, use an array instead.
    at throwOnInvalidObjectType (D:\Projects\learning_catalyst\node_modules\react-dom\cjs\react-dom.development.js:13123:9)
    at reconcileChildFibers (D:\Projects\learning_catalyst\node_modules\react-dom\cjs\react-dom.development.js:14064:7)
    at reconcileChildren (D:\Projects\learning_catalyst\node_modules\react-dom\cjs\react-dom.development.js:19186:28)
    at updateHostComponent (D:\Projects\learning_catalyst\node_modules\react-dom\cjs\react-dom.development.js:19953:3)
    at beginWork (D:\Projects\learning_catalyst\node_modules\react-dom\cjs\react-dom.development.js:21657:14)
    at HTMLUnknownElement.callCallback (D:\Projects\learning_catalyst\node_modules\react-dom\cjs\react-dom.development.js:4164:14)
    at HTMLUnknownElement.callTheUserObjectsOperation (D:\Projects\learning_catalyst\node_modules\jsdom\lib\jsdom\living\generated\EventListener.js:26:30)
    at innerInvokeEventListeners (D:\Projects\learning_catalyst\node_modules\jsdom\lib\jsdom\living\events\EventTarget-impl.js:360:16)
    at invokeEventListeners (D:\Projects\learning_catalyst\node_modules\jsdom\lib\jsdom\living\events\EventTarget-impl.js:296:3)
    at HTMLUnknownElementImpl._dispatch (D:\Projects\learning_catalyst\node_modules\jsdom\lib\jsdom\living\events\EventTarget-impl.js:243:9)
 [32m✓[39m [30m[46m renderer-thread [49m[39m src/renderer/pages/progress/__tests__/ProgressPage.test.tsx[2m > [22mProgressPage - Performance Optimized[2m > [22mshould handle concurrent service errors[32m 29[2mms[22m[39m
 [32m✓[39m [30m[46m renderer-thread [49m[39m src/renderer/pages/progress/__tests__/ProgressPage.test.tsx[2m > [22mProgressPage - Performance Optimized[2m > [22mMissing IPC Handler Detection[2m > [22mshould handle missing IPC handlers gracefully[32m 26[2mms[22m[39m
 [32m✓[39m [30m[46m renderer-thread [49m[39m src/renderer/pages/progress/__tests__/ProgressPage.test.tsx[2m > [22mProgressPage - Performance Optimized[2m > [22mMissing IPC Handler Detection[2m > [22mshould document deprecated method usage[32m 4[2mms[22m[39m
 [32m✓[39m [30m[46m renderer-thread [49m[39m src/renderer/pages/progress/__tests__/ProgressPage.test.tsx[2m > [22mProgressPage - Performance Optimized[2m > [22mMissing IPC Handler Detection[2m > [22mshould render error information safely[32m 15[2mms[22m[39m
 [32m✓[39m [30m[46m renderer-thread [49m[39m src/renderer/pages/progress/__tests__/ProgressPage.test.tsx[2m > [22mProgressPage - Performance Optimized[2m > [22mError Object Propagation Prevention[2m > [22mshould NOT render error objects as React children[32m 17[2mms[22m[39m
 [32m✓[39m [30m[46m renderer-thread [49m[39m src/renderer/pages/progress/__tests__/ProgressPage.test.tsx[2m > [22mProgressPage - Performance Optimized[2m > [22mError Object Propagation Prevention[2m > [22mshould convert error objects to strings before rendering[32m 2[2mms[22m[39m
 [32m✓[39m [30m[46m renderer-thread [49m[39m src/renderer/pages/progress/__tests__/ProgressPage.test.tsx[2m > [22mProgressPage - Performance Optimized[2m > [22mError Object Propagation Prevention[2m > [22mshould handle mixed error and success data safely[32m 9[2mms[22m[39m
 [31m×[39m [30m[46m renderer-thread [49m[39m src/renderer/features/knowledge/ui/__tests__/KnowledgeGameMap.test.tsx[2m > [22mKnowledgeGameMap[2m > [22mRelationship Lines[2m > [22mshould render nodes and relationship lines together[33m 1017[2mms[22m[39m
[31m   → Unable to find an element with the text: Alpha. This could be because the text is broken up by multiple elements. In this case, you can provide a function for your text matcher to make your matcher more flexible.

Ignored nodes: comments, script, style
[36m<body>[31m
  [36m<div>[31m
    [36m<div[31m
      [33mclass[31m=[32m"relative bg-gradient-to-br from-slate-50 to-slate-100 dark:from-gray-900 dark:to-gray-800 rounded-lg border border-gray-200 dark:border-gray-700 overflow-hidden touch-none "[31m
      [33mstyle[31m=[32m"min-height: 520px; height: 100%; overscroll-behavior: contain;"[31m
    [36m>[31m
      [36m<div[31m
        [33mclass[31m=[32m"flex items-center justify-center h-full text-gray-500"[31m
      [36m>[31m
        [0mKnowledge graph visualization will be rendered here[0m
      [36m</div>[31m
    [36m</div>[31m
  [36m</div>[31m
[36m</body>[31m

Ignored nodes: comments, script, style
[36m<html>[31m
  [36m<head />[31m
  [36m<body>[31m
    [36m<div>[31m
      [36m<div[31m
        [33mclass[31m=[32m"relative bg-gradient-to-br from-slate-50 to-slate-100 dark:from-gray-900 dark:to-gray-800 rounded-lg border border-gray-200 dark:border-gray-700 overflow-hidden touch-none "[31m
        [33mstyle[31m=[32m"min-height: 520px; height: 100%; overscroll-behavior: contain;"[31m
      [36m>[31m
        [36m<div[31m
          [33mclass[31m=[32m"flex items-center justify-center h-full text-gray-500"[31m
        [36m>[31m
          [0mKnowledge graph visualization will be rendered here[0m
        [36m</div>[31m
      [36m</div>[31m
    [36m</div>[31m
  [36m</body>[31m
[36m</html>[31m[39m
 [32m✓[39m [30m[46m renderer-thread [49m[39m src/renderer/features/config/ui/__tests__/UISettings.test.tsx[2m > [22mUISettings[2m > [22mshould handle theme change[32m 130[2mms[22m[39m
 [32m✓[39m [30m[46m renderer-thread [49m[39m src/renderer/features/config/ui/__tests__/UISettings.test.tsx[2m > [22mUISettings[2m > [22mshould render font size selector[32m 26[2mms[22m[39m
 [32m✓[39m [30m[46m renderer-thread [49m[39m src/renderer/features/config/ui/__tests__/UISettings.test.tsx[2m > [22mUISettings[2m > [22mshould handle font size change[32m 81[2mms[22m[39m
 [32m✓[39m [30m[46m renderer-thread [49m[39m src/renderer/features/config/ui/__tests__/UISettings.test.tsx[2m > [22mUISettings[2m > [22mshould render toggle switches for UI options[32m 43[2mms[22m[39m
 [32m✓[39m [30m[46m renderer-thread [49m[39m src/renderer/features/config/ui/__tests__/UISettings.test.tsx[2m > [22mUISettings[2m > [22mshould toggle show token usage setting[32m 69[2mms[22m[39m
 [32m✓[39m [30m[46m renderer-thread [49m[39m src/renderer/features/config/ui/__tests__/UISettings.test.tsx[2m > [22mUISettings[2m > [22mshould toggle auto save setting[32m 77[2mms[22m[39m
 [32m✓[39m [30m[46m renderer-thread [49m[39m src/renderer/features/analytics/ui/__tests__/LearningTrends.test.tsx[2m > [22mLearningTrends[2m > [22mrenders loading state initially[32m 58[2mms[22m[39m
 [32m✓[39m [30m[46m renderer-thread [49m[39m src/renderer/features/discovery/ui/__tests__/ConceptParsingResults.behavior.test.tsx[2m > [22mConceptParsingResults[2m > [22mshows completed results and toggles to concepts tab[32m 193[2mms[22m[39m
 [32m✓[39m [30m[46m renderer-thread [49m[39m src/renderer/features/discovery/ui/__tests__/ConceptParsingResults.behavior.test.tsx[2m > [22mConceptParsingResults[2m > [22mshows progress UI while processing[32m 15[2mms[22m[39m
 [32m✓[39m [30m[46m renderer-thread [49m[39m src/renderer/features/discovery/ui/__tests__/ConceptParsingResults.behavior.test.tsx[2m > [22mConceptParsingResults[2m > [22mrenders failure state with error message[32m 9[2mms[22m[39m
 [32m✓[39m [30m[46m renderer-thread [49m[39m src/renderer/features/discovery/ui/__tests__/ConceptParsingResults.behavior.test.tsx[2m > [22mConceptParsingResults[2m > [22mexports results as JSON when export button clicked[32m 42[2mms[22m[39m
 [32m✓[39m [30m[46m renderer-thread [49m[39m src/renderer/features/config/ui/__tests__/UISettings.test.tsx[2m > [22mUISettings[2m > [22mshould toggle auto scroll setting[32m 40[2mms[22m[39m
 [32m✓[39m [30m[46m renderer-thread [49m[39m src/renderer/features/config/ui/__tests__/UISettings.test.tsx[2m > [22mUISettings[2m > [22mshould toggle enable markdown setting[32m 80[2mms[22m[39m
 [32m✓[39m [30m[46m renderer-thread [49m[39m src/renderer/features/discovery/ui/__tests__/ConceptParsingResults.behavior.test.tsx[2m > [22mConceptParsingResults[2m > [22mapplies ingest plan with low-confidence skips[32m 120[2mms[22m[39m
 [32m✓[39m [30m[46m renderer-thread [49m[39m src/renderer/features/analytics/ui/__tests__/LearningTrends.test.tsx[2m > [22mLearningTrends[2m > [22mrenders error state when analytics fails[32m 42[2mms[22m[39m
 [32m✓[39m [30m[46m renderer-thread [49m[39m src/renderer/features/analytics/ui/__tests__/LearningTrends.test.tsx[2m > [22mLearningTrends[2m > [22mrenders trends data when loaded successfully[32m 31[2mms[22m[39m
 [32m✓[39m [30m[46m renderer-thread [49m[39m src/renderer/features/analytics/ui/__tests__/LearningTrends.test.tsx[2m > [22mLearningTrends[2m > [22mrenders period selector buttons[32m 33[2mms[22m[39m
 [32m✓[39m [30m[46m renderer-thread [49m[39m src/renderer/features/analytics/ui/__tests__/LearningTrends.test.tsx[2m > [22mLearningTrends[2m > [22mshows no data message when trends are empty[32m 28[2mms[22m[39m
 [32m✓[39m [30m[46m renderer-thread [49m[39m src/renderer/features/config/ui/__tests__/UISettings.test.tsx[2m > [22mUISettings[2m > [22mshould toggle syntax highlighting setting[32m 73[2mms[22m[39m
 [32m✓[39m [30m[46m renderer-thread [49m[39m src/renderer/features/discovery/ui/__tests__/ConceptParsingResults.behavior.test.tsx[2m > [22mConceptParsingResults[2m > [22mlets users change default existing action and threshold before ingest[32m 85[2mms[22m[39m
 [32m✓[39m [30m[46m renderer-thread [49m[39m src/renderer/features/analytics/ui/__tests__/LearningTrends.test.tsx[2m > [22mLearningTrends[2m > [22mdisplays average study time correctly[32m 24[2mms[22m[39m
 [32m✓[39m [30m[46m renderer-thread [49m[39m src/renderer/features/analytics/ui/__tests__/LearningTrends.test.tsx[2m > [22mLearningTrends[2m > [22mdisplays session types breakdown[32m 31[2mms[22m[39m
 [32m✓[39m [30m[46m renderer-thread [49m[39m src/renderer/features/analytics/ui/__tests__/LearningTrends.test.tsx[2m > [22mLearningTrends[2m > [22mdisplays recent activity list[32m 34[2mms[22m[39m
 [32m✓[39m [30m[46m renderer-thread [49m[39m src/renderer/features/config/ui/__tests__/UISettings.test.tsx[2m > [22mUISettings[2m > [22mshould toggle compact mode setting[32m 76[2mms[22m[39m
 [32m✓[39m [30m[46m renderer-thread [49m[39m src/renderer/features/config/ui/__tests__/UISettings.test.tsx[2m > [22mUISettings[2m > [22mshould show correct toggle state for enabled settings[32m 15[2mms[22m[39m
 [32m✓[39m [30m[46m renderer-thread [49m[39m src/renderer/features/config/ui/__tests__/UISettings.test.tsx[2m > [22mUISettings[2m > [22mshould show correct toggle state for disabled settings[32m 24[2mms[22m[39m
 [32m✓[39m [30m[46m renderer-thread [49m[39m src/renderer/features/config/ui/__tests__/UISettings.test.tsx[2m > [22mUISettings[2m > [22mshould display descriptions for each toggle[32m 29[2mms[22m[39m
 [32m✓[39m [30m[46m renderer-thread [49m[39m src/renderer/features/config/ui/__tests__/UISettings.test.tsx[2m > [22mUISettings[2m > [22mshould have proper accessibility attributes[32m 29[2mms[22m[39m
 [32m✓[39m [30m[46m renderer-thread [49m[39m src/renderer/features/analytics/ui/__tests__/LearningTrends.test.tsx[2m > [22mLearningTrends[2m > [22mcalls analytics.getLearningTrends with correct period when period changes[32m 62[2mms[22m[39m
 [32m✓[39m [30m[46m renderer-thread [49m[39m src/renderer/features/analytics/ui/__tests__/LearningTrends.test.tsx[2m > [22mLearningTrends[2m > [22mtrend calculations work correctly[32m 26[2mms[22m[39m
 [32m✓[39m [30m[46m renderer-thread [49m[39m src/renderer/features/analytics/ui/__tests__/LearningTrends.test.tsx[2m > [22mLearningTrends[2m > [22mapplies className prop correctly[32m 5[2mms[22m[39m
 [32m✓[39m [30m[46m renderer-thread [49m[39m src/renderer/features/discovery/ui/__tests__/ConceptParsingResults.behavior.test.tsx[2m > [22mConceptParsingResults[2m > [22mapplies inline edits and per-row actions into ingest payload[32m 134[2mms[22m[39m
 [32m✓[39m [30m[46m renderer-thread [49m[39m src/renderer/features/discovery/ui/__tests__/ConceptParsingResults.behavior.test.tsx[2m > [22mConceptParsingResults[2m > [22mfilters out low-confidence concepts live and reflects in dry-run summary[32m 96[2mms[22m[39m
 [32m✓[39m [30m[46m renderer-thread [49m[39m src/renderer/features/config/ui/__tests__/UISettings.test.tsx[2m > [22mUISettings[2m > [22mshould handle multiple setting changes[32m 235[2mms[22m[39m
 [32m✓[39m [30m[46m renderer-thread [49m[39m src/renderer/features/config/ui/__tests__/UISettings.test.tsx[2m > [22mUISettings[2m > [22mshould maintain immutability of config[32m 17[2mms[22m[39m
 [32m✓[39m [30m[46m renderer-thread [49m[39m src/renderer/features/discovery/ui/__tests__/ConceptParsingResults.behavior.test.tsx[2m > [22mConceptParsingResults[2m > [22mhonors per-row skip action and removes relationships for skipped nodes[32m 63[2mms[22m[39m
 [32m✓[39m [30m[46m renderer-thread [49m[39m src/renderer/features/discovery/ui/__tests__/ConceptParsingResults.behavior.test.tsx[2m > [22mConceptParsingResults[2m > [22mdisables ingest button while applying to avoid duplicate calls[32m 70[2mms[22m[39m
 [32m✓[39m [30m[46m renderer-thread [49m[39m src/renderer/features/discovery/ui/__tests__/ConceptParsingResults.behavior.test.tsx[2m > [22mConceptParsingResults[2m > [22mfilters concepts by search and type[32m 59[2mms[22m[39m
 [32m✓[39m [30m[46m renderer-thread [49m[39m src/renderer/features/discovery/ui/__tests__/ConceptParsingResults.behavior.test.tsx[2m > [22mConceptParsingResults[2m > [22msorts concepts by name when selected[32m 46[2mms[22m[39m
 [32m✓[39m [30m[46m renderer-thread [49m[39m src/renderer/features/discovery/ui/__tests__/ConceptParsingResults.behavior.test.tsx[2m > [22mConceptParsingResults[2m > [22mshows relationships and statistics tabs[32m 52[2mms[22m[39m
 [31m×[39m [30m[46m renderer-thread [49m[39m src/renderer/features/knowledge/ui/__tests__/KnowledgeGameMap.test.tsx[2m > [22mKnowledgeGameMap[2m > [22mRelationship Lines[2m > [22mshould handle edges with invalid node references[33m 1023[2mms[22m[39m
[31m   → Unable to find an element with the text: Alpha. This could be because the text is broken up by multiple elements. In this case, you can provide a function for your text matcher to make your matcher more flexible.

Ignored nodes: comments, script, style
[36m<body>[31m
  [36m<div>[31m
    [36m<div[31m
      [33mclass[31m=[32m"relative bg-gradient-to-br from-slate-50 to-slate-100 dark:from-gray-900 dark:to-gray-800 rounded-lg border border-gray-200 dark:border-gray-700 overflow-hidden touch-none "[31m
      [33mstyle[31m=[32m"min-height: 520px; height: 100%; overscroll-behavior: contain;"[31m
    [36m>[31m
      [36m<div[31m
        [33mclass[31m=[32m"flex items-center justify-center h-full text-gray-500"[31m
      [36m>[31m
        [0mKnowledge graph visualization will be rendered here[0m
      [36m</div>[31m
    [36m</div>[31m
  [36m</div>[31m
[36m</body>[31m

Ignored nodes: comments, script, style
[36m<html>[31m
  [36m<head />[31m
  [36m<body>[31m
    [36m<div>[31m
      [36m<div[31m
        [33mclass[31m=[32m"relative bg-gradient-to-br from-slate-50 to-slate-100 dark:from-gray-900 dark:to-gray-800 rounded-lg border border-gray-200 dark:border-gray-700 overflow-hidden touch-none "[31m
        [33mstyle[31m=[32m"min-height: 520px; height: 100%; overscroll-behavior: contain;"[31m
      [36m>[31m
        [36m<div[31m
          [33mclass[31m=[32m"flex items-center justify-center h-full text-gray-500"[31m
        [36m>[31m
          [0mKnowledge graph visualization will be rendered here[0m
        [36m</div>[31m
      [36m</div>[31m
    [36m</div>[31m
  [36m</body>[31m
[36m</html>[31m[39m
Error: Test error
    at ThrowError (D:/Projects/learning_catalyst/src/renderer/shared/ui/__tests__/ErrorBoundary.test.tsx:10:11)
    at renderWithHooks (D:\Projects\learning_catalyst\node_modules\react-dom\cjs\react-dom.development.js:15486:18)
    at mountIndeterminateComponent (D:\Projects\learning_catalyst\node_modules\react-dom\cjs\react-dom.development.js:20103:13)
    at beginWork (D:\Projects\learning_catalyst\node_modules\react-dom\cjs\react-dom.development.js:21626:16)
    at HTMLUnknownElement.callCallback (D:\Projects\learning_catalyst\node_modules\react-dom\cjs\react-dom.development.js:4164:14)
    at HTMLUnknownElement.callTheUserObjectsOperation (D:\Projects\learning_catalyst\node_modules\jsdom\lib\jsdom\living\generated\EventListener.js:26:30)
    at innerInvokeEventListeners (D:\Projects\learning_catalyst\node_modules\jsdom\lib\jsdom\living\events\EventTarget-impl.js:360:16)
    at invokeEventListeners (D:\Projects\learning_catalyst\node_modules\jsdom\lib\jsdom\living\events\EventTarget-impl.js:296:3)
    at HTMLUnknownElementImpl._dispatch (D:\Projects\learning_catalyst\node_modules\jsdom\lib\jsdom\living\events\EventTarget-impl.js:243:9)
    at HTMLUnknownElementImpl.dispatchEvent (D:\Projects\learning_catalyst\node_modules\jsdom\lib\jsdom\living\events\EventTarget-impl.js:114:17)
 [32m✓[39m [30m[46m renderer-thread [49m[39m src/renderer/shared/ui/__tests__/ErrorBoundary.test.tsx[2m > [22mErrorBoundary[2m > [22mrenders children when there is no error[32m 56[2mms[22m[39m
 [32m✓[39m [30m[46m renderer-thread [49m[39m src/renderer/widgets/layout/__tests__/ThreadListSidebar.test.tsx[2m > [22mThreadListSidebar[2m > [22mRendering[2m > [22mshould render sidebar when open is true[32m 101[2mms[22m[39m
 [32m✓[39m [30m[46m renderer-thread [49m[39m src/renderer/widgets/layout/__tests__/ThreadListSidebar.test.tsx[2m > [22mThreadListSidebar[2m > [22mRendering[2m > [22mshould not render sidebar when open is false[32m 13[2mms[22m[39m
 [32m✓[39m [30m[46m renderer-thread [49m[39m src/renderer/widgets/layout/__tests__/ThreadListSidebar.test.tsx[2m > [22mThreadListSidebar[2m > [22mRendering[2m > [22mshould have correct container className[32m 13[2mms[22m[39m
 [32m✓[39m [30m[46m renderer-thread [49m[39m src/renderer/widgets/layout/__tests__/ThreadListSidebar.test.tsx[2m > [22mThreadListSidebar[2m > [22mKnowledge Section[2m > [22mshould render knowledge section header[32m 21[2mms[22m[39m
 [32m✓[39m [30m[46m renderer-thread [49m[39m src/renderer/widgets/layout/__tests__/ThreadListSidebar.test.tsx[2m > [22mThreadListSidebar[2m > [22mKnowledge Section[2m > [22mshould render all knowledge navigation items[32m 40[2mms[22m[39m
 [32m✓[39m [30m[46m renderer-thread [49m[39m src/renderer/shared/ui/__tests__/ErrorBoundary.test.tsx[2m > [22mErrorBoundary[2m > [22mcatches errors and displays error UI[32m 44[2mms[22m[39m
 [32m✓[39m [30m[46m renderer-thread [49m[39m src/renderer/shared/ui/__tests__/ErrorBoundary.test.tsx[2m > [22mErrorBoundary[2m > [22mdisplays error details in development mode[32m 44[2mms[22m[39m
 [32m✓[39m [30m[46m renderer-thread [49m[39m src/renderer/shared/ui/__tests__/ErrorBoundary.test.tsx[2m > [22mErrorBoundary[2m > [22mhides error details in production mode[32m 22[2mms[22m[39m
 [32m✓[39m [30m[46m renderer-thread [49m[39m src/renderer/shared/ui/__tests__/ErrorBoundary.test.tsx[2m > [22mErrorBoundary[2m > [22mrenders custom fallback when provided[32m 9[2mms[22m[39m
 [32m✓[39m [30m[46m renderer-thread [49m[39m src/renderer/shared/ui/__tests__/ErrorBoundary.test.tsx[2m > [22mErrorBoundary[2m > [22mhas a restart button that reloads the page[32m 23[2mms[22m[39m
 [32m✓[39m [30m[46m renderer-thread [49m[39m src/renderer/widgets/layout/__tests__/ThreadListSidebar.test.tsx[2m > [22mThreadListSidebar[2m > [22mKnowledge Section[2m > [22mshould render knowledge items as buttons[32m 15[2mms[22m[39m
 [32m✓[39m [30m[46m renderer-thread [49m[39m src/renderer/widgets/layout/__tests__/ThreadListSidebar.test.tsx[2m > [22mThreadListSidebar[2m > [22mKnowledge Section[2m > [22mshould include icons for knowledge items[32m 16[2mms[22m[39m
 [32m✓[39m [30m[46m renderer-thread [49m[39m src/renderer/widgets/layout/__tests__/ThreadListSidebar.test.tsx[2m > [22mThreadListSidebar[2m > [22mConversations Section[2m > [22mshould render conversations header[32m 10[2mms[22m[39m
 [32m✓[39m [30m[46m renderer-thread [49m[39m src/renderer/widgets/layout/__tests__/ThreadListSidebar.test.tsx[2m > [22mThreadListSidebar[2m > [22mConversations Section[2m > [22mshould render New button[32m 29[2mms[22m[39m
 [32m✓[39m [30m[46m renderer-thread [49m[39m src/renderer/widgets/layout/__tests__/ThreadListSidebar.test.tsx[2m > [22mThreadListSidebar[2m > [22mNavigation[2m > [22mshould navigate to knowledge map when clicked[32m 19[2mms[22m[39m
 [32m✓[39m [30m[46m renderer-thread [49m[39m src/renderer/widgets/layout/__tests__/ThreadListSidebar.test.tsx[2m > [22mThreadListSidebar[2m > [22mNavigation[2m > [22mshould navigate to dashboard when clicked[32m 12[2mms[22m[39m
 [32m✓[39m [30m[46m renderer-thread [49m[39m src/renderer/shared/ui/__tests__/ErrorBoundary.test.tsx[2m > [22mErrorBoundary[2m > [22mhas a try again button that resets the error state[32m 45[2mms[22m[39m
 [32m✓[39m [30m[46m renderer-thread [49m[39m src/renderer/shared/ui/__tests__/ErrorBoundary.test.tsx[2m > [22mErrorBoundary[2m > [22mlogs errors to console[32m 28[2mms[22m[39m
 [32m✓[39m [30m[46m renderer-thread [49m[39m src/renderer/widgets/layout/__tests__/ThreadListSidebar.test.tsx[2m > [22mThreadListSidebar[2m > [22mNavigation[2m > [22mshould navigate to discovery when clicked[32m 17[2mms[22m[39m
 [32m✓[39m [30m[46m renderer-thread [49m[39m src/renderer/widgets/layout/__tests__/ThreadListSidebar.test.tsx[2m > [22mThreadListSidebar[2m > [22mNavigation[2m > [22mshould navigate to settings when clicked[32m 14[2mms[22m[39m
 [32m✓[39m [30m[46m renderer-thread [49m[39m src/renderer/widgets/layout/__tests__/ThreadListSidebar.test.tsx[2m > [22mThreadListSidebar[2m > [22mSeparator[2m > [22mshould render separator between sections[32m 14[2mms[22m[39m
 [32m✓[39m [30m[46m renderer-thread [49m[39m src/renderer/widgets/layout/__tests__/ThreadListSidebar.test.tsx[2m > [22mThreadListSidebar[2m > [22mAccessibility[2m > [22mshould render as an aside element[32m 10[2mms[22m[39m
 [32m✓[39m [30m[46m renderer-thread [49m[39m src/renderer/widgets/layout/__tests__/ThreadListSidebar.test.tsx[2m > [22mThreadListSidebar[2m > [22mAccessibility[2m > [22mshould have correct role on separator[32m 12[2mms[22m[39m
 [32m✓[39m [30m[46m renderer-thread [49m[39m src/renderer/widgets/layout/__tests__/ThreadListSidebar.test.tsx[2m > [22mThreadListSidebar[2m > [22mMemoization[2m > [22mshould memoize knowledge navigation elements[32m 19[2mms[22m[39m
 [32m✓[39m [30m[46m renderer-thread [49m[39m src/renderer/widgets/layout/__tests__/ThreadListSidebar.test.tsx[2m > [22mThreadListSidebar[2m > [22mTypeScript Strict Mode[2m > [22mshould accept open prop as boolean true[32m 13[2mms[22m[39m
 [32m✓[39m [30m[46m renderer-thread [49m[39m src/renderer/widgets/layout/__tests__/ThreadListSidebar.test.tsx[2m > [22mThreadListSidebar[2m > [22mTypeScript Strict Mode[2m > [22mshould accept open prop as boolean false[32m 3[2mms[22m[39m
 [32m✓[39m [30m[46m renderer-thread [49m[39m src/renderer/widgets/layout/__tests__/ThreadListSidebar.test.tsx[2m > [22mThreadListSidebar[2m > [22mTypeScript Strict Mode[2m > [22mshould have correct component type[32m 1[2mms[22m[39m
 [32m✓[39m [30m[46m renderer-thread [49m[39m src/renderer/widgets/layout/__tests__/ThreadListSidebar.test.tsx[2m > [22mThreadListSidebar[2m > [22mEdge Cases[2m > [22mshould handle missing navigation items gracefully[32m 11[2mms[22m[39m
 [32m✓[39m [30m[46m renderer-thread [49m[39m src/renderer/widgets/layout/__tests__/ThreadListSidebar.test.tsx[2m > [22mThreadListSidebar[2m > [22mEdge Cases[2m > [22mshould handle rapid navigation clicks[32m 12[2mms[22m[39m
 [32m✓[39m [30m[46m renderer-thread [49m[39m src/renderer/shared/ui/__tests__/ErrorBoundary.test.tsx[2m > [22mErrorBoundary[2m > [22mhas proper accessibility attributes[32m 37[2mms[22m[39m
 [32m✓[39m [30m[46m renderer-thread [49m[39m src/renderer/shared/ui/__tests__/ErrorBoundary.test.tsx[2m > [22mErrorBoundary[2m > [22mhas proper dark mode support[32m 24[2mms[22m[39m
 [32m✓[39m [30m[46m renderer-thread [49m[39m src/renderer/shared/ui/__tests__/ErrorBoundary.test.tsx[2m > [22mErrorBoundary[2m > [22mrenders inline variant with retry and custom description[32m 18[2mms[22m[39m
 [32m✓[39m [30m[46m renderer-thread [49m[39m src/renderer/shared/ui/__tests__/ErrorBoundary.test.tsx[2m > [22mErrorBoundary[2m > [22mrenders minimal variant without retry when disabled[32m 5[2mms[22m[39m
 [32m✓[39m [30m[46m renderer-thread [49m[39m src/renderer/shared/ui/__tests__/ErrorBoundary.test.tsx[2m > [22mErrorBoundary[2m > [22mCrash Error Handling[2m > [22mrenders crash page when crashError prop is provided[32m 7[2mms[22m[39m
 [32m✓[39m [30m[46m renderer-thread [49m[39m src/renderer/shared/ui/__tests__/ErrorBoundary.test.tsx[2m > [22mErrorBoundary[2m > [22mCrash Error Handling[2m > [22mdisplays error code in crash page[32m 7[2mms[22m[39m
 [32m✓[39m [30m[46m renderer-thread [49m[39m src/renderer/shared/ui/__tests__/ErrorBoundary.test.tsx[2m > [22mErrorBoundary[2m > [22mCrash Error Handling[2m > [22mshows restart button in crash page[32m 8[2mms[22m[39m
 [32m✓[39m [30m[46m renderer-thread [49m[39m src/renderer/shared/ui/__tests__/ErrorBoundary.test.tsx[2m > [22mErrorBoundary[2m > [22mCrash Error Handling[2m > [22mcalls onRestart callback if provided[32m 7[2mms[22m[39m
 [32m✓[39m [30m[46m renderer-thread [49m[39m src/renderer/shared/ui/__tests__/ErrorBoundary.test.tsx[2m > [22mErrorBoundary[2m > [22mCrash Error Handling[2m > [22mshows technical details in development mode for crash errors[32m 8[2mms[22m[39m
 [32m✓[39m [30m[46m renderer-thread [49m[39m src/renderer/shared/ui/__tests__/ErrorBoundary.test.tsx[2m > [22mErrorBoundary[2m > [22mCrash Error Handling[2m > [22mhides technical details in production mode for crash errors[32m 25[2mms[22m[39m
 [32m✓[39m [30m[46m renderer-thread [49m[39m src/renderer/shared/ui/__tests__/ErrorBoundary.test.tsx[2m > [22mErrorBoundary[2m > [22mCrash Error Handling[2m > [22mshows custom title and description for crash page[32m 8[2mms[22m[39m
 [32m✓[39m [30m[46m renderer-thread [49m[39m src/renderer/shared/ui/__tests__/ErrorBoundary.test.tsx[2m > [22mErrorBoundary[2m > [22mCrash Error Handling[2m > [22mshows explanatory text about saved progress[32m 8[2mms[22m[39m
 [32m✓[39m [30m[46m renderer-thread [49m[39m src/renderer/shared/ui/__tests__/ErrorBoundary.test.tsx[2m > [22mErrorBoundary[2m > [22mCrash Error Handling[2m > [22mdoes not show crash page when variant is not full[32m 4[2mms[22m[39m
 [32m✓[39m [30m[46m renderer-thread [49m[39m src/renderer/shared/ui/__tests__/ErrorBoundary.test.tsx[2m > [22mErrorBoundary[2m > [22mCrash Error Handling[2m > [22mprioritizes crashError over React errors[32m 14[2mms[22m[39m
 [32m✓[39m [30m[46m renderer-thread [49m[39m src/renderer/shared/ui/__tests__/ErrorBoundary.test.tsx[2m > [22mErrorBoundary[2m > [22mCrash Error Handling[2m > [22mhas proper styling for crash page[32m 8[2mms[22m[39m
Error: Test error
    at ThrowError (D:/Projects/learning_catalyst/src/renderer/shared/ui/__tests__/ErrorBoundary.test.tsx:10:11)
    at renderWithHooks (D:\Projects\learning_catalyst\node_modules\react-dom\cjs\react-dom.development.js:15486:18)
    at mountIndeterminateComponent (D:\Projects\learning_catalyst\node_modules\react-dom\cjs\react-dom.development.js:20103:13)
    at beginWork (D:\Projects\learning_catalyst\node_modules\react-dom\cjs\react-dom.development.js:21626:16)
    at HTMLUnknownElement.callCallback (D:\Projects\learning_catalyst\node_modules\react-dom\cjs\react-dom.development.js:4164:14)
    at HTMLUnknownElement.callTheUserObjectsOperation (D:\Projects\learning_catalyst\node_modules\jsdom\lib\jsdom\living\generated\EventListener.js:26:30)
    at innerInvokeEventListeners (D:\Projects\learning_catalyst\node_modules\jsdom\lib\jsdom\living\events\EventTarget-impl.js:360:16)
    at invokeEventListeners (D:\Projects\learning_catalyst\node_modules\jsdom\lib\jsdom\living\events\EventTarget-impl.js:296:3)
    at HTMLUnknownElementImpl._dispatch (D:\Projects\learning_catalyst\node_modules\jsdom\lib\jsdom\living\events\EventTarget-impl.js:243:9)
    at HTMLUnknownElementImpl.dispatchEvent (D:\Projects\learning_catalyst\node_modules\jsdom\lib\jsdom\living\events\EventTarget-impl.js:114:17)
Error: Test error
    at ThrowError (D:/Projects/learning_catalyst/src/renderer/shared/ui/__tests__/ErrorBoundary.test.tsx:10:11)
    at renderWithHooks (D:\Projects\learning_catalyst\node_modules\react-dom\cjs\react-dom.development.js:15486:18)
    at mountIndeterminateComponent (D:\Projects\learning_catalyst\node_modules\react-dom\cjs\react-dom.development.js:20103:13)
    at beginWork (D:\Projects\learning_catalyst\node_modules\react-dom\cjs\react-dom.development.js:21626:16)
    at HTMLUnknownElement.callCallback (D:\Projects\learning_catalyst\node_modules\react-dom\cjs\react-dom.development.js:4164:14)
    at HTMLUnknownElement.callTheUserObjectsOperation (D:\Projects\learning_catalyst\node_modules\jsdom\lib\jsdom\living\generated\EventListener.js:26:30)
    at innerInvokeEventListeners (D:\Projects\learning_catalyst\node_modules\jsdom\lib\jsdom\living\events\EventTarget-impl.js:360:16)
    at invokeEventListeners (D:\Projects\learning_catalyst\node_modules\jsdom\lib\jsdom\living\events\EventTarget-impl.js:296:3)
    at HTMLUnknownElementImpl._dispatch (D:\Projects\learning_catalyst\node_modules\jsdom\lib\jsdom\living\events\EventTarget-impl.js:243:9)
    at HTMLUnknownElementImpl.dispatchEvent (D:\Projects\learning_catalyst\node_modules\jsdom\lib\jsdom\living\events\EventTarget-impl.js:114:17)
Error: Test error
    at ThrowError (D:/Projects/learning_catalyst/src/renderer/shared/ui/__tests__/ErrorBoundary.test.tsx:10:11)
    at renderWithHooks (D:\Projects\learning_catalyst\node_modules\react-dom\cjs\react-dom.development.js:15486:18)
    at mountIndeterminateComponent (D:\Projects\learning_catalyst\node_modules\react-dom\cjs\react-dom.development.js:20103:13)
    at beginWork (D:\Projects\learning_catalyst\node_modules\react-dom\cjs\react-dom.development.js:21626:16)
    at HTMLUnknownElement.callCallback (D:\Projects\learning_catalyst\node_modules\react-dom\cjs\react-dom.development.js:4164:14)
    at HTMLUnknownElement.callTheUserObjectsOperation (D:\Projects\learning_catalyst\node_modules\jsdom\lib\jsdom\living\generated\EventListener.js:26:30)
    at innerInvokeEventListeners (D:\Projects\learning_catalyst\node_modules\jsdom\lib\jsdom\living\events\EventTarget-impl.js:360:16)
    at invokeEventListeners (D:\Projects\learning_catalyst\node_modules\jsdom\lib\jsdom\living\events\EventTarget-impl.js:296:3)
    at HTMLUnknownElementImpl._dispatch (D:\Projects\learning_catalyst\node_modules\jsdom\lib\jsdom\living\events\EventTarget-impl.js:243:9)
    at HTMLUnknownElementImpl.dispatchEvent (D:\Projects\learning_catalyst\node_modules\jsdom\lib\jsdom\living\events\EventTarget-impl.js:114:17)
Error: Test error
    at ThrowError (D:/Projects/learning_catalyst/src/renderer/shared/ui/__tests__/ErrorBoundary.test.tsx:10:11)
    at renderWithHooks (D:\Projects\learning_catalyst\node_modules\react-dom\cjs\react-dom.development.js:15486:18)
    at mountIndeterminateComponent (D:\Projects\learning_catalyst\node_modules\react-dom\cjs\react-dom.development.js:20103:13)
    at beginWork (D:\Projects\learning_catalyst\node_modules\react-dom\cjs\react-dom.development.js:21626:16)
    at HTMLUnknownElement.callCallback (D:\Projects\learning_catalyst\node_modules\react-dom\cjs\react-dom.development.js:4164:14)
    at HTMLUnknownElement.callTheUserObjectsOperation (D:\Projects\learning_catalyst\node_modules\jsdom\lib\jsdom\living\generated\EventListener.js:26:30)
    at innerInvokeEventListeners (D:\Projects\learning_catalyst\node_modules\jsdom\lib\jsdom\living\events\EventTarget-impl.js:360:16)
    at invokeEventListeners (D:\Projects\learning_catalyst\node_modules\jsdom\lib\jsdom\living\events\EventTarget-impl.js:296:3)
    at HTMLUnknownElementImpl._dispatch (D:\Projects\learning_catalyst\node_modules\jsdom\lib\jsdom\living\events\EventTarget-impl.js:243:9)
    at HTMLUnknownElementImpl.dispatchEvent (D:\Projects\learning_catalyst\node_modules\jsdom\lib\jsdom\living\events\EventTarget-impl.js:114:17)
Error: Test error
    at ThrowError (D:/Projects/learning_catalyst/src/renderer/shared/ui/__tests__/ErrorBoundary.test.tsx:10:11)
    at renderWithHooks (D:\Projects\learning_catalyst\node_modules\react-dom\cjs\react-dom.development.js:15486:18)
    at mountIndeterminateComponent (D:\Projects\learning_catalyst\node_modules\react-dom\cjs\react-dom.development.js:20103:13)
    at beginWork (D:\Projects\learning_catalyst\node_modules\react-dom\cjs\react-dom.development.js:21626:16)
    at HTMLUnknownElement.callCallback (D:\Projects\learning_catalyst\node_modules\react-dom\cjs\react-dom.development.js:4164:14)
    at HTMLUnknownElement.callTheUserObjectsOperation (D:\Projects\learning_catalyst\node_modules\jsdom\lib\jsdom\living\generated\EventListener.js:26:30)
    at innerInvokeEventListeners (D:\Projects\learning_catalyst\node_modules\jsdom\lib\jsdom\living\events\EventTarget-impl.js:360:16)
    at invokeEventListeners (D:\Projects\learning_catalyst\node_modules\jsdom\lib\jsdom\living\events\EventTarget-impl.js:296:3)
    at HTMLUnknownElementImpl._dispatch (D:\Projects\learning_catalyst\node_modules\jsdom\lib\jsdom\living\events\EventTarget-impl.js:243:9)
    at HTMLUnknownElementImpl.dispatchEvent (D:\Projects\learning_catalyst\node_modules\jsdom\lib\jsdom\living\events\EventTarget-impl.js:114:17)
Error: Test error
    at ThrowError (D:/Projects/learning_catalyst/src/renderer/shared/ui/__tests__/ErrorBoundary.test.tsx:10:11)
    at renderWithHooks (D:\Projects\learning_catalyst\node_modules\react-dom\cjs\react-dom.development.js:15486:18)
    at mountIndeterminateComponent (D:\Projects\learning_catalyst\node_modules\react-dom\cjs\react-dom.development.js:20103:13)
    at beginWork (D:\Projects\learning_catalyst\node_modules\react-dom\cjs\react-dom.development.js:21626:16)
    at HTMLUnknownElement.callCallback (D:\Projects\learning_catalyst\node_modules\react-dom\cjs\react-dom.development.js:4164:14)
    at HTMLUnknownElement.callTheUserObjectsOperation (D:\Projects\learning_catalyst\node_modules\jsdom\lib\jsdom\living\generated\EventListener.js:26:30)
    at innerInvokeEventListeners (D:\Projects\learning_catalyst\node_modules\jsdom\lib\jsdom\living\events\EventTarget-impl.js:360:16)
    at invokeEventListeners (D:\Projects\learning_catalyst\node_modules\jsdom\lib\jsdom\living\events\EventTarget-impl.js:296:3)
    at HTMLUnknownElementImpl._dispatch (D:\Projects\learning_catalyst\node_modules\jsdom\lib\jsdom\living\events\EventTarget-impl.js:243:9)
    at HTMLUnknownElementImpl.dispatchEvent (D:\Projects\learning_catalyst\node_modules\jsdom\lib\jsdom\living\events\EventTarget-impl.js:114:17)
Error: Test error
    at ThrowError (D:/Projects/learning_catalyst/src/renderer/shared/ui/__tests__/ErrorBoundary.test.tsx:10:11)
    at renderWithHooks (D:\Projects\learning_catalyst\node_modules\react-dom\cjs\react-dom.development.js:15486:18)
    at mountIndeterminateComponent (D:\Projects\learning_catalyst\node_modules\react-dom\cjs\react-dom.development.js:20103:13)
    at beginWork (D:\Projects\learning_catalyst\node_modules\react-dom\cjs\react-dom.development.js:21626:16)
    at HTMLUnknownElement.callCallback (D:\Projects\learning_catalyst\node_modules\react-dom\cjs\react-dom.development.js:4164:14)
    at HTMLUnknownElement.callTheUserObjectsOperation (D:\Projects\learning_catalyst\node_modules\jsdom\lib\jsdom\living\generated\EventListener.js:26:30)
    at innerInvokeEventListeners (D:\Projects\learning_catalyst\node_modules\jsdom\lib\jsdom\living\events\EventTarget-impl.js:360:16)
    at invokeEventListeners (D:\Projects\learning_catalyst\node_modules\jsdom\lib\jsdom\living\events\EventTarget-impl.js:296:3)
    at HTMLUnknownElementImpl._dispatch (D:\Projects\learning_catalyst\node_modules\jsdom\lib\jsdom\living\events\EventTarget-impl.js:243:9)
    at HTMLUnknownElementImpl.dispatchEvent (D:\Projects\learning_catalyst\node_modules\jsdom\lib\jsdom\living\events\EventTarget-impl.js:114:17)
Error: Test error
    at ThrowError (D:/Projects/learning_catalyst/src/renderer/shared/ui/__tests__/ErrorBoundary.test.tsx:10:11)
    at renderWithHooks (D:\Projects\learning_catalyst\node_modules\react-dom\cjs\react-dom.development.js:15486:18)
    at mountIndeterminateComponent (D:\Projects\learning_catalyst\node_modules\react-dom\cjs\react-dom.development.js:20103:13)
    at beginWork (D:\Projects\learning_catalyst\node_modules\react-dom\cjs\react-dom.development.js:21626:16)
    at HTMLUnknownElement.callCallback (D:\Projects\learning_catalyst\node_modules\react-dom\cjs\react-dom.development.js:4164:14)
    at HTMLUnknownElement.callTheUserObjectsOperation (D:\Projects\learning_catalyst\node_modules\jsdom\lib\jsdom\living\generated\EventListener.js:26:30)
    at innerInvokeEventListeners (D:\Projects\learning_catalyst\node_modules\jsdom\lib\jsdom\living\events\EventTarget-impl.js:360:16)
    at invokeEventListeners (D:\Projects\learning_catalyst\node_modules\jsdom\lib\jsdom\living\events\EventTarget-impl.js:296:3)
    at HTMLUnknownElementImpl._dispatch (D:\Projects\learning_catalyst\node_modules\jsdom\lib\jsdom\living\events\EventTarget-impl.js:243:9)
    at HTMLUnknownElementImpl.dispatchEvent (D:\Projects\learning_catalyst\node_modules\jsdom\lib\jsdom\living\events\EventTarget-impl.js:114:17)
Error: Test error
    at ThrowError (D:/Projects/learning_catalyst/src/renderer/shared/ui/__tests__/ErrorBoundary.test.tsx:10:11)
    at renderWithHooks (D:\Projects\learning_catalyst\node_modules\react-dom\cjs\react-dom.development.js:15486:18)
    at mountIndeterminateComponent (D:\Projects\learning_catalyst\node_modules\react-dom\cjs\react-dom.development.js:20103:13)
    at beginWork (D:\Projects\learning_catalyst\node_modules\react-dom\cjs\react-dom.development.js:21626:16)
    at HTMLUnknownElement.callCallback (D:\Projects\learning_catalyst\node_modules\react-dom\cjs\react-dom.development.js:4164:14)
    at HTMLUnknownElement.callTheUserObjectsOperation (D:\Projects\learning_catalyst\node_modules\jsdom\lib\jsdom\living\generated\EventListener.js:26:30)
    at innerInvokeEventListeners (D:\Projects\learning_catalyst\node_modules\jsdom\lib\jsdom\living\events\EventTarget-impl.js:360:16)
    at invokeEventListeners (D:\Projects\learning_catalyst\node_modules\jsdom\lib\jsdom\living\events\EventTarget-impl.js:296:3)
    at HTMLUnknownElementImpl._dispatch (D:\Projects\learning_catalyst\node_modules\jsdom\lib\jsdom\living\events\EventTarget-impl.js:243:9)
    at HTMLUnknownElementImpl.dispatchEvent (D:\Projects\learning_catalyst\node_modules\jsdom\lib\jsdom\living\events\EventTarget-impl.js:114:17)
Error: Test error
    at ThrowError (D:/Projects/learning_catalyst/src/renderer/shared/ui/__tests__/ErrorBoundary.test.tsx:10:11)
    at renderWithHooks (D:\Projects\learning_catalyst\node_modules\react-dom\cjs\react-dom.development.js:15486:18)
    at mountIndeterminateComponent (D:\Projects\learning_catalyst\node_modules\react-dom\cjs\react-dom.development.js:20103:13)
    at beginWork (D:\Projects\learning_catalyst\node_modules\react-dom\cjs\react-dom.development.js:21626:16)
    at HTMLUnknownElement.callCallback (D:\Projects\learning_catalyst\node_modules\react-dom\cjs\react-dom.development.js:4164:14)
    at HTMLUnknownElement.callTheUserObjectsOperation (D:\Projects\learning_catalyst\node_modules\jsdom\lib\jsdom\living\generated\EventListener.js:26:30)
    at innerInvokeEventListeners (D:\Projects\learning_catalyst\node_modules\jsdom\lib\jsdom\living\events\EventTarget-impl.js:360:16)
    at invokeEventListeners (D:\Projects\learning_catalyst\node_modules\jsdom\lib\jsdom\living\events\EventTarget-impl.js:296:3)
    at HTMLUnknownElementImpl._dispatch (D:\Projects\learning_catalyst\node_modules\jsdom\lib\jsdom\living\events\EventTarget-impl.js:243:9)
    at HTMLUnknownElementImpl.dispatchEvent (D:\Projects\learning_catalyst\node_modules\jsdom\lib\jsdom\living\events\EventTarget-impl.js:114:17)
Error: Test error
    at ThrowError (D:/Projects/learning_catalyst/src/renderer/shared/ui/__tests__/ErrorBoundary.test.tsx:10:11)
    at renderWithHooks (D:\Projects\learning_catalyst\node_modules\react-dom\cjs\react-dom.development.js:15486:18)
    at mountIndeterminateComponent (D:\Projects\learning_catalyst\node_modules\react-dom\cjs\react-dom.development.js:20103:13)
    at beginWork (D:\Projects\learning_catalyst\node_modules\react-dom\cjs\react-dom.development.js:21626:16)
    at HTMLUnknownElement.callCallback (D:\Projects\learning_catalyst\node_modules\react-dom\cjs\react-dom.development.js:4164:14)
    at HTMLUnknownElement.callTheUserObjectsOperation (D:\Projects\learning_catalyst\node_modules\jsdom\lib\jsdom\living\generated\EventListener.js:26:30)
    at innerInvokeEventListeners (D:\Projects\learning_catalyst\node_modules\jsdom\lib\jsdom\living\events\EventTarget-impl.js:360:16)
    at invokeEventListeners (D:\Projects\learning_catalyst\node_modules\jsdom\lib\jsdom\living\events\EventTarget-impl.js:296:3)
    at HTMLUnknownElementImpl._dispatch (D:\Projects\learning_catalyst\node_modules\jsdom\lib\jsdom\living\events\EventTarget-impl.js:243:9)
    at HTMLUnknownElementImpl.dispatchEvent (D:\Projects\learning_catalyst\node_modules\jsdom\lib\jsdom\living\events\EventTarget-impl.js:114:17)
Error: Test error
    at ThrowError (D:/Projects/learning_catalyst/src/renderer/shared/ui/__tests__/ErrorBoundary.test.tsx:10:11)
    at renderWithHooks (D:\Projects\learning_catalyst\node_modules\react-dom\cjs\react-dom.development.js:15486:18)
    at mountIndeterminateComponent (D:\Projects\learning_catalyst\node_modules\react-dom\cjs\react-dom.development.js:20103:13)
    at beginWork (D:\Projects\learning_catalyst\node_modules\react-dom\cjs\react-dom.development.js:21626:16)
    at HTMLUnknownElement.callCallback (D:\Projects\learning_catalyst\node_modules\react-dom\cjs\react-dom.development.js:4164:14)
    at HTMLUnknownElement.callTheUserObjectsOperation (D:\Projects\learning_catalyst\node_modules\jsdom\lib\jsdom\living\generated\EventListener.js:26:30)
    at innerInvokeEventListeners (D:\Projects\learning_catalyst\node_modules\jsdom\lib\jsdom\living\events\EventTarget-impl.js:360:16)
    at invokeEventListeners (D:\Projects\learning_catalyst\node_modules\jsdom\lib\jsdom\living\events\EventTarget-impl.js:296:3)
    at HTMLUnknownElementImpl._dispatch (D:\Projects\learning_catalyst\node_modules\jsdom\lib\jsdom\living\events\EventTarget-impl.js:243:9)
    at HTMLUnknownElementImpl.dispatchEvent (D:\Projects\learning_catalyst\node_modules\jsdom\lib\jsdom\living\events\EventTarget-impl.js:114:17)
Error: Test error
    at ThrowError (D:/Projects/learning_catalyst/src/renderer/shared/ui/__tests__/ErrorBoundary.test.tsx:10:11)
    at renderWithHooks (D:\Projects\learning_catalyst\node_modules\react-dom\cjs\react-dom.development.js:15486:18)
    at mountIndeterminateComponent (D:\Projects\learning_catalyst\node_modules\react-dom\cjs\react-dom.development.js:20103:13)
    at beginWork (D:\Projects\learning_catalyst\node_modules\react-dom\cjs\react-dom.development.js:21626:16)
    at HTMLUnknownElement.callCallback (D:\Projects\learning_catalyst\node_modules\react-dom\cjs\react-dom.development.js:4164:14)
    at HTMLUnknownElement.callTheUserObjectsOperation (D:\Projects\learning_catalyst\node_modules\jsdom\lib\jsdom\living\generated\EventListener.js:26:30)
    at innerInvokeEventListeners (D:\Projects\learning_catalyst\node_modules\jsdom\lib\jsdom\living\events\EventTarget-impl.js:360:16)
    at invokeEventListeners (D:\Projects\learning_catalyst\node_modules\jsdom\lib\jsdom\living\events\EventTarget-impl.js:296:3)
    at HTMLUnknownElementImpl._dispatch (D:\Projects\learning_catalyst\node_modules\jsdom\lib\jsdom\living\events\EventTarget-impl.js:243:9)
    at HTMLUnknownElementImpl.dispatchEvent (D:\Projects\learning_catalyst\node_modules\jsdom\lib\jsdom\living\events\EventTarget-impl.js:114:17)
Error: Test error
    at ThrowError (D:/Projects/learning_catalyst/src/renderer/shared/ui/__tests__/ErrorBoundary.test.tsx:10:11)
    at renderWithHooks (D:\Projects\learning_catalyst\node_modules\react-dom\cjs\react-dom.development.js:15486:18)
    at mountIndeterminateComponent (D:\Projects\learning_catalyst\node_modules\react-dom\cjs\react-dom.development.js:20103:13)
    at beginWork (D:\Projects\learning_catalyst\node_modules\react-dom\cjs\react-dom.development.js:21626:16)
    at HTMLUnknownElement.callCallback (D:\Projects\learning_catalyst\node_modules\react-dom\cjs\react-dom.development.js:4164:14)
    at HTMLUnknownElement.callTheUserObjectsOperation (D:\Projects\learning_catalyst\node_modules\jsdom\lib\jsdom\living\generated\EventListener.js:26:30)
    at innerInvokeEventListeners (D:\Projects\learning_catalyst\node_modules\jsdom\lib\jsdom\living\events\EventTarget-impl.js:360:16)
    at invokeEventListeners (D:\Projects\learning_catalyst\node_modules\jsdom\lib\jsdom\living\events\EventTarget-impl.js:296:3)
    at HTMLUnknownElementImpl._dispatch (D:\Projects\learning_catalyst\node_modules\jsdom\lib\jsdom\living\events\EventTarget-impl.js:243:9)
    at HTMLUnknownElementImpl.dispatchEvent (D:\Projects\learning_catalyst\node_modules\jsdom\lib\jsdom\living\events\EventTarget-impl.js:114:17)
Error: Test error
    at ThrowError (D:/Projects/learning_catalyst/src/renderer/shared/ui/__tests__/ErrorBoundary.test.tsx:10:11)
    at renderWithHooks (D:\Projects\learning_catalyst\node_modules\react-dom\cjs\react-dom.development.js:15486:18)
    at mountIndeterminateComponent (D:\Projects\learning_catalyst\node_modules\react-dom\cjs\react-dom.development.js:20103:13)
    at beginWork (D:\Projects\learning_catalyst\node_modules\react-dom\cjs\react-dom.development.js:21626:16)
    at HTMLUnknownElement.callCallback (D:\Projects\learning_catalyst\node_modules\react-dom\cjs\react-dom.development.js:4164:14)
    at HTMLUnknownElement.callTheUserObjectsOperation (D:\Projects\learning_catalyst\node_modules\jsdom\lib\jsdom\living\generated\EventListener.js:26:30)
    at innerInvokeEventListeners (D:\Projects\learning_catalyst\node_modules\jsdom\lib\jsdom\living\events\EventTarget-impl.js:360:16)
    at invokeEventListeners (D:\Projects\learning_catalyst\node_modules\jsdom\lib\jsdom\living\events\EventTarget-impl.js:296:3)
    at HTMLUnknownElementImpl._dispatch (D:\Projects\learning_catalyst\node_modules\jsdom\lib\jsdom\living\events\EventTarget-impl.js:243:9)
    at HTMLUnknownElementImpl.dispatchEvent (D:\Projects\learning_catalyst\node_modules\jsdom\lib\jsdom\living\events\EventTarget-impl.js:114:17)
Error: Test error
    at ThrowError (D:/Projects/learning_catalyst/src/renderer/shared/ui/__tests__/ErrorBoundary.test.tsx:10:11)
    at renderWithHooks (D:\Projects\learning_catalyst\node_modules\react-dom\cjs\react-dom.development.js:15486:18)
    at mountIndeterminateComponent (D:\Projects\learning_catalyst\node_modules\react-dom\cjs\react-dom.development.js:20103:13)
    at beginWork (D:\Projects\learning_catalyst\node_modules\react-dom\cjs\react-dom.development.js:21626:16)
    at HTMLUnknownElement.callCallback (D:\Projects\learning_catalyst\node_modules\react-dom\cjs\react-dom.development.js:4164:14)
    at HTMLUnknownElement.callTheUserObjectsOperation (D:\Projects\learning_catalyst\node_modules\jsdom\lib\jsdom\living\generated\EventListener.js:26:30)
    at innerInvokeEventListeners (D:\Projects\learning_catalyst\node_modules\jsdom\lib\jsdom\living\events\EventTarget-impl.js:360:16)
    at invokeEventListeners (D:\Projects\learning_catalyst\node_modules\jsdom\lib\jsdom\living\events\EventTarget-impl.js:296:3)
    at HTMLUnknownElementImpl._dispatch (D:\Projects\learning_catalyst\node_modules\jsdom\lib\jsdom\living\events\EventTarget-impl.js:243:9)
    at HTMLUnknownElementImpl.dispatchEvent (D:\Projects\learning_catalyst\node_modules\jsdom\lib\jsdom\living\events\EventTarget-impl.js:114:17)
Error: Test error
    at ThrowError (D:/Projects/learning_catalyst/src/renderer/shared/ui/__tests__/ErrorBoundary.test.tsx:10:11)
    at renderWithHooks (D:\Projects\learning_catalyst\node_modules\react-dom\cjs\react-dom.development.js:15486:18)
    at mountIndeterminateComponent (D:\Projects\learning_catalyst\node_modules\react-dom\cjs\react-dom.development.js:20103:13)
    at beginWork (D:\Projects\learning_catalyst\node_modules\react-dom\cjs\react-dom.development.js:21626:16)
    at HTMLUnknownElement.callCallback (D:\Projects\learning_catalyst\node_modules\react-dom\cjs\react-dom.development.js:4164:14)
    at HTMLUnknownElement.callTheUserObjectsOperation (D:\Projects\learning_catalyst\node_modules\jsdom\lib\jsdom\living\generated\EventListener.js:26:30)
    at innerInvokeEventListeners (D:\Projects\learning_catalyst\node_modules\jsdom\lib\jsdom\living\events\EventTarget-impl.js:360:16)
    at invokeEventListeners (D:\Projects\learning_catalyst\node_modules\jsdom\lib\jsdom\living\events\EventTarget-impl.js:296:3)
    at HTMLUnknownElementImpl._dispatch (D:\Projects\learning_catalyst\node_modules\jsdom\lib\jsdom\living\events\EventTarget-impl.js:243:9)
    at HTMLUnknownElementImpl.dispatchEvent (D:\Projects\learning_catalyst\node_modules\jsdom\lib\jsdom\living\events\EventTarget-impl.js:114:17)
Error: Test error
    at ThrowError (D:/Projects/learning_catalyst/src/renderer/shared/ui/__tests__/ErrorBoundary.test.tsx:10:11)
    at renderWithHooks (D:\Projects\learning_catalyst\node_modules\react-dom\cjs\react-dom.development.js:15486:18)
    at mountIndeterminateComponent (D:\Projects\learning_catalyst\node_modules\react-dom\cjs\react-dom.development.js:20103:13)
    at beginWork (D:\Projects\learning_catalyst\node_modules\react-dom\cjs\react-dom.development.js:21626:16)
    at HTMLUnknownElement.callCallback (D:\Projects\learning_catalyst\node_modules\react-dom\cjs\react-dom.development.js:4164:14)
    at HTMLUnknownElement.callTheUserObjectsOperation (D:\Projects\learning_catalyst\node_modules\jsdom\lib\jsdom\living\generated\EventListener.js:26:30)
    at innerInvokeEventListeners (D:\Projects\learning_catalyst\node_modules\jsdom\lib\jsdom\living\events\EventTarget-impl.js:360:16)
    at invokeEventListeners (D:\Projects\learning_catalyst\node_modules\jsdom\lib\jsdom\living\events\EventTarget-impl.js:296:3)
    at HTMLUnknownElementImpl._dispatch (D:\Projects\learning_catalyst\node_modules\jsdom\lib\jsdom\living\events\EventTarget-impl.js:243:9)
    at HTMLUnknownElementImpl.dispatchEvent (D:\Projects\learning_catalyst\node_modules\jsdom\lib\jsdom\living\events\EventTarget-impl.js:114:17)
Error: Test error
    at ThrowError (D:/Projects/learning_catalyst/src/renderer/shared/ui/__tests__/ErrorBoundary.test.tsx:10:11)
    at renderWithHooks (D:\Projects\learning_catalyst\node_modules\react-dom\cjs\react-dom.development.js:15486:18)
    at mountIndeterminateComponent (D:\Projects\learning_catalyst\node_modules\react-dom\cjs\react-dom.development.js:20103:13)
    at beginWork (D:\Projects\learning_catalyst\node_modules\react-dom\cjs\react-dom.development.js:21626:16)
    at HTMLUnknownElement.callCallback (D:\Projects\learning_catalyst\node_modules\react-dom\cjs\react-dom.development.js:4164:14)
    at HTMLUnknownElement.callTheUserObjectsOperation (D:\Projects\learning_catalyst\node_modules\jsdom\lib\jsdom\living\generated\EventListener.js:26:30)
    at innerInvokeEventListeners (D:\Projects\learning_catalyst\node_modules\jsdom\lib\jsdom\living\events\EventTarget-impl.js:360:16)
    at invokeEventListeners (D:\Projects\learning_catalyst\node_modules\jsdom\lib\jsdom\living\events\EventTarget-impl.js:296:3)
    at HTMLUnknownElementImpl._dispatch (D:\Projects\learning_catalyst\node_modules\jsdom\lib\jsdom\living\events\EventTarget-impl.js:243:9)
    at HTMLUnknownElementImpl.dispatchEvent (D:\Projects\learning_catalyst\node_modules\jsdom\lib\jsdom\living\events\EventTarget-impl.js:114:17)
Error: Test error
    at ThrowError (D:/Projects/learning_catalyst/src/renderer/shared/ui/__tests__/ErrorBoundary.test.tsx:10:11)
    at renderWithHooks (D:\Projects\learning_catalyst\node_modules\react-dom\cjs\react-dom.development.js:15486:18)
    at mountIndeterminateComponent (D:\Projects\learning_catalyst\node_modules\react-dom\cjs\react-dom.development.js:20103:13)
    at beginWork (D:\Projects\learning_catalyst\node_modules\react-dom\cjs\react-dom.development.js:21626:16)
    at HTMLUnknownElement.callCallback (D:\Projects\learning_catalyst\node_modules\react-dom\cjs\react-dom.development.js:4164:14)
    at HTMLUnknownElement.callTheUserObjectsOperation (D:\Projects\learning_catalyst\node_modules\jsdom\lib\jsdom\living\generated\EventListener.js:26:30)
    at innerInvokeEventListeners (D:\Projects\learning_catalyst\node_modules\jsdom\lib\jsdom\living\events\EventTarget-impl.js:360:16)
    at invokeEventListeners (D:\Projects\learning_catalyst\node_modules\jsdom\lib\jsdom\living\events\EventTarget-impl.js:296:3)
    at HTMLUnknownElementImpl._dispatch (D:\Projects\learning_catalyst\node_modules\jsdom\lib\jsdom\living\events\EventTarget-impl.js:243:9)
    at HTMLUnknownElementImpl.dispatchEvent (D:\Projects\learning_catalyst\node_modules\jsdom\lib\jsdom\living\events\EventTarget-impl.js:114:17)
Error: Test error
    at ThrowError (D:/Projects/learning_catalyst/src/renderer/shared/ui/__tests__/ErrorBoundary.test.tsx:10:11)
    at renderWithHooks (D:\Projects\learning_catalyst\node_modules\react-dom\cjs\react-dom.development.js:15486:18)
    at mountIndeterminateComponent (D:\Projects\learning_catalyst\node_modules\react-dom\cjs\react-dom.development.js:20103:13)
    at beginWork (D:\Projects\learning_catalyst\node_modules\react-dom\cjs\react-dom.development.js:21626:16)
    at HTMLUnknownElement.callCallback (D:\Projects\learning_catalyst\node_modules\react-dom\cjs\react-dom.development.js:4164:14)
    at HTMLUnknownElement.callTheUserObjectsOperation (D:\Projects\learning_catalyst\node_modules\jsdom\lib\jsdom\living\generated\EventListener.js:26:30)
    at innerInvokeEventListeners (D:\Projects\learning_catalyst\node_modules\jsdom\lib\jsdom\living\events\EventTarget-impl.js:360:16)
    at invokeEventListeners (D:\Projects\learning_catalyst\node_modules\jsdom\lib\jsdom\living\events\EventTarget-impl.js:296:3)
    at HTMLUnknownElementImpl._dispatch (D:\Projects\learning_catalyst\node_modules\jsdom\lib\jsdom\living\events\EventTarget-impl.js:243:9)
    at HTMLUnknownElementImpl.dispatchEvent (D:\Projects\learning_catalyst\node_modules\jsdom\lib\jsdom\living\events\EventTarget-impl.js:114:17)
Error: Test error
    at ThrowError (D:/Projects/learning_catalyst/src/renderer/shared/ui/__tests__/ErrorBoundary.test.tsx:10:11)
    at renderWithHooks (D:\Projects\learning_catalyst\node_modules\react-dom\cjs\react-dom.development.js:15486:18)
    at mountIndeterminateComponent (D:\Projects\learning_catalyst\node_modules\react-dom\cjs\react-dom.development.js:20103:13)
    at beginWork (D:\Projects\learning_catalyst\node_modules\react-dom\cjs\react-dom.development.js:21626:16)
    at HTMLUnknownElement.callCallback (D:\Projects\learning_catalyst\node_modules\react-dom\cjs\react-dom.development.js:4164:14)
    at HTMLUnknownElement.callTheUserObjectsOperation (D:\Projects\learning_catalyst\node_modules\jsdom\lib\jsdom\living\generated\EventListener.js:26:30)
    at innerInvokeEventListeners (D:\Projects\learning_catalyst\node_modules\jsdom\lib\jsdom\living\events\EventTarget-impl.js:360:16)
    at invokeEventListeners (D:\Projects\learning_catalyst\node_modules\jsdom\lib\jsdom\living\events\EventTarget-impl.js:296:3)
    at HTMLUnknownElementImpl._dispatch (D:\Projects\learning_catalyst\node_modules\jsdom\lib\jsdom\living\events\EventTarget-impl.js:243:9)
    at HTMLUnknownElementImpl.dispatchEvent (D:\Projects\learning_catalyst\node_modules\jsdom\lib\jsdom\living\events\EventTarget-impl.js:114:17)
Error: Test error
    at ThrowError (D:/Projects/learning_catalyst/src/renderer/shared/ui/__tests__/ErrorBoundary.test.tsx:10:11)
    at renderWithHooks (D:\Projects\learning_catalyst\node_modules\react-dom\cjs\react-dom.development.js:15486:18)
    at mountIndeterminateComponent (D:\Projects\learning_catalyst\node_modules\react-dom\cjs\react-dom.development.js:20103:13)
    at beginWork (D:\Projects\learning_catalyst\node_modules\react-dom\cjs\react-dom.development.js:21626:16)
    at HTMLUnknownElement.callCallback (D:\Projects\learning_catalyst\node_modules\react-dom\cjs\react-dom.development.js:4164:14)
    at HTMLUnknownElement.callTheUserObjectsOperation (D:\Projects\learning_catalyst\node_modules\jsdom\lib\jsdom\living\generated\EventListener.js:26:30)
    at innerInvokeEventListeners (D:\Projects\learning_catalyst\node_modules\jsdom\lib\jsdom\living\events\EventTarget-impl.js:360:16)
    at invokeEventListeners (D:\Projects\learning_catalyst\node_modules\jsdom\lib\jsdom\living\events\EventTarget-impl.js:296:3)
    at HTMLUnknownElementImpl._dispatch (D:\Projects\learning_catalyst\node_modules\jsdom\lib\jsdom\living\events\EventTarget-impl.js:243:9)
    at HTMLUnknownElementImpl.dispatchEvent (D:\Projects\learning_catalyst\node_modules\jsdom\lib\jsdom\living\events\EventTarget-impl.js:114:17)
 [32m✓[39m [30m[46m renderer-thread [49m[39m src/renderer/pages/settings/__tests__/SettingsPage.behavior.test.tsx[2m > [22mSettingsPage behavior[2m > [22msaves updated UI theme via configService[33m 497[2mms[22m[39m
 [32m✓[39m [30m[46m renderer-thread [49m[39m src/renderer/pages/settings/__tests__/SettingsPage.behavior.test.tsx[2m > [22mSettingsPage behavior[2m > [22mshows save failure state when configService.saveConfig rejects[32m 273[2mms[22m[39m
 [31m×[39m [30m[46m renderer-thread [49m[39m src/renderer/features/knowledge/ui/__tests__/KnowledgeGameMap.test.tsx[2m > [22mKnowledgeGameMap[2m > [22mContext Menu[2m > [22mshould open context menu and handle actions[33m 1024[2mms[22m[39m
[31m   → Unable to find an element with the text: Alpha. This could be because the text is broken up by multiple elements. In this case, you can provide a function for your text matcher to make your matcher more flexible.

Ignored nodes: comments, script, style
[36m<body>[31m
  [36m<div>[31m
    [36m<div[31m
      [33mclass[31m=[32m"relative bg-gradient-to-br from-slate-50 to-slate-100 dark:from-gray-900 dark:to-gray-800 rounded-lg border border-gray-200 dark:border-gray-700 overflow-hidden touch-none "[31m
      [33mstyle[31m=[32m"min-height: 520px; height: 100%; overscroll-behavior: contain;"[31m
    [36m>[31m
      [36m<div[31m
        [33mclass[31m=[32m"flex items-center justify-center h-full text-gray-500"[31m
      [36m>[31m
        [0mKnowledge graph visualization will be rendered here[0m
      [36m</div>[31m
    [36m</div>[31m
  [36m</div>[31m
[36m</body>[31m

Ignored nodes: comments, script, style
[36m<html>[31m
  [36m<head />[31m
  [36m<body>[31m
    [36m<div>[31m
      [36m<div[31m
        [33mclass[31m=[32m"relative bg-gradient-to-br from-slate-50 to-slate-100 dark:from-gray-900 dark:to-gray-800 rounded-lg border border-gray-200 dark:border-gray-700 overflow-hidden touch-none "[31m
        [33mstyle[31m=[32m"min-height: 520px; height: 100%; overscroll-behavior: contain;"[31m
      [36m>[31m
        [36m<div[31m
          [33mclass[31m=[32m"flex items-center justify-center h-full text-gray-500"[31m
        [36m>[31m
          [0mKnowledge graph visualization will be rendered here[0m
        [36m</div>[31m
      [36m</div>[31m
    [36m</div>[31m
  [36m</body>[31m
[36m</html>[31m[39m
 [32m✓[39m [30m[46m renderer-thread [49m[39m src/renderer/pages/settings/__tests__/SettingsPage.behavior.test.tsx[2m > [22mSettingsPage behavior[2m > [22mdebounces multiple UI changes into a single save[33m 323[2mms[22m[39m
 [32m✓[39m [30m[46m renderer-thread [49m[39m src/renderer/__tests__/main-entry.test.tsx[2m > [22mrenderer entry (main.tsx)[2m > [22mcreates a React root and renders App tree[33m 7378[2mms[22m[39m
 [31m×[39m [30m[46m renderer-thread [49m[39m src/renderer/features/knowledge/ui/__tests__/KnowledgeGameMap.test.tsx[2m > [22mKnowledgeGameMap[2m > [22mError Handling[2m > [22mshould handle API errors gracefully[33m 1011[2mms[22m[39m
[31m   → Unable to find an element with the text: /Network error/. This could be because the text is broken up by multiple elements. In this case, you can provide a function for your text matcher to make your matcher more flexible.

Ignored nodes: comments, script, style
[36m<body>[31m
  [36m<div>[31m
    [36m<div[31m
      [33mclass[31m=[32m"relative bg-gradient-to-br from-slate-50 to-slate-100 dark:from-gray-900 dark:to-gray-800 rounded-lg border border-gray-200 dark:border-gray-700 overflow-hidden touch-none "[31m
      [33mstyle[31m=[32m"min-height: 520px; height: 100%; overscroll-behavior: contain;"[31m
    [36m>[31m
      [36m<div[31m
        [33mclass[31m=[32m"absolute top-2 left-2 right-2 bg-red-50 border border-red-200 text-red-700 text-xs rounded px-3 py-2 flex items-center gap-2 z-10"[31m
      [36m>[31m
        [36m<svg[31m
          [33maria-hidden[31m=[32m"true"[31m
          [33mclass[31m=[32m"w-4 h-4"[31m
          [33mdata-slot[31m=[32m"icon"[31m
          [33mfill[31m=[32m"none"[31m
          [33mstroke[31m=[32m"currentColor"[31m
          [33mstroke-width[31m=[32m"1.5"[31m
          [33mviewBox[31m=[32m"0 0 24 24"[31m
          [33mxmlns[31m=[32m"http://www.w3.org/2000/svg"[31m
        [36m>[31m
          [36m<path[31m
            [33md[31m=[32m"M12 9v3.75m9-.75a9 9 0 1 1-18 0 9 9 0 0 1 18 0Zm-9 3.75h.008v.008H12v-.008Z"[31m
            [33mstroke-linecap[31m=[32m"round"[31m
            [33mstroke-linejoin[31m=[32m"round"[31m
          [36m/>[31m
        [36m</svg>[31m
        [36m<span>[31m
          [0m[object Object][0m
        [36m</span>[31m
      [36m</div>[31m
      [36m<div[31m
        [33mclass[31m=[32m"flex items-center justify-center h-full text-gray-500"[31m
      [36m>[31m
        [0mKnowledge graph visualization will be rendered here[0m
      [36m</div>[31m
    [36m</div>[31m
  [36m</div>[31m
[36m</body>[31m

Ignored nodes: comments, script, style
[36m<html>[31m
  [36m<head />[31m
  [36m<body>[31m
    [36m<div>[31m
      [36m<div[31m
        [33mclass[31m=[32m"relative bg-gradient-to-br from-slate-50 to-slate-100 dark:from-gray-900 dark:to-gray-800 rounded-lg border border-gray-200 dark:border-gray-700 overflow-hidden touch-none "[31m
        [33mstyle[31m=[32m"min-height: 520px; height: 100%; overscroll-behavior: contain;"[31m
      [36m>[31m
        [36m<div[31m
          [33mclass[31m=[32m"absolute top-2 left-2 right-2 bg-red-50 border border-red-200 text-red-700 text-xs rounded px-3 py-2 flex items-center gap-2 z-10"[31m
        [36m>[31m
          [36m<svg[31m
            [33maria-hidden[31m=[32m"true"[31m
            [33mclass[31m=[32m"w-4 h-4"[31m
            [33mdata-slot[31m=[32m"icon"[31m
            [33mfill[31m=[32m"none"[31m
            [33mstroke[31m=[32m"currentColor"[31m
            [33mstroke-width[31m=[32m"1.5"[31m
            [33mviewBox[31m=[32m"0 0 24 24"[31m
            [33mxmlns[31m=[32m"http://www.w3.org/2000/svg"[31m
          [36m>[31m
            [36m<path[31m
              [33md[31m=[32m"M12 9v3.75m9-.75a9 9 0 1 1-18 0 9 9 0 0 1 18 0Zm-9 3.75h.008v.008H12v-.008Z"[31m
              [33mstroke-linecap[31m=[32m"round"[31m
              [33mstroke-linejoin[31m=[32m"round"[31m
            [36m/>[31m
          [36m</svg>[31m
          [36m<span>[31m
            [0m[object Object][0m
          [36m</span>[31m
        [36m</div>[31m
        [36m<div[31m
          [33mclass[31m=[32m"flex items-center justify-center h-full text-gray-500"[31m
        [36m>[31m
          [0mKnowledge graph visualization will be rendered here[0m
        [36m</div>[31m
      [36m</div>[31m
    [36m</div>[31m
  [36m</body>[31m
[36m</html>[31m[39m
 [32m✓[39m [30m[46m renderer-thread [49m[39m src/renderer/features/config/ui/__tests__/AdvancedSettings.test.tsx[2m > [22mAdvancedSettings[2m > [22mrenders headings and inputs[32m 122[2mms[22m[39m
 [32m✓[39m [30m[46m renderer-thread [49m[39m src/renderer/features/config/ui/__tests__/AdvancedSettings.test.tsx[2m > [22mAdvancedSettings[2m > [22mupdates performance fields[32m 29[2mms[22m[39m
 [32m✓[39m [30m[46m renderer-thread [49m[39m src/renderer/features/config/ui/__tests__/AdvancedSettings.test.tsx[2m > [22mAdvancedSettings[2m > [22mtoggles privacy flags[32m 79[2mms[22m[39m
 [32m✓[39m [30m[46m renderer-thread [49m[39m src/renderer/features/analytics/ui/__tests__/StudyStreak.test.tsx[2m > [22mStudyStreak Component[2m > [22mBasic Rendering[2m > [22mrenders streak information correctly[32m 84[2mms[22m[39m
 [32m✓[39m [30m[46m renderer-thread [49m[39m src/renderer/features/discovery/ui/__tests__/FileSelector.behavior.test.tsx[2m > [22mFileSelector[2m > [22mfilters by markdown and directories[32m 131[2mms[22m[39m
 [32m✓[39m [30m[46m renderer-thread [49m[39m src/renderer/features/discovery/ui/__tests__/FileSelector.behavior.test.tsx[2m > [22mFileSelector[2m > [22msorts by size descending[32m 33[2mms[22m[39m
 [32m✓[39m [30m[46m renderer-thread [49m[39m src/renderer/features/discovery/ui/__tests__/FileSelector.behavior.test.tsx[2m > [22mFileSelector[2m > [22mtoggles file and directory selection and allows clearing[32m 39[2mms[22m[39m
 [32m✓[39m [30m[46m renderer-thread [49m[39m src/renderer/features/analytics/ui/__tests__/StudyStreak.test.tsx[2m > [22mStudyStreak Component[2m > [22mBasic Rendering[2m > [22mdisplays correct emoji for streak level[32m 54[2mms[22m[39m
 [32m✓[39m [30m[46m renderer-thread [49m[39m src/renderer/features/analytics/ui/__tests__/StudyStreak.test.tsx[2m > [22mStudyStreak Component[2m > [22mBasic Rendering[2m > [22mdisplays appropriate streak message[32m 35[2mms[22m[39m
 [32m✓[39m [30m[46m renderer-thread [49m[39m src/renderer/features/analytics/ui/__tests__/StudyStreak.test.tsx[2m > [22mStudyStreak Component[2m > [22mLast Study Date[2m > [22mdisplays last study date when provided[32m 23[2mms[22m[39m
 [32m✓[39m [30m[46m renderer-thread [49m[39m src/renderer/features/analytics/ui/__tests__/StudyStreak.test.tsx[2m > [22mStudyStreak Component[2m > [22mLast Study Date[2m > [22mshows checkmark when studied today[32m 15[2mms[22m[39m
 [32m✓[39m [30m[46m renderer-thread [49m[39m src/renderer/features/analytics/ui/__tests__/StudyStreak.test.tsx[2m > [22mStudyStreak Component[2m > [22mLast Study Date[2m > [22mdoes not show last study info when date not provided[32m 19[2mms[22m[39m
 [32m✓[39m [30m[46m renderer-thread [49m[39m src/renderer/features/knowledge/ui/__tests__/knowledge-components.test.tsx[2m > [22mKnowledge components placeholders[2m > [22mrenders KnowledgeSearch placeholder copy with optional className[32m 65[2mms[22m[39m
 [32m✓[39m [30m[46m renderer-thread [49m[39m src/renderer/features/analytics/ui/__tests__/StudyStreak.test.tsx[2m > [22mStudyStreak Component[2m > [22mGoal Progress[2m > [22mdisplays weekly goal progress correctly[32m 12[2mms[22m[39m
 [32m✓[39m [30m[46m renderer-thread [49m[39m src/renderer/features/analytics/ui/__tests__/StudyStreak.test.tsx[2m > [22mStudyStreak Component[2m > [22mGoal Progress[2m > [22mshows achievement message when goal is reached[32m 13[2mms[22m[39m
 [32m✓[39m [30m[46m renderer-thread [49m[39m src/renderer/features/analytics/ui/__tests__/StudyStreak.test.tsx[2m > [22mStudyStreak Component[2m > [22mGoal Progress[2m > [22mdoes not show achievement when goal not reached[32m 19[2mms[22m[39m
 [32m✓[39m [30m[46m renderer-thread [49m[39m src/renderer/features/analytics/ui/__tests__/StudyStreak.test.tsx[2m > [22mStudyStreak Component[2m > [22mGoal Progress[2m > [22mprogress bar fills correctly based on streak percentage[32m 17[2mms[22m[39m
 [32m✓[39m [30m[46m renderer-thread [49m[39m src/renderer/features/analytics/ui/__tests__/StudyStreak.test.tsx[2m > [22mStudyStreak Component[2m > [22mGoal Progress[2m > [22mprogress bar caps at 100%[32m 10[2mms[22m[39m
 [32m✓[39m [30m[46m renderer-thread [49m[39m src/renderer/features/analytics/ui/__tests__/StudyStreak.test.tsx[2m > [22mStudyStreak Component[2m > [22mMini Calendar[2m > [22mdisplays week calendar correctly[32m 22[2mms[22m[39m
 [32m✓[39m [30m[46m renderer-thread [49m[39m src/renderer/features/analytics/ui/__tests__/StudyStreak.test.tsx[2m > [22mStudyStreak Component[2m > [22mMini Calendar[2m > [22mhighlights studied days correctly[32m 10[2mms[22m[39m
 [32m✓[39m [30m[46m renderer-thread [49m[39m src/renderer/features/knowledge/ui/__tests__/knowledge-components.test.tsx[2m > [22mKnowledge components placeholders[2m > [22mcreates relationship and lists existing ones[32m 120[2mms[22m[39m
 [32m✓[39m [30m[46m renderer-thread [49m[39m src/renderer/pages/progress/__tests__/ProgressPage.behavior.test.tsx[2m > [22mProgressPage behavior[2m > [22mrenders study metrics, agents, and active executions[32m 187[2mms[22m[39m
 [32m✓[39m [30m[46m renderer-thread [49m[39m src/renderer/features/analytics/ui/__tests__/StudyStreak.test.tsx[2m > [22mStudyStreak Component[2m > [22mMini Calendar[2m > [22mapplies correct styling to calendar days[32m 22[2mms[22m[39m
 [32m✓[39m [30m[46m renderer-thread [49m[39m src/renderer/features/analytics/ui/__tests__/StudyStreak.test.tsx[2m > [22mStudyStreak Component[2m > [22mCustom Styling[2m > [22mapplies custom className when provided[32m 5[2mms[22m[39m
 [32m✓[39m [30m[46m renderer-thread [49m[39m src/renderer/features/analytics/ui/__tests__/StudyStreak.test.tsx[2m > [22mStudyStreak Component[2m > [22mCustom Styling[2m > [22mmaintains default styling with custom className[32m 7[2mms[22m[39m
 [32m✓[39m [30m[46m renderer-thread [49m[39m src/renderer/features/analytics/ui/__tests__/StudyStreak.test.tsx[2m > [22mStudyStreak Component[2m > [22mEdge Cases[2m > [22mhandles zero streak gracefully[32m 11[2mms[22m[39m
 [32m✓[39m [30m[46m renderer-thread [49m[39m src/renderer/features/analytics/ui/__tests__/StudyStreak.test.tsx[2m > [22mStudyStreak Component[2m > [22mEdge Cases[2m > [22mhandles very large streak numbers[32m 23[2mms[22m[39m
 [32m✓[39m [30m[46m renderer-thread [49m[39m src/renderer/features/analytics/ui/__tests__/StudyStreak.test.tsx[2m > [22mStudyStreak Component[2m > [22mEdge Cases[2m > [22mhandles custom goal days[32m 14[2mms[22m[39m
 [32m✓[39m [30m[46m renderer-thread [49m[39m src/renderer/features/analytics/ui/__tests__/StudyStreak.test.tsx[2m > [22mStudyStreak Component[2m > [22mAccessibility[2m > [22mhas proper heading structure[32m 25[2mms[22m[39m
 [32m✓[39m [30m[46m renderer-thread [49m[39m src/renderer/features/analytics/ui/__tests__/StudyStreak.test.tsx[2m > [22mStudyStreak Component[2m > [22mAccessibility[2m > [22mprovides meaningful text content[32m 14[2mms[22m[39m
 [32m✓[39m [30m[46m renderer-thread [49m[39m src/renderer/features/analytics/ui/__tests__/StudyStreak.test.tsx[2m > [22mStudyStreak Component[2m > [22mAccessibility[2m > [22mcalendar days have tooltips for context[32m 10[2mms[22m[39m
 [32m✓[39m [30m[46m renderer-thread [49m[39m src/renderer/features/knowledge/ui/__tests__/knowledge-components.test.tsx[2m > [22mKnowledge components placeholders[2m > [22mrenders KnowledgeGraphVisualization with loaded data[32m 36[2mms[22m[39m
 [32m✓[39m [30m[46m renderer-thread [49m[39m src/renderer/features/knowledge/ui/__tests__/knowledge-components.test.tsx[2m > [22mKnowledge components placeholders[2m > [22mloads concepts and allows selecting + saving in ConceptManager[32m 87[2mms[22m[39m
 [32m✓[39m [30m[46m renderer-thread [49m[39m src/renderer/pages/progress/__tests__/ProgressPage.behavior.test.tsx[2m > [22mProgressPage behavior[2m > [22mshows error state and retries when refresh clicked[32m 251[2mms[22m[39m
 [32m✓[39m [30m[46m renderer-thread [49m[39m src/renderer/pages/chat/__tests__/history-loading-bug.test.tsx[2m > [22m🚨 BUG: History Messages Not Loading[2m > [22mSession Switch[2m > [22mshould load messages when switching to existing session[32m 117[2mms[22m[39m
 [32m✓[39m [30m[46m renderer-thread [49m[39m src/renderer/pages/chat/__tests__/history-loading-bug.test.tsx[2m > [22m🚨 BUG: History Messages Not Loading[2m > [22mSession Switch[2m > [22mshould load messages from checkpoint when session has history[32m 7[2mms[22m[39m
 [32m✓[39m [30m[46m renderer-thread [49m[39m src/renderer/pages/chat/__tests__/history-loading-bug.test.tsx[2m > [22m🚨 BUG: History Messages Not Loading[2m > [22mSession Switch[2m > [22mshould preserve message order when loading history[32m 3[2mms[22m[39m
 [32m✓[39m [30m[46m renderer-thread [49m[39m src/renderer/pages/chat/__tests__/history-loading-bug.test.tsx[2m > [22m🚨 BUG: History Messages Not Loading[2m > [22mSession Switch[2m > [22mshould handle empty history gracefully[32m 3[2mms[22m[39m
 [32m✓[39m [30m[46m renderer-thread [49m[39m src/renderer/pages/chat/__tests__/history-loading-bug.test.tsx[2m > [22m🚨 BUG: History Messages Not Loading[2m > [22mSession Switch[2m > [22mshould load session metadata along with messages[32m 2[2mms[22m[39m
 [32m✓[39m [30m[46m renderer-thread [49m[39m src/renderer/pages/chat/__tests__/history-loading-bug.test.tsx[2m > [22m🚨 BUG: History Messages Not Loading[2m > [22mCheckpoint Integration[2m > [22mshould load messages from LangGraph checkpoints[32m 4[2mms[22m[39m
 [32m✓[39m [30m[46m renderer-thread [49m[39m src/renderer/pages/chat/__tests__/history-loading-bug.test.tsx[2m > [22m🚨 BUG: History Messages Not Loading[2m > [22mCheckpoint Integration[2m > [22mshould merge checkpoint messages with session metadata[32m 4[2mms[22m[39m
 [32m✓[39m [30m[46m renderer-thread [49m[39m src/renderer/pages/chat/__tests__/history-loading-bug.test.tsx[2m > [22m🚨 BUG: History Messages Not Loading[2m > [22mCheckpoint Integration[2m > [22mshould handle missing checkpoint gracefully[32m 2[2mms[22m[39m
 [32m✓[39m [30m[46m renderer-thread [49m[39m src/renderer/pages/chat/__tests__/history-loading-bug.test.tsx[2m > [22m🚨 BUG: History Messages Not Loading[2m > [22mError Handling[2m > [22mshould handle message fetch failure gracefully[32m 4[2mms[22m[39m
 [32m✓[39m [30m[46m renderer-thread [49m[39m src/renderer/pages/chat/__tests__/history-loading-bug.test.tsx[2m > [22m🚨 BUG: History Messages Not Loading[2m > [22mError Handling[2m > [22mshould show error state when checkpoint missing[32m 2[2mms[22m[39m
 [32m✓[39m [30m[46m renderer-thread [49m[39m src/renderer/pages/chat/__tests__/history-loading-bug.test.tsx[2m > [22m🚨 BUG: History Messages Not Loading[2m > [22mError Handling[2m > [22mshould handle network errors during message load[32m 2[2mms[22m[39m
 [32m✓[39m [30m[46m renderer-thread [49m[39m src/renderer/pages/chat/__tests__/history-loading-bug.test.tsx[2m > [22m🚨 BUG: History Messages Not Loading[2m > [22mError Handling[2m > [22mshould handle database errors during session fetch[32m 1[2mms[22m[39m
 [32m✓[39m [30m[46m renderer-thread [49m[39m src/renderer/pages/chat/__tests__/history-loading-bug.test.tsx[2m > [22m🚨 BUG: History Messages Not Loading[2m > [22mPersistence Verification[2m > [22mshould persist new messages to checkpoint after sending[32m 4[2mms[22m[39m
 [32m✓[39m [30m[46m renderer-thread [49m[39m src/renderer/pages/chat/__tests__/history-loading-bug.test.tsx[2m > [22m🚨 BUG: History Messages Not Loading[2m > [22mPersistence Verification[2m > [22mshould sync message count between UI and database[32m 4[2mms[22m[39m
 [32m✓[39m [30m[46m renderer-thread [49m[39m src/renderer/pages/chat/__tests__/history-loading-bug.test.tsx[2m > [22m🚨 BUG: History Messages Not Loading[2m > [22mPersistence Verification[2m > [22mshould update checkpoint when conversation continues[32m 3[2mms[22m[39m
 [32m✓[39m [30m[46m renderer-thread [49m[39m src/renderer/pages/chat/__tests__/history-loading-bug.test.tsx[2m > [22m🚨 BUG: History Messages Not Loading[2m > [22mThread List Integration[2m > [22mshould show thread with message count in sidebar[32m 3[2mms[22m[39m
 [32m✓[39m [30m[46m renderer-thread [49m[39m src/renderer/pages/chat/__tests__/history-loading-bug.test.tsx[2m > [22m🚨 BUG: History Messages Not Loading[2m > [22mThread List Integration[2m > [22mshould indicate sessions with unread messages[32m 2[2mms[22m[39m
 [32m✓[39m [30m[46m renderer-thread [49m[39m src/renderer/pages/chat/__tests__/history-loading-bug.test.tsx[2m > [22m🚨 BUG: History Messages Not Loading[2m > [22mMessage Content Types[2m > [22mshould load text messages correctly[32m 2[2mms[22m[39m
 [32m✓[39m [30m[46m renderer-thread [49m[39m src/renderer/pages/chat/__tests__/history-loading-bug.test.tsx[2m > [22m🚨 BUG: History Messages Not Loading[2m > [22mMessage Content Types[2m > [22mshould handle tool call messages[32m 2[2mms[22m[39m
 [32m✓[39m [30m[46m renderer-thread [49m[39m src/renderer/pages/chat/__tests__/history-loading-bug.test.tsx[2m > [22m🚨 BUG: History Messages Not Loading[2m > [22mMessage Content Types[2m > [22mshould handle mixed message types in history[32m 2[2mms[22m[39m
 [32m✓[39m [30m[46m renderer-thread [49m[39m src/renderer/pages/chat/__tests__/history-loading-bug.test.tsx[2m > [22m🚨 BUG: History Messages Not Loading[2m > [22mLarge History Handling[2m > [22mshould load large history (100+ messages) without crashing[32m 2[2mms[22m[39m
 [32m✓[39m [30m[46m renderer-thread [49m[39m src/renderer/pages/chat/__tests__/history-loading-bug.test.tsx[2m > [22m🚨 BUG: History Messages Not Loading[2m > [22mLarge History Handling[2m > [22mshould paginate very large histories[32m 4[2mms[22m[39m
 [32m✓[39m [30m[46m renderer-thread [49m[39m src/renderer/features/analytics/ui/__tests__/ProgressChart.test.tsx[2m > [22mProgressChart[2m > [22mrenders title and percentage with custom size/color[32m 215[2mms[22m[39m
 [32m✓[39m [30m[46m renderer-thread [49m[39m src/renderer/features/analytics/ui/__tests__/ProgressChart.test.tsx[2m > [22mProgressChart[2m > [22mmarks complete when value reaches max[32m 32[2mms[22m[39m
 [32m✓[39m [30m[46m renderer-thread [49m[39m src/renderer/features/analytics/ui/__tests__/ProgressChart.test.tsx[2m > [22mProgressBar[2m > [22mshows percentage and applies glow when showGlow enabled[32m 19[2mms[22m[39m
 [32m✓[39m [30m[46m renderer-thread [49m[39m src/renderer/features/analytics/ui/__tests__/ProgressChart.test.tsx[2m > [22mProgressBar[2m > [22mhandles over-100 values clamped to 100%[32m 14[2mms[22m[39m
 [32m✓[39m [30m[46m renderer-thread [49m[39m src/renderer/features/analytics/ui/__tests__/SessionTracking.test.tsx[2m > [22mSessionTracking[2m > [22mshows a loading indicator while sessions are fetched[32m 78[2mms[22m[39m
 [32m✓[39m [30m[46m renderer-thread [49m[39m src/renderer/features/analytics/ui/__tests__/SessionTracking.test.tsx[2m > [22mSessionTracking[2m > [22mrenders session summaries once data loads[32m 129[2mms[22m[39m
 [32m✓[39m [30m[46m renderer-thread [49m[39m src/renderer/features/analytics/ui/__tests__/SessionTracking.test.tsx[2m > [22mSessionTracking[2m > [22mshows an empty state when no sessions are returned[32m 24[2mms[22m[39m
 [32m✓[39m [30m[46m renderer-thread [49m[39m src/renderer/features/analytics/ui/__tests__/SessionTracking.test.tsx[2m > [22mSessionTracking[2m > [22mrenders an error state when the loader fails[32m 36[2mms[22m[39m
Error: Objects are not valid as a React child (found: object with keys {object}). If you meant to render a collection of children, use an array instead.
    at throwOnInvalidObjectType (D:\Projects\learning_catalyst\node_modules\react-dom\cjs\react-dom.development.js:13123:9)
    at reconcileChildFibers (D:\Projects\learning_catalyst\node_modules\react-dom\cjs\react-dom.development.js:14064:7)
    at reconcileChildren (D:\Projects\learning_catalyst\node_modules\react-dom\cjs\react-dom.development.js:19186:28)
    at updateHostComponent (D:\Projects\learning_catalyst\node_modules\react-dom\cjs\react-dom.development.js:19953:3)
    at beginWork (D:\Projects\learning_catalyst\node_modules\react-dom\cjs\react-dom.development.js:21657:14)
    at HTMLUnknownElement.callCallback (D:\Projects\learning_catalyst\node_modules\react-dom\cjs\react-dom.development.js:4164:14)
    at HTMLUnknownElement.callTheUserObjectsOperation (D:\Projects\learning_catalyst\node_modules\jsdom\lib\jsdom\living\generated\EventListener.js:26:30)
    at innerInvokeEventListeners (D:\Projects\learning_catalyst\node_modules\jsdom\lib\jsdom\living\events\EventTarget-impl.js:360:16)
    at invokeEventListeners (D:\Projects\learning_catalyst\node_modules\jsdom\lib\jsdom\living\events\EventTarget-impl.js:296:3)
    at HTMLUnknownElementImpl._dispatch (D:\Projects\learning_catalyst\node_modules\jsdom\lib\jsdom\living\events\EventTarget-impl.js:243:9)
 [32m✓[39m [30m[46m renderer-thread [49m[39m src/renderer/__tests__/render-safety.test.tsx[2m > [22mRender Safety[2m > [22mReact Child Type Validation[2m > [22mshould accept valid React children types[32m 120[2mms[22m[39m
 [32m✓[39m [30m[46m renderer-thread [49m[39m src/renderer/__tests__/render-safety.test.tsx[2m > [22mRender Safety[2m > [22mReact Child Type Validation[2m > [22mshould reject invalid React children types[32m 43[2mms[22m[39m
 [32m✓[39m [30m[46m renderer-thread [49m[39m src/renderer/__tests__/render-safety.test.tsx[2m > [22mRender Safety[2m > [22mReact Child Type Validation[2m > [22mshould reject objects as React children[32m 21[2mms[22m[39m
 [32m✓[39m [30m[46m renderer-thread [49m[39m src/renderer/__tests__/render-safety.test.tsx[2m > [22mRender Safety[2m > [22mReact Child Type Validation[2m > [22mshould reject arrays containing objects[32m 13[2mms[22m[39m
 [32m✓[39m [30m[46m renderer-thread [49m[39m src/renderer/features/config/ui/__tests__/ResponseSettings.test.tsx[2m > [22mResponseSettings[2m > [22mrenders toggles and disables them when config missing[32m 98[2mms[22m[39m
 [32m✓[39m [30m[46m renderer-thread [49m[39m src/renderer/__tests__/render-safety.test.tsx[2m > [22mRender Safety[2m > [22mReact Child Type Validation[2m > [22mshould reject Date objects[32m 17[2mms[22m[39m
 [32m✓[39m [30m[46m renderer-thread [49m[39m src/renderer/__tests__/render-safety.test.tsx[2m > [22mRender Safety[2m > [22mReact Child Type Validation[2m > [22mshould reject nested objects[32m 3[2mms[22m[39m
 [32m✓[39m [30m[46m renderer-thread [49m[39m src/renderer/__tests__/render-safety.test.tsx[2m > [22mRender Safety[2m > [22mAPI Response Handling[2m > [22mshould document common API response patterns that break rendering[32m 8[2mms[22m[39m
 [32m✓[39m [30m[46m renderer-thread [49m[39m src/renderer/__tests__/render-safety.test.tsx[2m > [22mRender Safety[2m > [22mAPI Response Handling[2m > [22mshould show correct pattern for rendering API responses[32m 9[2mms[22m[39m
 [32m✓[39m [30m[46m renderer-thread [49m[39m src/renderer/__tests__/render-safety.test.tsx[2m > [22mRender Safety[2m > [22mAPI Response Handling[2m > [22mshould handle error response objects safely[32m 10[2mms[22m[39m
 [32m✓[39m [30m[46m renderer-thread [49m[39m src/renderer/__tests__/render-safety.test.tsx[2m > [22mRender Safety[2m > [22mComponent Render Safety[2m > [22mshould validate that components handle unknown data types gracefully[32m 14[2mms[22m[39m
 [32m✓[39m [30m[46m renderer-thread [49m[39m src/renderer/__tests__/render-safety.test.tsx[2m > [22mRender Safety[2m > [22mComponent Render Safety[2m > [22mshould document type safety requirements for component props[32m 6[2mms[22m[39m
 [32m✓[39m [30m[46m renderer-thread [49m[39m src/renderer/__tests__/render-safety.test.tsx[2m > [22mRender Safety[2m > [22mError Object Propagation Prevention[2m > [22mshould catch error objects before they reach React rendering[32m 8[2mms[22m[39m
 [32m✓[39m [30m[46m renderer-thread [49m[39m src/renderer/__tests__/render-safety.test.tsx[2m > [22mRender Safety[2m > [22mError Object Propagation Prevention[2m > [22mshould handle service responses with error properties[32m 14[2mms[22m[39m
 [32m✓[39m [30m[46m renderer-thread [49m[39m src/renderer/__tests__/render-safety.test.tsx[2m > [22mRender Safety[2m > [22mError Object Propagation Prevention[2m > [22mshould validate data before passing to components[32m 5[2mms[22m[39m
 [32m✓[39m [30m[46m renderer-thread [49m[39m src/renderer/__tests__/render-safety.test.tsx[2m > [22mRender Safety[2m > [22mBest Practices Documentation[2m > [22mshould document the difference between safe and unsafe patterns[32m 5[2mms[22m[39m
Error: Objects are not valid as a React child (found: object with keys {object}). If you meant to render a collection of children, use an array instead.
    at throwOnInvalidObjectType (D:\Projects\learning_catalyst\node_modules\react-dom\cjs\react-dom.development.js:13123:9)
    at reconcileChildFibers (D:\Projects\learning_catalyst\node_modules\react-dom\cjs\react-dom.development.js:14064:7)
    at reconcileChildren (D:\Projects\learning_catalyst\node_modules\react-dom\cjs\react-dom.development.js:19186:28)
    at updateHostComponent (D:\Projects\learning_catalyst\node_modules\react-dom\cjs\react-dom.development.js:19953:3)
    at beginWork (D:\Projects\learning_catalyst\node_modules\react-dom\cjs\react-dom.development.js:21657:14)
    at HTMLUnknownElement.callCallback (D:\Projects\learning_catalyst\node_modules\react-dom\cjs\react-dom.development.js:4164:14)
    at HTMLUnknownElement.callTheUserObjectsOperation (D:\Projects\learning_catalyst\node_modules\jsdom\lib\jsdom\living\generated\EventListener.js:26:30)
    at innerInvokeEventListeners (D:\Projects\learning_catalyst\node_modules\jsdom\lib\jsdom\living\events\EventTarget-impl.js:360:16)
    at invokeEventListeners (D:\Projects\learning_catalyst\node_modules\jsdom\lib\jsdom\living\events\EventTarget-impl.js:296:3)
    at HTMLUnknownElementImpl._dispatch (D:\Projects\learning_catalyst\node_modules\jsdom\lib\jsdom\living\events\EventTarget-impl.js:243:9)
Error: Objects are not valid as a React child (found: object with keys {nested}). If you meant to render a collection of children, use an array instead.
    at throwOnInvalidObjectType (D:\Projects\learning_catalyst\node_modules\react-dom\cjs\react-dom.development.js:13123:9)
    at createChild (D:\Projects\learning_catalyst\node_modules\react-dom\cjs\react-dom.development.js:13375:7)
    at reconcileChildrenArray (D:\Projects\learning_catalyst\node_modules\react-dom\cjs\react-dom.development.js:13640:25)
    at reconcileChildFibers (D:\Projects\learning_catalyst\node_modules\react-dom\cjs\react-dom.development.js:14057:16)
    at reconcileChildren (D:\Projects\learning_catalyst\node_modules\react-dom\cjs\react-dom.development.js:19186:28)
    at updateHostComponent (D:\Projects\learning_catalyst\node_modules\react-dom\cjs\react-dom.development.js:19953:3)
    at beginWork (D:\Projects\learning_catalyst\node_modules\react-dom\cjs\react-dom.development.js:21657:14)
    at HTMLUnknownElement.callCallback (D:\Projects\learning_catalyst\node_modules\react-dom\cjs\react-dom.development.js:4164:14)
    at HTMLUnknownElement.callTheUserObjectsOperation (D:\Projects\learning_catalyst\node_modules\jsdom\lib\jsdom\living\generated\EventListener.js:26:30)
    at innerInvokeEventListeners (D:\Projects\learning_catalyst\node_modules\jsdom\lib\jsdom\living\events\EventTarget-impl.js:360:16)
Error: Objects are not valid as a React child (found: object with keys {nested}). If you meant to render a collection of children, use an array instead.
    at throwOnInvalidObjectType (D:\Projects\learning_catalyst\node_modules\react-dom\cjs\react-dom.development.js:13123:9)
    at createChild (D:\Projects\learning_catalyst\node_modules\react-dom\cjs\react-dom.development.js:13375:7)
    at reconcileChildrenArray (D:\Projects\learning_catalyst\node_modules\react-dom\cjs\react-dom.development.js:13640:25)
    at reconcileChildFibers (D:\Projects\learning_catalyst\node_modules\react-dom\cjs\react-dom.development.js:14057:16)
    at reconcileChildren (D:\Projects\learning_catalyst\node_modules\react-dom\cjs\react-dom.development.js:19186:28)
    at updateHostComponent (D:\Projects\learning_catalyst\node_modules\react-dom\cjs\react-dom.development.js:19953:3)
    at beginWork (D:\Projects\learning_catalyst\node_modules\react-dom\cjs\react-dom.development.js:21657:14)
    at HTMLUnknownElement.callCallback (D:\Projects\learning_catalyst\node_modules\react-dom\cjs\react-dom.development.js:4164:14)
    at HTMLUnknownElement.callTheUserObjectsOperation (D:\Projects\learning_catalyst\node_modules\jsdom\lib\jsdom\living\generated\EventListener.js:26:30)
    at innerInvokeEventListeners (D:\Projects\learning_catalyst\node_modules\jsdom\lib\jsdom\living\events\EventTarget-impl.js:360:16)
Error: Objects are not valid as a React child (found: [object Date]). If you meant to render a collection of children, use an array instead.
    at throwOnInvalidObjectType (D:\Projects\learning_catalyst\node_modules\react-dom\cjs\react-dom.development.js:13123:9)
    at reconcileChildFibers (D:\Projects\learning_catalyst\node_modules\react-dom\cjs\react-dom.development.js:14064:7)
    at reconcileChildren (D:\Projects\learning_catalyst\node_modules\react-dom\cjs\react-dom.development.js:19186:28)
    at updateHostComponent (D:\Projects\learning_catalyst\node_modules\react-dom\cjs\react-dom.development.js:19953:3)
    at beginWork (D:\Projects\learning_catalyst\node_modules\react-dom\cjs\react-dom.development.js:21657:14)
    at HTMLUnknownElement.callCallback (D:\Projects\learning_catalyst\node_modules\react-dom\cjs\react-dom.development.js:4164:14)
    at HTMLUnknownElement.callTheUserObjectsOperation (D:\Projects\learning_catalyst\node_modules\jsdom\lib\jsdom\living\generated\EventListener.js:26:30)
    at innerInvokeEventListeners (D:\Projects\learning_catalyst\node_modules\jsdom\lib\jsdom\living\events\EventTarget-impl.js:360:16)
    at invokeEventListeners (D:\Projects\learning_catalyst\node_modules\jsdom\lib\jsdom\living\events\EventTarget-impl.js:296:3)
    at HTMLUnknownElementImpl._dispatch (D:\Projects\learning_catalyst\node_modules\jsdom\lib\jsdom\living\events\EventTarget-impl.js:243:9)
Error: Objects are not valid as a React child (found: [object Date]). If you meant to render a collection of children, use an array instead.
    at throwOnInvalidObjectType (D:\Projects\learning_catalyst\node_modules\react-dom\cjs\react-dom.development.js:13123:9)
    at reconcileChildFibers (D:\Projects\learning_catalyst\node_modules\react-dom\cjs\react-dom.development.js:14064:7)
    at reconcileChildren (D:\Projects\learning_catalyst\node_modules\react-dom\cjs\react-dom.development.js:19186:28)
    at updateHostComponent (D:\Projects\learning_catalyst\node_modules\react-dom\cjs\react-dom.development.js:19953:3)
    at beginWork (D:\Projects\learning_catalyst\node_modules\react-dom\cjs\react-dom.development.js:21657:14)
    at HTMLUnknownElement.callCallback (D:\Projects\learning_catalyst\node_modules\react-dom\cjs\react-dom.development.js:4164:14)
    at HTMLUnknownElement.callTheUserObjectsOperation (D:\Projects\learning_catalyst\node_modules\jsdom\lib\jsdom\living\generated\EventListener.js:26:30)
    at innerInvokeEventListeners (D:\Projects\learning_catalyst\node_modules\jsdom\lib\jsdom\living\events\EventTarget-impl.js:360:16)
    at invokeEventListeners (D:\Projects\learning_catalyst\node_modules\jsdom\lib\jsdom\living\events\EventTarget-impl.js:296:3)
    at HTMLUnknownElementImpl._dispatch (D:\Projects\learning_catalyst\node_modules\jsdom\lib\jsdom\living\events\EventTarget-impl.js:243:9)
Error: Objects are not valid as a React child (found: object with keys {success, data, timestamp}). If you meant to render a collection of children, use an array instead.
    at throwOnInvalidObjectType (D:\Projects\learning_catalyst\node_modules\react-dom\cjs\react-dom.development.js:13123:9)
    at reconcileChildFibers (D:\Projects\learning_catalyst\node_modules\react-dom\cjs\react-dom.development.js:14064:7)
    at reconcileChildren (D:\Projects\learning_catalyst\node_modules\react-dom\cjs\react-dom.development.js:19186:28)
    at updateHostComponent (D:\Projects\learning_catalyst\node_modules\react-dom\cjs\react-dom.development.js:19953:3)
    at beginWork (D:\Projects\learning_catalyst\node_modules\react-dom\cjs\react-dom.development.js:21657:14)
    at HTMLUnknownElement.callCallback (D:\Projects\learning_catalyst\node_modules\react-dom\cjs\react-dom.development.js:4164:14)
    at HTMLUnknownElement.callTheUserObjectsOperation (D:\Projects\learning_catalyst\node_modules\jsdom\lib\jsdom\living\generated\EventListener.js:26:30)
    at innerInvokeEventListeners (D:\Projects\learning_catalyst\node_modules\jsdom\lib\jsdom\living\events\EventTarget-impl.js:360:16)
    at invokeEventListeners (D:\Projects\learning_catalyst\node_modules\jsdom\lib\jsdom\living\events\EventTarget-impl.js:296:3)
    at HTMLUnknownElementImpl._dispatch (D:\Projects\learning_catalyst\node_modules\jsdom\lib\jsdom\living\events\EventTarget-impl.js:243:9)
Error: Objects are not valid as a React child (found: object with keys {success, data, timestamp}). If you meant to render a collection of children, use an array instead.
    at throwOnInvalidObjectType (D:\Projects\learning_catalyst\node_modules\react-dom\cjs\react-dom.development.js:13123:9)
    at reconcileChildFibers (D:\Projects\learning_catalyst\node_modules\react-dom\cjs\react-dom.development.js:14064:7)
    at reconcileChildren (D:\Projects\learning_catalyst\node_modules\react-dom\cjs\react-dom.development.js:19186:28)
    at updateHostComponent (D:\Projects\learning_catalyst\node_modules\react-dom\cjs\react-dom.development.js:19953:3)
    at beginWork (D:\Projects\learning_catalyst\node_modules\react-dom\cjs\react-dom.development.js:21657:14)
    at HTMLUnknownElement.callCallback (D:\Projects\learning_catalyst\node_modules\react-dom\cjs\react-dom.development.js:4164:14)
    at HTMLUnknownElement.callTheUserObjectsOperation (D:\Projects\learning_catalyst\node_modules\jsdom\lib\jsdom\living\generated\EventListener.js:26:30)
    at innerInvokeEventListeners (D:\Projects\learning_catalyst\node_modules\jsdom\lib\jsdom\living\events\EventTarget-impl.js:360:16)
    at invokeEventListeners (D:\Projects\learning_catalyst\node_modules\jsdom\lib\jsdom\living\events\EventTarget-impl.js:296:3)
    at HTMLUnknownElementImpl._dispatch (D:\Projects\learning_catalyst\node_modules\jsdom\lib\jsdom\living\events\EventTarget-impl.js:243:9)
Error: Objects are not valid as a React child (found: object with keys {id, name}). If you meant to render a collection of children, use an array instead.
    at throwOnInvalidObjectType (D:\Projects\learning_catalyst\node_modules\react-dom\cjs\react-dom.development.js:13123:9)
    at createChild (D:\Projects\learning_catalyst\node_modules\react-dom\cjs\react-dom.development.js:13375:7)
    at reconcileChildrenArray (D:\Projects\learning_catalyst\node_modules\react-dom\cjs\react-dom.development.js:13640:25)
    at reconcileChildFibers (D:\Projects\learning_catalyst\node_modules\react-dom\cjs\react-dom.development.js:14057:16)
    at reconcileChildren (D:\Projects\learning_catalyst\node_modules\react-dom\cjs\react-dom.development.js:19186:28)
    at updateHostComponent (D:\Projects\learning_catalyst\node_modules\react-dom\cjs\react-dom.development.js:19953:3)
    at beginWork (D:\Projects\learning_catalyst\node_modules\react-dom\cjs\react-dom.development.js:21657:14)
    at HTMLUnknownElement.callCallback (D:\Projects\learning_catalyst\node_modules\react-dom\cjs\react-dom.development.js:4164:14)
    at HTMLUnknownElement.callTheUserObjectsOperation (D:\Projects\learning_catalyst\node_modules\jsdom\lib\jsdom\living\generated\EventListener.js:26:30)
    at innerInvokeEventListeners (D:\Projects\learning_catalyst\node_modules\jsdom\lib\jsdom\living\events\EventTarget-impl.js:360:16)
Error: Objects are not valid as a React child (found: object with keys {id, name}). If you meant to render a collection of children, use an array instead.
    at throwOnInvalidObjectType (D:\Projects\learning_catalyst\node_modules\react-dom\cjs\react-dom.development.js:13123:9)
    at createChild (D:\Projects\learning_catalyst\node_modules\react-dom\cjs\react-dom.development.js:13375:7)
    at reconcileChildrenArray (D:\Projects\learning_catalyst\node_modules\react-dom\cjs\react-dom.development.js:13640:25)
    at reconcileChildFibers (D:\Projects\learning_catalyst\node_modules\react-dom\cjs\react-dom.development.js:14057:16)
    at reconcileChildren (D:\Projects\learning_catalyst\node_modules\react-dom\cjs\react-dom.development.js:19186:28)
    at updateHostComponent (D:\Projects\learning_catalyst\node_modules\react-dom\cjs\react-dom.development.js:19953:3)
    at beginWork (D:\Projects\learning_catalyst\node_modules\react-dom\cjs\react-dom.development.js:21657:14)
    at HTMLUnknownElement.callCallback (D:\Projects\learning_catalyst\node_modules\react-dom\cjs\react-dom.development.js:4164:14)
    at HTMLUnknownElement.callTheUserObjectsOperation (D:\Projects\learning_catalyst\node_modules\jsdom\lib\jsdom\living\generated\EventListener.js:26:30)
    at innerInvokeEventListeners (D:\Projects\learning_catalyst\node_modules\jsdom\lib\jsdom\living\events\EventTarget-impl.js:360:16)
Error: Objects are not valid as a React child (found: [object Date]). If you meant to render a collection of children, use an array instead.
    at throwOnInvalidObjectType (D:\Projects\learning_catalyst\node_modules\react-dom\cjs\react-dom.development.js:13123:9)
    at reconcileChildFibers (D:\Projects\learning_catalyst\node_modules\react-dom\cjs\react-dom.development.js:14064:7)
    at reconcileChildren (D:\Projects\learning_catalyst\node_modules\react-dom\cjs\react-dom.development.js:19186:28)
    at updateHostComponent (D:\Projects\learning_catalyst\node_modules\react-dom\cjs\react-dom.development.js:19953:3)
    at beginWork (D:\Projects\learning_catalyst\node_modules\react-dom\cjs\react-dom.development.js:21657:14)
    at HTMLUnknownElement.callCallback (D:\Projects\learning_catalyst\node_modules\react-dom\cjs\react-dom.development.js:4164:14)
    at HTMLUnknownElement.callTheUserObjectsOperation (D:\Projects\learning_catalyst\node_modules\jsdom\lib\jsdom\living\generated\EventListener.js:26:30)
    at innerInvokeEventListeners (D:\Projects\learning_catalyst\node_modules\jsdom\lib\jsdom\living\events\EventTarget-impl.js:360:16)
    at invokeEventListeners (D:\Projects\learning_catalyst\node_modules\jsdom\lib\jsdom\living\events\EventTarget-impl.js:296:3)
    at HTMLUnknownElementImpl._dispatch (D:\Projects\learning_catalyst\node_modules\jsdom\lib\jsdom\living\events\EventTarget-impl.js:243:9)
Error: Objects are not valid as a React child (found: [object Date]). If you meant to render a collection of children, use an array instead.
    at throwOnInvalidObjectType (D:\Projects\learning_catalyst\node_modules\react-dom\cjs\react-dom.development.js:13123:9)
    at reconcileChildFibers (D:\Projects\learning_catalyst\node_modules\react-dom\cjs\react-dom.development.js:14064:7)
    at reconcileChildren (D:\Projects\learning_catalyst\node_modules\react-dom\cjs\react-dom.development.js:19186:28)
    at updateHostComponent (D:\Projects\learning_catalyst\node_modules\react-dom\cjs\react-dom.development.js:19953:3)
    at beginWork (D:\Projects\learning_catalyst\node_modules\react-dom\cjs\react-dom.development.js:21657:14)
    at HTMLUnknownElement.callCallback (D:\Projects\learning_catalyst\node_modules\react-dom\cjs\react-dom.development.js:4164:14)
    at HTMLUnknownElement.callTheUserObjectsOperation (D:\Projects\learning_catalyst\node_modules\jsdom\lib\jsdom\living\generated\EventListener.js:26:30)
    at innerInvokeEventListeners (D:\Projects\learning_catalyst\node_modules\jsdom\lib\jsdom\living\events\EventTarget-impl.js:360:16)
    at invokeEventListeners (D:\Projects\learning_catalyst\node_modules\jsdom\lib\jsdom\living\events\EventTarget-impl.js:296:3)
    at HTMLUnknownElementImpl._dispatch (D:\Projects\learning_catalyst\node_modules\jsdom\lib\jsdom\living\events\EventTarget-impl.js:243:9)
Error: Objects are not valid as a React child (found: object with keys {level1}). If you meant to render a collection of children, use an array instead.
    at throwOnInvalidObjectType (D:\Projects\learning_catalyst\node_modules\react-dom\cjs\react-dom.development.js:13123:9)
    at reconcileChildFibers (D:\Projects\learning_catalyst\node_modules\react-dom\cjs\react-dom.development.js:14064:7)
    at reconcileChildren (D:\Projects\learning_catalyst\node_modules\react-dom\cjs\react-dom.development.js:19186:28)
    at updateHostComponent (D:\Projects\learning_catalyst\node_modules\react-dom\cjs\react-dom.development.js:19953:3)
    at beginWork (D:\Projects\learning_catalyst\node_modules\react-dom\cjs\react-dom.development.js:21657:14)
    at HTMLUnknownElement.callCallback (D:\Projects\learning_catalyst\node_modules\react-dom\cjs\react-dom.development.js:4164:14)
    at HTMLUnknownElement.callTheUserObjectsOperation (D:\Projects\learning_catalyst\node_modules\jsdom\lib\jsdom\living\generated\EventListener.js:26:30)
    at innerInvokeEventListeners (D:\Projects\learning_catalyst\node_modules\jsdom\lib\jsdom\living\events\EventTarget-impl.js:360:16)
    at invokeEventListeners (D:\Projects\learning_catalyst\node_modules\jsdom\lib\jsdom\living\events\EventTarget-impl.js:296:3)
    at HTMLUnknownElementImpl._dispatch (D:\Projects\learning_catalyst\node_modules\jsdom\lib\jsdom\living\events\EventTarget-impl.js:243:9)
Error: Objects are not valid as a React child (found: object with keys {level1}). If you meant to render a collection of children, use an array instead.
    at throwOnInvalidObjectType (D:\Projects\learning_catalyst\node_modules\react-dom\cjs\react-dom.development.js:13123:9)
    at reconcileChildFibers (D:\Projects\learning_catalyst\node_modules\react-dom\cjs\react-dom.development.js:14064:7)
    at reconcileChildren (D:\Projects\learning_catalyst\node_modules\react-dom\cjs\react-dom.development.js:19186:28)
    at updateHostComponent (D:\Projects\learning_catalyst\node_modules\react-dom\cjs\react-dom.development.js:19953:3)
    at beginWork (D:\Projects\learning_catalyst\node_modules\react-dom\cjs\react-dom.development.js:21657:14)
    at HTMLUnknownElement.callCallback (D:\Projects\learning_catalyst\node_modules\react-dom\cjs\react-dom.development.js:4164:14)
    at HTMLUnknownElement.callTheUserObjectsOperation (D:\Projects\learning_catalyst\node_modules\jsdom\lib\jsdom\living\generated\EventListener.js:26:30)
    at innerInvokeEventListeners (D:\Projects\learning_catalyst\node_modules\jsdom\lib\jsdom\living\events\EventTarget-impl.js:360:16)
    at invokeEventListeners (D:\Projects\learning_catalyst\node_modules\jsdom\lib\jsdom\living\events\EventTarget-impl.js:296:3)
    at HTMLUnknownElementImpl._dispatch (D:\Projects\learning_catalyst\node_modules\jsdom\lib\jsdom\living\events\EventTarget-impl.js:243:9)
Error: Objects are not valid as a React child (found: object with keys {success, data, timestamp}). If you meant to render a collection of children, use an array instead.
    at throwOnInvalidObjectType (D:\Projects\learning_catalyst\node_modules\react-dom\cjs\react-dom.development.js:13123:9)
    at reconcileChildFibers (D:\Projects\learning_catalyst\node_modules\react-dom\cjs\react-dom.development.js:14064:7)
    at reconcileChildren (D:\Projects\learning_catalyst\node_modules\react-dom\cjs\react-dom.development.js:19186:28)
    at updateHostComponent (D:\Projects\learning_catalyst\node_modules\react-dom\cjs\react-dom.development.js:19953:3)
    at beginWork (D:\Projects\learning_catalyst\node_modules\react-dom\cjs\react-dom.development.js:21657:14)
    at HTMLUnknownElement.callCallback (D:\Projects\learning_catalyst\node_modules\react-dom\cjs\react-dom.development.js:4164:14)
    at HTMLUnknownElement.callTheUserObjectsOperation (D:\Projects\learning_catalyst\node_modules\jsdom\lib\jsdom\living\generated\EventListener.js:26:30)
    at innerInvokeEventListeners (D:\Projects\learning_catalyst\node_modules\jsdom\lib\jsdom\living\events\EventTarget-impl.js:360:16)
    at invokeEventListeners (D:\Projects\learning_catalyst\node_modules\jsdom\lib\jsdom\living\events\EventTarget-impl.js:296:3)
    at HTMLUnknownElementImpl._dispatch (D:\Projects\learning_catalyst\node_modules\jsdom\lib\jsdom\living\events\EventTarget-impl.js:243:9)
Error: Objects are not valid as a React child (found: object with keys {success, data, timestamp}). If you meant to render a collection of children, use an array instead.
    at throwOnInvalidObjectType (D:\Projects\learning_catalyst\node_modules\react-dom\cjs\react-dom.development.js:13123:9)
    at reconcileChildFibers (D:\Projects\learning_catalyst\node_modules\react-dom\cjs\react-dom.development.js:14064:7)
    at reconcileChildren (D:\Projects\learning_catalyst\node_modules\react-dom\cjs\react-dom.development.js:19186:28)
    at updateHostComponent (D:\Projects\learning_catalyst\node_modules\react-dom\cjs\react-dom.development.js:19953:3)
    at beginWork (D:\Projects\learning_catalyst\node_modules\react-dom\cjs\react-dom.development.js:21657:14)
    at HTMLUnknownElement.callCallback (D:\Projects\learning_catalyst\node_modules\react-dom\cjs\react-dom.development.js:4164:14)
    at HTMLUnknownElement.callTheUserObjectsOperation (D:\Projects\learning_catalyst\node_modules\jsdom\lib\jsdom\living\generated\EventListener.js:26:30)
    at innerInvokeEventListeners (D:\Projects\learning_catalyst\node_modules\jsdom\lib\jsdom\living\events\EventTarget-impl.js:360:16)
    at invokeEventListeners (D:\Projects\learning_catalyst\node_modules\jsdom\lib\jsdom\living\events\EventTarget-impl.js:296:3)
    at HTMLUnknownElementImpl._dispatch (D:\Projects\learning_catalyst\node_modules\jsdom\lib\jsdom\living\events\EventTarget-impl.js:243:9)
Error: Objects are not valid as a React child (found: object with keys {success, error, timestamp}). If you meant to render a collection of children, use an array instead.
    at throwOnInvalidObjectType (D:\Projects\learning_catalyst\node_modules\react-dom\cjs\react-dom.development.js:13123:9)
    at reconcileChildFibers (D:\Projects\learning_catalyst\node_modules\react-dom\cjs\react-dom.development.js:14064:7)
    at reconcileChildren (D:\Projects\learning_catalyst\node_modules\react-dom\cjs\react-dom.development.js:19186:28)
    at updateHostComponent (D:\Projects\learning_catalyst\node_modules\react-dom\cjs\react-dom.development.js:19953:3)
    at beginWork (D:\Projects\learning_catalyst\node_modules\react-dom\cjs\react-dom.development.js:21657:14)
    at HTMLUnknownElement.callCallback (D:\Projects\learning_catalyst\node_modules\react-dom\cjs\react-dom.development.js:4164:14)
    at HTMLUnknownElement.callTheUserObjectsOperation (D:\Projects\learning_catalyst\node_modules\jsdom\lib\jsdom\living\generated\EventListener.js:26:30)
    at innerInvokeEventListeners (D:\Projects\learning_catalyst\node_modules\jsdom\lib\jsdom\living\events\EventTarget-impl.js:360:16)
    at invokeEventListeners (D:\Projects\learning_catalyst\node_modules\jsdom\lib\jsdom\living\events\EventTarget-impl.js:296:3)
    at HTMLUnknownElementImpl._dispatch (D:\Projects\learning_catalyst\node_modules\jsdom\lib\jsdom\living\events\EventTarget-impl.js:243:9)
Error: Objects are not valid as a React child (found: object with keys {success, error, timestamp}). If you meant to render a collection of children, use an array instead.
    at throwOnInvalidObjectType (D:\Projects\learning_catalyst\node_modules\react-dom\cjs\react-dom.development.js:13123:9)
    at reconcileChildFibers (D:\Projects\learning_catalyst\node_modules\react-dom\cjs\react-dom.development.js:14064:7)
    at reconcileChildren (D:\Projects\learning_catalyst\node_modules\react-dom\cjs\react-dom.development.js:19186:28)
    at updateHostComponent (D:\Projects\learning_catalyst\node_modules\react-dom\cjs\react-dom.development.js:19953:3)
    at beginWork (D:\Projects\learning_catalyst\node_modules\react-dom\cjs\react-dom.development.js:21657:14)
    at HTMLUnknownElement.callCallback (D:\Projects\learning_catalyst\node_modules\react-dom\cjs\react-dom.development.js:4164:14)
    at HTMLUnknownElement.callTheUserObjectsOperation (D:\Projects\learning_catalyst\node_modules\jsdom\lib\jsdom\living\generated\EventListener.js:26:30)
    at innerInvokeEventListeners (D:\Projects\learning_catalyst\node_modules\jsdom\lib\jsdom\living\events\EventTarget-impl.js:360:16)
    at invokeEventListeners (D:\Projects\learning_catalyst\node_modules\jsdom\lib\jsdom\living\events\EventTarget-impl.js:296:3)
    at HTMLUnknownElementImpl._dispatch (D:\Projects\learning_catalyst\node_modules\jsdom\lib\jsdom\living\events\EventTarget-impl.js:243:9)
Error: Objects are not valid as a React child (found: object with keys {type, code, message, details, timestamp}). If you meant to render a collection of children, use an array instead.
    at throwOnInvalidObjectType (D:\Projects\learning_catalyst\node_modules\react-dom\cjs\react-dom.development.js:13123:9)
    at reconcileChildFibers (D:\Projects\learning_catalyst\node_modules\react-dom\cjs\react-dom.development.js:14064:7)
    at reconcileChildren (D:\Projects\learning_catalyst\node_modules\react-dom\cjs\react-dom.development.js:19186:28)
    at updateHostComponent (D:\Projects\learning_catalyst\node_modules\react-dom\cjs\react-dom.development.js:19953:3)
    at beginWork (D:\Projects\learning_catalyst\node_modules\react-dom\cjs\react-dom.development.js:21657:14)
    at HTMLUnknownElement.callCallback (D:\Projects\learning_catalyst\node_modules\react-dom\cjs\react-dom.development.js:4164:14)
    at HTMLUnknownElement.callTheUserObjectsOperation (D:\Projects\learning_catalyst\node_modules\jsdom\lib\jsdom\living\generated\EventListener.js:26:30)
    at innerInvokeEventListeners (D:\Projects\learning_catalyst\node_modules\jsdom\lib\jsdom\living\events\EventTarget-impl.js:360:16)
    at invokeEventListeners (D:\Projects\learning_catalyst\node_modules\jsdom\lib\jsdom\living\events\EventTarget-impl.js:296:3)
    at HTMLUnknownElementImpl._dispatch (D:\Projects\learning_catalyst\node_modules\jsdom\lib\jsdom\living\events\EventTarget-impl.js:243:9)
Error: Objects are not valid as a React child (found: object with keys {type, code, message, details, timestamp}). If you meant to render a collection of children, use an array instead.
    at throwOnInvalidObjectType (D:\Projects\learning_catalyst\node_modules\react-dom\cjs\react-dom.development.js:13123:9)
    at reconcileChildFibers (D:\Projects\learning_catalyst\node_modules\react-dom\cjs\react-dom.development.js:14064:7)
    at reconcileChildren (D:\Projects\learning_catalyst\node_modules\react-dom\cjs\react-dom.development.js:19186:28)
    at updateHostComponent (D:\Projects\learning_catalyst\node_modules\react-dom\cjs\react-dom.development.js:19953:3)
    at beginWork (D:\Projects\learning_catalyst\node_modules\react-dom\cjs\react-dom.development.js:21657:14)
    at HTMLUnknownElement.callCallback (D:\Projects\learning_catalyst\node_modules\react-dom\cjs\react-dom.development.js:4164:14)
    at HTMLUnknownElement.callTheUserObjectsOperation (D:\Projects\learning_catalyst\node_modules\jsdom\lib\jsdom\living\generated\EventListener.js:26:30)
    at innerInvokeEventListeners (D:\Projects\learning_catalyst\node_modules\jsdom\lib\jsdom\living\events\EventTarget-impl.js:360:16)
    at invokeEventListeners (D:\Projects\learning_catalyst\node_modules\jsdom\lib\jsdom\living\events\EventTarget-impl.js:296:3)
    at HTMLUnknownElementImpl._dispatch (D:\Projects\learning_catalyst\node_modules\jsdom\lib\jsdom\living\events\EventTarget-impl.js:243:9)
Error: Objects are not valid as a React child (found: object with keys {success, error, timestamp}). If you meant to render a collection of children, use an array instead.
    at throwOnInvalidObjectType (D:\Projects\learning_catalyst\node_modules\react-dom\cjs\react-dom.development.js:13123:9)
    at reconcileChildFibers (D:\Projects\learning_catalyst\node_modules\react-dom\cjs\react-dom.development.js:14064:7)
    at reconcileChildren (D:\Projects\learning_catalyst\node_modules\react-dom\cjs\react-dom.development.js:19186:28)
    at updateHostComponent (D:\Projects\learning_catalyst\node_modules\react-dom\cjs\react-dom.development.js:19953:3)
    at beginWork (D:\Projects\learning_catalyst\node_modules\react-dom\cjs\react-dom.development.js:21657:14)
    at HTMLUnknownElement.callCallback (D:\Projects\learning_catalyst\node_modules\react-dom\cjs\react-dom.development.js:4164:14)
    at HTMLUnknownElement.callTheUserObjectsOperation (D:\Projects\learning_catalyst\node_modules\jsdom\lib\jsdom\living\generated\EventListener.js:26:30)
    at innerInvokeEventListeners (D:\Projects\learning_catalyst\node_modules\jsdom\lib\jsdom\living\events\EventTarget-impl.js:360:16)
    at invokeEventListeners (D:\Projects\learning_catalyst\node_modules\jsdom\lib\jsdom\living\events\EventTarget-impl.js:296:3)
    at HTMLUnknownElementImpl._dispatch (D:\Projects\learning_catalyst\node_modules\jsdom\lib\jsdom\living\events\EventTarget-impl.js:243:9)
Error: Objects are not valid as a React child (found: object with keys {success, error, timestamp}). If you meant to render a collection of children, use an array instead.
    at throwOnInvalidObjectType (D:\Projects\learning_catalyst\node_modules\react-dom\cjs\react-dom.development.js:13123:9)
    at reconcileChildFibers (D:\Projects\learning_catalyst\node_modules\react-dom\cjs\react-dom.development.js:14064:7)
    at reconcileChildren (D:\Projects\learning_catalyst\node_modules\react-dom\cjs\react-dom.development.js:19186:28)
    at updateHostComponent (D:\Projects\learning_catalyst\node_modules\react-dom\cjs\react-dom.development.js:19953:3)
    at beginWork (D:\Projects\learning_catalyst\node_modules\react-dom\cjs\react-dom.development.js:21657:14)
    at HTMLUnknownElement.callCallback (D:\Projects\learning_catalyst\node_modules\react-dom\cjs\react-dom.development.js:4164:14)
    at HTMLUnknownElement.callTheUserObjectsOperation (D:\Projects\learning_catalyst\node_modules\jsdom\lib\jsdom\living\generated\EventListener.js:26:30)
    at innerInvokeEventListeners (D:\Projects\learning_catalyst\node_modules\jsdom\lib\jsdom\living\events\EventTarget-impl.js:360:16)
    at invokeEventListeners (D:\Projects\learning_catalyst\node_modules\jsdom\lib\jsdom\living\events\EventTarget-impl.js:296:3)
    at HTMLUnknownElementImpl._dispatch (D:\Projects\learning_catalyst\node_modules\jsdom\lib\jsdom\living\events\EventTarget-impl.js:243:9)
 [32m✓[39m [30m[46m renderer-thread [49m[39m src/renderer/__tests__/render-safety.test.tsx[2m > [22mRender Safety[2m > [22mBest Practices Documentation[2m > [22mshould validate that helper functions prevent rendering errors[32m 24[2mms[22m[39m
 [32m✓[39m [30m[46m renderer-thread [49m[39m src/renderer/features/config/ui/__tests__/ResponseSettings.test.tsx[2m > [22mResponseSettings[2m > [22mtoggles streaming capability[32m 112[2mms[22m[39m
 [32m✓[39m [30m[46m renderer-thread [49m[39m src/renderer/features/config/ui/__tests__/ResponseSettings.test.tsx[2m > [22mResponseSettings[2m > [22mtoggles thinking capability[32m 78[2mms[22m[39m
 [32m✓[39m [30m[46m renderer-thread [49m[39m src/renderer/features/config/ui/components/__tests__/ProviderSelect.test.tsx[2m > [22mProviderSelect[2m > [22mrenders options and placeholder, associates label via id[32m 154[2mms[22m[39m
 [32m✓[39m [30m[46m renderer-thread [49m[39m src/renderer/features/config/ui/components/__tests__/ProviderSelect.test.tsx[2m > [22mProviderSelect[2m > [22mcan be disabled[32m 11[2mms[22m[39m
 [32m✓[39m [30m[46m renderer-thread [49m[39m src/renderer/shared/ui/__tests__/Separator.test.tsx[2m > [22mSeparator[2m > [22mRendering[2m > [22mshould render horizontal separator by default[32m 68[2mms[22m[39m
 [32m✓[39m [30m[46m renderer-thread [49m[39m src/renderer/shared/ui/__tests__/Separator.test.tsx[2m > [22mSeparator[2m > [22mRendering[2m > [22mshould render vertical separator when specified[32m 7[2mms[22m[39m
 [32m✓[39m [30m[46m renderer-thread [49m[39m src/renderer/shared/ui/__tests__/Separator.test.tsx[2m > [22mSeparator[2m > [22mRendering[2m > [22mshould render with default variant[32m 12[2mms[22m[39m
 [32m✓[39m [30m[46m renderer-thread [49m[39m src/renderer/shared/ui/__tests__/Separator.test.tsx[2m > [22mSeparator[2m > [22mRendering[2m > [22mshould render with dashed variant[32m 9[2mms[22m[39m
 [32m✓[39m [30m[46m renderer-thread [49m[39m src/renderer/shared/ui/__tests__/Separator.test.tsx[2m > [22mSeparator[2m > [22mAccessibility[2m > [22mshould have proper role attribute[32m 6[2mms[22m[39m
 [32m✓[39m [30m[46m renderer-thread [49m[39m src/renderer/shared/ui/__tests__/Separator.test.tsx[2m > [22mSeparator[2m > [22mAccessibility[2m > [22mshould set aria-orientation correctly[32m 10[2mms[22m[39m
 [32m✓[39m [30m[46m renderer-thread [49m[39m src/renderer/shared/ui/__tests__/Separator.test.tsx[2m > [22mSeparator[2m > [22mStyling[2m > [22mshould apply custom className correctly[32m 5[2mms[22m[39m
 [32m✓[39m [30m[46m renderer-thread [49m[39m src/renderer/shared/ui/__tests__/Separator.test.tsx[2m > [22mSeparator[2m > [22mStyling[2m > [22mshould merge cn utility classes correctly[32m 6[2mms[22m[39m
 [32m✓[39m [30m[46m renderer-thread [49m[39m src/renderer/shared/ui/__tests__/Separator.test.tsx[2m > [22mSeparator[2m > [22mStyling[2m > [22mshould apply base styles[32m 7[2mms[22m[39m
 [32m✓[39m [30m[46m renderer-thread [49m[39m src/renderer/shared/ui/__tests__/Separator.test.tsx[2m > [22mSeparator[2m > [22mProps[2m > [22mshould forward ref correctly[32m 5[2mms[22m[39m
 [32m✓[39m [30m[46m renderer-thread [49m[39m src/renderer/shared/ui/__tests__/Separator.test.tsx[2m > [22mSeparator[2m > [22mProps[2m > [22mshould forward HTML div props[32m 11[2mms[22m[39m
 [32m✓[39m [30m[46m renderer-thread [49m[39m src/renderer/shared/ui/__tests__/Separator.test.tsx[2m > [22mSeparator[2m > [22mVisual Variants[2m > [22mshould render with solid border by default[32m 6[2mms[22m[39m
 [32m✓[39m [30m[46m renderer-thread [49m[39m src/renderer/shared/ui/__tests__/Separator.test.tsx[2m > [22mSeparator[2m > [22mVisual Variants[2m > [22mshould render dashed border when specified[32m 4[2mms[22m[39m
 [32m✓[39m [30m[46m renderer-thread [49m[39m src/renderer/shared/ui/__tests__/Separator.test.tsx[2m > [22mSeparator[2m > [22mDisplay Name[2m > [22mshould have correct display name[32m 1[2mms[22m[39m
 [32m✓[39m [30m[46m renderer-thread [49m[39m src/renderer/shared/ui/__tests__/LoadingScreen.test.tsx[2m > [22mLoadingScreen[2m > [22mrenders the loading spinner[32m 70[2mms[22m[39m
 [32m✓[39m [30m[46m renderer-thread [49m[39m src/renderer/shared/ui/__tests__/LoadingScreen.test.tsx[2m > [22mLoadingScreen[2m > [22mdisplays the application title[32m 10[2mms[22m[39m
 [32m✓[39m [30m[46m renderer-thread [49m[39m src/renderer/shared/ui/__tests__/LoadingScreen.test.tsx[2m > [22mLoadingScreen[2m > [22mshows the initialization message[32m 8[2mms[22m[39m
 [32m✓[39m [30m[46m renderer-thread [49m[39m src/renderer/shared/ui/__tests__/LoadingScreen.test.tsx[2m > [22mLoadingScreen[2m > [22mdisplays animated dots[32m 13[2mms[22m[39m
 [32m✓[39m [30m[46m renderer-thread [49m[39m src/renderer/shared/ui/__tests__/LoadingScreen.test.tsx[2m > [22mLoadingScreen[2m > [22mhas proper dark mode support[32m 10[2mms[22m[39m
 [32m✓[39m [30m[46m renderer-thread [49m[39m src/renderer/shared/ui/__tests__/LoadingScreen.test.tsx[2m > [22mLoadingScreen[2m > [22mcenters content properly[32m 8[2mms[22m[39m
 [32m✓[39m [30m[46m renderer-thread [49m[39m src/renderer/shared/ui/__tests__/LoadingScreen.test.tsx[2m > [22mLoadingScreen[2m > [22mdisplays state-specific icons[32m 10[2mms[22m[39m
 [32m✓[39m [30m[46m renderer-thread [49m[39m src/renderer/shared/ui/__tests__/LoadingScreen.test.tsx[2m > [22mLoadingScreen[2m > [22mshows error state when error is provided[32m 26[2mms[22m[39m
 [32m✓[39m [30m[46m renderer-thread [49m[39m src/renderer/shared/ui/__tests__/LoadingScreen.test.tsx[2m > [22mLoadingScreen[2m > [22muses state-specific messaging and icons[32m 17[2mms[22m[39m
 [32m✓[39m [30m[46m renderer-thread [49m[39m src/renderer/shared/ui/__tests__/LoadingScreen.test.tsx[2m > [22mLoadingScreen[2m > [22minvokes onRetry when error and retry clicked[32m 14[2mms[22m[39m
 [32m✓[39m [30m[46m renderer-thread [49m[39m src/renderer/shared/ui/__tests__/LoadingScreen.test.tsx[2m > [22mLoadingScreen[2m > [22mshows service-initialization state with spinner and message[32m 12[2mms[22m[39m
 [32m✓[39m [30m[46m renderer-thread [49m[39m src/renderer/features/config/ui/components/__tests__/ModelSelect.test.tsx[2m > [22mModelSelect[2m > [22mrenders select and triggers onChange[32m 161[2mms[22m[39m
 [32m✓[39m [30m[46m renderer-thread [49m[39m src/renderer/features/config/ui/components/__tests__/ModelSelect.test.tsx[2m > [22mModelSelect[2m > [22msupports free input with datalist[32m 25[2mms[22m[39m
 [32m✓[39m [30m[46m renderer-thread [49m[39m src/renderer/features/config/ui/components/__tests__/ModelSelect.test.tsx[2m > [22mModelSelect[2m > [22mcan be disabled[32m 14[2mms[22m[39m
 [32m✓[39m [30m[46m renderer-thread [49m[39m src/renderer/stores/__tests__/configStore.test.ts[2m > [22museConfigStore[2m > [22mloadConfig returns null when service missing and sets error[32m 123[2mms[22m[39m
 [32m✓[39m [30m[46m renderer-thread [49m[39m src/renderer/stores/__tests__/configStore.test.ts[2m > [22museConfigStore[2m > [22mloadConfig merges defaults from service[32m 9[2mms[22m[39m
 [32m✓[39m [30m[46m renderer-thread [49m[39m src/renderer/stores/__tests__/configStore.test.ts[2m > [22museConfigStore[2m > [22msaveConfig delegates to service and clears loading[32m 20[2mms[22m[39m
 [32m✓[39m [30m[46m renderer-thread [49m[39m src/renderer/stores/__tests__/configStore.test.ts[2m > [22museConfigStore[2m > [22mupdateConfig throws when no config loaded[32m 12[2mms[22m[39m
 [32m✓[39m [30m[46m renderer-thread [49m[39m src/renderer/stores/__tests__/configStore.test.ts[2m > [22museConfigStore[2m > [22msetProviderConfig/save/remove/update default provider[32m 5[2mms[22m[39m
 [32m✓[39m [30m[46m renderer-thread [49m[39m src/renderer/stores/__tests__/configStore.test.ts[2m > [22museConfigStore[2m > [22mresetConfig writes defaults[32m 6[2mms[22m[39m
 [32m✓[39m [30m[46m renderer-thread [49m[39m src/renderer/hooks/__tests__/useGlobalStatistics.test.tsx[2m > [22museGlobalStatistics[2m > [22msurfaces initialization error when service missing[32m 31[2mms[22m[39m
 [32m✓[39m [30m[46m renderer-thread [49m[39m src/renderer/hooks/__tests__/useGlobalStatistics.test.tsx[2m > [22museGlobalStatistics[2m > [22mfetches statistics via session service and caches[32m 97[2mms[22m[39m
 [32m✓[39m [30m[46m renderer-thread [49m[39m src/renderer/hooks/__tests__/useGlobalStatistics.test.tsx[2m > [22museGlobalStatistics[2m > [22mretry clears error and re-fetches[32m 58[2mms[22m[39m
[90mstdout[2m | src/renderer/services/chat/__tests__/chat-service.cancel.test.ts[2m > [22m[2mchat-service cancel stream[2m > [22m[2mresolves with partial content on cancel
[22m[39m[chat-service] aiSDK stream data { content: [32m'hello '[39m }

[90mstdout[2m | src/renderer/services/chat/__tests__/chat-service.cancel.test.ts[2m > [22m[2mchat-service cancel stream[2m > [22m[2mresolves with partial content on cancel
[22m[39m[chat-service] aiSDK stream data { content: [32m'world '[39m }

[90mstdout[2m | src/renderer/services/chat/__tests__/chat-service.cancel.test.ts
[22m[39m[chat-service] aiSDK stream data { content: [32m'ignored'[39m }

 [32m✓[39m [30m[46m renderer-thread [49m[39m src/renderer/services/chat/__tests__/chat-service.cancel.test.ts[2m > [22mchat-service cancel stream[2m > [22mresolves with partial content on cancel[32m 135[2mms[22m[39m
 [32m✓[39m [30m[46m renderer-thread [49m[39m src/renderer/hooks/__tests__/useDebouncedSave.test.ts[2m > [22museDebouncedSave[2m > [22mshould initialize with default values[32m 27[2mms[22m[39m
 [32m✓[39m [30m[46m renderer-thread [49m[39m src/renderer/hooks/__tests__/useDebouncedSave.test.ts[2m > [22museDebouncedSave[2m > [22mshould not call onSave immediately[32m 5[2mms[22m[39m
 [32m✓[39m [30m[46m renderer-thread [49m[39m src/renderer/hooks/__tests__/useDebouncedSave.test.ts[2m > [22museDebouncedSave[2m > [22mshould schedule save after delay[32m 17[2mms[22m[39m
 [32m✓[39m [30m[46m renderer-thread [49m[39m src/renderer/hooks/__tests__/useDebouncedSave.test.ts[2m > [22museDebouncedSave[2m > [22mshould cancel pending save[32m 3[2mms[22m[39m
 [32m✓[39m [30m[46m renderer-thread [49m[39m src/renderer/hooks/__tests__/useDebouncedSave.test.ts[2m > [22museDebouncedSave[2m > [22mshould only save the latest call when multiple calls are made[32m 12[2mms[22m[39m
 [32m✓[39m [30m[46m renderer-thread [49m[39m src/renderer/hooks/__tests__/useDebouncedSave.test.ts[2m > [22museDebouncedSave[2m > [22mshould handle missing onSave gracefully[32m 2[2mms[22m[39m
 [32m✓[39m [30m[46m renderer-thread [49m[39m src/renderer/hooks/__tests__/useDebouncedSave.test.ts[2m > [22museDebouncedSave[2m > [22mshould cleanup on unmount[32m 3[2mms[22m[39m
 [32m✓[39m [30m[46m renderer-thread [49m[39m src/renderer/services/concept-parsing/__tests__/concept-parsing-service.edge.test.ts[2m > [22mconcept-parsing-service edge cases[2m > [22mrejects empty or short content[32m 10[2mms[22m[39m
 [32m✓[39m [30m[46m renderer-thread [49m[39m src/renderer/services/concept-parsing/__tests__/concept-parsing-service.edge.test.ts[2m > [22mconcept-parsing-service edge cases[2m > [22mrejects overlong content[32m 1[2mms[22m[39m
 [32m✓[39m [30m[46m renderer-thread [49m[39m src/renderer/services/concept-parsing/__tests__/concept-parsing-service.edge.test.ts[2m > [22mconcept-parsing-service edge cases[2m > [22mmarks job as failed when no valid markdown files are found[32m 17[2mms[22m[39m
 [32m✓[39m [30m[46m renderer-thread [49m[39m src/renderer/services/concept-parsing/__tests__/concept-parsing-service.edge.test.ts[2m > [22mconcept-parsing-service edge cases[2m > [22mmarks directory job as failed when no markdown files[32m 16[2mms[22m[39m
 [32m✓[39m [30m[46m renderer-thread [49m[39m src/renderer/services/concept-parsing/__tests__/concept-parsing-service.edge.test.ts[2m > [22mconcept-parsing-service edge cases[2m > [22mignores invalid files and logs warnings[32m 81[2mms[22m[39m
 [32m✓[39m [30m[46m renderer-thread [49m[39m src/renderer/hooks/__tests__/useQdrant.test.tsx[2m > [22museQdrant[2m > [22mperforms status check and stores status[32m 48[2mms[22m[39m
 [32m✓[39m [30m[46m renderer-thread [49m[39m src/renderer/hooks/__tests__/useQdrant.test.tsx[2m > [22museQdrant[2m > [22mhandles IPC errors by surfacing error state[32m 31[2mms[22m[39m
 [32m✓[39m [30m[46m renderer-thread [49m[39m src/renderer/hooks/__tests__/useQdrant.test.tsx[2m > [22museQdrant[2m > [22mmaps knowledge operations through electronAPI[32m 19[2mms[22m[39m
 [32m✓[39m [30m[46m renderer-thread [49m[39m src/renderer/hooks/__tests__/useQdrant.test.tsx[2m > [22museQdrant[2m > [22mcleans up the status interval on unmount[32m 4[2mms[22m[39m
 [32m✓[39m [30m[46m renderer-thread [49m[39m src/renderer/pages/knowledge/__tests__/KnowledgePage.behavior.test.tsx[2m > [22mKnowledgePage[2m > [22mtoggles manager, creates concept, and switches tabs[32m 175[2mms[22m[39m
 [32m✓[39m [30m[46m renderer-thread [49m[39m src/renderer/hooks/__tests__/useSession.test.tsx[2m > [22museSession[2m > [22mloads sessions and normalizes display fields[32m 35[2mms[22m[39m
 [32m✓[39m [30m[46m renderer-thread [49m[39m src/renderer/hooks/__tests__/useSession.test.tsx[2m > [22museSession[2m > [22msurfaces errors from loadSessions[32m 10[2mms[22m[39m
 [32m✓[39m [30m[46m renderer-thread [49m[39m src/renderer/hooks/__tests__/useSession.test.tsx[2m > [22museSession[2m > [22mcreates session and pushes into store[32m 10[2mms[22m[39m
 [32m✓[39m [30m[46m renderer-thread [49m[39m src/renderer/hooks/__tests__/useSession.test.tsx[2m > [22museSession[2m > [22mdeletes session via service and store[32m 5[2mms[22m[39m
 [32m✓[39m [30m[46m renderer-thread [49m[39m src/renderer/hooks/__tests__/useSession.test.tsx[2m > [22museSession[2m > [22mgets current session through service[32m 8[2mms[22m[39m
Error: Component test error
    at ThrowingComponent (D:/Projects/learning_catalyst/src/renderer/shared/ui/__tests__/ComponentErrorBoundary.test.tsx:19:9)
    at renderWithHooks (D:\Projects\learning_catalyst\node_modules\react-dom\cjs\react-dom.development.js:15486:18)
    at mountIndeterminateComponent (D:\Projects\learning_catalyst\node_modules\react-dom\cjs\react-dom.development.js:20103:13)
    at beginWork (D:\Projects\learning_catalyst\node_modules\react-dom\cjs\react-dom.development.js:21626:16)
    at HTMLUnknownElement.callCallback (D:\Projects\learning_catalyst\node_modules\react-dom\cjs\react-dom.development.js:4164:14)
    at HTMLUnknownElement.callTheUserObjectsOperation (D:\Projects\learning_catalyst\node_modules\jsdom\lib\jsdom\living\generated\EventListener.js:26:30)
    at innerInvokeEventListeners (D:\Projects\learning_catalyst\node_modules\jsdom\lib\jsdom\living\events\EventTarget-impl.js:360:16)
    at invokeEventListeners (D:\Projects\learning_catalyst\node_modules\jsdom\lib\jsdom\living\events\EventTarget-impl.js:296:3)
    at HTMLUnknownElementImpl._dispatch (D:\Projects\learning_catalyst\node_modules\jsdom\lib\jsdom\living\events\EventTarget-impl.js:243:9)
    at HTMLUnknownElementImpl.dispatchEvent (D:\Projects\learning_catalyst\node_modules\jsdom\lib\jsdom\living\events\EventTarget-impl.js:114:17)
 [32m✓[39m [30m[46m renderer-thread [49m[39m src/renderer/shared/ui/__tests__/ComponentErrorBoundary.test.tsx[2m > [22mComponentErrorBoundary[2m > [22mshould render children when there is no error[32m 79[2mms[22m[39m
 [32m✓[39m [30m[46m renderer-thread [49m[39m src/renderer/shared/ui/__tests__/ComponentErrorBoundary.test.tsx[2m > [22mComponentErrorBoundary[2m > [22mshould use default component name when not specified[32m 47[2mms[22m[39m
 [32m✓[39m [30m[46m renderer-thread [49m[39m src/renderer/shared/ui/__tests__/ComponentErrorBoundary.test.tsx[2m > [22mComponentErrorBoundary[2m > [22mshould use custom component name when specified[32m 25[2mms[22m[39m
 [32m✓[39m [30m[46m renderer-thread [49m[39m src/renderer/shared/ui/__tests__/ComponentErrorBoundary.test.tsx[2m > [22mComponentErrorBoundary[2m > [22mshould render minimal variant correctly[32m 26[2mms[22m[39m
 [32m✓[39m [30m[46m renderer-thread [49m[39m src/renderer/shared/ui/__tests__/ComponentErrorBoundary.test.tsx[2m > [22mComponentErrorBoundary[2m > [22mshould render inline variant correctly[32m 32[2mms[22m[39m
 [32m✓[39m [30m[46m renderer-thread [49m[39m src/renderer/features/knowledge/ui/__tests__/KnowledgeMiniGraphPanel.test.tsx[2m > [22mKnowledgeMiniGraphPanel[2m > [22mrenders nodes, filters edges, and emits selection[32m 147[2mms[22m[39m
 [32m✓[39m [30m[46m renderer-thread [49m[39m src/renderer/shared/ui/__tests__/ComponentErrorBoundary.test.tsx[2m > [22mComponentErrorBoundary[2m > [22mshould show retry button when onRetry is provided[32m 32[2mms[22m[39m
 [32m✓[39m [30m[46m renderer-thread [49m[39m src/renderer/shared/ui/__tests__/ComponentErrorBoundary.test.tsx[2m > [22mComponentErrorBoundary[2m > [22mshould hide retry button when onRetry is not provided[32m 9[2mms[22m[39m
 [32m✓[39m [30m[46m renderer-thread [49m[39m src/renderer/shared/ui/__tests__/ComponentErrorBoundary.test.tsx[2m > [22mComponentErrorBoundary[2m > [22mshould call onError callback when provided[32m 12[2mms[22m[39m
 [32m✓[39m [30m[46m renderer-thread [49m[39m src/renderer/shared/ui/__tests__/ComponentErrorBoundary.test.tsx[2m > [22mComponentErrorBoundary[2m > [22mshould allow retry to recover from errors[32m 13[2mms[22m[39m
 [32m✓[39m [30m[46m renderer-thread [49m[39m src/renderer/shared/ui/__tests__/ComponentErrorBoundary.test.tsx[2m > [22mComponentErrorBoundary[2m > [22mshould use showErrorDetails prop correctly[32m 19[2mms[22m[39m
 [32m✓[39m [30m[46m renderer-thread [49m[39m src/renderer/shared/ui/__tests__/ComponentErrorBoundary.test.tsx[2m > [22mComponentErrorBoundary[2m > [22mshould apply correct styling and accessibility attributes[32m 13[2mms[22m[39m
Error: Component test error
    at ThrowingComponent (D:/Projects/learning_catalyst/src/renderer/shared/ui/__tests__/ComponentErrorBoundary.test.tsx:19:9)
    at renderWithHooks (D:\Projects\learning_catalyst\node_modules\react-dom\cjs\react-dom.development.js:15486:18)
    at mountIndeterminateComponent (D:\Projects\learning_catalyst\node_modules\react-dom\cjs\react-dom.development.js:20103:13)
    at beginWork (D:\Projects\learning_catalyst\node_modules\react-dom\cjs\react-dom.development.js:21626:16)
    at HTMLUnknownElement.callCallback (D:\Projects\learning_catalyst\node_modules\react-dom\cjs\react-dom.development.js:4164:14)
    at HTMLUnknownElement.callTheUserObjectsOperation (D:\Projects\learning_catalyst\node_modules\jsdom\lib\jsdom\living\generated\EventListener.js:26:30)
    at innerInvokeEventListeners (D:\Projects\learning_catalyst\node_modules\jsdom\lib\jsdom\living\events\EventTarget-impl.js:360:16)
    at invokeEventListeners (D:\Projects\learning_catalyst\node_modules\jsdom\lib\jsdom\living\events\EventTarget-impl.js:296:3)
    at HTMLUnknownElementImpl._dispatch (D:\Projects\learning_catalyst\node_modules\jsdom\lib\jsdom\living\events\EventTarget-impl.js:243:9)
    at HTMLUnknownElementImpl.dispatchEvent (D:\Projects\learning_catalyst\node_modules\jsdom\lib\jsdom\living\events\EventTarget-impl.js:114:17)
Error: Component test error
    at ThrowingComponent (D:/Projects/learning_catalyst/src/renderer/shared/ui/__tests__/ComponentErrorBoundary.test.tsx:19:9)
    at renderWithHooks (D:\Projects\learning_catalyst\node_modules\react-dom\cjs\react-dom.development.js:15486:18)
    at mountIndeterminateComponent (D:\Projects\learning_catalyst\node_modules\react-dom\cjs\react-dom.development.js:20103:13)
    at beginWork (D:\Projects\learning_catalyst\node_modules\react-dom\cjs\react-dom.development.js:21626:16)
    at HTMLUnknownElement.callCallback (D:\Projects\learning_catalyst\node_modules\react-dom\cjs\react-dom.development.js:4164:14)
    at HTMLUnknownElement.callTheUserObjectsOperation (D:\Projects\learning_catalyst\node_modules\jsdom\lib\jsdom\living\generated\EventListener.js:26:30)
    at innerInvokeEventListeners (D:\Projects\learning_catalyst\node_modules\jsdom\lib\jsdom\living\events\EventTarget-impl.js:360:16)
    at invokeEventListeners (D:\Projects\learning_catalyst\node_modules\jsdom\lib\jsdom\living\events\EventTarget-impl.js:296:3)
    at HTMLUnknownElementImpl._dispatch (D:\Projects\learning_catalyst\node_modules\jsdom\lib\jsdom\living\events\EventTarget-impl.js:243:9)
    at HTMLUnknownElementImpl.dispatchEvent (D:\Projects\learning_catalyst\node_modules\jsdom\lib\jsdom\living\events\EventTarget-impl.js:114:17)
Error: Component test error
    at ThrowingComponent (D:/Projects/learning_catalyst/src/renderer/shared/ui/__tests__/ComponentErrorBoundary.test.tsx:19:9)
    at renderWithHooks (D:\Projects\learning_catalyst\node_modules\react-dom\cjs\react-dom.development.js:15486:18)
    at mountIndeterminateComponent (D:\Projects\learning_catalyst\node_modules\react-dom\cjs\react-dom.development.js:20103:13)
    at beginWork (D:\Projects\learning_catalyst\node_modules\react-dom\cjs\react-dom.development.js:21626:16)
    at HTMLUnknownElement.callCallback (D:\Projects\learning_catalyst\node_modules\react-dom\cjs\react-dom.development.js:4164:14)
    at HTMLUnknownElement.callTheUserObjectsOperation (D:\Projects\learning_catalyst\node_modules\jsdom\lib\jsdom\living\generated\EventListener.js:26:30)
    at innerInvokeEventListeners (D:\Projects\learning_catalyst\node_modules\jsdom\lib\jsdom\living\events\EventTarget-impl.js:360:16)
    at invokeEventListeners (D:\Projects\learning_catalyst\node_modules\jsdom\lib\jsdom\living\events\EventTarget-impl.js:296:3)
    at HTMLUnknownElementImpl._dispatch (D:\Projects\learning_catalyst\node_modules\jsdom\lib\jsdom\living\events\EventTarget-impl.js:243:9)
    at HTMLUnknownElementImpl.dispatchEvent (D:\Projects\learning_catalyst\node_modules\jsdom\lib\jsdom\living\events\EventTarget-impl.js:114:17)
Error: Component test error
    at ThrowingComponent (D:/Projects/learning_catalyst/src/renderer/shared/ui/__tests__/ComponentErrorBoundary.test.tsx:19:9)
    at renderWithHooks (D:\Projects\learning_catalyst\node_modules\react-dom\cjs\react-dom.development.js:15486:18)
    at mountIndeterminateComponent (D:\Projects\learning_catalyst\node_modules\react-dom\cjs\react-dom.development.js:20103:13)
    at beginWork (D:\Projects\learning_catalyst\node_modules\react-dom\cjs\react-dom.development.js:21626:16)
    at HTMLUnknownElement.callCallback (D:\Projects\learning_catalyst\node_modules\react-dom\cjs\react-dom.development.js:4164:14)
    at HTMLUnknownElement.callTheUserObjectsOperation (D:\Projects\learning_catalyst\node_modules\jsdom\lib\jsdom\living\generated\EventListener.js:26:30)
    at innerInvokeEventListeners (D:\Projects\learning_catalyst\node_modules\jsdom\lib\jsdom\living\events\EventTarget-impl.js:360:16)
    at invokeEventListeners (D:\Projects\learning_catalyst\node_modules\jsdom\lib\jsdom\living\events\EventTarget-impl.js:296:3)
    at HTMLUnknownElementImpl._dispatch (D:\Projects\learning_catalyst\node_modules\jsdom\lib\jsdom\living\events\EventTarget-impl.js:243:9)
    at HTMLUnknownElementImpl.dispatchEvent (D:\Projects\learning_catalyst\node_modules\jsdom\lib\jsdom\living\events\EventTarget-impl.js:114:17)
Error: Component test error
    at ThrowingComponent (D:/Projects/learning_catalyst/src/renderer/shared/ui/__tests__/ComponentErrorBoundary.test.tsx:19:9)
    at renderWithHooks (D:\Projects\learning_catalyst\node_modules\react-dom\cjs\react-dom.development.js:15486:18)
    at mountIndeterminateComponent (D:\Projects\learning_catalyst\node_modules\react-dom\cjs\react-dom.development.js:20103:13)
    at beginWork (D:\Projects\learning_catalyst\node_modules\react-dom\cjs\react-dom.development.js:21626:16)
    at HTMLUnknownElement.callCallback (D:\Projects\learning_catalyst\node_modules\react-dom\cjs\react-dom.development.js:4164:14)
    at HTMLUnknownElement.callTheUserObjectsOperation (D:\Projects\learning_catalyst\node_modules\jsdom\lib\jsdom\living\generated\EventListener.js:26:30)
    at innerInvokeEventListeners (D:\Projects\learning_catalyst\node_modules\jsdom\lib\jsdom\living\events\EventTarget-impl.js:360:16)
    at invokeEventListeners (D:\Projects\learning_catalyst\node_modules\jsdom\lib\jsdom\living\events\EventTarget-impl.js:296:3)
    at HTMLUnknownElementImpl._dispatch (D:\Projects\learning_catalyst\node_modules\jsdom\lib\jsdom\living\events\EventTarget-impl.js:243:9)
    at HTMLUnknownElementImpl.dispatchEvent (D:\Projects\learning_catalyst\node_modules\jsdom\lib\jsdom\living\events\EventTarget-impl.js:114:17)
Error: Component test error
    at ThrowingComponent (D:/Projects/learning_catalyst/src/renderer/shared/ui/__tests__/ComponentErrorBoundary.test.tsx:19:9)
    at renderWithHooks (D:\Projects\learning_catalyst\node_modules\react-dom\cjs\react-dom.development.js:15486:18)
    at mountIndeterminateComponent (D:\Projects\learning_catalyst\node_modules\react-dom\cjs\react-dom.development.js:20103:13)
    at beginWork (D:\Projects\learning_catalyst\node_modules\react-dom\cjs\react-dom.development.js:21626:16)
    at HTMLUnknownElement.callCallback (D:\Projects\learning_catalyst\node_modules\react-dom\cjs\react-dom.development.js:4164:14)
    at HTMLUnknownElement.callTheUserObjectsOperation (D:\Projects\learning_catalyst\node_modules\jsdom\lib\jsdom\living\generated\EventListener.js:26:30)
    at innerInvokeEventListeners (D:\Projects\learning_catalyst\node_modules\jsdom\lib\jsdom\living\events\EventTarget-impl.js:360:16)
    at invokeEventListeners (D:\Projects\learning_catalyst\node_modules\jsdom\lib\jsdom\living\events\EventTarget-impl.js:296:3)
    at HTMLUnknownElementImpl._dispatch (D:\Projects\learning_catalyst\node_modules\jsdom\lib\jsdom\living\events\EventTarget-impl.js:243:9)
    at HTMLUnknownElementImpl.dispatchEvent (D:\Projects\learning_catalyst\node_modules\jsdom\lib\jsdom\living\events\EventTarget-impl.js:114:17)
Error: Component test error
    at ThrowingComponent (D:/Projects/learning_catalyst/src/renderer/shared/ui/__tests__/ComponentErrorBoundary.test.tsx:19:9)
    at renderWithHooks (D:\Projects\learning_catalyst\node_modules\react-dom\cjs\react-dom.development.js:15486:18)
    at mountIndeterminateComponent (D:\Projects\learning_catalyst\node_modules\react-dom\cjs\react-dom.development.js:20103:13)
    at beginWork (D:\Projects\learning_catalyst\node_modules\react-dom\cjs\react-dom.development.js:21626:16)
    at HTMLUnknownElement.callCallback (D:\Projects\learning_catalyst\node_modules\react-dom\cjs\react-dom.development.js:4164:14)
    at HTMLUnknownElement.callTheUserObjectsOperation (D:\Projects\learning_catalyst\node_modules\jsdom\lib\jsdom\living\generated\EventListener.js:26:30)
    at innerInvokeEventListeners (D:\Projects\learning_catalyst\node_modules\jsdom\lib\jsdom\living\events\EventTarget-impl.js:360:16)
    at invokeEventListeners (D:\Projects\learning_catalyst\node_modules\jsdom\lib\jsdom\living\events\EventTarget-impl.js:296:3)
    at HTMLUnknownElementImpl._dispatch (D:\Projects\learning_catalyst\node_modules\jsdom\lib\jsdom\living\events\EventTarget-impl.js:243:9)
    at HTMLUnknownElementImpl.dispatchEvent (D:\Projects\learning_catalyst\node_modules\jsdom\lib\jsdom\living\events\EventTarget-impl.js:114:17)
Error: Component test error
    at ThrowingComponent (D:/Projects/learning_catalyst/src/renderer/shared/ui/__tests__/ComponentErrorBoundary.test.tsx:19:9)
    at renderWithHooks (D:\Projects\learning_catalyst\node_modules\react-dom\cjs\react-dom.development.js:15486:18)
    at mountIndeterminateComponent (D:\Projects\learning_catalyst\node_modules\react-dom\cjs\react-dom.development.js:20103:13)
    at beginWork (D:\Projects\learning_catalyst\node_modules\react-dom\cjs\react-dom.development.js:21626:16)
    at HTMLUnknownElement.callCallback (D:\Projects\learning_catalyst\node_modules\react-dom\cjs\react-dom.development.js:4164:14)
    at HTMLUnknownElement.callTheUserObjectsOperation (D:\Projects\learning_catalyst\node_modules\jsdom\lib\jsdom\living\generated\EventListener.js:26:30)
    at innerInvokeEventListeners (D:\Projects\learning_catalyst\node_modules\jsdom\lib\jsdom\living\events\EventTarget-impl.js:360:16)
    at invokeEventListeners (D:\Projects\learning_catalyst\node_modules\jsdom\lib\jsdom\living\events\EventTarget-impl.js:296:3)
    at HTMLUnknownElementImpl._dispatch (D:\Projects\learning_catalyst\node_modules\jsdom\lib\jsdom\living\events\EventTarget-impl.js:243:9)
    at HTMLUnknownElementImpl.dispatchEvent (D:\Projects\learning_catalyst\node_modules\jsdom\lib\jsdom\living\events\EventTarget-impl.js:114:17)
Error: Component test error
    at ThrowingComponent (D:/Projects/learning_catalyst/src/renderer/shared/ui/__tests__/ComponentErrorBoundary.test.tsx:19:9)
    at renderWithHooks (D:\Projects\learning_catalyst\node_modules\react-dom\cjs\react-dom.development.js:15486:18)
    at mountIndeterminateComponent (D:\Projects\learning_catalyst\node_modules\react-dom\cjs\react-dom.development.js:20103:13)
    at beginWork (D:\Projects\learning_catalyst\node_modules\react-dom\cjs\react-dom.development.js:21626:16)
    at HTMLUnknownElement.callCallback (D:\Projects\learning_catalyst\node_modules\react-dom\cjs\react-dom.development.js:4164:14)
    at HTMLUnknownElement.callTheUserObjectsOperation (D:\Projects\learning_catalyst\node_modules\jsdom\lib\jsdom\living\generated\EventListener.js:26:30)
    at innerInvokeEventListeners (D:\Projects\learning_catalyst\node_modules\jsdom\lib\jsdom\living\events\EventTarget-impl.js:360:16)
    at invokeEventListeners (D:\Projects\learning_catalyst\node_modules\jsdom\lib\jsdom\living\events\EventTarget-impl.js:296:3)
    at HTMLUnknownElementImpl._dispatch (D:\Projects\learning_catalyst\node_modules\jsdom\lib\jsdom\living\events\EventTarget-impl.js:243:9)
    at HTMLUnknownElementImpl.dispatchEvent (D:\Projects\learning_catalyst\node_modules\jsdom\lib\jsdom\living\events\EventTarget-impl.js:114:17)
Error: Component test error
    at ThrowingComponent (D:/Projects/learning_catalyst/src/renderer/shared/ui/__tests__/ComponentErrorBoundary.test.tsx:19:9)
    at renderWithHooks (D:\Projects\learning_catalyst\node_modules\react-dom\cjs\react-dom.development.js:15486:18)
    at mountIndeterminateComponent (D:\Projects\learning_catalyst\node_modules\react-dom\cjs\react-dom.development.js:20103:13)
    at beginWork (D:\Projects\learning_catalyst\node_modules\react-dom\cjs\react-dom.development.js:21626:16)
    at HTMLUnknownElement.callCallback (D:\Projects\learning_catalyst\node_modules\react-dom\cjs\react-dom.development.js:4164:14)
    at HTMLUnknownElement.callTheUserObjectsOperation (D:\Projects\learning_catalyst\node_modules\jsdom\lib\jsdom\living\generated\EventListener.js:26:30)
    at innerInvokeEventListeners (D:\Projects\learning_catalyst\node_modules\jsdom\lib\jsdom\living\events\EventTarget-impl.js:360:16)
    at invokeEventListeners (D:\Projects\learning_catalyst\node_modules\jsdom\lib\jsdom\living\events\EventTarget-impl.js:296:3)
    at HTMLUnknownElementImpl._dispatch (D:\Projects\learning_catalyst\node_modules\jsdom\lib\jsdom\living\events\EventTarget-impl.js:243:9)
    at HTMLUnknownElementImpl.dispatchEvent (D:\Projects\learning_catalyst\node_modules\jsdom\lib\jsdom\living\events\EventTarget-impl.js:114:17)
Error: Component test error
    at ThrowingComponent (D:/Projects/learning_catalyst/src/renderer/shared/ui/__tests__/ComponentErrorBoundary.test.tsx:19:9)
    at renderWithHooks (D:\Projects\learning_catalyst\node_modules\react-dom\cjs\react-dom.development.js:15486:18)
    at mountIndeterminateComponent (D:\Projects\learning_catalyst\node_modules\react-dom\cjs\react-dom.development.js:20103:13)
    at beginWork (D:\Projects\learning_catalyst\node_modules\react-dom\cjs\react-dom.development.js:21626:16)
    at HTMLUnknownElement.callCallback (D:\Projects\learning_catalyst\node_modules\react-dom\cjs\react-dom.development.js:4164:14)
    at HTMLUnknownElement.callTheUserObjectsOperation (D:\Projects\learning_catalyst\node_modules\jsdom\lib\jsdom\living\generated\EventListener.js:26:30)
    at innerInvokeEventListeners (D:\Projects\learning_catalyst\node_modules\jsdom\lib\jsdom\living\events\EventTarget-impl.js:360:16)
    at invokeEventListeners (D:\Projects\learning_catalyst\node_modules\jsdom\lib\jsdom\living\events\EventTarget-impl.js:296:3)
    at HTMLUnknownElementImpl._dispatch (D:\Projects\learning_catalyst\node_modules\jsdom\lib\jsdom\living\events\EventTarget-impl.js:243:9)
    at HTMLUnknownElementImpl.dispatchEvent (D:\Projects\learning_catalyst\node_modules\jsdom\lib\jsdom\living\events\EventTarget-impl.js:114:17)
Error: Component test error
    at ThrowingComponent (D:/Projects/learning_catalyst/src/renderer/shared/ui/__tests__/ComponentErrorBoundary.test.tsx:19:9)
    at renderWithHooks (D:\Projects\learning_catalyst\node_modules\react-dom\cjs\react-dom.development.js:15486:18)
    at mountIndeterminateComponent (D:\Projects\learning_catalyst\node_modules\react-dom\cjs\react-dom.development.js:20103:13)
    at beginWork (D:\Projects\learning_catalyst\node_modules\react-dom\cjs\react-dom.development.js:21626:16)
    at HTMLUnknownElement.callCallback (D:\Projects\learning_catalyst\node_modules\react-dom\cjs\react-dom.development.js:4164:14)
    at HTMLUnknownElement.callTheUserObjectsOperation (D:\Projects\learning_catalyst\node_modules\jsdom\lib\jsdom\living\generated\EventListener.js:26:30)
    at innerInvokeEventListeners (D:\Projects\learning_catalyst\node_modules\jsdom\lib\jsdom\living\events\EventTarget-impl.js:360:16)
    at invokeEventListeners (D:\Projects\learning_catalyst\node_modules\jsdom\lib\jsdom\living\events\EventTarget-impl.js:296:3)
    at HTMLUnknownElementImpl._dispatch (D:\Projects\learning_catalyst\node_modules\jsdom\lib\jsdom\living\events\EventTarget-impl.js:243:9)
    at HTMLUnknownElementImpl.dispatchEvent (D:\Projects\learning_catalyst\node_modules\jsdom\lib\jsdom\living\events\EventTarget-impl.js:114:17)
Error: Component test error
    at ThrowingComponent (D:/Projects/learning_catalyst/src/renderer/shared/ui/__tests__/ComponentErrorBoundary.test.tsx:19:9)
    at renderWithHooks (D:\Projects\learning_catalyst\node_modules\react-dom\cjs\react-dom.development.js:15486:18)
    at mountIndeterminateComponent (D:\Projects\learning_catalyst\node_modules\react-dom\cjs\react-dom.development.js:20103:13)
    at beginWork (D:\Projects\learning_catalyst\node_modules\react-dom\cjs\react-dom.development.js:21626:16)
    at HTMLUnknownElement.callCallback (D:\Projects\learning_catalyst\node_modules\react-dom\cjs\react-dom.development.js:4164:14)
    at HTMLUnknownElement.callTheUserObjectsOperation (D:\Projects\learning_catalyst\node_modules\jsdom\lib\jsdom\living\generated\EventListener.js:26:30)
    at innerInvokeEventListeners (D:\Projects\learning_catalyst\node_modules\jsdom\lib\jsdom\living\events\EventTarget-impl.js:360:16)
    at invokeEventListeners (D:\Projects\learning_catalyst\node_modules\jsdom\lib\jsdom\living\events\EventTarget-impl.js:296:3)
    at HTMLUnknownElementImpl._dispatch (D:\Projects\learning_catalyst\node_modules\jsdom\lib\jsdom\living\events\EventTarget-impl.js:243:9)
    at HTMLUnknownElementImpl.dispatchEvent (D:\Projects\learning_catalyst\node_modules\jsdom\lib\jsdom\living\events\EventTarget-impl.js:114:17)
Error: Component test error
    at ThrowingComponent (D:/Projects/learning_catalyst/src/renderer/shared/ui/__tests__/ComponentErrorBoundary.test.tsx:19:9)
    at renderWithHooks (D:\Projects\learning_catalyst\node_modules\react-dom\cjs\react-dom.development.js:15486:18)
    at mountIndeterminateComponent (D:\Projects\learning_catalyst\node_modules\react-dom\cjs\react-dom.development.js:20103:13)
    at beginWork (D:\Projects\learning_catalyst\node_modules\react-dom\cjs\react-dom.development.js:21626:16)
    at HTMLUnknownElement.callCallback (D:\Projects\learning_catalyst\node_modules\react-dom\cjs\react-dom.development.js:4164:14)
    at HTMLUnknownElement.callTheUserObjectsOperation (D:\Projects\learning_catalyst\node_modules\jsdom\lib\jsdom\living\generated\EventListener.js:26:30)
    at innerInvokeEventListeners (D:\Projects\learning_catalyst\node_modules\jsdom\lib\jsdom\living\events\EventTarget-impl.js:360:16)
    at invokeEventListeners (D:\Projects\learning_catalyst\node_modules\jsdom\lib\jsdom\living\events\EventTarget-impl.js:296:3)
    at HTMLUnknownElementImpl._dispatch (D:\Projects\learning_catalyst\node_modules\jsdom\lib\jsdom\living\events\EventTarget-impl.js:243:9)
    at HTMLUnknownElementImpl.dispatchEvent (D:\Projects\learning_catalyst\node_modules\jsdom\lib\jsdom\living\events\EventTarget-impl.js:114:17)
Error: Component test error
    at ThrowingComponent (D:/Projects/learning_catalyst/src/renderer/shared/ui/__tests__/ComponentErrorBoundary.test.tsx:19:9)
    at renderWithHooks (D:\Projects\learning_catalyst\node_modules\react-dom\cjs\react-dom.development.js:15486:18)
    at mountIndeterminateComponent (D:\Projects\learning_catalyst\node_modules\react-dom\cjs\react-dom.development.js:20103:13)
    at beginWork (D:\Projects\learning_catalyst\node_modules\react-dom\cjs\react-dom.development.js:21626:16)
    at HTMLUnknownElement.callCallback (D:\Projects\learning_catalyst\node_modules\react-dom\cjs\react-dom.development.js:4164:14)
    at HTMLUnknownElement.callTheUserObjectsOperation (D:\Projects\learning_catalyst\node_modules\jsdom\lib\jsdom\living\generated\EventListener.js:26:30)
    at innerInvokeEventListeners (D:\Projects\learning_catalyst\node_modules\jsdom\lib\jsdom\living\events\EventTarget-impl.js:360:16)
    at invokeEventListeners (D:\Projects\learning_catalyst\node_modules\jsdom\lib\jsdom\living\events\EventTarget-impl.js:296:3)
    at HTMLUnknownElementImpl._dispatch (D:\Projects\learning_catalyst\node_modules\jsdom\lib\jsdom\living\events\EventTarget-impl.js:243:9)
    at HTMLUnknownElementImpl.dispatchEvent (D:\Projects\learning_catalyst\node_modules\jsdom\lib\jsdom\living\events\EventTarget-impl.js:114:17)
Error: Component test error
    at ThrowingComponent (D:/Projects/learning_catalyst/src/renderer/shared/ui/__tests__/ComponentErrorBoundary.test.tsx:19:9)
    at renderWithHooks (D:\Projects\learning_catalyst\node_modules\react-dom\cjs\react-dom.development.js:15486:18)
    at mountIndeterminateComponent (D:\Projects\learning_catalyst\node_modules\react-dom\cjs\react-dom.development.js:20103:13)
    at beginWork (D:\Projects\learning_catalyst\node_modules\react-dom\cjs\react-dom.development.js:21626:16)
    at HTMLUnknownElement.callCallback (D:\Projects\learning_catalyst\node_modules\react-dom\cjs\react-dom.development.js:4164:14)
    at HTMLUnknownElement.callTheUserObjectsOperation (D:\Projects\learning_catalyst\node_modules\jsdom\lib\jsdom\living\generated\EventListener.js:26:30)
    at innerInvokeEventListeners (D:\Projects\learning_catalyst\node_modules\jsdom\lib\jsdom\living\events\EventTarget-impl.js:360:16)
    at invokeEventListeners (D:\Projects\learning_catalyst\node_modules\jsdom\lib\jsdom\living\events\EventTarget-impl.js:296:3)
    at HTMLUnknownElementImpl._dispatch (D:\Projects\learning_catalyst\node_modules\jsdom\lib\jsdom\living\events\EventTarget-impl.js:243:9)
    at HTMLUnknownElementImpl.dispatchEvent (D:\Projects\learning_catalyst\node_modules\jsdom\lib\jsdom\living\events\EventTarget-impl.js:114:17)
Error: Component test error
    at ThrowingComponent (D:/Projects/learning_catalyst/src/renderer/shared/ui/__tests__/ComponentErrorBoundary.test.tsx:19:9)
    at renderWithHooks (D:\Projects\learning_catalyst\node_modules\react-dom\cjs\react-dom.development.js:15486:18)
    at mountIndeterminateComponent (D:\Projects\learning_catalyst\node_modules\react-dom\cjs\react-dom.development.js:20103:13)
    at beginWork (D:\Projects\learning_catalyst\node_modules\react-dom\cjs\react-dom.development.js:21626:16)
    at HTMLUnknownElement.callCallback (D:\Projects\learning_catalyst\node_modules\react-dom\cjs\react-dom.development.js:4164:14)
    at HTMLUnknownElement.callTheUserObjectsOperation (D:\Projects\learning_catalyst\node_modules\jsdom\lib\jsdom\living\generated\EventListener.js:26:30)
    at innerInvokeEventListeners (D:\Projects\learning_catalyst\node_modules\jsdom\lib\jsdom\living\events\EventTarget-impl.js:360:16)
    at invokeEventListeners (D:\Projects\learning_catalyst\node_modules\jsdom\lib\jsdom\living\events\EventTarget-impl.js:296:3)
    at HTMLUnknownElementImpl._dispatch (D:\Projects\learning_catalyst\node_modules\jsdom\lib\jsdom\living\events\EventTarget-impl.js:243:9)
    at HTMLUnknownElementImpl.dispatchEvent (D:\Projects\learning_catalyst\node_modules\jsdom\lib\jsdom\living\events\EventTarget-impl.js:114:17)
Error: Component test error
    at ThrowingComponent (D:/Projects/learning_catalyst/src/renderer/shared/ui/__tests__/ComponentErrorBoundary.test.tsx:19:9)
    at renderWithHooks (D:\Projects\learning_catalyst\node_modules\react-dom\cjs\react-dom.development.js:15486:18)
    at mountIndeterminateComponent (D:\Projects\learning_catalyst\node_modules\react-dom\cjs\react-dom.development.js:20103:13)
    at beginWork (D:\Projects\learning_catalyst\node_modules\react-dom\cjs\react-dom.development.js:21626:16)
    at HTMLUnknownElement.callCallback (D:\Projects\learning_catalyst\node_modules\react-dom\cjs\react-dom.development.js:4164:14)
    at HTMLUnknownElement.callTheUserObjectsOperation (D:\Projects\learning_catalyst\node_modules\jsdom\lib\jsdom\living\generated\EventListener.js:26:30)
    at innerInvokeEventListeners (D:\Projects\learning_catalyst\node_modules\jsdom\lib\jsdom\living\events\EventTarget-impl.js:360:16)
    at invokeEventListeners (D:\Projects\learning_catalyst\node_modules\jsdom\lib\jsdom\living\events\EventTarget-impl.js:296:3)
    at HTMLUnknownElementImpl._dispatch (D:\Projects\learning_catalyst\node_modules\jsdom\lib\jsdom\living\events\EventTarget-impl.js:243:9)
    at HTMLUnknownElementImpl.dispatchEvent (D:\Projects\learning_catalyst\node_modules\jsdom\lib\jsdom\living\events\EventTarget-impl.js:114:17)
Error: Component test error
    at ThrowingComponent (D:/Projects/learning_catalyst/src/renderer/shared/ui/__tests__/ComponentErrorBoundary.test.tsx:19:9)
    at renderWithHooks (D:\Projects\learning_catalyst\node_modules\react-dom\cjs\react-dom.development.js:15486:18)
    at mountIndeterminateComponent (D:\Projects\learning_catalyst\node_modules\react-dom\cjs\react-dom.development.js:20103:13)
    at beginWork (D:\Projects\learning_catalyst\node_modules\react-dom\cjs\react-dom.development.js:21626:16)
    at HTMLUnknownElement.callCallback (D:\Projects\learning_catalyst\node_modules\react-dom\cjs\react-dom.development.js:4164:14)
    at HTMLUnknownElement.callTheUserObjectsOperation (D:\Projects\learning_catalyst\node_modules\jsdom\lib\jsdom\living\generated\EventListener.js:26:30)
    at innerInvokeEventListeners (D:\Projects\learning_catalyst\node_modules\jsdom\lib\jsdom\living\events\EventTarget-impl.js:360:16)
    at invokeEventListeners (D:\Projects\learning_catalyst\node_modules\jsdom\lib\jsdom\living\events\EventTarget-impl.js:296:3)
    at HTMLUnknownElementImpl._dispatch (D:\Projects\learning_catalyst\node_modules\jsdom\lib\jsdom\living\events\EventTarget-impl.js:243:9)
    at HTMLUnknownElementImpl.dispatchEvent (D:\Projects\learning_catalyst\node_modules\jsdom\lib\jsdom\living\events\EventTarget-impl.js:114:17)
 [32m✓[39m [30m[46m renderer-thread [49m[39m src/renderer/features/knowledge/ui/__tests__/LoadedConceptsPanel.test.tsx[2m > [22mLoadedConceptsPanel[2m > [22mloads concepts, filters, and emits selection[32m 141[2mms[22m[39m
 [32m✓[39m [30m[46m renderer-thread [49m[39m src/renderer/features/knowledge/ui/__tests__/KnowledgeGraphVisualization.test.tsx[2m > [22mKnowledgeGraphVisualization[2m > [22mloads nodes/edges and emits selection[32m 119[2mms[22m[39m
 [32m✓[39m [30m[46m renderer-thread [49m[39m src/renderer/features/knowledge/ui/__tests__/KnowledgeGraphVisualization.test.tsx[2m > [22mKnowledgeGraphVisualization[2m > [22mshows error state and retries[32m 51[2mms[22m[39m
 [32m✓[39m [30m[46m renderer-thread [49m[39m src/renderer/hooks/__tests__/usePracticeSuggestions.test.tsx[2m > [22musePracticeSuggestions[2m > [22mexposes loading state and results[32m 36[2mms[22m[39m
 [32m✓[39m [30m[46m renderer-thread [49m[39m src/renderer/hooks/__tests__/usePracticeSuggestions.test.tsx[2m > [22musePracticeSuggestions[2m > [22mhandles errors and can retry[32m 6[2mms[22m[39m
 [32m✓[39m [30m[46m renderer-thread [49m[39m src/renderer/hooks/__tests__/usePracticeSuggestions.test.tsx[2m > [22musePracticeSuggestions[2m > [22maccepts suggestion and moves to history[32m 14[2mms[22m[39m
 [32m✓[39m [30m[46m renderer-thread [49m[39m src/renderer/hooks/__tests__/usePracticeSuggestions.test.tsx[2m > [22musePracticeSuggestions[2m > [22mdeclines suggestion and moves to history[32m 4[2mms[22m[39m
 [32m✓[39m [30m[46m renderer-thread [49m[39m src/renderer/hooks/__tests__/usePracticeSuggestions.test.tsx[2m > [22musePracticeSuggestions[2m > [22mdismisses suggestion without adding to history[32m 4[2mms[22m[39m
 [32m✓[39m [30m[46m renderer-thread [49m[39m src/renderer/shared/ui/__tests__/Container.test.tsx[2m > [22mContainer[2m > [22mapplies max width classes and renders children[32m 49[2mms[22m[39m
 [32m✓[39m [30m[46m renderer-thread [49m[39m src/renderer/shared/ui/__tests__/Container.test.tsx[2m > [22mContainer[2m > [22mdefaults to full width when no maxWidth provided[32m 6[2mms[22m[39m
 [32m✓[39m [30m[46m renderer-thread [49m[39m src/renderer/shared/ui/__tests__/SyntaxHighlighterWrapper.test.tsx[2m > [22mSyntaxHighlighterWrapper[2m > [22mrenders code block with provided language and children[32m 66[2mms[22m[39m
Error: useElectronAPI must be used within ElectronAPIProvider
    at Module.useElectronAPI (D:/Projects/learning_catalyst/src/renderer/hooks/useElectronAPI.tsx:163:11)
    at D:/Projects/learning_catalyst/src/renderer/hooks/__tests__/useElectronAPI.test.tsx:41:26
    at TestComponent (D:\Projects\learning_catalyst\node_modules\@testing-library\react\dist\pure.js:331:27)
    at renderWithHooks (D:\Projects\learning_catalyst\node_modules\react-dom\cjs\react-dom.development.js:15486:18)
    at mountIndeterminateComponent (D:\Projects\learning_catalyst\node_modules\react-dom\cjs\react-dom.development.js:20103:13)
    at beginWork (D:\Projects\learning_catalyst\node_modules\react-dom\cjs\react-dom.development.js:21626:16)
    at HTMLUnknownElement.callCallback (D:\Projects\learning_catalyst\node_modules\react-dom\cjs\react-dom.development.js:4164:14)
    at HTMLUnknownElement.callTheUserObjectsOperation (D:\Projects\learning_catalyst\node_modules\jsdom\lib\jsdom\living\generated\EventListener.js:26:30)
    at innerInvokeEventListeners (D:\Projects\learning_catalyst\node_modules\jsdom\lib\jsdom\living\events\EventTarget-impl.js:360:16)
    at invokeEventListeners (D:\Projects\learning_catalyst\node_modules\jsdom\lib\jsdom\living\events\EventTarget-impl.js:296:3)
Error: useElectronAPI must be used within ElectronAPIProvider
    at Module.useElectronAPI (D:/Projects/learning_catalyst/src/renderer/hooks/useElectronAPI.tsx:163:11)
    at D:/Projects/learning_catalyst/src/renderer/hooks/__tests__/useElectronAPI.test.tsx:41:26
    at TestComponent (D:\Projects\learning_catalyst\node_modules\@testing-library\react\dist\pure.js:331:27)
    at renderWithHooks (D:\Projects\learning_catalyst\node_modules\react-dom\cjs\react-dom.development.js:15486:18)
    at mountIndeterminateComponent (D:\Projects\learning_catalyst\node_modules\react-dom\cjs\react-dom.development.js:20103:13)
    at beginWork (D:\Projects\learning_catalyst\node_modules\react-dom\cjs\react-dom.development.js:21626:16)
    at HTMLUnknownElement.callCallback (D:\Projects\learning_catalyst\node_modules\react-dom\cjs\react-dom.development.js:4164:14)
    at HTMLUnknownElement.callTheUserObjectsOperation (D:\Projects\learning_catalyst\node_modules\jsdom\lib\jsdom\living\generated\EventListener.js:26:30)
    at innerInvokeEventListeners (D:\Projects\learning_catalyst\node_modules\jsdom\lib\jsdom\living\events\EventTarget-impl.js:360:16)
    at invokeEventListeners (D:\Projects\learning_catalyst\node_modules\jsdom\lib\jsdom\living\events\EventTarget-impl.js:296:3)
 [32m✓[39m [30m[46m renderer-thread [49m[39m src/renderer/hooks/__tests__/useElectronAPI.test.tsx[2m > [22museElectronAPI[2m > [22mElectronAPIProvider[2m > [22mthrows when useElectronAPI called outside provider[32m 43[2mms[22m[39m
 [32m✓[39m [30m[46m renderer-thread [49m[39m src/renderer/hooks/__tests__/useElectronAPI.test.tsx[2m > [22museElectronAPI[2m > [22mElectronAPIProvider[2m > [22mprovides injected mock API[32m 7[2mms[22m[39m
 [32m✓[39m [30m[46m renderer-thread [49m[39m src/renderer/hooks/__tests__/useElectronAPI.test.tsx[2m > [22museElectronAPI[2m > [22mIPCError[2m > [22mcreates error with code, message, and details[32m 2[2mms[22m[39m
 [32m✓[39m [30m[46m renderer-thread [49m[39m src/renderer/hooks/__tests__/useElectronAPI.test.tsx[2m > [22museElectronAPI[2m > [22mIPCError[2m > [22mcreates error without details[32m 6[2mms[22m[39m
 [32m✓[39m [30m[46m renderer-thread [49m[39m src/renderer/hooks/__tests__/useElectronAPI.test.tsx[2m > [22museElectronAPI[2m > [22munwrapAPI helper[2m > [22munwraps successful APIResponse[32m 4[2mms[22m[39m
 [32m✓[39m [30m[46m renderer-thread [49m[39m src/renderer/hooks/__tests__/useElectronAPI.test.tsx[2m > [22museElectronAPI[2m > [22munwrapAPI helper[2m > [22mshows toast and throws IPCError on failure[32m 6[2mms[22m[39m
 [32m✓[39m [30m[46m renderer-thread [49m[39m src/renderer/hooks/__tests__/useElectronAPI.test.tsx[2m > [22museElectronAPI[2m > [22munwrapAPI helper[2m > [22msuppresses toast with silent option[32m 4[2mms[22m[39m
 [32m✓[39m [30m[46m renderer-thread [49m[39m src/renderer/hooks/__tests__/useElectronAPI.test.tsx[2m > [22museElectronAPI[2m > [22mnested namespace access[2m > [22mprovides access to nested objects like api.sessions, api.chat[32m 3[2mms[22m[39m
 [32m✓[39m [30m[46m renderer-thread [49m[39m src/renderer/shared/ui/__tests__/Input.behavior.test.ts[2m > [22mInput Component - Behavior Testing[2m > [22mValue Management[2m > [22mshould handle value changes correctly[32m 3[2mms[22m[39m
 [32m✓[39m [30m[46m renderer-thread [49m[39m src/renderer/shared/ui/__tests__/Input.behavior.test.ts[2m > [22mInput Component - Behavior Testing[2m > [22mValue Management[2m > [22mshould prevent value changes when disabled[32m 0[2mms[22m[39m
 [32m✓[39m [30m[46m renderer-thread [49m[39m src/renderer/shared/ui/__tests__/Input.behavior.test.ts[2m > [22mInput Component - Behavior Testing[2m > [22mValue Management[2m > [22mshould handle empty values gracefully[32m 0[2mms[22m[39m
 [32m✓[39m [30m[46m renderer-thread [49m[39m src/renderer/shared/ui/__tests__/Input.behavior.test.ts[2m > [22mInput Component - Behavior Testing[2m > [22mValidation Logic[2m > [22mshould validate required fields[32m 2[2mms[22m[39m
 [32m✓[39m [30m[46m renderer-thread [49m[39m src/renderer/shared/ui/__tests__/Input.behavior.test.ts[2m > [22mInput Component - Behavior Testing[2m > [22mValidation Logic[2m > [22mshould validate length constraints[32m 1[2mms[22m[39m
 [32m✓[39m [30m[46m renderer-thread [49m[39m src/renderer/shared/ui/__tests__/Input.behavior.test.ts[2m > [22mInput Component - Behavior Testing[2m > [22mValidation Logic[2m > [22mshould validate email format[32m 1[2mms[22m[39m
 [32m✓[39m [30m[46m renderer-thread [49m[39m src/renderer/shared/ui/__tests__/Input.behavior.test.ts[2m > [22mInput Component - Behavior Testing[2m > [22mValidation Logic[2m > [22mshould validate custom patterns[32m 1[2mms[22m[39m
 [32m✓[39m [30m[46m renderer-thread [49m[39m src/renderer/shared/ui/__tests__/Input.behavior.test.ts[2m > [22mInput Component - Behavior Testing[2m > [22mType Handling[2m > [22mshould provide correct configuration for each type[32m 1[2mms[22m[39m
 [32m✓[39m [30m[46m renderer-thread [49m[39m src/renderer/shared/ui/__tests__/Input.behavior.test.ts[2m > [22mInput Component - Behavior Testing[2m > [22mAccessibility Features[2m > [22mshould have correct accessibility attributes[32m 1[2mms[22m[39m
 [32m✓[39m [30m[46m renderer-thread [49m[39m src/renderer/shared/ui/__tests__/Input.behavior.test.ts[2m > [22mInput Component - Behavior Testing[2m > [22mHelper Text and Error Display[2m > [22mshould show error text when error exists[32m 0[2mms[22m[39m
 [32m✓[39m [30m[46m renderer-thread [49m[39m src/renderer/shared/ui/__tests__/Input.behavior.test.ts[2m > [22mInput Component - Behavior Testing[2m > [22mHelper Text and Error Display[2m > [22mshould show helper text when no error[32m 0[2mms[22m[39m
 [32m✓[39m [30m[46m renderer-thread [49m[39m src/renderer/shared/ui/__tests__/Input.behavior.test.ts[2m > [22mInput Component - Behavior Testing[2m > [22mHelper Text and Error Display[2m > [22mshould show no text when no error or helper[32m 0[2mms[22m[39m
 [32m✓[39m [30m[46m renderer-thread [49m[39m src/renderer/shared/ui/__tests__/Input.behavior.test.ts[2m > [22mInput Component - Behavior Testing[2m > [22mFocus and Blur Management[2m > [22mshould handle focus events correctly[32m 0[2mms[22m[39m
 [32m✓[39m [30m[46m renderer-thread [49m[39m src/renderer/shared/ui/__tests__/Input.behavior.test.ts[2m > [22mInput Component - Behavior Testing[2m > [22mFocus and Blur Management[2m > [22mshould track touched state for validation[32m 1[2mms[22m[39m
 [32m✓[39m [30m[46m renderer-thread [49m[39m src/renderer/shared/ui/__tests__/Input.behavior.test.ts[2m > [22mInput Component - Behavior Testing[2m > [22mPerformance Considerations[2m > [22mshould handle rapid value changes efficiently[32m 1[2mms[22m[39m
 [32m✓[39m [30m[46m renderer-thread [49m[39m src/renderer/shared/ui/__tests__/Input.behavior.test.ts[2m > [22mInput Component - Behavior Testing[2m > [22mPerformance Considerations[2m > [22mshould debounce validation efficiently[32m 29[2mms[22m[39m
 [32m✓[39m [30m[46m renderer-thread [49m[39m src/renderer/stores/__tests__/useAppStore.behavior.test.ts[2m > [22museAppStore behavior[2m > [22mtoggles focus mode[32m 39[2mms[22m[39m
 [32m✓[39m [30m[46m renderer-thread [49m[39m src/renderer/stores/__tests__/useAppStore.behavior.test.ts[2m > [22museAppStore behavior[2m > [22mapplies theme to document root[32m 13[2mms[22m[39m
 [32m✓[39m [30m[46m renderer-thread [49m[39m src/renderer/stores/__tests__/useAppStore.behavior.test.ts[2m > [22museAppStore behavior[2m > [22msets and clears messages[32m 12[2mms[22m[39m
 [32m✓[39m [30m[46m renderer-thread [49m[39m src/renderer/stores/__tests__/useAppStore.behavior.test.ts[2m > [22museAppStore behavior[2m > [22mupdates view and sidebar flags[32m 12[2mms[22m[39m
 [32m✓[39m [30m[46m renderer-thread [49m[39m src/renderer/hooks/__tests__/useRecentSessions.test.tsx[2m > [22museRecentSessions[2m > [22mloads sessions on mount and sets hasMore when hitting the limit[32m 46[2mms[22m[39m
 [32m✓[39m [30m[46m renderer-thread [49m[39m src/renderer/hooks/__tests__/useRecentSessions.test.tsx[2m > [22museRecentSessions[2m > [22msurfaces friendly message when service throws[32m 15[2mms[22m[39m
 [32m✓[39m [30m[46m renderer-thread [49m[39m src/renderer/hooks/__tests__/useRecentSessions.test.tsx[2m > [22museRecentSessions[2m > [22mskips loadMore when hasMore is false[32m 11[2mms[22m[39m
 [32m✓[39m [30m[46m renderer-thread [49m[39m src/renderer/__tests__/DiscoveryPage.test.tsx[2m > [22mDiscoveryPage[2m > [22mrenders the content discovery container[32m 45[2mms[22m[39m
 [32m✓[39m [30m[46m renderer-thread [49m[39m src/renderer/shared/ui/__tests__/ModuleStatusIndicator.test.tsx[2m > [22mModuleStatusIndicator[2m > [22mshows initializing state when health is not provided[32m 88[2mms[22m[39m
 [32m✓[39m [30m[46m renderer-thread [49m[39m src/renderer/shared/ui/__tests__/ModuleStatusIndicator.test.tsx[2m > [22mModuleStatusIndicator[2m > [22mrenders compact summary with refresh when degraded/failed modules exist[32m 19[2mms[22m[39m
 [32m✓[39m [30m[46m renderer-thread [49m[39m src/renderer/shared/ui/__tests__/ModuleStatusIndicator.test.tsx[2m > [22mModuleStatusIndicator[2m > [22mrenders detailed module list, issues, and respects status styling[32m 39[2mms[22m[39m
 [32m✓[39m [30m[46m renderer-thread [49m[39m src/renderer/services/file/__tests__/file-service.test.ts[2m > [22mFileService[2m > [22mshowOpenDialog[2m > [22mshould successfully open dialog[32m 4[2mms[22m[39m
 [32m✓[39m [30m[46m renderer-thread [49m[39m src/renderer/services/file/__tests__/file-service.test.ts[2m > [22mFileService[2m > [22mshowOpenDialog[2m > [22mshould merge defaults with provided options[32m 6[2mms[22m[39m
 [32m✓[39m [30m[46m renderer-thread [49m[39m src/renderer/services/file/__tests__/file-service.test.ts[2m > [22mFileService[2m > [22mshowOpenDialog[2m > [22mshould handle service unavailability[32m 1[2mms[22m[39m
 [32m✓[39m [30m[46m renderer-thread [49m[39m src/renderer/services/file/__tests__/file-service.test.ts[2m > [22mFileService[2m > [22mreadFile[2m > [22mshould successfully read and validate file[32m 1[2mms[22m[39m
 [32m✓[39m [30m[46m renderer-thread [49m[39m src/renderer/services/file/__tests__/file-service.test.ts[2m > [22mFileService[2m > [22mreadFile[2m > [22mshould handle invalid path[32m 1[2mms[22m[39m
 [32m✓[39m [30m[46m renderer-thread [49m[39m src/renderer/services/file/__tests__/file-service.test.ts[2m > [22mFileService[2m > [22mreadFile[2m > [22mshould sanitize content[32m 0[2mms[22m[39m
 [32m✓[39m [30m[46m renderer-thread [49m[39m src/renderer/services/file/__tests__/file-service.test.ts[2m > [22mFileService[2m > [22mreadFile[2m > [22mshould handle file too large[32m 0[2mms[22m[39m
 [32m✓[39m [30m[46m renderer-thread [49m[39m src/renderer/services/file/__tests__/file-service.test.ts[2m > [22mFileService[2m > [22mreadFile[2m > [22mreturns error for non-string content and read failure[32m 1[2mms[22m[39m
 [32m✓[39m [30m[46m renderer-thread [49m[39m src/renderer/services/file/__tests__/file-service.test.ts[2m > [22mFileService[2m > [22mwriteFile[2m > [22mshould successfully write file[32m 2[2mms[22m[39m
 [32m✓[39m [30m[46m renderer-thread [49m[39m src/renderer/services/file/__tests__/file-service.test.ts[2m > [22mFileService[2m > [22mwriteFile[2m > [22mshould handle invalid path[32m 0[2mms[22m[39m
 [32m✓[39m [30m[46m renderer-thread [49m[39m src/renderer/services/file/__tests__/file-service.test.ts[2m > [22mFileService[2m > [22mwriteFile[2m > [22mshould handle invalid content type[32m 0[2mms[22m[39m
 [32m✓[39m [30m[46m renderer-thread [49m[39m src/renderer/services/file/__tests__/file-service.test.ts[2m > [22mFileService[2m > [22mwriteFile[2m > [22mshould surface write errors[32m 0[2mms[22m[39m
 [32m✓[39m [30m[46m renderer-thread [49m[39m src/renderer/services/file/__tests__/file-service.test.ts[2m > [22mFileService[2m > [22mexistsFile[2m > [22mshould successfully check file existence[32m 0[2mms[22m[39m
 [32m✓[39m [30m[46m renderer-thread [49m[39m src/renderer/services/file/__tests__/file-service.test.ts[2m > [22mFileService[2m > [22mexistsFile[2m > [22mshould handle invalid path[32m 0[2mms[22m[39m
 [32m✓[39m [30m[46m renderer-thread [49m[39m src/renderer/services/file/__tests__/file-service.test.ts[2m > [22mFileService[2m > [22mshowSaveDialog[2m > [22mshould successfully open save dialog[32m 0[2mms[22m[39m
 [32m✓[39m [30m[46m renderer-thread [49m[39m src/renderer/services/file/__tests__/file-service.test.ts[2m > [22mFileService[2m > [22mshowSaveDialog[2m > [22mshould pass through provided options[32m 2[2mms[22m[39m
 [32m✓[39m [30m[46m renderer-thread [49m[39m src/renderer/services/file/__tests__/file-service.test.ts[2m > [22mFileService[2m > [22mshowSaveDialog[2m > [22mshould handle service unavailability[32m 0[2mms[22m[39m
 [32m✓[39m [30m[46m renderer-thread [49m[39m src/renderer/services/file/__tests__/file-service.test.ts[2m > [22mFileService[2m > [22mreadDirectory and workspace[2m > [22mhandles service unavailable and invalid path[32m 0[2mms[22m[39m
 [32m✓[39m [30m[46m renderer-thread [49m[39m src/renderer/services/file/__tests__/file-service.test.ts[2m > [22mFileService[2m > [22mreadDirectory and workspace[2m > [22mhandles getWorkspacePath unavailable[32m 0[2mms[22m[39m
 [32m✓[39m [30m[46m renderer-thread [49m[39m src/renderer/stores/__tests__/sessionStore.behavior.test.ts[2m > [22msessionStore behavior[2m > [22madds, updates, removes and selects sessions[32m 5[2mms[22m[39m
 [32m✓[39m [30m[46m renderer-thread [49m[39m src/renderer/stores/__tests__/sessionStore.behavior.test.ts[2m > [22msessionStore behavior[2m > [22mmanages filters and pagination[32m 2[2mms[22m[39m
 [32m✓[39m [30m[46m renderer-thread [49m[39m src/renderer/stores/__tests__/sessionStore.behavior.test.ts[2m > [22msessionStore behavior[2m > [22mfilters sessions by text, tags and agent type[32m 1[2mms[22m[39m
 [32m✓[39m [30m[46m renderer-thread [49m[39m src/renderer/stores/__tests__/sessionStore.behavior.test.ts[2m > [22msessionStore behavior[2m > [22mselection helpers select/deselect all[32m 1[2mms[22m[39m
 [32m✓[39m [30m[46m renderer-thread [49m[39m src/renderer/stores/__tests__/sessionStore.behavior.test.ts[2m > [22msessionStore behavior[2m > [22mupdate and delete actions toggle flags and mutate state[32m 1[2mms[22m[39m
 [32m✓[39m [30m[46m renderer-thread [49m[39m src/renderer/stores/__tests__/sessionStore.behavior.test.ts[2m > [22msessionStore behavior[2m > [22mcreateNewSession forwards defaults to createSession[32m 3[2mms[22m[39m
 [32m✓[39m [30m[46m renderer-thread [49m[39m src/renderer/stores/__tests__/sessionStore.behavior.test.ts[2m > [22msessionStore behavior[2m > [22mrefreshSessions delegates to loadSessions with current filters[32m 1[2mms[22m[39m
 [32m✓[39m [30m[46m renderer-thread [49m[39m src/renderer/stores/__tests__/sessionStore.behavior.test.ts[2m > [22msessionStore behavior[2m > [22mresetSessionState restores initial values[32m 0[2mms[22m[39m
 [32m✓[39m [30m[46m renderer-thread [49m[39m src/renderer/services/chat/__tests__/ipcFetch.test.ts[2m > [22mipcFetch[2m > [22mconversationId handling[2m > [22mshould pass conversationId from payload.id to aiSDK.stream[32m 11[2mms[22m[39m
 [32m✓[39m [30m[46m renderer-thread [49m[39m src/renderer/services/chat/__tests__/ipcFetch.test.ts[2m > [22mipcFetch[2m > [22mconversationId handling[2m > [22mshould handle undefined conversationId when id is not provided[32m 1[2mms[22m[39m
 [32m✓[39m [30m[46m renderer-thread [49m[39m src/renderer/services/chat/__tests__/ipcFetch.test.ts[2m > [22mipcFetch[2m > [22mconversationId handling[2m > [22mshould handle null id[32m 1[2mms[22m[39m
 [32m✓[39m [30m[46m renderer-thread [49m[39m src/renderer/services/chat/__tests__/ipcFetch.test.ts[2m > [22mipcFetch[2m > [22mmessages extraction[2m > [22mshould extract messages from payload.messages[32m 2[2mms[22m[39m
 [32m✓[39m [30m[46m renderer-thread [49m[39m src/renderer/services/chat/__tests__/ipcFetch.test.ts[2m > [22mipcFetch[2m > [22mmessages extraction[2m > [22mshould handle empty messages array[32m 2[2mms[22m[39m
 [32m✓[39m [30m[46m renderer-thread [49m[39m src/renderer/services/chat/__tests__/ipcFetch.test.ts[2m > [22mipcFetch[2m > [22mmessages extraction[2m > [22mshould handle missing messages property[32m 1[2mms[22m[39m
 [32m✓[39m [30m[46m renderer-thread [49m[39m src/renderer/services/chat/__tests__/ipcFetch.test.ts[2m > [22mipcFetch[2m > [22mstream handling[2m > [22mshould create Response with ReadableStream[32m 2[2mms[22m[39m
 [32m✓[39m [30m[46m renderer-thread [49m[39m src/renderer/services/chat/__tests__/ipcFetch.test.ts[2m > [22mipcFetch[2m > [22mstream handling[2m > [22mshould stream data to controller[32m 1[2mms[22m[39m
 [32m✓[39m [30m[46m renderer-thread [49m[39m src/renderer/services/chat/__tests__/ipcFetch.test.ts[2m > [22mipcFetch[2m > [22mstream handling[2m > [22mshould close controller after stream completes[32m 2[2mms[22m[39m
 [32m✓[39m [30m[46m renderer-thread [49m[39m src/renderer/services/chat/__tests__/ipcFetch.test.ts[2m > [22mipcFetch[2m > [22mstream handling[2m > [22mshould handle multiple stream chunks[32m 1[2mms[22m[39m
 [32m✓[39m [30m[46m renderer-thread [49m[39m src/renderer/services/chat/__tests__/ipcFetch.test.ts[2m > [22mipcFetch[2m > [22mcancel functionality[2m > [22mshould cancel stream when ReadableStream is cancelled[32m 1[2mms[22m[39m
 [32m✓[39m [30m[46m renderer-thread [49m[39m src/renderer/services/chat/__tests__/ipcFetch.test.ts[2m > [22mipcFetch[2m > [22mcancel functionality[2m > [22mshould handle missing cancel function gracefully[32m 1[2mms[22m[39m
 [32m✓[39m [30m[46m renderer-thread [49m[39m src/renderer/services/chat/__tests__/ipcFetch.test.ts[2m > [22mipcFetch[2m > [22mpayload parsing[2m > [22mshould parse string body as JSON[32m 1[2mms[22m[39m
 [32m✓[39m [30m[46m renderer-thread [49m[39m src/renderer/services/chat/__tests__/ipcFetch.test.ts[2m > [22mipcFetch[2m > [22mpayload parsing[2m > [22mshould handle object body directly[32m 1[2mms[22m[39m
 [32m✓[39m [30m[46m renderer-thread [49m[39m src/renderer/services/chat/__tests__/ipcFetch.test.ts[2m > [22mipcFetch[2m > [22mpayload parsing[2m > [22mshould handle undefined body[32m 1[2mms[22m[39m
 [32m✓[39m [30m[46m renderer-thread [49m[39m src/renderer/services/chat/__tests__/ipcFetch.test.ts[2m > [22mipcFetch[2m > [22mpayload parsing[2m > [22mshould handle missing body parameter[32m 1[2mms[22m[39m
 [32m✓[39m [30m[46m renderer-thread [49m[39m src/renderer/services/chat/__tests__/ipcFetch.test.ts[2m > [22mipcFetch[2m > [22mpayload parsing[2m > [22mshould handle invalid JSON in body[32m 3[2mms[22m[39m
 [32m✓[39m [30m[46m renderer-thread [49m[39m src/renderer/services/chat/__tests__/ipcFetch.test.ts[2m > [22mipcFetch[2m > [22mlogging[2m > [22mshould log stream data when sending message[32m 1[2mms[22m[39m
 [32m✓[39m [30m[46m renderer-thread [49m[39m src/renderer/services/chat/__tests__/ipcFetch.test.ts[2m > [22mipcFetch[2m > [22medge cases[2m > [22mshould handle empty string id[32m 1[2mms[22m[39m
 [32m✓[39m [30m[46m renderer-thread [49m[39m src/renderer/services/chat/__tests__/ipcFetch.test.ts[2m > [22mipcFetch[2m > [22medge cases[2m > [22mshould handle complex message structure[32m 1[2mms[22m[39m
 [32m✓[39m [30m[46m renderer-thread [49m[39m src/renderer/services/chat/__tests__/ipcFetch.test.ts[2m > [22mipcFetch[2m > [22medge cases[2m > [22mshould not modify the original payload[32m 1[2mms[22m[39m
 [32m✓[39m [30m[46m renderer-thread [49m[39m src/renderer/shared/ui/__tests__/Skeleton.test.tsx[2m > [22mSkeleton[2m > [22mrenders default skeleton with expected width and height[32m 82[2mms[22m[39m
 [32m✓[39m [30m[46m renderer-thread [49m[39m src/renderer/shared/ui/__tests__/Skeleton.test.tsx[2m > [22mSkeleton[2m > [22maccepts className overrides[32m 6[2mms[22m[39m
 [32m✓[39m [30m[46m renderer-thread [49m[39m src/renderer/services/__tests__/AppServiceClient.test.ts[2m > [22mAppServiceClient[2m > [22minitializeApp rejects when electronAPI missing[32m 6[2mms[22m[39m
 [32m✓[39m [30m[46m renderer-thread [49m[39m src/renderer/services/__tests__/AppServiceClient.test.ts[2m > [22mAppServiceClient[2m > [22minitializeApp resolves when electronAPI exists[32m 1[2mms[22m[39m
 [32m✓[39m [30m[46m renderer-thread [49m[39m src/renderer/services/__tests__/AppServiceClient.test.ts[2m > [22mAppServiceClient[2m > [22msetupMenuHandlers no-ops without electronAPI[32m 2[2mms[22m[39m
 [32m✓[39m [30m[46m renderer-thread [49m[39m src/renderer/services/__tests__/AppServiceClient.test.ts[2m > [22mAppServiceClient[2m > [22msetupMenuHandlers wires handler when electronAPI present[32m 1[2mms[22m[39m
 [32m✓[39m [30m[46m renderer-thread [49m[39m src/renderer/services/__tests__/AppServiceClient.test.ts[2m > [22mAppServiceClient[2m > [22mgetAppVersion returns Unknown without electronAPI[32m 1[2mms[22m[39m
 [32m✓[39m [30m[46m renderer-thread [49m[39m src/renderer/services/__tests__/AppServiceClient.test.ts[2m > [22mAppServiceClient[2m > [22mgetAppVersion returns string when available[32m 0[2mms[22m[39m
 [32m✓[39m [30m[46m renderer-thread [49m[39m src/renderer/services/__tests__/AppServiceClient.test.ts[2m > [22mAppServiceClient[2m > [22mquitApp ignores missing electronAPI[32m 0[2mms[22m[39m
 [32m✓[39m [30m[46m renderer-thread [49m[39m src/renderer/services/__tests__/AppServiceClient.test.ts[2m > [22mAppServiceClient[2m > [22mquitApp calls settings.quit when present[32m 0[2mms[22m[39m
 [32m✓[39m [30m[46m renderer-thread [49m[39m src/renderer/services/__tests__/AppServiceClient.test.ts[2m > [22mAppServiceClient[2m > [22mdialogs fall back when electronAPI missing[32m 1[2mms[22m[39m
 [32m✓[39m [30m[46m renderer-thread [49m[39m src/renderer/services/__tests__/AppServiceClient.test.ts[2m > [22mAppServiceClient[2m > [22mdialogs delegate when electronAPI present[32m 2[2mms[22m[39m
 [32m✓[39m [30m[46m renderer-thread [49m[39m src/renderer/services/__tests__/AppServiceClient.test.ts[2m > [22mAppServiceClient[2m > [22mread/write throw without electronAPI[32m 1[2mms[22m[39m
 [32m✓[39m [30m[46m renderer-thread [49m[39m src/renderer/services/__tests__/AppServiceClient.test.ts[2m > [22mAppServiceClient[2m > [22mexistsFile returns false when missing and delegates when present[32m 2[2mms[22m[39m
 [32m✓[39m [30m[46m renderer-thread [49m[39m src/renderer/services/__tests__/AppServiceClient.test.ts[2m > [22mAppServiceClient[2m > [22mvalidateConfig accepts minimal valid config[32m 1[2mms[22m[39m
 [32m✓[39m [30m[46m renderer-thread [49m[39m src/renderer/services/__tests__/service-container.test.ts[2m > [22mservice-container factories[2m > [22mwires services with provided electronAPI[32m 6[2mms[22m[39m
 [32m✓[39m [30m[46m renderer-thread [49m[39m src/renderer/services/__tests__/service-container.test.ts[2m > [22mservice-container factories[2m > [22mapplies overrides when creating test container[32m 1[2mms[22m[39m
 [32m✓[39m [30m[46m renderer-thread [49m[39m src/renderer/services/__tests__/service-container.test.ts[2m > [22mservice-container factories[2m > [22mcreates mock service container without overrides[32m 1[2mms[22m[39m
 [32m✓[39m [30m[46m renderer-thread [49m[39m src/renderer/shared/lib/__tests__/button-utils.test.ts[2m > [22mButton Utilities[2m > [22mgetButtonVariant[2m > [22mshould return primary styles for primary variant[32m 2[2mms[22m[39m
 [32m✓[39m [30m[46m renderer-thread [49m[39m src/renderer/shared/lib/__tests__/button-utils.test.ts[2m > [22mButton Utilities[2m > [22mgetButtonVariant[2m > [22mshould return secondary styles for secondary variant[32m 0[2mms[22m[39m
 [32m✓[39m [30m[46m renderer-thread [49m[39m src/renderer/shared/lib/__tests__/button-utils.test.ts[2m > [22mButton Utilities[2m > [22mgetButtonVariant[2m > [22mshould return danger styles for danger variant[32m 0[2mms[22m[39m
 [32m✓[39m [30m[46m renderer-thread [49m[39m src/renderer/shared/lib/__tests__/button-utils.test.ts[2m > [22mButton Utilities[2m > [22mgetButtonVariant[2m > [22mshould return default styles for unknown variant[32m 1[2mms[22m[39m
 [32m✓[39m [30m[46m renderer-thread [49m[39m src/renderer/shared/lib/__tests__/button-utils.test.ts[2m > [22mButton Utilities[2m > [22mvalidateButtonProps[2m > [22mshould pass validation for valid props[32m 2[2mms[22m[39m
 [32m✓[39m [30m[46m renderer-thread [49m[39m src/renderer/shared/lib/__tests__/button-utils.test.ts[2m > [22mButton Utilities[2m > [22mvalidateButtonProps[2m > [22mshould detect error when both disabled and loading[32m 1[2mms[22m[39m
 [32m✓[39m [30m[46m renderer-thread [49m[39m src/renderer/shared/lib/__tests__/button-utils.test.ts[2m > [22mButton Utilities[2m > [22mvalidateButtonProps[2m > [22mshould detect error when onClick is not a function[32m 0[2mms[22m[39m
 [32m✓[39m [30m[46m renderer-thread [49m[39m src/renderer/shared/lib/__tests__/button-utils.test.ts[2m > [22mButton Utilities[2m > [22mvalidateButtonProps[2m > [22mshould detect multiple errors[32m 1[2mms[22m[39m
 [32m✓[39m [30m[46m renderer-thread [49m[39m src/renderer/shared/lib/__tests__/button-utils.test.ts[2m > [22mButton Utilities[2m > [22mButton behavior patterns[2m > [22mshould prevent multiple clicks during loading[32m 1[2mms[22m[39m
 [32m✓[39m [30m[46m renderer-thread [49m[39m src/renderer/shared/lib/__tests__/button-utils.test.ts[2m > [22mButton Utilities[2m > [22mButton behavior patterns[2m > [22mshould handle disabled state correctly[32m 1[2mms[22m[39m
 [32m✓[39m [30m[46m renderer-thread [49m[39m src/renderer/shared/lib/__tests__/button-utils.test.ts[2m > [22mButton Utilities[2m > [22mButton behavior patterns[2m > [22mshould track keyboard interactions[32m 0[2mms[22m[39m
 [32m✓[39m [30m[46m renderer-thread [49m[39m src/renderer/stores/app/__tests__/appStore.behavior.test.ts[2m > [22mappStore (app/appStore)[2m > [22minitializes with default view and preferences[32m 4[2mms[22m[39m
 [32m✓[39m [30m[46m renderer-thread [49m[39m src/renderer/stores/app/__tests__/appStore.behavior.test.ts[2m > [22mappStore (app/appStore)[2m > [22msets view and keeps aliases in sync[32m 1[2mms[22m[39m
 [32m✓[39m [30m[46m renderer-thread [49m[39m src/renderer/stores/app/__tests__/appStore.behavior.test.ts[2m > [22mappStore (app/appStore)[2m > [22mnavigates and updates history flags[32m 1[2mms[22m[39m
 [32m✓[39m [30m[46m renderer-thread [49m[39m src/renderer/stores/app/__tests__/appStore.behavior.test.ts[2m > [22mappStore (app/appStore)[2m > [22mopens and closes modal[32m 1[2mms[22m[39m
 [32m✓[39m [30m[46m renderer-thread [49m[39m src/renderer/stores/app/__tests__/appStore.behavior.test.ts[2m > [22mappStore (app/appStore)[2m > [22mupdates preferences and theme[32m 1[2mms[22m[39m
 [32m✓[39m [30m[46m renderer-thread [49m[39m src/renderer/stores/app/__tests__/appStore.behavior.test.ts[2m > [22mappStore (app/appStore)[2m > [22madds and removes notifications (with auto-dismiss)[32m 5[2mms[22m[39m
 [32m✓[39m [30m[46m renderer-thread [49m[39m src/renderer/stores/app/__tests__/appStore.behavior.test.ts[2m > [22mappStore (app/appStore)[2m > [22mreacts to online/offline events[32m 1[2mms[22m[39m
 [32m✓[39m [30m[46m renderer-thread [49m[39m src/renderer/__tests__/DiscoveryPage.integration.test.tsx[2m > [22mDiscoveryPage (integration-light)[2m > [22mrenders content discovery with explorer stub[32m 40[2mms[22m[39m
 [32m✓[39m [30m[46m renderer-thread [49m[39m src/renderer/__tests__/electron-api.contract.test.ts[2m > [22melectronAPI contract[2m > [22mexposes core domain modules with callable methods[32m 5[2mms[22m[39m
 [32m✓[39m [30m[46m renderer-thread [49m[39m src/renderer/__tests__/electron-api.contract.test.ts[2m > [22melectronAPI contract[2m > [22mshould document deprecated catalyst methods that need IPC handlers[32m 3[2mms[22m[39m
 [32m✓[39m [30m[46m renderer-thread [49m[39m src/renderer/__tests__/electron-api.contract.test.ts[2m > [22melectronAPI contract[2m > [22mshould validate error shape for IPC failures[32m 1[2mms[22m[39m
 [32m✓[39m [30m[46m renderer-thread [49m[39m src/renderer/__tests__/electron-api.contract.test.ts[2m > [22melectronAPI contract[2m > [22mexposes filesystem utilities used by renderer code[32m 1[2mms[22m[39m
 [32m✓[39m [30m[46m renderer-thread [49m[39m src/renderer/__tests__/electron-api.contract.test.ts[2m > [22melectronAPI contract[2m > [22mexposes dialog and lifecycle helpers[32m 4[2mms[22m[39m
 [32m✓[39m [30m[46m renderer-thread [49m[39m src/renderer/pages/chat/__tests__/history-loading-verification.test.tsx[2m > [22mHistory Loading Fix - ChatPage routing[2m > [22mswitches to URL thread on page refresh[32m 50[2mms[22m[39m
 [32m✓[39m [30m[46m renderer-thread [49m[39m src/renderer/pages/chat/__tests__/history-loading-verification.test.tsx[2m > [22mHistory Loading Fix - ChatPage routing[2m > [22mdoes not re-switch when already on the selected thread[32m 6[2mms[22m[39m
 [32m✓[39m [30m[46m renderer-thread [49m[39m src/renderer/hooks/__tests__/useThreadListAdapter.test.ts[2m > [22mThreadListAdapter[2m > [22minitialize[2m > [22mshould create thread with sessionId as remoteId[32m 10[2mms[22m[39m
 [32m✓[39m [30m[46m renderer-thread [49m[39m src/renderer/hooks/__tests__/useThreadListAdapter.test.ts[2m > [22mThreadListAdapter[2m > [22minitialize[2m > [22mshould throw error when session creation fails[32m 4[2mms[22m[39m
 [32m✓[39m [30m[46m renderer-thread [49m[39m src/renderer/hooks/__tests__/useThreadListAdapter.test.ts[2m > [22mThreadListAdapter[2m > [22minitialize[2m > [22mshould handle missing response data[32m 1[2mms[22m[39m
 [32m✓[39m [30m[46m renderer-thread [49m[39m src/renderer/hooks/__tests__/useThreadListAdapter.test.ts[2m > [22mThreadListAdapter[2m > [22mlist[2m > [22mshould fetch threads from sessions.list[32m 3[2mms[22m[39m
 [32m✓[39m [30m[46m renderer-thread [49m[39m src/renderer/hooks/__tests__/useThreadListAdapter.test.ts[2m > [22mThreadListAdapter[2m > [22mlist[2m > [22mshould return empty threads on API error[32m 6[2mms[22m[39m
 [32m✓[39m [30m[46m renderer-thread [49m[39m src/renderer/hooks/__tests__/useThreadListAdapter.test.ts[2m > [22mThreadListAdapter[2m > [22mlist[2m > [22mshould return empty threads when no data[32m 1[2mms[22m[39m
 [32m✓[39m [30m[46m renderer-thread [49m[39m src/renderer/hooks/__tests__/useThreadListAdapter.test.ts[2m > [22mThreadListAdapter[2m > [22mlist[2m > [22mshould return empty threads when sessions payload is missing[32m 1[2mms[22m[39m
 [32m✓[39m [30m[46m renderer-thread [49m[39m src/renderer/hooks/__tests__/useThreadListAdapter.test.ts[2m > [22mThreadListAdapter[2m > [22mlist[2m > [22mshould use title from session.title[32m 1[2mms[22m[39m
 [32m✓[39m [30m[46m renderer-thread [49m[39m src/renderer/hooks/__tests__/useThreadListAdapter.test.ts[2m > [22mThreadListAdapter[2m > [22mlist[2m > [22mshould fallback to topic if title missing[32m 3[2mms[22m[39m
 [32m✓[39m [30m[46m renderer-thread [49m[39m src/renderer/hooks/__tests__/useThreadListAdapter.test.ts[2m > [22mThreadListAdapter[2m > [22mlist[2m > [22mshould use "New Chat" as default title[32m 1[2mms[22m[39m
 [32m✓[39m [30m[46m renderer-thread [49m[39m src/renderer/hooks/__tests__/useThreadListAdapter.test.ts[2m > [22mThreadListAdapter[2m > [22mrename[2m > [22mshould call sessions.updateTitle with threadId and title[32m 1[2mms[22m[39m
 [32m✓[39m [30m[46m renderer-thread [49m[39m src/renderer/hooks/__tests__/useThreadListAdapter.test.ts[2m > [22mThreadListAdapter[2m > [22mrename[2m > [22mshould throw error when update fails[32m 1[2mms[22m[39m
 [32m✓[39m [30m[46m renderer-thread [49m[39m src/renderer/hooks/__tests__/useThreadListAdapter.test.ts[2m > [22mThreadListAdapter[2m > [22marchive[2m > [22mshould call sessions.update with completed status[32m 1[2mms[22m[39m
 [32m✓[39m [30m[46m renderer-thread [49m[39m src/renderer/hooks/__tests__/useThreadListAdapter.test.ts[2m > [22mThreadListAdapter[2m > [22marchive[2m > [22mshould throw error when archive fails[32m 1[2mms[22m[39m
 [32m✓[39m [30m[46m renderer-thread [49m[39m src/renderer/hooks/__tests__/useThreadListAdapter.test.ts[2m > [22mThreadListAdapter[2m > [22munarchive[2m > [22mshould call sessions.update with active status[32m 1[2mms[22m[39m
 [32m✓[39m [30m[46m renderer-thread [49m[39m src/renderer/hooks/__tests__/useThreadListAdapter.test.ts[2m > [22mThreadListAdapter[2m > [22munarchive[2m > [22mshould throw error when unarchive fails[32m 5[2mms[22m[39m
 [32m✓[39m [30m[46m renderer-thread [49m[39m src/renderer/hooks/__tests__/useThreadListAdapter.test.ts[2m > [22mThreadListAdapter[2m > [22mdelete[2m > [22mshould call sessions.delete with threadId[32m 1[2mms[22m[39m
 [32m✓[39m [30m[46m renderer-thread [49m[39m src/renderer/hooks/__tests__/useThreadListAdapter.test.ts[2m > [22mThreadListAdapter[2m > [22mdelete[2m > [22mshould throw error when delete fails[32m 1[2mms[22m[39m
 [32m✓[39m [30m[46m renderer-thread [49m[39m src/renderer/hooks/__tests__/useThreadListAdapter.test.ts[2m > [22mThreadListAdapter[2m > [22mfetch[2m > [22mshould retrieve thread metadata[32m 1[2mms[22m[39m
 [32m✓[39m [30m[46m renderer-thread [49m[39m src/renderer/hooks/__tests__/useThreadListAdapter.test.ts[2m > [22mThreadListAdapter[2m > [22mfetch[2m > [22mshould return default thread when session not found[32m 1[2mms[22m[39m
 [32m✓[39m [30m[46m renderer-thread [49m[39m src/renderer/hooks/__tests__/useThreadListAdapter.test.ts[2m > [22mThreadListAdapter[2m > [22mfetch[2m > [22mshould return default thread when no data[32m 1[2mms[22m[39m
 [32m✓[39m [30m[46m renderer-thread [49m[39m src/renderer/hooks/__tests__/useThreadListAdapter.test.ts[2m > [22mThreadListAdapter[2m > [22mfetch[2m > [22mshould map completed status to archived[32m 0[2mms[22m[39m
 [32m✓[39m [30m[46m renderer-thread [49m[39m src/renderer/hooks/__tests__/useThreadListAdapter.test.ts[2m > [22mThreadListAdapter[2m > [22mfetch[2m > [22mshould use default title when title missing[32m 0[2mms[22m[39m
 [32m✓[39m [30m[46m renderer-thread [49m[39m src/renderer/hooks/__tests__/useThreadListAdapter.test.ts[2m > [22mThreadListAdapter[2m > [22mgenerateTitle[2m > [22mshould generate title from first user message[32m 8[2mms[22m[39m
 [32m✓[39m [30m[46m renderer-thread [49m[39m src/renderer/hooks/__tests__/useThreadListAdapter.test.ts[2m > [22mThreadListAdapter[2m > [22mgenerateTitle[2m > [22mshould truncate long titles[32m 2[2mms[22m[39m
 [32m✓[39m [30m[46m renderer-thread [49m[39m src/renderer/hooks/__tests__/useThreadListAdapter.test.ts[2m > [22mThreadListAdapter[2m > [22mgenerateTitle[2m > [22mshould use default title when no user messages[32m 2[2mms[22m[39m
 [32m✓[39m [30m[46m renderer-thread [49m[39m src/renderer/app/__tests__/app-init.test.ts[2m > [22mapp-init module[2m > [22mvalidateConfig[2m > [22mshould return needsSetup=true when config is null[32m 2[2mms[22m[39m
 [32m✓[39m [30m[46m renderer-thread [49m[39m src/renderer/app/__tests__/app-init.test.ts[2m > [22mapp-init module[2m > [22mvalidateConfig[2m > [22mshould return needsSetup=true when config is undefined[32m 0[2mms[22m[39m
 [32m✓[39m [30m[46m renderer-thread [49m[39m src/renderer/app/__tests__/app-init.test.ts[2m > [22mapp-init module[2m > [22mvalidateConfig[2m > [22mshould return needsSetup=true when chat config is missing[32m 0[2mms[22m[39m
 [32m✓[39m [30m[46m renderer-thread [49m[39m src/renderer/app/__tests__/app-init.test.ts[2m > [22mapp-init module[2m > [22mvalidateConfig[2m > [22mshould return needsSetup=true when provider is missing[32m 1[2mms[22m[39m
 [32m✓[39m [30m[46m renderer-thread [49m[39m src/renderer/app/__tests__/app-init.test.ts[2m > [22mapp-init module[2m > [22mvalidateConfig[2m > [22mshould return needsSetup=true when model is missing[32m 1[2mms[22m[39m
 [32m✓[39m [30m[46m renderer-thread [49m[39m src/renderer/app/__tests__/app-init.test.ts[2m > [22mapp-init module[2m > [22mvalidateConfig[2m > [22mshould return needsSetup=true when both provider and model are empty[32m 0[2mms[22m[39m
 [32m✓[39m [30m[46m renderer-thread [49m[39m src/renderer/app/__tests__/app-init.test.ts[2m > [22mapp-init module[2m > [22mvalidateConfig[2m > [22mshould return needsSetup=false when config is valid[32m 0[2mms[22m[39m
 [32m✓[39m [30m[46m renderer-thread [49m[39m src/renderer/app/__tests__/app-init.test.ts[2m > [22mapp-init module[2m > [22mvalidateConfig[2m > [22mshould handle nested ai config with empty modelTypes[32m 0[2mms[22m[39m
 [32m✓[39m [30m[46m renderer-thread [49m[39m src/renderer/app/__tests__/app-init.test.ts[2m > [22mapp-init module[2m > [22mvalidateConfig[2m > [22mshould handle partial config structure[32m 0[2mms[22m[39m
 [32m✓[39m [30m[46m renderer-thread [49m[39m src/renderer/services/analytics/__tests__/analytics-service.errors.test.ts[2m > [22manalytics-service error handling[2m > [22mthrows when dashboard call fails[32m 5[2mms[22m[39m
 [32m✓[39m [30m[46m renderer-thread [49m[39m src/renderer/services/analytics/__tests__/analytics-service.errors.test.ts[2m > [22manalytics-service error handling[2m > [22mthrows when progress chart call fails[32m 1[2mms[22m[39m
 [32m✓[39m [30m[46m renderer-thread [49m[39m src/renderer/services/analytics/__tests__/analytics-service.errors.test.ts[2m > [22manalytics-service error handling[2m > [22mthrows when concept progress call fails[32m 1[2mms[22m[39m
 [32m✓[39m [30m[46m renderer-thread [49m[39m src/renderer/services/analytics/__tests__/analytics-service.errors.test.ts[2m > [22manalytics-service error handling[2m > [22mthrows when concept progress update fails[32m 1[2mms[22m[39m
 [32m✓[39m [30m[46m renderer-thread [49m[39m src/renderer/services/analytics/__tests__/analytics-service.errors.test.ts[2m > [22manalytics-service error handling[2m > [22mthrows when trackSession fails[32m 1[2mms[22m[39m
 [32m✓[39m [30m[46m renderer-thread [49m[39m src/renderer/services/analytics/__tests__/analytics-service.errors.test.ts[2m > [22manalytics-service error handling[2m > [22mthrows when study streak fails[32m 0[2mms[22m[39m
 [32m✓[39m [30m[46m renderer-thread [49m[39m src/renderer/services/analytics/__tests__/analytics-service.errors.test.ts[2m > [22manalytics-service error handling[2m > [22mthrows when time stats fail[32m 1[2mms[22m[39m
 [32m✓[39m [30m[46m renderer-thread [49m[39m src/renderer/services/analytics/__tests__/analytics-service.errors.test.ts[2m > [22manalytics-service error handling[2m > [22mthrows when export fails[32m 1[2mms[22m[39m
 [32m✓[39m [30m[46m renderer-thread [49m[39m src/renderer/services/analytics/__tests__/analytics-service.errors.test.ts[2m > [22manalytics-service error handling[2m > [22mthrows when import fails[32m 1[2mms[22m[39m
 [32m✓[39m [30m[46m renderer-thread [49m[39m src/renderer/services/analytics/__tests__/analytics-service.errors.test.ts[2m > [22manalytics-service error handling[2m > [22mthrows when study metrics prerequisites fail[32m 1[2mms[22m[39m
 [32m✓[39m [30m[46m renderer-thread [49m[39m src/renderer/services/session/__tests__/session-service.edge.test.ts[2m > [22msession-service edge cases[2m > [22mgenerates a simple title when message empty[32m 3[2mms[22m[39m
 [32m✓[39m [30m[46m renderer-thread [49m[39m src/renderer/services/session/__tests__/session-service.edge.test.ts[2m > [22msession-service edge cases[2m > [22mfalls back to default title when whitespace only[32m 1[2mms[22m[39m
 [32m✓[39m [30m[46m renderer-thread [49m[39m src/renderer/services/session/__tests__/session-service.edge.test.ts[2m > [22msession-service edge cases[2m > [22mthrows when updateSessionTitle fails[32m 4[2mms[22m[39m
 [32m✓[39m [30m[46m renderer-thread [49m[39m src/renderer/services/session/__tests__/session-service.edge.test.ts[2m > [22msession-service edge cases[2m > [22mthrows when recent sessions request fails[32m 1[2mms[22m[39m
 [32m✓[39m [30m[46m renderer-thread [49m[39m src/renderer/features/config/ui/__tests__/TestComponent.test.tsx[2m > [22mTestComponent[2m > [22mshould render[32m 66[2mms[22m[39m
 [32m✓[39m [30m[46m renderer-thread [49m[39m src/renderer/services/analytics/__tests__/analytics-service.test.ts[2m > [22manalytics-service[2m > [22mgets dashboard data or throws on error[32m 7[2mms[22m[39m
 [32m✓[39m [30m[46m renderer-thread [49m[39m src/renderer/services/analytics/__tests__/analytics-service.test.ts[2m > [22manalytics-service[2m > [22mconverts progress chart period and maps values[32m 2[2mms[22m[39m
 [32m✓[39m [30m[46m renderer-thread [49m[39m src/renderer/services/analytics/__tests__/analytics-service.test.ts[2m > [22manalytics-service[2m > [22mmaps achievements and handles missing concept[32m 4[2mms[22m[39m
 [32m✓[39m [30m[46m renderer-thread [49m[39m src/renderer/services/analytics/__tests__/analytics-service.test.ts[2m > [22manalytics-service[2m > [22mcomputes study metrics and propagates errors[32m 2[2mms[22m[39m
 [32m✓[39m [30m[46m renderer-thread [49m[39m src/renderer/services/analytics/__tests__/analytics-service.test.ts[2m > [22manalytics-service[2m > [22mgets trends, streak, time stats, export/import and trackSession[32m 1[2mms[22m[39m
 [32m✓[39m [30m[46m renderer-thread [49m[39m src/renderer/services/analytics/__tests__/analytics-service.test.ts[2m > [22manalytics-service[2m > [22mthrows when trackSession fails[32m 1[2mms[22m[39m
 [32m✓[39m [30m[46m renderer-thread [49m[39m src/renderer/services/api/__tests__/electron-api-client.health.test.ts[2m > [22melectron-api-client health and lifecycle[2m > [22mfalls back and exposes healthCheck with mock data[32m 3[2mms[22m[39m
 [32m✓[39m [30m[46m renderer-thread [49m[39m src/renderer/services/api/__tests__/electron-api-client.health.test.ts[2m > [22melectron-api-client health and lifecycle[2m > [22muses provided electronAPI without warnings when present[32m 1[2mms[22m[39m
 [32m✓[39m [30m[46m renderer-thread [49m[39m src/renderer/services/api/__tests__/electron-api-client.health.test.ts[2m > [22melectron-api-client health and lifecycle[2m > [22mmock client exposes writeFile and show dialogs safely[32m 2[2mms[22m[39m
 [32m✓[39m [30m[46m renderer-thread [49m[39m src/renderer/hooks/__tests__/useAppServices.test.ts[2m > [22museAppServices placeholder[2m > [22mreturns ready state with empty services[32m 3[2mms[22m[39m
 [32m✓[39m [30m[46m renderer-thread [49m[39m src/renderer/hooks/__tests__/useAppServices.test.ts[2m > [22museAppServices placeholder[2m > [22mthrows when using unimplemented useService helper[32m 1[2mms[22m[39m
 [32m✓[39m [30m[46m renderer-thread [49m[39m src/renderer/stores/__tests__/useAppStore.test.ts[2m > [22museAppStore Basic Tests[2m > [22mshould exist and have basic methods[32m 3[2mms[22m[39m
 [32m✓[39m [30m[46m renderer-thread [49m[39m src/renderer/stores/__tests__/useAppStore.test.ts[2m > [22museAppStore Basic Tests[2m > [22mshould have initial state[32m 1[2mms[22m[39m
 [32m✓[39m [30m[46m renderer-thread [49m[39m src/renderer/stores/__tests__/useAppStore.test.ts[2m > [22museAppStore Basic Tests[2m > [22mshould allow calling setCurrentView[32m 3[2mms[22m[39m
 [32m✓[39m [30m[46m renderer-thread [49m[39m src/renderer/stores/__tests__/useAppStore.test.ts[2m > [22museAppStore Basic Tests[2m > [22mshould allow calling setSidebarOpen[32m 1[2mms[22m[39m
 [32m✓[39m [30m[46m renderer-thread [49m[39m src/renderer/stores/__tests__/useAppStore.test.ts[2m > [22museAppStore Basic Tests[2m > [22mshould allow calling setTheme[32m 0[2mms[22m[39m
 [32m✓[39m [30m[46m renderer-thread [49m[39m src/renderer/stores/__tests__/useAppStore.test.ts[2m > [22museAppStore Basic Tests[2m > [22mshould allow calling setLoading[32m 0[2mms[22m[39m
 [32m✓[39m [30m[46m renderer-thread [49m[39m src/renderer/stores/__tests__/useAppStore.test.ts[2m > [22museAppStore Basic Tests[2m > [22mshould allow calling setError[32m 0[2mms[22m[39m
 [32m✓[39m [30m[46m renderer-thread [49m[39m src/renderer/stores/__tests__/useAppStore.test.ts[2m > [22museAppStore Basic Tests[2m > [22mshould allow calling setSuccess[32m 0[2mms[22m[39m
 [32m✓[39m [30m[46m renderer-thread [49m[39m src/renderer/stores/__tests__/useAppStore.test.ts[2m > [22museAppStore Basic Tests[2m > [22mshould allow calling clearMessages[32m 2[2mms[22m[39m
 [32m✓[39m [30m[46m renderer-thread [49m[39m src/renderer/stores/__tests__/useAppStore.test.ts[2m > [22museAppStore Basic Tests[2m > [22mshould allow calling setSettingsPanelOpen[32m 3[2mms[22m[39m
 [32m✓[39m [30m[46m renderer-thread [49m[39m src/renderer/features/discovery/ui/__tests__/ContentDiscovery.test.tsx[2m > [22mContentDiscovery[2m > [22mwraps LocalProjectExplorer inside styled container[32m 61[2mms[22m[39m
 [32m✓[39m [30m[46m renderer-thread [49m[39m src/renderer/features/analytics/ui/__tests__/basic.test.ts[2m > [22mRenderer Test Infrastructure[2m > [22mshould run basic tests[32m 2[2mms[22m[39m
 [32m✓[39m [30m[46m renderer-thread [49m[39m src/renderer/features/analytics/ui/__tests__/basic.test.ts[2m > [22mRenderer Test Infrastructure[2m > [22mshould handle async operations[32m 0[2mms[22m[39m
 [32m✓[39m [30m[46m renderer-thread [49m[39m src/renderer/features/analytics/ui/__tests__/basic.test.ts[2m > [22mRenderer Test Infrastructure[2m > [22mshould handle mock functions[32m 2[2mms[22m[39m
 [32m✓[39m [30m[46m renderer-thread [49m[39m src/renderer/services/api/__tests__/electron-api-client.mock-behavior.test.ts[2m > [22melectron-api-client mock behavior[2m > [22mexposes file helpers with safe defaults[32m 3[2mms[22m[39m
 [32m✓[39m [30m[46m renderer-thread [49m[39m src/renderer/services/api/__tests__/electron-api-client.mock-behavior.test.ts[2m > [22melectron-api-client mock behavior[2m > [22mreturns structured content import response[32m 1[2mms[22m[39m
 [32m✓[39m [30m[46m renderer-thread [49m[39m src/renderer/services/api/__tests__/electron-api-client.mock-behavior.test.ts[2m > [22melectron-api-client mock behavior[2m > [22mprovides settings/config accessors[32m 0[2mms[22m[39m
 [32m✓[39m [30m[46m renderer-thread [49m[39m src/renderer/services/api/__tests__/electron-api-client.fallback.test.ts[2m > [22melectron-api-client fallback[2m > [22mreturns window.electronAPI when present[32m 2[2mms[22m[39m
 [32m✓[39m [30m[46m renderer-thread [49m[39m src/renderer/services/api/__tests__/electron-api-client.fallback.test.ts[2m > [22melectron-api-client fallback[2m > [22mfalls back to mock client when missing[32m 1[2mms[22m[39m
 [32m✓[39m [30m[46m renderer-thread [49m[39m src/renderer/services/api/__tests__/electron-api-client.fallback.test.ts[2m > [22melectron-api-client fallback[2m > [22mmock client exposes basic analytics stub[32m 1[2mms[22m[39m
 [32m✓[39m [30m[46m renderer-thread [49m[39m src/renderer/services/__tests__/appServices.test.ts[2m > [22mappServices legacy layer[2m > [22mguards access before initialization[32m 4[2mms[22m[39m
 [32m✓[39m [30m[46m renderer-thread [49m[39m src/renderer/services/__tests__/appServices.test.ts[2m > [22mappServices legacy layer[2m > [22mreturns stubbed services after initialization[32m 1[2mms[22m[39m
 [32m✓[39m [30m[46m renderer-thread [49m[39m src/renderer/services/__tests__/appServices.test.ts[2m > [22mappServices legacy layer[2m > [22mcleanup resets container[32m 1[2mms[22m[39m
 [32m✓[39m [30m[46m renderer-thread [49m[39m src/renderer/services/concept-parsing/__tests__/concept-parsing-service.ingest.test.ts[2m > [22mconcept-parsing-service ingestParsedResult[2m > [22mforwards parsed result, plan, and options to Electron knowledge.ingestConcepts[32m 4[2mms[22m[39m
 [32m✓[39m [30m[46m renderer-thread [49m[39m src/renderer/app/init/__tests__/init-machine.test.ts[2m > [22minitReducer[2m > [22mmoves to crash on system_error[32m 1[2mms[22m[39m
 [32m✓[39m [30m[46m renderer-thread [49m[39m src/renderer/app/init/__tests__/init-machine.test.ts[2m > [22minitReducer[2m > [22mmoves to setup on config_needs_setup[32m 0[2mms[22m[39m
 [32m✓[39m [30m[46m renderer-thread [49m[39m src/renderer/app/init/__tests__/init-machine.test.ts[2m > [22minitReducer[2m > [22mcaptures loading error on nonfatal_error while loading[32m 0[2mms[22m[39m
 [32m✓[39m [30m[46m renderer-thread [49m[39m src/renderer/app/init/__tests__/init-machine.test.ts[2m > [22minitReducer[2m > [22mignores non-system events after ready[32m 0[2mms[22m[39m
 [32m✓[39m [30m[46m renderer-thread [49m[39m src/renderer/app/init/__tests__/init-machine.test.ts[2m > [22mmapIPCErrorToInitEvent[2m > [22mclassifies SYSTEM_ERROR as system_error event[32m 0[2mms[22m[39m
 [32m✓[39m [30m[46m renderer-thread [49m[39m src/renderer/app/init/__tests__/init-machine.test.ts[2m > [22mmapIPCErrorToInitEvent[2m > [22mclassifies CONFIG_ERROR as config_needs_setup[32m 0[2mms[22m[39m
 [32m✓[39m [30m[46m renderer-thread [49m[39m src/renderer/app/init/__tests__/init-machine.test.ts[2m > [22mmapIPCErrorToInitEvent[2m > [22mclassifies other errors as nonfatal_error[32m 0[2mms[22m[39m
 [32m✓[39m [30m[46m renderer-thread [49m[39m src/renderer/services/api/__tests__/electron-api-client.test.ts[2m > [22melectron-api-client[2m > [22mreturns window.electronAPI when present[32m 2[2mms[22m[39m
 [32m✓[39m [30m[46m renderer-thread [49m[39m src/renderer/services/api/__tests__/electron-api-client.test.ts[2m > [22melectron-api-client[2m > [22mfalls back to mock client when missing[32m 1[2mms[22m[39m
 [32m✓[39m [30m[46m renderer-thread [49m[39m src/renderer/services/api/__tests__/electron-api-client.test.ts[2m > [22melectron-api-client[2m > [22mmock client surfaces representative methods[32m 1[2mms[22m[39m
 [32m✓[39m [30m[46m renderer-thread [49m[39m src/renderer/services/api/__tests__/electron-api-client.existing.test.ts[2m > [22melectron-api-client when electronAPI exists[2m > [22mreturns the provided window.electronAPI and does not warn[32m 2[2mms[22m[39m
 [32m✓[39m [30m[46m renderer-thread [49m[39m src/renderer/app/__tests__/AppContent.test.tsx[2m > [22mAppContent Component (placeholder)[2m > [22mshould have tests added when needed[32m 1[2mms[22m[39m

[31m⎯⎯⎯⎯⎯⎯[39m[1m[41m Failed Suites 5 [49m[22m[31m⎯⎯⎯⎯⎯⎯⎯[39m

[41m[1m FAIL [22m[49m [30m[46m renderer-thread [49m[39m src/renderer/pages/setup/__tests__/SetupPage.test.tsx[2m [ src/renderer/pages/setup/__tests__/SetupPage.test.tsx ][22m
[31m[1mError[22m: Failed to resolve import "../SetupScreen" from "src/renderer/pages/setup/__tests__/SetupPage.test.tsx". Does the file exist?[39m
  Plugin: [35mvite:import-analysis[39m
  File: [36mD:/Projects/learning_catalyst/src/renderer/pages/setup/__tests__/SetupPage.test.tsx[39m:80:50
[33m  70 |      const electronAPI = __vi_import_3__.createMockElectronAPIClient();
  71 |      vi.spyOn(electronAPI.settings, "configureProvider").mockRejectedValue(new Error("configure failed"));
  72 |      const { default: SetupScreen } = await import("../SetupScreen");
     |                                                    ^
  73 |      __vi_import_2__.renderWithServices(/* @__PURE__ */ __vi_import_0__.jsxDEV(SetupScreen, {}, void 0, false, {
  74 |        fileName: "D:/Projects/learning_catalyst/src/renderer/pages/setup/__tests__/SetupPage.test.tsx",[39m
[90m [2m❯[22m TransformPluginContext._formatLog node_modules/vitest/node_modules/vite/dist/node/chunks/config.js:[2m31106:43[22m[39m
[90m [2m❯[22m TransformPluginContext.error node_modules/vitest/node_modules/vite/dist/node/chunks/config.js:[2m31103:14[22m[39m
[90m [2m❯[22m normalizeUrl node_modules/vitest/node_modules/vite/dist/node/chunks/config.js:[2m29590:18[22m[39m
[90m [2m❯[22m node_modules/vitest/node_modules/vite/dist/node/chunks/config.js:[2m29648:32[22m[39m
[90m [2m❯[22m TransformPluginContext.transform node_modules/vitest/node_modules/vite/dist/node/chunks/config.js:[2m29616:4[22m[39m
[90m [2m❯[22m EnvironmentPluginContainer.transform node_modules/vitest/node_modules/vite/dist/node/chunks/config.js:[2m30905:14[22m[39m
[90m [2m❯[22m loadAndTransform node_modules/vitest/node_modules/vite/dist/node/chunks/config.js:[2m26043:26[22m[39m

[31m[2m⎯⎯⎯⎯⎯⎯⎯⎯⎯⎯⎯⎯⎯⎯⎯⎯⎯⎯⎯⎯⎯⎯[1/114]⎯[22m[39m

[41m[1m FAIL [22m[49m [30m[46m renderer-thread [49m[39m src/renderer/shared/lib/__tests__/toast.test.ts[2m [ src/renderer/shared/lib/__tests__/toast.test.ts ][22m
[31m[1mError[22m: Failed to resolve import "@/renderer/utils/toast" from "src/renderer/shared/lib/__tests__/toast.test.ts". Does the file exist?[39m
  Plugin: [35mvite:import-analysis[39m
  File: [36mD:/Projects/learning_catalyst/src/renderer/shared/lib/__tests__/toast.test.ts[39m:3:0
[33m  13 |  }));
  14 |  const __vi_import_0__ = await import("react-hot-toast");
  15 |  const __vi_import_1__ = await import("@/renderer/utils/toast");
     |                                       ^
  16 |  import { describe, it, expect, vi, beforeEach, afterEach } from "vitest";
  17 |  [39m
[90m [2m❯[22m TransformPluginContext._formatLog node_modules/vitest/node_modules/vite/dist/node/chunks/config.js:[2m31106:43[22m[39m
[90m [2m❯[22m TransformPluginContext.error node_modules/vitest/node_modules/vite/dist/node/chunks/config.js:[2m31103:14[22m[39m
[90m [2m❯[22m normalizeUrl node_modules/vitest/node_modules/vite/dist/node/chunks/config.js:[2m29590:18[22m[39m
[90m [2m❯[22m node_modules/vitest/node_modules/vite/dist/node/chunks/config.js:[2m29648:32[22m[39m
[90m [2m❯[22m TransformPluginContext.transform node_modules/vitest/node_modules/vite/dist/node/chunks/config.js:[2m29616:4[22m[39m
[90m [2m❯[22m EnvironmentPluginContainer.transform node_modules/vitest/node_modules/vite/dist/node/chunks/config.js:[2m30905:14[22m[39m
[90m [2m❯[22m loadAndTransform node_modules/vitest/node_modules/vite/dist/node/chunks/config.js:[2m26043:26[22m[39m

[31m[2m⎯⎯⎯⎯⎯⎯⎯⎯⎯⎯⎯⎯⎯⎯⎯⎯⎯⎯⎯⎯⎯⎯[2/114]⎯[22m[39m

[41m[1m FAIL [22m[49m [30m[46m renderer-thread [49m[39m src/renderer/features/config/ui/__tests__/SettingsPanel.config.integration.test.tsx[2m [ src/renderer/features/config/ui/__tests__/SettingsPanel.config.integration.test.tsx ][22m
[31m[1mError[22m: Failed to resolve import "../SettingsPanel" from "src/renderer/features/config/ui/__tests__/SettingsPanel.config.integration.test.tsx". Does the file exist?[39m
  Plugin: [35mvite:import-analysis[39m
  File: [36mD:/Projects/learning_catalyst/src/renderer/features/config/ui/__tests__/SettingsPanel.config.integration.test.tsx[39m:6:30
[33m  4  |  import userEvent from "@testing-library/user-event";
  5  |  import { renderWithServices, screen, waitFor, fireEvent } from "@/test/utils/renderWithServices";
  6  |  import { SettingsPanel } from "../SettingsPanel";
     |                                 ^
  7  |  import { useConfigStore, setConfigurationService } from "@/renderer/stores/useConfigStore";
  8  |  import { makeEmptyConfig, makeProviderConfig } from "@/test/utils/fixtures/config";[39m
[90m [2m❯[22m TransformPluginContext._formatLog node_modules/vitest/node_modules/vite/dist/node/chunks/config.js:[2m31106:43[22m[39m
[90m [2m❯[22m TransformPluginContext.error node_modules/vitest/node_modules/vite/dist/node/chunks/config.js:[2m31103:14[22m[39m
[90m [2m❯[22m normalizeUrl node_modules/vitest/node_modules/vite/dist/node/chunks/config.js:[2m29590:18[22m[39m
[90m [2m❯[22m node_modules/vitest/node_modules/vite/dist/node/chunks/config.js:[2m29648:32[22m[39m
[90m [2m❯[22m TransformPluginContext.transform node_modules/vitest/node_modules/vite/dist/node/chunks/config.js:[2m29616:4[22m[39m
[90m [2m❯[22m EnvironmentPluginContainer.transform node_modules/vitest/node_modules/vite/dist/node/chunks/config.js:[2m30905:14[22m[39m
[90m [2m❯[22m loadAndTransform node_modules/vitest/node_modules/vite/dist/node/chunks/config.js:[2m26043:26[22m[39m

[31m[2m⎯⎯⎯⎯⎯⎯⎯⎯⎯⎯⎯⎯⎯⎯⎯⎯⎯⎯⎯⎯⎯⎯[3/114]⎯[22m[39m

[41m[1m FAIL [22m[49m [30m[46m renderer-thread [49m[39m src/renderer/features/config/ui/__tests__/SettingsPanel.smoke.test.tsx[2m [ src/renderer/features/config/ui/__tests__/SettingsPanel.smoke.test.tsx ][22m
[31m[1mError[22m: Failed to resolve import "../SettingsPanel" from "src/renderer/features/config/ui/__tests__/SettingsPanel.smoke.test.tsx". Does the file exist?[39m
  Plugin: [35mvite:import-analysis[39m
  File: [36mD:/Projects/learning_catalyst/src/renderer/features/config/ui/__tests__/SettingsPanel.smoke.test.tsx[39m:27:43
[33m  28 |  describe("SettingsPanel smoke coverage", () => {
  29 |    it("renders the preferences layout with empty configuration", async () => {
  30 |      const { SettingsPanel } = await import("../SettingsPanel");
     |                                             ^
  31 |      __vi_import_2__.renderWithSettings(/* @__PURE__ */ __vi_import_0__.jsxDEV(SettingsPanel, {}, void 0, false, {
  32 |        fileName: "D:/Projects/learning_catalyst/src/renderer/features/config/ui/__tests__/SettingsPanel.smoke.test.tsx",[39m
[90m [2m❯[22m TransformPluginContext._formatLog node_modules/vitest/node_modules/vite/dist/node/chunks/config.js:[2m31106:43[22m[39m
[90m [2m❯[22m TransformPluginContext.error node_modules/vitest/node_modules/vite/dist/node/chunks/config.js:[2m31103:14[22m[39m
[90m [2m❯[22m normalizeUrl node_modules/vitest/node_modules/vite/dist/node/chunks/config.js:[2m29590:18[22m[39m
[90m [2m❯[22m node_modules/vitest/node_modules/vite/dist/node/chunks/config.js:[2m29648:32[22m[39m
[90m [2m❯[22m TransformPluginContext.transform node_modules/vitest/node_modules/vite/dist/node/chunks/config.js:[2m29616:4[22m[39m
[90m [2m❯[22m EnvironmentPluginContainer.transform node_modules/vitest/node_modules/vite/dist/node/chunks/config.js:[2m30905:14[22m[39m
[90m [2m❯[22m loadAndTransform node_modules/vitest/node_modules/vite/dist/node/chunks/config.js:[2m26043:26[22m[39m

[31m[2m⎯⎯⎯⎯⎯⎯⎯⎯⎯⎯⎯⎯⎯⎯⎯⎯⎯⎯⎯⎯⎯⎯[4/114]⎯[22m[39m

[41m[1m FAIL [22m[49m [30m[46m renderer-thread [49m[39m src/renderer/features/discovery/ui/__tests__/DiscoveryPage.behavior.test.tsx[2m [ src/renderer/features/discovery/ui/__tests__/DiscoveryPage.behavior.test.tsx ][22m
[31m[1mError[22m: Failed to resolve import "../index" from "src/renderer/features/discovery/ui/__tests__/DiscoveryPage.behavior.test.tsx". Does the file exist?[39m
  Plugin: [35mvite:import-analysis[39m
  File: [36mD:/Projects/learning_catalyst/src/renderer/features/discovery/ui/__tests__/DiscoveryPage.behavior.test.tsx[39m:5:30
[33m  3  |  import { screen, waitFor, fireEvent } from "@testing-library/react";
  4  |  import { renderWithServices } from "@/test/utils/renderWithServices";
  5  |  import { DiscoveryPage } from "../index";
     |                                 ^
  6  |  const makeDirectoryItem = (overrides = {}) => ({
  7  |    name: "readme.md",[39m
[90m [2m❯[22m TransformPluginContext._formatLog node_modules/vitest/node_modules/vite/dist/node/chunks/config.js:[2m31106:43[22m[39m
[90m [2m❯[22m TransformPluginContext.error node_modules/vitest/node_modules/vite/dist/node/chunks/config.js:[2m31103:14[22m[39m
[90m [2m❯[22m normalizeUrl node_modules/vitest/node_modules/vite/dist/node/chunks/config.js:[2m29590:18[22m[39m
[90m [2m❯[22m node_modules/vitest/node_modules/vite/dist/node/chunks/config.js:[2m29648:32[22m[39m
[90m [2m❯[22m TransformPluginContext.transform node_modules/vitest/node_modules/vite/dist/node/chunks/config.js:[2m29616:4[22m[39m
[90m [2m❯[22m EnvironmentPluginContainer.transform node_modules/vitest/node_modules/vite/dist/node/chunks/config.js:[2m30905:14[22m[39m
[90m [2m❯[22m loadAndTransform node_modules/vitest/node_modules/vite/dist/node/chunks/config.js:[2m26043:26[22m[39m

[31m[2m⎯⎯⎯⎯⎯⎯⎯⎯⎯⎯⎯⎯⎯⎯⎯⎯⎯⎯⎯⎯⎯⎯[5/114]⎯[22m[39m


[31m⎯⎯⎯⎯⎯⎯[39m[1m[41m Failed Tests 109 [49m[22m[31m⎯⎯⎯⎯⎯⎯[39m

[41m[1m FAIL [22m[49m [30m[46m renderer-thread [49m[39m src/renderer/services/__tests__/appServices.legacy.test.ts[2m > [22mappServices legacy layer[2m > [22mthrows for unavailable services
[31m[1mAssertionError[22m: expected [Function] to throw error matching /not available/ but got '__vite_ssr_import_1__.appServices.get…'[39m

[32m- Expected:[39m 
/not available/

[31m+ Received:[39m 
"__vite_ssr_import_1__.appServices.getAgentManager is not a function"

[36m [2m❯[22m src/renderer/services/__tests__/appServices.legacy.test.ts:[2m38:49[22m[39m
    [90m 36| [39m    expect(() => appServices.getKnowledgeGraph()).toThrow(/not availab…
    [90m 37| [39m    expect(() => appServices.getVectorDatabase()).toThrow(/not availab…
    [90m 38| [39m    expect(() => appServices.getAgentManager()).toThrow(/not available…
    [90m   | [39m                                                [31m^[39m
    [90m 39| [39m  })[33m;[39m
    [90m 40| [39m})[33m;[39m

[31m[2m⎯⎯⎯⎯⎯⎯⎯⎯⎯⎯⎯⎯⎯⎯⎯⎯⎯⎯⎯⎯⎯⎯[6/114]⎯[22m[39m

[41m[1m FAIL [22m[49m [30m[46m renderer-thread [49m[39m src/renderer/services/__tests__/electron-api-client.test.ts[2m > [22mSimplified electronAPI Abstraction[2m > [22mSession Service[2m > [22mshould work with new electronAPI client
[31m[1mAssertionError[22m: expected "vi.fn()" to be called with arguments: [ { limit: 5 } ][90m

Received: 

[1m  1st vi.fn() call:

[22m[2m  [[22m
[32m-   {[90m
[32m-     "limit": 5,[90m
[32m-   },[90m
[31m+   5,[90m
[2m  ][22m
[31m[90m

Number of calls: [1m1[22m
[31m[39m
[36m [2m❯[22m src/renderer/services/__tests__/electron-api-client.test.ts:[2m79:56[22m[39m
    [90m 77| [39m      [34mexpect[39m(sessions)[33m.[39m[34mtoHaveLength[39m([34m1[39m)[33m;[39m
    [90m 78| [39m      [34mexpect[39m(sessions[[34m0[39m][33m.[39mid)[33m.[39m[34mtoBe[39m([32m'session-1'[39m)[33m;[39m
    [90m 79| [39m      expect(mockAPIClient.sessions.getRecentSessions).toHaveBeenCalle…
    [90m   | [39m                                                       [31m^[39m
    [90m 80| [39m    })[33m;[39m
    [90m 81| [39m  })[33m;[39m

[31m[2m⎯⎯⎯⎯⎯⎯⎯⎯⎯⎯⎯⎯⎯⎯⎯⎯⎯⎯⎯⎯⎯⎯[7/114]⎯[22m[39m

[41m[1m FAIL [22m[49m [30m[46m renderer-thread [49m[39m src/renderer/shared/ui/__tests__/SidebarTrigger.test.tsx[2m > [22mSidebarTrigger[2m > [22mRendering[2m > [22mshould use ghost variant by default
[31m[1mError[22m: [2mexpect([22m[31melement[31m[2m).toHaveAttribute([22m[32m[32m"data-variant"[32m[31m[2m, [22m[32m[32m"ghost"[32m[31m[2m) // element.getAttribute("data-variant") === "ghost"[22m

Expected the element to have attribute:
[32m  data-variant="ghost"[31m
Received:
[31m  null[31m[39m
[36m [2m❯[22m src/renderer/shared/ui/__tests__/SidebarTrigger.test.tsx:[2m44:22[22m[39m
    [90m 42| [39m
    [90m 43| [39m      [35mconst[39m button [33m=[39m screen[33m.[39m[34mgetByTestId[39m([32m'button'[39m)[33m;[39m
    [90m 44| [39m      [34mexpect[39m(button)[33m.[39m[34mtoHaveAttribute[39m([32m'data-variant'[39m[33m,[39m [32m'ghost'[39m)[33m;[39m
    [90m   | [39m                     [31m^[39m
    [90m 45| [39m    })[33m;[39m
    [90m 46| [39m

[31m[2m⎯⎯⎯⎯⎯⎯⎯⎯⎯⎯⎯⎯⎯⎯⎯⎯⎯⎯⎯⎯⎯⎯[8/114]⎯[22m[39m

[41m[1m FAIL [22m[49m [30m[46m renderer-thread [49m[39m src/renderer/shared/ui/__tests__/SidebarTrigger.test.tsx[2m > [22mSidebarTrigger[2m > [22mRendering[2m > [22mshould support custom variant
[31m[1mError[22m: [2mexpect([22m[31melement[31m[2m).toHaveAttribute([22m[32m[32m"data-variant"[32m[31m[2m, [22m[32m[32m"primary"[32m[31m[2m) // element.getAttribute("data-variant") === "primary"[22m

Expected the element to have attribute:
[32m  data-variant="primary"[31m
Received:
[31m  null[31m[39m
[36m [2m❯[22m src/renderer/shared/ui/__tests__/SidebarTrigger.test.tsx:[2m51:22[22m[39m
    [90m 49| [39m
    [90m 50| [39m      [35mconst[39m button [33m=[39m screen[33m.[39m[34mgetByTestId[39m([32m'button'[39m)[33m;[39m
    [90m 51| [39m      [34mexpect[39m(button)[33m.[39m[34mtoHaveAttribute[39m([32m'data-variant'[39m[33m,[39m [32m'primary'[39m)[33m;[39m
    [90m   | [39m                     [31m^[39m
    [90m 52| [39m    })[33m;[39m
    [90m 53| [39m  })[33m;[39m

[31m[2m⎯⎯⎯⎯⎯⎯⎯⎯⎯⎯⎯⎯⎯⎯⎯⎯⎯⎯⎯⎯⎯⎯[9/114]⎯[22m[39m

[41m[1m FAIL [22m[49m [30m[46m renderer-thread [49m[39m src/renderer/shared/ui/__tests__/SidebarTrigger.test.tsx[2m > [22mSidebarTrigger[2m > [22masChild Composition[2m > [22mshould pass ref to child element
[31m[1mAssertionError[22m: expected null to be an instance of HTMLButtonElement[39m
[36m [2m❯[22m src/renderer/shared/ui/__tests__/SidebarTrigger.test.tsx:[2m89:27[22m[39m
    [90m 87| [39m      )[33m;[39m
    [90m 88| [39m
    [90m 89| [39m      [34mexpect[39m(ref[33m.[39mcurrent)[33m.[39m[34mtoBeInstanceOf[39m([33mHTMLButtonElement[39m)[33m;[39m
    [90m   | [39m                          [31m^[39m
    [90m 90| [39m    })[33m;[39m
    [90m 91| [39m  })[33m;[39m

[31m[2m⎯⎯⎯⎯⎯⎯⎯⎯⎯⎯⎯⎯⎯⎯⎯⎯⎯⎯⎯⎯⎯[10/114]⎯[22m[39m

[41m[1m FAIL [22m[49m [30m[46m renderer-thread [49m[39m src/renderer/shared/ui/__tests__/SidebarTrigger.test.tsx[2m > [22mSidebarTrigger[2m > [22mEvent Handling[2m > [22mshould forward all button props
[31m[1mAssertionError[22m: expected "vi.fn()" to be called 1 times, but got 0 times[39m
[36m [2m❯[22m src/renderer/shared/ui/__tests__/SidebarTrigger.test.tsx:[2m126:27[22m[39m
    [90m124| [39m      fireEvent[33m.[39m[34mmouseEnter[39m(button)[33m;[39m
    [90m125| [39m
    [90m126| [39m      [34mexpect[39m(handleClick)[33m.[39m[34mtoHaveBeenCalledTimes[39m([34m1[39m)[33m;[39m
    [90m   | [39m                          [31m^[39m
    [90m127| [39m      [34mexpect[39m(handleMouseEnter)[33m.[39m[34mtoHaveBeenCalledTimes[39m([34m1[39m)[33m;[39m
    [90m128| [39m    })[33m;[39m

[31m[2m⎯⎯⎯⎯⎯⎯⎯⎯⎯⎯⎯⎯⎯⎯⎯⎯⎯⎯⎯⎯⎯[11/114]⎯[22m[39m

[41m[1m FAIL [22m[49m [30m[46m renderer-thread [49m[39m src/renderer/shared/ui/__tests__/SidebarTrigger.test.tsx[2m > [22mSidebarTrigger[2m > [22mProps Forwarding[2m > [22mshould support icon prop
[31m[1mTestingLibraryElementError[22m: Unable to find an element by: [data-testid="icon"]

Ignored nodes: comments, script, style
[36m<body>[31m
  [36m<div>[31m
    [36m<button[31m
      [33mdata-testid[31m=[32m"button"[31m
      [33micon[31m=[32m"[object Object]"[31m
      [33mvariant[31m=[32m"ghost"[31m
    [36m>[31m
      [0mWith Icon[0m
    [36m</button>[31m
  [36m</div>[31m
[36m</body>[31m[39m
[90m [2m❯[22m Object.getElementError node_modules/@testing-library/dom/dist/config.js:[2m37:19[22m[39m
[90m [2m❯[22m node_modules/@testing-library/dom/dist/query-helpers.js:[2m76:38[22m[39m
[90m [2m❯[22m node_modules/@testing-library/dom/dist/query-helpers.js:[2m52:17[22m[39m
[90m [2m❯[22m node_modules/@testing-library/dom/dist/query-helpers.js:[2m95:19[22m[39m
[36m [2m❯[22m src/renderer/shared/ui/__tests__/SidebarTrigger.test.tsx:[2m159:21[22m[39m
    [90m157| [39m      renderWithServices(<SidebarTrigger icon={<Icon />}>With Icon</Si…
    [90m158| [39m
    [90m159| [39m      [34mexpect[39m(screen[33m.[39m[34mgetByTestId[39m([32m'icon'[39m))[33m.[39m[34mtoBeInTheDocument[39m()[33m;[39m
    [90m   | [39m                    [31m^[39m
    [90m160| [39m    })[33m;[39m
    [90m161| [39m  })[33m;[39m

[31m[2m⎯⎯⎯⎯⎯⎯⎯⎯⎯⎯⎯⎯⎯⎯⎯⎯⎯⎯⎯⎯⎯[12/114]⎯[22m[39m

[41m[1m FAIL [22m[49m [30m[46m renderer-thread [49m[39m src/renderer/shared/ui/__tests__/SidebarTrigger.test.tsx[2m > [22mSidebarTrigger[2m > [22mButton Integration[2m > [22mshould apply default variant when not specified
[31m[1mError[22m: [2mexpect([22m[31melement[31m[2m).toHaveAttribute([22m[32m[32m"data-variant"[32m[31m[2m, [22m[32m[32m"ghost"[32m[31m[2m) // element.getAttribute("data-variant") === "ghost"[22m

Expected the element to have attribute:
[32m  data-variant="ghost"[31m
Received:
[31m  null[31m[39m
[36m [2m❯[22m src/renderer/shared/ui/__tests__/SidebarTrigger.test.tsx:[2m181:22[22m[39m
    [90m179| [39m
    [90m180| [39m      [35mconst[39m button [33m=[39m screen[33m.[39m[34mgetByTestId[39m([32m'button'[39m)[33m;[39m
    [90m181| [39m      [34mexpect[39m(button)[33m.[39m[34mtoHaveAttribute[39m([32m'data-variant'[39m[33m,[39m [32m'ghost'[39m)[33m;[39m
    [90m   | [39m                     [31m^[39m
    [90m182| [39m    })[33m;[39m
    [90m183| [39m  })[33m;[39m

[31m[2m⎯⎯⎯⎯⎯⎯⎯⎯⎯⎯⎯⎯⎯⎯⎯⎯⎯⎯⎯⎯⎯[13/114]⎯[22m[39m

[41m[1m FAIL [22m[49m [30m[46m renderer-thread [49m[39m src/renderer/shared/ui/__tests__/SidebarTrigger.test.tsx[2m > [22mSidebarTrigger[2m > [22mEdge Cases[2m > [22mshould not render when children is null with asChild
[31m[1mError[22m: [2mexpect([22m[31melement[31m[2m).not.toBeInTheDocument()[22m

[31mexpected document not to contain element, found <button
  data-testid="button"
  variant="ghost"
/> instead[31m[39m
[36m [2m❯[22m src/renderer/shared/ui/__tests__/SidebarTrigger.test.tsx:[2m229:48[22m[39m
    [90m227| [39m
    [90m228| [39m      [90m// Should not crash[39m
    [90m229| [39m      [34mexpect[39m(screen[33m.[39m[34mqueryByRole[39m([32m'button'[39m))[33m.[39mnot[33m.[39m[34mtoBeInTheDocument[39m()[33m;[39m
    [90m   | [39m                                               [31m^[39m
    [90m230| [39m    })[33m;[39m
    [90m231| [39m  })[33m;[39m

[31m[2m⎯⎯⎯⎯⎯⎯⎯⎯⎯⎯⎯⎯⎯⎯⎯⎯⎯⎯⎯⎯⎯[14/114]⎯[22m[39m

[41m[1m FAIL [22m[49m [30m[46m renderer-thread [49m[39m src/renderer/services/catalyst/__tests__/catalyst-service.errors.test.ts[2m > [22mcatalyst-service error paths[2m > [22mpropagates API error when sendChatStream returns failure
[31m[1mAssertionError[22m: expected '[object Object]' to match /stream failed/[39m

[32m- Expected:[39m 
/stream failed/

[31m+ Received:[39m 
"[object Object]"

[36m [2m❯[22m src/renderer/services/catalyst/__tests__/catalyst-service.errors.test.ts:[2m52:23[22m[39m
    [90m 50| [39m    [35mconst[39m res [33m=[39m [35mawait[39m svc[33m.[39m[34msendChatStream[39m([32m'hello'[39m[33m,[39m () [33m=>[39m {})[33m;[39m
    [90m 51| [39m    [34mexpect[39m(res[33m.[39msuccess)[33m.[39m[34mtoBe[39m([35mfalse[39m)[33m;[39m
    [90m 52| [39m    [34mexpect[39m(res[33m.[39merror)[33m.[39m[34mtoMatch[39m([36m/stream failed/[39m)[33m;[39m
    [90m   | [39m                      [31m^[39m
    [90m 53| [39m  })[33m;[39m
    [90m 54| [39m})[33m;[39m

[31m[2m⎯⎯⎯⎯⎯⎯⎯⎯⎯⎯⎯⎯⎯⎯⎯⎯⎯⎯⎯⎯⎯[15/114]⎯[22m[39m

[41m[1m FAIL [22m[49m [30m[46m renderer-thread [49m[39m src/renderer/services/catalyst/__tests__/catalyst-service.success.test.ts[2m > [22mcatalyst-service success paths[2m > [22mlists agents successfully
[31m[1mAssertionError[22m: expected false to be true // Object.is equality[39m

[32m- Expected[39m
[31m+ Received[39m

[32m- true[39m
[31m+ false[39m

[36m [2m❯[22m src/renderer/services/catalyst/__tests__/catalyst-service.success.test.ts:[2m70:25[22m[39m
    [90m 68| [39m    [35mconst[39m res [33m=[39m [35mawait[39m service[33m.[39m[34mgetAvailableAgents[39m()[33m;[39m
    [90m 69| [39m
    [90m 70| [39m    [34mexpect[39m(res[33m.[39msuccess)[33m.[39m[34mtoBe[39m([35mtrue[39m)[33m;[39m
    [90m   | [39m                        [31m^[39m
    [90m 71| [39m    [34mexpect[39m(res[33m.[39magents[33m?.[39m[[34m0[39m][33m.[39mid)[33m.[39m[34mtoBe[39m([32m'agent-1'[39m)[33m;[39m
    [90m 72| [39m  })[33m;[39m

[31m[2m⎯⎯⎯⎯⎯⎯⎯⎯⎯⎯⎯⎯⎯⎯⎯⎯⎯⎯⎯⎯⎯[16/114]⎯[22m[39m

[41m[1m FAIL [22m[49m [30m[46m renderer-thread [49m[39m src/renderer/services/catalyst/__tests__/catalyst-service.success.test.ts[2m > [22mcatalyst-service success paths[2m > [22mcancels execution and lists active executions
[31m[1mTypeError[22m: service.getActiveExecutions is not a function[39m
[36m [2m❯[22m src/renderer/services/catalyst/__tests__/catalyst-service.success.test.ts:[2m90:34[22m[39m
    [90m 88| [39m
    [90m 89| [39m    [35mconst[39m cancelRes [33m=[39m [35mawait[39m service[33m.[39m[34mcancelExecution[39m([32m'exec-1'[39m)[33m;[39m
    [90m 90| [39m    [35mconst[39m active [33m=[39m [35mawait[39m service[33m.[39m[34mgetActiveExecutions[39m()[33m;[39m
    [90m   | [39m                                 [31m^[39m
    [90m 91| [39m
    [90m 92| [39m    [34mexpect[39m(cancelRes[33m.[39msuccess)[33m.[39m[34mtoBe[39m([35mtrue[39m)[33m;[39m

[31m[2m⎯⎯⎯⎯⎯⎯⎯⎯⎯⎯⎯⎯⎯⎯⎯⎯⎯⎯⎯⎯⎯[17/114]⎯[22m[39m

[41m[1m FAIL [22m[49m [30m[46m renderer-thread [49m[39m src/renderer/services/catalyst/__tests__/catalyst-service.test.ts[2m > [22mcatalyst-service[2m > [22mlists active executions and handles missing API
[31m[1mTypeError[22m: service.getActiveExecutions is not a function[39m
[36m [2m❯[22m src/renderer/services/catalyst/__tests__/catalyst-service.test.ts:[2m109:30[22m[39m
    [90m107| [39m    [35mconst[39m service [33m=[39m [34mcreateCatalystService[39m(api [35mas[39m [33mElectronAPI[39m)[33m;[39m
    [90m108| [39m
    [90m109| [39m    [35mconst[39m ok [33m=[39m [35mawait[39m service[33m.[39m[34mgetActiveExecutions[39m()[33m;[39m
    [90m   | [39m                             [31m^[39m
    [90m110| [39m    [34mexpect[39m(ok[33m.[39mexecutions[33m?.[39m[[34m0[39m])[33m.[39m[34mtoEqual[39m({ id[33m:[39m [32m'e1'[39m })[33m;[39m
    [90m111| [39m

[31m[2m⎯⎯⎯⎯⎯⎯⎯⎯⎯⎯⎯⎯⎯⎯⎯⎯⎯⎯⎯⎯⎯[18/114]⎯[22m[39m

[41m[1m FAIL [22m[49m [30m[46m renderer-thread [49m[39m src/renderer/services/chat/__tests__/chat-service.test.ts[2m > [22mchat-service[2m > [22msends message and maps response
[31m[1mError[22m: apiClient.catalyst.sendChat is not a function[39m
[36m [2m❯[22m Object.sendMessage src/renderer/services/chat/chat-service.ts:[2m119:13[22m[39m
    [90m117| [39m      }[33m;[39m
    [90m118| [39m    } [35mcatch[39m (error) {
    [90m119| [39m      throw new Error(error instanceof Error ? error.message : 'Failed…
    [90m   | [39m            [31m^[39m
    [90m120| [39m    }
    [90m121| [39m  }[33m;[39m
[90m [2m❯[22m src/renderer/services/chat/__tests__/chat-service.test.ts:[2m38:31[22m[39m

[31m[2m⎯⎯⎯⎯⎯⎯⎯⎯⎯⎯⎯⎯⎯⎯⎯⎯⎯⎯⎯⎯⎯[19/114]⎯[22m[39m

[41m[1m FAIL [22m[49m [30m[46m renderer-thread [49m[39m src/renderer/services/chat/__tests__/chat-service.test.ts[2m > [22mchat-service[2m > [22mstreams messages and aggregates content
[31m[1mTypeError[22m: Cannot read properties of undefined (reading 'stream')[39m
[36m [2m❯[22m Object.sendMessageStream src/renderer/services/chat/chat-service.ts:[2m150:43[22m[39m
    [90m148| [39m
    [90m149| [39m      [90m// Use aiSDK API for streaming[39m
    [90m150| [39m      [35mconst[39m unsubscribe [33m=[39m apiClient[33m.[39maiSDK[33m.[39m[34mstream[39m(
    [90m   | [39m                                          [31m^[39m
    [90m151| [39m        {
    [90m152| [39m          messages[33m:[39m [
[90m [2m❯[22m src/renderer/services/chat/__tests__/chat-service.test.ts:[2m57:34[22m[39m

[31m[2m⎯⎯⎯⎯⎯⎯⎯⎯⎯⎯⎯⎯⎯⎯⎯⎯⎯⎯⎯⎯⎯[20/114]⎯[22m[39m

[41m[1m FAIL [22m[49m [30m[46m renderer-thread [49m[39m src/renderer/services/chat/__tests__/chat-service.test.ts[2m > [22mchat-service[2m > [22mcheckPracticeOpportunity throws on failure
[31m[1mAssertionError[22m: promise resolved "{ hasOpportunity: false, …(4) }" instead of rejecting[39m

[32m- Expected[39m
[31m+ Received[39m

[32m- Error {[39m
[32m-   "message": "rejected promise",[39m
[31m+ {[39m
[31m+   "confidence": 0,[39m
[31m+   "hasOpportunity": false,[39m
[31m+   "reason": "Practice opportunity checking not implemented",[39m
[31m+   "shouldSuggest": false,[39m
[31m+   "timing": "not-appropriate",[39m
[2m  }[22m

[36m [2m❯[22m src/renderer/services/chat/__tests__/chat-service.test.ts:[2m80:5[22m[39m
    [90m 78| [39m    [35mawait[39m [34mexpect[39m(
    [90m 79| [39m      service.checkPracticeOpportunity({ conversationId: 'c', userMess…
    [90m 80| [39m    )[33m.[39mrejects[33m.[39m[34mtoThrow[39m([32m'fail'[39m)[33m;[39m
    [90m   | [39m    [31m^[39m
    [90m 81| [39m  })[33m;[39m
    [90m 82| [39m

[31m[2m⎯⎯⎯⎯⎯⎯⎯⎯⎯⎯⎯⎯⎯⎯⎯⎯⎯⎯⎯⎯⎯[21/114]⎯[22m[39m

[41m[1m FAIL [22m[49m [30m[46m renderer-thread [49m[39m src/renderer/services/chat/__tests__/chat-service.test.ts[2m > [22mchat-service[2m > [22mhandles event-driven streaming with callbacks
[31m[1mTypeError[22m: Cannot read properties of undefined (reading 'stream')[39m
[36m [2m❯[22m Object.sendMessageStream src/renderer/services/chat/chat-service.ts:[2m150:43[22m[39m
    [90m148| [39m
    [90m149| [39m      [90m// Use aiSDK API for streaming[39m
    [90m150| [39m      [35mconst[39m unsubscribe [33m=[39m apiClient[33m.[39maiSDK[33m.[39m[34mstream[39m(
    [90m   | [39m                                          [31m^[39m
    [90m151| [39m        {
    [90m152| [39m          messages[33m:[39m [
[90m [2m❯[22m src/renderer/services/chat/__tests__/chat-service.test.ts:[2m131:34[22m[39m

[31m[2m⎯⎯⎯⎯⎯⎯⎯⎯⎯⎯⎯⎯⎯⎯⎯⎯⎯⎯⎯⎯⎯[22/114]⎯[22m[39m

[41m[1m FAIL [22m[49m [30m[46m renderer-thread [49m[39m src/renderer/services/chat/__tests__/chat-service.test.ts[2m > [22mchat-service[2m > [22mthrows when streaming start fails
[31m[1mAssertionError[22m: expected [Function] to throw error matching /start failed|Failed to start streaming/ but got 'Cannot read properties of undefined (…'[39m

[32m- Expected:[39m 
/start failed|Failed to start streaming/

[31m+ Received:[39m 
"Cannot read properties of undefined (reading 'stream')"

[31m[2m⎯⎯⎯⎯⎯⎯⎯⎯⎯⎯⎯⎯⎯⎯⎯⎯⎯⎯⎯⎯⎯[23/114]⎯[22m[39m

[41m[1m FAIL [22m[49m [30m[46m renderer-thread [49m[39m src/renderer/services/chat/__tests__/chat-service.test.ts[2m > [22mchat-service[2m > [22mrejects on streaming error event
[31m[1mAssertionError[22m: expected [Function] to throw error matching /oops/ but got 'Cannot read properties of undefined (…'[39m

[32m- Expected:[39m 
/oops/

[31m+ Received:[39m 
"Cannot read properties of undefined (reading 'stream')"

[31m[2m⎯⎯⎯⎯⎯⎯⎯⎯⎯⎯⎯⎯⎯⎯⎯⎯⎯⎯⎯⎯⎯[24/114]⎯[22m[39m

[41m[1m FAIL [22m[49m [30m[46m renderer-thread [49m[39m src/renderer/services/chat/__tests__/chat-service.test.ts[2m > [22mchat-service[2m > [22mcancelStream resolves with aggregated content and calls API
[31m[1mTypeError[22m: Cannot read properties of undefined (reading 'stream')[39m
[36m [2m❯[22m Object.sendMessageStream src/renderer/services/chat/chat-service.ts:[2m150:43[22m[39m
    [90m148| [39m
    [90m149| [39m      [90m// Use aiSDK API for streaming[39m
    [90m150| [39m      [35mconst[39m unsubscribe [33m=[39m apiClient[33m.[39maiSDK[33m.[39m[34mstream[39m(
    [90m   | [39m                                          [31m^[39m
    [90m151| [39m        {
    [90m152| [39m          messages[33m:[39m [
[90m [2m❯[22m src/renderer/services/chat/__tests__/chat-service.test.ts:[2m170:29[22m[39m

[31m[2m⎯⎯⎯⎯⎯⎯⎯⎯⎯⎯⎯⎯⎯⎯⎯⎯⎯⎯⎯⎯⎯[25/114]⎯[22m[39m

[41m[1m FAIL [22m[49m [30m[46m renderer-thread [49m[39m src/renderer/services/chat/__tests__/chat-service.test.ts[2m > [22mchat-service[2m > [22msendMessage throws when API fails
[31m[1mAssertionError[22m: expected [Function] to throw error matching /fail/ but got 'apiClient.catalyst.sendChat is not a …'[39m

[32m- Expected:[39m 
/fail/

[31m+ Received:[39m 
"apiClient.catalyst.sendChat is not a function"

[31m[2m⎯⎯⎯⎯⎯⎯⎯⎯⎯⎯⎯⎯⎯⎯⎯⎯⎯⎯⎯⎯⎯[26/114]⎯[22m[39m

[41m[1m FAIL [22m[49m [30m[46m renderer-thread [49m[39m src/renderer/services/chat/__tests__/chat-service.test.ts[2m > [22mchat-service[2m > [22mcheckPracticeOpportunity returns data on success
[31m[1mAssertionError[22m: expected { hasOpportunity: false, …(4) } to deeply equal { hasOpportunity: true }[39m

[32m- Expected[39m
[31m+ Received[39m

[2m  {[22m
[32m-   "hasOpportunity": true,[39m
[31m+   "confidence": 0,[39m
[31m+   "hasOpportunity": false,[39m
[31m+   "reason": "Practice opportunity checking not implemented",[39m
[31m+   "shouldSuggest": false,[39m
[31m+   "timing": "not-appropriate",[39m
[2m  }[22m

[36m [2m❯[22m src/renderer/services/chat/__tests__/chat-service.test.ts:[2m228:17[22m[39m
    [90m226| [39m    [35mconst[39m service [33m=[39m [34mcreateChatService[39m(api [35mas[39m [33mElectronAPI[39m)[33m;[39m
    [90m227| [39m    const res = await service.checkPracticeOpportunity({ conversationI…
    [90m228| [39m    [34mexpect[39m(res)[33m.[39m[34mtoEqual[39m({ hasOpportunity[33m:[39m [35mtrue[39m })[33m;[39m
    [90m   | [39m                [31m^[39m
    [90m229| [39m  })[33m;[39m
    [90m230| [39m})[33m;[39m

[31m[2m⎯⎯⎯⎯⎯⎯⎯⎯⎯⎯⎯⎯⎯⎯⎯⎯⎯⎯⎯⎯⎯[27/114]⎯[22m[39m

[41m[1m FAIL [22m[49m [30m[46m renderer-thread [49m[39m src/renderer/services/chat/__tests__/resumeWorkflow.api.test.ts[2m > [22mResumeWorkflow API - Client Side[2m > [22mshould call IPC with correct parameters for skip action
[31m[1mAssertionError[22m: expected "vi.fn()" to be called with arguments: [ { …(4) } ][90m

Number of calls: [1m0[22m
[31m[39m
[36m [2m❯[22m src/renderer/services/chat/__tests__/resumeWorkflow.api.test.ts:[2m122:24[22m[39m
    [90m120| [39m    [35mawait[39m chatService[33m.[39m[34mresumeWorkflow[39m[33m![39m(params)[33m;[39m
    [90m121| [39m
    [90m122| [39m    [34mexpect[39m(mockInvoke)[33m.[39m[34mtoHaveBeenCalledWith[39m({
    [90m   | [39m                       [31m^[39m
    [90m123| [39m      conversationId[33m:[39m [32m'session-123'[39m[33m,[39m
    [90m124| [39m      checkpointId[33m:[39m [32m'checkpoint-456'[39m[33m,[39m

[31m[2m⎯⎯⎯⎯⎯⎯⎯⎯⎯⎯⎯⎯⎯⎯⎯⎯⎯⎯⎯⎯⎯[28/114]⎯[22m[39m

[41m[1m FAIL [22m[49m [30m[46m renderer-thread [49m[39m src/renderer/services/chat/__tests__/resumeWorkflow.api.test.ts[2m > [22mResumeWorkflow API - Client Side[2m > [22mshould call IPC with correct parameters for resume_later action
[31m[1mAssertionError[22m: expected "vi.fn()" to be called with arguments: [ { …(3) } ][90m

Number of calls: [1m0[22m
[31m[39m
[36m [2m❯[22m src/renderer/services/chat/__tests__/resumeWorkflow.api.test.ts:[2m147:24[22m[39m
    [90m145| [39m    [35mawait[39m chatService[33m.[39m[34mresumeWorkflow[39m[33m![39m(params)[33m;[39m
    [90m146| [39m
    [90m147| [39m    [34mexpect[39m(mockInvoke)[33m.[39m[34mtoHaveBeenCalledWith[39m({
    [90m   | [39m                       [31m^[39m
    [90m148| [39m      conversationId[33m:[39m [32m'session-123'[39m[33m,[39m
    [90m149| [39m      checkpointId[33m:[39m [32m'checkpoint-456'[39m[33m,[39m

[31m[2m⎯⎯⎯⎯⎯⎯⎯⎯⎯⎯⎯⎯⎯⎯⎯⎯⎯⎯⎯⎯⎯[29/114]⎯[22m[39m

[41m[1m FAIL [22m[49m [30m[46m renderer-thread [49m[39m src/renderer/services/chat/__tests__/resumeWorkflow.api.test.ts[2m > [22mResumeWorkflow API - Client Side[2m > [22mshould call IPC with correct parameters for answer action
[31m[1mAssertionError[22m: expected "vi.fn()" to be called with arguments: [ { …(5) } ][90m

Number of calls: [1m0[22m
[31m[39m
[36m [2m❯[22m src/renderer/services/chat/__tests__/resumeWorkflow.api.test.ts:[2m173:24[22m[39m
    [90m171| [39m    [35mawait[39m chatService[33m.[39m[34mresumeWorkflow[39m[33m![39m(params)[33m;[39m
    [90m172| [39m
    [90m173| [39m    [34mexpect[39m(mockInvoke)[33m.[39m[34mtoHaveBeenCalledWith[39m({
    [90m   | [39m                       [31m^[39m
    [90m174| [39m      conversationId[33m:[39m [32m'session-123'[39m[33m,[39m
    [90m175| [39m      checkpointId[33m:[39m [32m'checkpoint-456'[39m[33m,[39m

[31m[2m⎯⎯⎯⎯⎯⎯⎯⎯⎯⎯⎯⎯⎯⎯⎯⎯⎯⎯⎯⎯⎯[30/114]⎯[22m[39m

[41m[1m FAIL [22m[49m [30m[46m renderer-thread [49m[39m src/renderer/services/chat/__tests__/resumeWorkflow.api.test.ts[2m > [22mResumeWorkflow API - Client Side[2m > [22mshould return success response when API returns success
[31m[1mAssertionError[22m: expected { success: false, resumed: false } to deeply equal { success: true, resumed: true }[39m

[32m- Expected[39m
[31m+ Received[39m

[2m  {[22m
[32m-   "resumed": true,[39m
[32m-   "success": true,[39m
[31m+   "resumed": false,[39m
[31m+   "success": false,[39m
[2m  }[22m

[36m [2m❯[22m src/renderer/services/chat/__tests__/resumeWorkflow.api.test.ts:[2m197:20[22m[39m
    [90m195| [39m    })[33m;[39m
    [90m196| [39m
    [90m197| [39m    [34mexpect[39m(result)[33m.[39m[34mtoEqual[39m({
    [90m   | [39m                   [31m^[39m
    [90m198| [39m      success[33m:[39m [35mtrue[39m[33m,[39m
    [90m199| [39m      resumed[33m:[39m [35mtrue[39m[33m,[39m

[31m[2m⎯⎯⎯⎯⎯⎯⎯⎯⎯⎯⎯⎯⎯⎯⎯⎯⎯⎯⎯⎯⎯[31/114]⎯[22m[39m

[41m[1m FAIL [22m[49m [30m[46m renderer-thread [49m[39m src/renderer/services/chat/__tests__/resumeWorkflow.api.test.ts[2m > [22mResumeWorkflow API - Client Side[2m > [22mshould handle API errors gracefully
[31m[1mAssertionError[22m: promise resolved "{ success: false, resumed: false }" instead of rejecting[39m

[32m- Expected[39m
[31m+ Received[39m

[32m- Error {[39m
[32m-   "message": "rejected promise",[39m
[31m+ {[39m
[31m+   "resumed": false,[39m
[31m+   "success": false,[39m
[2m  }[22m

[36m [2m❯[22m src/renderer/services/chat/__tests__/resumeWorkflow.api.test.ts:[2m215:5[22m[39m
    [90m213| [39m        action[33m:[39m [32m'skip'[39m[33m,[39m
    [90m214| [39m      })
    [90m215| [39m    )[33m.[39mrejects[33m.[39m[34mtoThrow[39m([32m'Network error'[39m)[33m;[39m
    [90m   | [39m    [31m^[39m
    [90m216| [39m  })[33m;[39m
    [90m217| [39m

[31m[2m⎯⎯⎯⎯⎯⎯⎯⎯⎯⎯⎯⎯⎯⎯⎯⎯⎯⎯⎯⎯⎯[32/114]⎯[22m[39m

[41m[1m FAIL [22m[49m [30m[46m renderer-thread [49m[39m src/renderer/services/chat/__tests__/resumeWorkflow.api.test.ts[2m > [22mResumeWorkflow API - Client Side[2m > [22mshould handle API failure response
[31m[1mAssertionError[22m: promise resolved "{ success: false, resumed: false }" instead of rejecting[39m

[32m- Expected[39m
[31m+ Received[39m

[32m- Error {[39m
[32m-   "message": "rejected promise",[39m
[31m+ {[39m
[31m+   "resumed": false,[39m
[31m+   "success": false,[39m
[2m  }[22m

[36m [2m❯[22m src/renderer/services/chat/__tests__/resumeWorkflow.api.test.ts:[2m233:5[22m[39m
    [90m231| [39m        action[33m:[39m [32m'skip'[39m[33m,[39m
    [90m232| [39m      })
    [90m233| [39m    )[33m.[39mrejects[33m.[39m[34mtoThrow[39m()[33m;[39m
    [90m   | [39m    [31m^[39m
    [90m234| [39m  })[33m;[39m
    [90m235| [39m

[31m[2m⎯⎯⎯⎯⎯⎯⎯⎯⎯⎯⎯⎯⎯⎯⎯⎯⎯⎯⎯⎯⎯[33/114]⎯[22m[39m

[41m[1m FAIL [22m[49m [30m[46m renderer-thread [49m[39m src/renderer/services/chat/__tests__/resumeWorkflow.api.test.ts[2m > [22mResumeWorkflow API - Client Side[2m > [22mshould throw error when required parameters missing
[31m[1mAssertionError[22m: promise resolved "{ success: false, resumed: false }" instead of rejecting[39m

[32m- Expected[39m
[31m+ Received[39m

[32m- Error {[39m
[32m-   "message": "rejected promise",[39m
[31m+ {[39m
[31m+   "resumed": false,[39m
[31m+   "success": false,[39m
[2m  }[22m

[36m [2m❯[22m src/renderer/services/chat/__tests__/resumeWorkflow.api.test.ts:[2m246:5[22m[39m
    [90m244| [39m        action[33m:[39m [32m'skip'[39m[33m,[39m
    [90m245| [39m      } [35mas[39m any)
    [90m246| [39m    )[33m.[39mrejects[33m.[39m[34mtoThrow[39m()[33m;[39m
    [90m   | [39m    [31m^[39m
    [90m247| [39m  })[33m;[39m
    [90m248| [39m

[31m[2m⎯⎯⎯⎯⎯⎯⎯⎯⎯⎯⎯⎯⎯⎯⎯⎯⎯⎯⎯⎯⎯[34/114]⎯[22m[39m

[41m[1m FAIL [22m[49m [30m[46m renderer-thread [49m[39m src/renderer/services/chat/__tests__/resumeWorkflow.api.test.ts[2m > [22mResumeWorkflow API - Client Side[2m > [22mshould throw error when action is invalid
[31m[1mAssertionError[22m: promise resolved "{ success: false, resumed: false }" instead of rejecting[39m

[32m- Expected[39m
[31m+ Received[39m

[32m- Error {[39m
[32m-   "message": "rejected promise",[39m
[31m+ {[39m
[31m+   "resumed": false,[39m
[31m+   "success": false,[39m
[2m  }[22m

[36m [2m❯[22m src/renderer/services/chat/__tests__/resumeWorkflow.api.test.ts:[2m259:5[22m[39m
    [90m257| [39m        action[33m:[39m [32m'invalid_action'[39m [35mas[39m any[33m,[39m
    [90m258| [39m      })
    [90m259| [39m    )[33m.[39mrejects[33m.[39m[34mtoThrow[39m()[33m;[39m
    [90m   | [39m    [31m^[39m
    [90m260| [39m  })[33m;[39m
    [90m261| [39m})[33m;[39m

[31m[2m⎯⎯⎯⎯⎯⎯⎯⎯⎯⎯⎯⎯⎯⎯⎯⎯⎯⎯⎯⎯⎯[35/114]⎯[22m[39m

[41m[1m FAIL [22m[49m [30m[46m renderer-thread [49m[39m src/renderer/services/chat/__tests__/resumeWorkflow.api.test.ts[2m > [22mResumeWorkflow API - Response Handling[2m > [22mshould return resumed: true for skip action
[31m[1mAssertionError[22m: expected false to be true // Object.is equality[39m

[32m- Expected[39m
[31m+ Received[39m

[32m- true[39m
[31m+ false[39m

[36m [2m❯[22m src/renderer/services/chat/__tests__/resumeWorkflow.api.test.ts:[2m349:28[22m[39m
    [90m347| [39m    })[33m;[39m
    [90m348| [39m
    [90m349| [39m    [34mexpect[39m(result[33m.[39mresumed)[33m.[39m[34mtoBe[39m([35mtrue[39m)[33m;[39m
    [90m   | [39m                           [31m^[39m
    [90m350| [39m  })[33m;[39m
    [90m351| [39m

[31m[2m⎯⎯⎯⎯⎯⎯⎯⎯⎯⎯⎯⎯⎯⎯⎯⎯⎯⎯⎯⎯⎯[36/114]⎯[22m[39m

[41m[1m FAIL [22m[49m [30m[46m renderer-thread [49m[39m src/renderer/services/chat/__tests__/resumeWorkflow.api.test.ts[2m > [22mResumeWorkflow API - Response Handling[2m > [22mshould return resumed: true for answer action
[31m[1mAssertionError[22m: expected false to be true // Object.is equality[39m

[32m- Expected[39m
[31m+ Received[39m

[32m- true[39m
[31m+ false[39m

[36m [2m❯[22m src/renderer/services/chat/__tests__/resumeWorkflow.api.test.ts:[2m386:28[22m[39m
    [90m384| [39m    })[33m;[39m
    [90m385| [39m
    [90m386| [39m    [34mexpect[39m(result[33m.[39mresumed)[33m.[39m[34mtoBe[39m([35mtrue[39m)[33m;[39m
    [90m   | [39m                           [31m^[39m
    [90m387| [39m  })[33m;[39m
    [90m388| [39m})[33m;[39m

[31m[2m⎯⎯⎯⎯⎯⎯⎯⎯⎯⎯⎯⎯⎯⎯⎯⎯⎯⎯⎯⎯⎯[37/114]⎯[22m[39m

[41m[1m FAIL [22m[49m [30m[46m renderer-thread [49m[39m src/renderer/services/chat/__tests__/resumeWorkflow.api.test.ts[2m > [22mResumeWorkflow API - Integration Scenarios[2m > [22mshould handle complete skip workflow
[31m[1mAssertionError[22m: expected false to be true // Object.is equality[39m

[32m- Expected[39m
[31m+ Received[39m

[32m- true[39m
[31m+ false[39m

[36m [2m❯[22m src/renderer/services/chat/__tests__/resumeWorkflow.api.test.ts:[2m408:28[22m[39m
    [90m406| [39m    })[33m;[39m
    [90m407| [39m
    [90m408| [39m    [34mexpect[39m(result[33m.[39msuccess)[33m.[39m[34mtoBe[39m([35mtrue[39m)[33m;[39m
    [90m   | [39m                           [31m^[39m
    [90m409| [39m    [34mexpect[39m(result[33m.[39mresumed)[33m.[39m[34mtoBe[39m([35mtrue[39m)[33m;[39m
    [90m410| [39m

[31m[2m⎯⎯⎯⎯⎯⎯⎯⎯⎯⎯⎯⎯⎯⎯⎯⎯⎯⎯⎯⎯⎯[38/114]⎯[22m[39m

[41m[1m FAIL [22m[49m [30m[46m renderer-thread [49m[39m src/renderer/services/chat/__tests__/resumeWorkflow.api.test.ts[2m > [22mResumeWorkflow API - Integration Scenarios[2m > [22mshould handle complete resume_later workflow
[31m[1mAssertionError[22m: expected false to be true // Object.is equality[39m

[32m- Expected[39m
[31m+ Received[39m

[32m- true[39m
[31m+ false[39m

[36m [2m❯[22m src/renderer/services/chat/__tests__/resumeWorkflow.api.test.ts:[2m435:28[22m[39m
    [90m433| [39m    })[33m;[39m
    [90m434| [39m
    [90m435| [39m    [34mexpect[39m(result[33m.[39msuccess)[33m.[39m[34mtoBe[39m([35mtrue[39m)[33m;[39m
    [90m   | [39m                           [31m^[39m
    [90m436| [39m    [34mexpect[39m(result[33m.[39mresumed)[33m.[39m[34mtoBe[39m([35mfalse[39m)[33m;[39m
    [90m437| [39m

[31m[2m⎯⎯⎯⎯⎯⎯⎯⎯⎯⎯⎯⎯⎯⎯⎯⎯⎯⎯⎯⎯⎯[39/114]⎯[22m[39m

[41m[1m FAIL [22m[49m [30m[46m renderer-thread [49m[39m src/renderer/services/chat/__tests__/resumeWorkflow.api.test.ts[2m > [22mResumeWorkflow API - Integration Scenarios[2m > [22mshould handle network timeout
[31m[1mAssertionError[22m: promise resolved "{ success: false, resumed: false }" instead of rejecting[39m

[32m- Expected[39m
[31m+ Received[39m

[32m- Error {[39m
[32m-   "message": "rejected promise",[39m
[31m+ {[39m
[31m+   "resumed": false,[39m
[31m+   "success": false,[39m
[2m  }[22m

[36m [2m❯[22m src/renderer/services/chat/__tests__/resumeWorkflow.api.test.ts:[2m458:5[22m[39m
    [90m456| [39m        action[33m:[39m [32m'skip'[39m[33m,[39m
    [90m457| [39m      })
    [90m458| [39m    )[33m.[39mrejects[33m.[39m[34mtoThrow[39m([32m'Request timeout'[39m)[33m;[39m
    [90m   | [39m    [31m^[39m
    [90m459| [39m  })[33m;[39m
    [90m460| [39m

[31m[2m⎯⎯⎯⎯⎯⎯⎯⎯⎯⎯⎯⎯⎯⎯⎯⎯⎯⎯⎯⎯⎯[40/114]⎯[22m[39m

[41m[1m FAIL [22m[49m [30m[46m renderer-thread [49m[39m src/renderer/services/chat/__tests__/resumeWorkflow.api.test.ts[2m > [22mResumeWorkflow API - Integration Scenarios[2m > [22mshould handle invalid conversation ID
[31m[1mAssertionError[22m: promise resolved "{ success: false, resumed: false }" instead of rejecting[39m

[32m- Expected[39m
[31m+ Received[39m

[32m- Error {[39m
[32m-   "message": "rejected promise",[39m
[31m+ {[39m
[31m+   "resumed": false,[39m
[31m+   "success": false,[39m
[2m  }[22m

[36m [2m❯[22m src/renderer/services/chat/__tests__/resumeWorkflow.api.test.ts:[2m473:5[22m[39m
    [90m471| [39m        action[33m:[39m [32m'skip'[39m[33m,[39m
    [90m472| [39m      })
    [90m473| [39m    )[33m.[39mrejects[33m.[39m[34mtoThrow[39m([32m'Conversation not found'[39m)[33m;[39m
    [90m   | [39m    [31m^[39m
    [90m474| [39m  })[33m;[39m
    [90m475| [39m

[31m[2m⎯⎯⎯⎯⎯⎯⎯⎯⎯⎯⎯⎯⎯⎯⎯⎯⎯⎯⎯⎯⎯[41/114]⎯[22m[39m

[41m[1m FAIL [22m[49m [30m[46m renderer-thread [49m[39m src/renderer/services/chat/__tests__/resumeWorkflow.api.test.ts[2m > [22mResumeWorkflow API - Integration Scenarios[2m > [22mshould handle invalid checkpoint ID
[31m[1mAssertionError[22m: promise resolved "{ success: false, resumed: false }" instead of rejecting[39m

[32m- Expected[39m
[31m+ Received[39m

[32m- Error {[39m
[32m-   "message": "rejected promise",[39m
[31m+ {[39m
[31m+   "resumed": false,[39m
[31m+   "success": false,[39m
[2m  }[22m

[36m [2m❯[22m src/renderer/services/chat/__tests__/resumeWorkflow.api.test.ts:[2m488:5[22m[39m
    [90m486| [39m        action[33m:[39m [32m'skip'[39m[33m,[39m
    [90m487| [39m      })
    [90m488| [39m    )[33m.[39mrejects[33m.[39m[34mtoThrow[39m([32m'Checkpoint not found'[39m)[33m;[39m
    [90m   | [39m    [31m^[39m
    [90m489| [39m  })[33m;[39m
    [90m490| [39m})[33m;[39m

[31m[2m⎯⎯⎯⎯⎯⎯⎯⎯⎯⎯⎯⎯⎯⎯⎯⎯⎯⎯⎯⎯⎯[42/114]⎯[22m[39m

[41m[1m FAIL [22m[49m [30m[46m renderer-thread [49m[39m src/renderer/services/chat/__tests__/resumeWorkflow.api.test.ts[2m > [22mResumeWorkflow API - Performance[2m > [22mshould handle multiple concurrent requests
[31m[1mAssertionError[22m: expected false to be true // Object.is equality[39m

[32m- Expected[39m
[31m+ Received[39m

[32m- true[39m
[31m+ false[39m

[36m [2m❯[22m src/renderer/services/chat/__tests__/resumeWorkflow.api.test.ts:[2m533:45[22m[39m
    [90m531| [39m
    [90m532| [39m    [34mexpect[39m(results)[33m.[39m[34mtoHaveLength[39m([34m5[39m)[33m;[39m
    [90m533| [39m    [34mexpect[39m(results[33m.[39m[34mevery[39m((r) [33m=>[39m r[33m.[39msuccess))[33m.[39m[34mtoBe[39m([35mtrue[39m)[33m;[39m
    [90m   | [39m                                            [31m^[39m
    [90m534| [39m  })[33m;[39m
    [90m535| [39m})[33m;[39m

[31m[2m⎯⎯⎯⎯⎯⎯⎯⎯⎯⎯⎯⎯⎯⎯⎯⎯⎯⎯⎯⎯⎯[43/114]⎯[22m[39m

[41m[1m FAIL [22m[49m [30m[46m renderer-thread [49m[39m src/renderer/services/discovery/__tests__/discovery-service.test.ts[2m > [22mdiscovery-service[2m > [22mparses concepts and propagates errors
[31m[1mAssertionError[22m: expected [Function] to throw error including 'Failed to parse concepts' but got 'nope'[39m

Expected: [32m"Failed to parse concepts"[39m
Received: [31m"nope"[39m

[36m [2m❯[22m src/renderer/services/discovery/__tests__/discovery-service.test.ts:[2m31:5[22m[39m
    [90m 29| [39m    [35mconst[39m svc [33m=[39m [34mcreateDiscoveryService[39m(api)[33m;[39m
    [90m 30| [39m
    [90m 31| [39m    await expect(svc.parseConcepts('hello')).rejects.toThrow('Failed t…
    [90m   | [39m    [31m^[39m
    [90m 32| [39m  })[33m;[39m
    [90m 33| [39m

[31m[2m⎯⎯⎯⎯⎯⎯⎯⎯⎯⎯⎯⎯⎯⎯⎯⎯⎯⎯⎯⎯⎯[44/114]⎯[22m[39m

[41m[1m FAIL [22m[49m [30m[46m renderer-thread [49m[39m src/renderer/services/discovery/__tests__/discovery-service.test.ts[2m > [22mdiscovery-service[2m > [22mgenerates learning path using learning API and maps modules
[31m[1mTypeError[22m: svc.generateLearningPath is not a function[39m
[36m [2m❯[22m src/renderer/services/discovery/__tests__/discovery-service.test.ts:[2m49:28[22m[39m
    [90m 47| [39m    [35mconst[39m svc [33m=[39m [34mcreateDiscoveryService[39m(api)[33m;[39m
    [90m 48| [39m
    [90m 49| [39m    const path = await svc.generateLearningPath(['Topic A', 'Topic B']…
    [90m   | [39m                           [31m^[39m
    [90m 50| [39m
    [90m 51| [39m    [34mexpect[39m(path[33m.[39mid)[33m.[39m[34mtoBe[39m([32m'session-123'[39m)[33m;[39m

[31m[2m⎯⎯⎯⎯⎯⎯⎯⎯⎯⎯⎯⎯⎯⎯⎯⎯⎯⎯⎯⎯⎯[45/114]⎯[22m[39m

[41m[1m FAIL [22m[49m [30m[46m renderer-thread [49m[39m src/renderer/services/concept-parsing/__tests__/concept-parsing-service.success.test.ts[2m > [22mconcept-parsing-service happy paths[2m > [22mcompletes file parsing job with markdown files
[31m[1mAssertionError[22m: expected 'failed' to be 'completed' // Object.is equality

Ignored nodes: comments, script, style
[36m<html>[31m
  [36m<head />[31m
  [36m<body />[31m
[36m</html>[31m[39m

Expected: [32m"[7mcomplet[27med"[39m
Received: [31m"[7mfail[27med"[39m

[36m [2m❯[22m src/renderer/services/concept-parsing/__tests__/concept-parsing-service.success.test.ts:[2m82:52[22m[39m
    [90m 80| [39m
    [90m 81| [39m    [35mawait[39m [34mwaitFor[39m(() [33m=>[39m
    [90m 82| [39m      expect(service.getJobStatus(job.id)?.status).toBe<'completed'>('…
    [90m   | [39m                                                   [31m^[39m
    [90m 83| [39m    )[33m;[39m
    [90m 84| [39m
[90m [2m❯[22m runWithExpensiveErrorDiagnosticsDisabled node_modules/@testing-library/dom/dist/config.js:[2m47:12[22m[39m
[90m [2m❯[22m checkCallback node_modules/@testing-library/dom/dist/wait-for.js:[2m124:77[22m[39m
[90m [2m❯[22m Timeout.checkRealTimersCallback node_modules/@testing-library/dom/dist/wait-for.js:[2m118:16[22m[39m

[31m[2m⎯⎯⎯⎯⎯⎯⎯⎯⎯⎯⎯⎯⎯⎯⎯⎯⎯⎯⎯⎯⎯[46/114]⎯[22m[39m

[41m[1m FAIL [22m[49m [30m[46m renderer-thread [49m[39m src/renderer/services/concept-parsing/__tests__/concept-parsing-service.success.test.ts[2m > [22mconcept-parsing-service happy paths[2m > [22mhandles directory parsing by delegating to file parsing
[31m[1mAssertionError[22m: expected 'failed' to be 'completed' // Object.is equality

Ignored nodes: comments, script, style
[36m<html>[31m
  [36m<head />[31m
  [36m<body />[31m
[36m</html>[31m[39m

Expected: [32m"[7mcomplet[27med"[39m
Received: [31m"[7mfail[27med"[39m

[36m [2m❯[22m src/renderer/services/concept-parsing/__tests__/concept-parsing-service.success.test.ts:[2m105:52[22m[39m
    [90m103| [39m
    [90m104| [39m    [35mawait[39m [34mwaitFor[39m(() [33m=>[39m
    [90m105| [39m      expect(service.getJobStatus(job.id)?.status).toBe<'completed'>('…
    [90m   | [39m                                                   [31m^[39m
    [90m106| [39m    )[33m;[39m
    [90m107| [39m
[90m [2m❯[22m runWithExpensiveErrorDiagnosticsDisabled node_modules/@testing-library/dom/dist/config.js:[2m47:12[22m[39m
[90m [2m❯[22m checkCallback node_modules/@testing-library/dom/dist/wait-for.js:[2m124:77[22m[39m
[90m [2m❯[22m Timeout.checkRealTimersCallback node_modules/@testing-library/dom/dist/wait-for.js:[2m118:16[22m[39m

[31m[2m⎯⎯⎯⎯⎯⎯⎯⎯⎯⎯⎯⎯⎯⎯⎯⎯⎯⎯⎯⎯⎯[47/114]⎯[22m[39m

[41m[1m FAIL [22m[49m [30m[46m renderer-thread [49m[39m src/renderer/services/concept-parsing/__tests__/concept-parsing-service.test.ts[2m > [22mconcept-parsing-service[2m > [22mpropagates API errors from parseContent
[31m[1mAssertionError[22m: expected [Function] to throw error matching /nope/ but got '[object Object]'[39m

[32m- Expected:[39m 
/nope/

[31m+ Received:[39m 
"[object Object]"

[36m [2m❯[22m src/renderer/services/concept-parsing/__tests__/concept-parsing-service.test.ts:[2m21:5[22m[39m
    [90m 19| [39m    })[33m;[39m
    [90m 20| [39m    [35mconst[39m svc [33m=[39m [34mcreateConceptParsingService[39m(api [35mas[39m [33mElectronAPI[39m)[33m;[39m
    [90m 21| [39m    await expect(svc.parseContent(validContent)).rejects.toThrow(/nope…
    [90m   | [39m    [31m^[39m
    [90m 22| [39m  })[33m;[39m
    [90m 23| [39m

[31m[2m⎯⎯⎯⎯⎯⎯⎯⎯⎯⎯⎯⎯⎯⎯⎯⎯⎯⎯⎯⎯⎯[48/114]⎯[22m[39m

[41m[1m FAIL [22m[49m [30m[46m renderer-thread [49m[39m src/renderer/services/session/__tests__/session-service.test.ts[2m > [22msession-service[2m > [22msearches sessions and handles missing fields
[31m[1mTypeError[22m: apiClient.sessions.searchSessions is not a function[39m
[36m [2m❯[22m Object.searchSessions src/renderer/services/session/session-service.ts:[2m214:49[22m[39m
    [90m212| [39m    }[33m,[39m
    [90m213| [39m    searchSessions: async (query: string, filters?: Record<string, unk…
    [90m214| [39m      [35mconst[39m response [33m=[39m [35mawait[39m apiClient[33m.[39msessions[33m.[39m[34msearchSessions[39m(query)[33m;[39m
    [90m   | [39m                                                [31m^[39m
    [90m215| [39m      [35mreturn[39m {
    [90m216| [39m        sessions[33m:[39m response[33m,[39m
[90m [2m❯[22m src/renderer/services/session/__tests__/session-service.test.ts:[2m60:27[22m[39m

[31m[2m⎯⎯⎯⎯⎯⎯⎯⎯⎯⎯⎯⎯⎯⎯⎯⎯⎯⎯⎯⎯⎯[49/114]⎯[22m[39m

[41m[1m FAIL [22m[49m [30m[46m renderer-thread [49m[39m src/renderer/services/session/__tests__/session-service.test.ts[2m > [22msession-service[2m > [22mpropagates list/search errors
[31m[1mAssertionError[22m: expected [Function] to throw error matching /Session API request failed/ but got 'bad'[39m

[32m- Expected:[39m 
/Session API request failed/

[31m+ Received:[39m 
"bad"

[36m [2m❯[22m src/renderer/services/session/__tests__/session-service.test.ts:[2m70:5[22m[39m
    [90m 68| [39m    })[33m;[39m
    [90m 69| [39m    [35mconst[39m svc [33m=[39m [34mcreateSessionService[39m(api [35mas[39m [33mElectronAPI[39m)[33m;[39m
    [90m 70| [39m    await expect(svc.listSessions()).rejects.toThrow(/Session API requ…
    [90m   | [39m    [31m^[39m
    [90m 71| [39m    await expect(svc.searchSessions('x')).rejects.toThrow(/Session sea…
    [90m 72| [39m  })[33m;[39m

[31m[2m⎯⎯⎯⎯⎯⎯⎯⎯⎯⎯⎯⎯⎯⎯⎯⎯⎯⎯⎯⎯⎯[50/114]⎯[22m[39m

[41m[1m FAIL [22m[49m [30m[46m renderer-thread [49m[39m src/renderer/services/session/__tests__/session-service.test.ts[2m > [22msession-service[2m > [22mgets recent sessions and global statistics
[31m[1mTypeError[22m: apiClient.sessions.getGlobalStatistics is not a function[39m
[36m [2m❯[22m Object.getGlobalStatistics src/renderer/services/session/session-service.ts:[2m211:39[22m[39m
    [90m209| [39m    deleteSession[33m,[39m
    [90m210| [39m    getGlobalStatistics[33m:[39m [35masync[39m ()[33m:[39m [33mPromise[39m[33m<[39m[33mSessionStatistics[39m[33m>[39m [33m=>[39m {
    [90m211| [39m      [35mreturn[39m [35mawait[39m apiClient[33m.[39msessions[33m.[39m[34mgetGlobalStatistics[39m()[33m;[39m
    [90m   | [39m                                      [31m^[39m
    [90m212| [39m    }[33m,[39m
    [90m213| [39m    searchSessions: async (query: string, filters?: Record<string, unk…
[90m [2m❯[22m src/renderer/services/session/__tests__/session-service.test.ts:[2m94:29[22m[39m

[31m[2m⎯⎯⎯⎯⎯⎯⎯⎯⎯⎯⎯⎯⎯⎯⎯⎯⎯⎯⎯⎯⎯[51/114]⎯[22m[39m

[41m[1m FAIL [22m[49m [30m[46m renderer-thread [49m[39m src/renderer/services/session/__tests__/session-service.test.ts[2m > [22msession-service[2m > [22mhandles create session errors
[31m[1mAssertionError[22m: expected [Function] to throw error matching /Session API request failed/ but got 'Creation failed'[39m

[32m- Expected:[39m 
/Session API request failed/

[31m+ Received:[39m 
"Creation failed"

[36m [2m❯[22m src/renderer/services/session/__tests__/session-service.test.ts:[2m115:5[22m[39m
    [90m113| [39m    })[33m;[39m
    [90m114| [39m    [35mconst[39m svc [33m=[39m [34mcreateSessionService[39m(api [35mas[39m [33mElectronAPI[39m)[33m;[39m
    [90m115| [39m    [35mawait[39m [34mexpect[39m(
    [90m   | [39m    [31m^[39m
    [90m116| [39m      svc[33m.[39m[34mcreateSession[39m({ title[33m:[39m [32m'Test'[39m })[33m,[39m
    [90m117| [39m    )[33m.[39mrejects[33m.[39m[34mtoThrow[39m([36m/Session API request failed/[39m)[33m;[39m

[31m[2m⎯⎯⎯⎯⎯⎯⎯⎯⎯⎯⎯⎯⎯⎯⎯⎯⎯⎯⎯⎯⎯[52/114]⎯[22m[39m

[41m[1m FAIL [22m[49m [30m[46m renderer-thread [49m[39m src/renderer/services/session/__tests__/session-service.test.ts[2m > [22msession-service[2m > [22mhandles update title errors
[31m[1mAssertionError[22m: expected [Function] to throw error matching /Session API request failed/ but got 'Update failed'[39m

[32m- Expected:[39m 
/Session API request failed/

[31m+ Received:[39m 
"Update failed"

[36m [2m❯[22m src/renderer/services/session/__tests__/session-service.test.ts:[2m127:5[22m[39m
    [90m125| [39m    })[33m;[39m
    [90m126| [39m    [35mconst[39m svc [33m=[39m [34mcreateSessionService[39m(api [35mas[39m [33mElectronAPI[39m)[33m;[39m
    [90m127| [39m    [35mawait[39m [34mexpect[39m(
    [90m   | [39m    [31m^[39m
    [90m128| [39m      svc[33m.[39m[34mupdateSessionTitle[39m([32m'test-id'[39m[33m,[39m [32m'New Title'[39m)[33m,[39m
    [90m129| [39m    )[33m.[39mrejects[33m.[39m[34mtoThrow[39m([36m/Session API request failed/[39m)[33m;[39m

[31m[2m⎯⎯⎯⎯⎯⎯⎯⎯⎯⎯⎯⎯⎯⎯⎯⎯⎯⎯⎯⎯⎯[53/114]⎯[22m[39m

[41m[1m FAIL [22m[49m [30m[46m renderer-thread [49m[39m src/renderer/services/session/__tests__/session-service.test.ts[2m > [22msession-service[2m > [22mhandles delete session errors
[31m[1mAssertionError[22m: expected [Function] to throw error matching /Session delete failed/ but got 'Delete failed'[39m

[32m- Expected:[39m 
/Session delete failed/

[31m+ Received:[39m 
"Delete failed"

[36m [2m❯[22m src/renderer/services/session/__tests__/session-service.test.ts:[2m139:5[22m[39m
    [90m137| [39m    })[33m;[39m
    [90m138| [39m    [35mconst[39m svc [33m=[39m [34mcreateSessionService[39m(api [35mas[39m [33mElectronAPI[39m)[33m;[39m
    [90m139| [39m    [35mawait[39m [34mexpect[39m(
    [90m   | [39m    [31m^[39m
    [90m140| [39m      svc[33m.[39m[34mdeleteSession[39m([32m'test-id'[39m)[33m,[39m
    [90m141| [39m    )[33m.[39mrejects[33m.[39m[34mtoThrow[39m([36m/Session delete failed/[39m)[33m;[39m

[31m[2m⎯⎯⎯⎯⎯⎯⎯⎯⎯⎯⎯⎯⎯⎯⎯⎯⎯⎯⎯⎯⎯[54/114]⎯[22m[39m

[41m[1m FAIL [22m[49m [30m[46m renderer-thread [49m[39m src/renderer/widgets/layout/__tests__/bug-reproduction-suite.test.tsx[2m > [22m🚨 BUG REPRODUCTION: Real-World Scenarios[2m > [22mComplete User Journey: First Chat[2m > [22mshould: Start chat → Generate title → Reload → Title persists
[31m[1mAssertionError[22m: expected "vi.fn()" to be called with arguments: [ 'How to learn React?' ][90m

Number of calls: [1m0[22m
[31m[39m
[36m [2m❯[22m src/renderer/widgets/layout/__tests__/bug-reproduction-suite.test.tsx:[2m259:50[22m[39m
    [90m257| [39m
    [90m258| [39m      [90m// STEP 3: Verify title generated and persisted[39m
    [90m259| [39m      expect(mockElectronAPI.chat.generateTitle).toHaveBeenCalledWith(…
    [90m   | [39m                                                 [31m^[39m
    [90m260| [39m      expect(mockElectronAPI.sessions.updateTitle).toHaveBeenCalledWit…
    [90m261| [39m        [32m'thread-123'[39m[33m,[39m

[31m[2m⎯⎯⎯⎯⎯⎯⎯⎯⎯⎯⎯⎯⎯⎯⎯⎯⎯⎯⎯⎯⎯[55/114]⎯[22m[39m

[41m[1m FAIL [22m[49m [30m[46m renderer-thread [49m[39m src/renderer/widgets/layout/__tests__/bug-reproduction-suite.test.tsx[2m > [22m🚨 BUG REPRODUCTION: Real-World Scenarios[2m > [22mError Recovery Scenarios[2m > [22mshould: New chat fails → Show error → Retry → Success
[31m[1mAssertionError[22m: expected "vi.fn()" to be called 2 times, but got 0 times[39m
[36m [2m❯[22m src/renderer/widgets/layout/__tests__/bug-reproduction-suite.test.tsx:[2m373:47[22m[39m
    [90m371| [39m
    [90m372| [39m      [90m// ASSERT - Should succeed on retry[39m
    [90m373| [39m      [34mexpect[39m(mockElectronAPI[33m.[39msessions[33m.[39mcreate)[33m.[39m[34mtoHaveBeenCalledTimes[39m([34m2[39m)[33m;[39m
    [90m   | [39m                                              [31m^[39m
    [90m374| [39m    })[33m;[39m
    [90m375| [39m

[31m[2m⎯⎯⎯⎯⎯⎯⎯⎯⎯⎯⎯⎯⎯⎯⎯⎯⎯⎯⎯⎯⎯[56/114]⎯[22m[39m

[41m[1m FAIL [22m[49m [30m[46m renderer-thread [49m[39m src/renderer/widgets/layout/__tests__/bug-reproduction-suite.test.tsx[2m > [22m🚨 BUG REPRODUCTION: Real-World Scenarios[2m > [22mError Recovery Scenarios[2m > [22mshould: History load fails → Show error → User can still start new chat
[31m[1mAssertionError[22m: expected "vi.fn()" to be called at least once[39m
[36m [2m❯[22m src/renderer/widgets/layout/__tests__/bug-reproduction-suite.test.tsx:[2m398:34[22m[39m
    [90m396| [39m
    [90m397| [39m      [90m// ASSERT - New chat should work[39m
    [90m398| [39m      [34mexpect[39m(mockResetChatState)[33m.[39m[34mtoHaveBeenCalled[39m()[33m;[39m
    [90m   | [39m                                 [31m^[39m
    [90m399| [39m      [34mexpect[39m(mockNavigate)[33m.[39m[34mtoHaveBeenCalledWith[39m([32m'/'[39m)[33m;[39m
    [90m400| [39m    })[33m;[39m

[31m[2m⎯⎯⎯⎯⎯⎯⎯⎯⎯⎯⎯⎯⎯⎯⎯⎯⎯⎯⎯⎯⎯[57/114]⎯[22m[39m

[41m[1m FAIL [22m[49m [30m[46m renderer-thread [49m[39m src/renderer/widgets/layout/__tests__/bug-reproduction-suite.test.tsx[2m > [22m🚨 BUG REPRODUCTION: Real-World Scenarios[2m > [22mError Recovery Scenarios[2m > [22mshould: Title generation fails → Fallback to message preview
[31m[1mAssertionError[22m: expected "vi.fn()" to be called with arguments: [ 'thread-123', 'New Chat' ][90m

Number of calls: [1m0[22m
[31m[39m
[36m [2m❯[22m src/renderer/widgets/layout/__tests__/bug-reproduction-suite.test.tsx:[2m421:52[22m[39m
    [90m419| [39m
    [90m420| [39m      [90m// ASSERT - Should use "New Chat" when AI throws error[39m
    [90m421| [39m      expect(mockElectronAPI.sessions.updateTitle).toHaveBeenCalledWit…
    [90m   | [39m                                                   [31m^[39m
    [90m422| [39m        [32m'thread-123'[39m[33m,[39m
    [90m423| [39m        [32m'New Chat'[39m

[31m[2m⎯⎯⎯⎯⎯⎯⎯⎯⎯⎯⎯⎯⎯⎯⎯⎯⎯⎯⎯⎯⎯[58/114]⎯[22m[39m

[41m[1m FAIL [22m[49m [30m[46m renderer-thread [49m[39m src/renderer/widgets/layout/__tests__/bug-reproduction-suite.test.tsx[2m > [22m🚨 BUG REPRODUCTION: Real-World Scenarios[2m > [22mMemory and Performance[2m > [22mshould handle 50+ sessions without memory leaks
[31m[1mTypeError[22m: Cannot read properties of undefined (reading 'threads')[39m
[36m [2m❯[22m src/renderer/widgets/layout/__tests__/bug-reproduction-suite.test.tsx:[2m468:22[22m[39m
    [90m466| [39m
    [90m467| [39m      [90m// ASSERT - Memory should not grow unbounded (mock check)[39m
    [90m468| [39m      [34mexpect[39m(threads[33m.[39mthreads)[33m.[39m[34mtoHaveLength[39m([34m50[39m)[33m;[39m
    [90m   | [39m                     [31m^[39m
    [90m469| [39m      expect(mockElectronAPI.chat.getCheckpoint).toHaveBeenCalledTimes…
    [90m470| [39m    })[33m;[39m

[31m[2m⎯⎯⎯⎯⎯⎯⎯⎯⎯⎯⎯⎯⎯⎯⎯⎯⎯⎯⎯⎯⎯[59/114]⎯[22m[39m

[41m[1m FAIL [22m[49m [30m[46m renderer-thread [49m[39m src/renderer/widgets/layout/__tests__/bug-reproduction-suite.test.tsx[2m > [22m🚨 BUG REPRODUCTION: Real-World Scenarios[2m > [22mData Consistency[2m > [22mshould sync title between session list and individual session
[31m[1mTypeError[22m: Cannot read properties of undefined (reading 'threads')[39m
[36m [2m❯[22m src/renderer/widgets/layout/__tests__/bug-reproduction-suite.test.tsx:[2m574:22[22m[39m
    [90m572| [39m
    [90m573| [39m      [90m// ASSERT - Titles should match[39m
    [90m574| [39m      [34mexpect[39m(threads[33m.[39mthreads[[34m0[39m][33m.[39mtitle)[33m.[39m[34mtoBe[39m(sessionTitle)[33m;[39m
    [90m   | [39m                     [31m^[39m
    [90m575| [39m      [34mexpect[39m(sessionData[33m.[39mtitle)[33m.[39m[34mtoBe[39m(sessionTitle)[33m;[39m
    [90m576| [39m    })[33m;[39m

[31m[2m⎯⎯⎯⎯⎯⎯⎯⎯⎯⎯⎯⎯⎯⎯⎯⎯⎯⎯⎯⎯⎯[60/114]⎯[22m[39m

[41m[1m FAIL [22m[49m [30m[46m renderer-thread [49m[39m src/renderer/widgets/layout/__tests__/bug-reproduction-suite.test.tsx[2m > [22m🚨 BUG REPRODUCTION: Real-World Scenarios[2m > [22mEdge Cases[2m > [22mshould handle concurrent title updates
[31m[1mAssertionError[22m: expected "vi.fn()" to be called 3 times, but got 0 times[39m
[36m [2m❯[22m src/renderer/widgets/layout/__tests__/bug-reproduction-suite.test.tsx:[2m642:52[22m[39m
    [90m640| [39m
    [90m641| [39m      [90m// ASSERT - All updates should be attempted[39m
    [90m642| [39m      expect(mockElectronAPI.sessions.updateTitle).toHaveBeenCalledTim…
    [90m   | [39m                                                   [31m^[39m
    [90m643| [39m    })[33m;[39m
    [90m644| [39m

[31m[2m⎯⎯⎯⎯⎯⎯⎯⎯⎯⎯⎯⎯⎯⎯⎯⎯⎯⎯⎯⎯⎯[61/114]⎯[22m[39m

[41m[1m FAIL [22m[49m [30m[46m renderer-thread [49m[39m src/renderer/widgets/layout/__tests__/bug-reproduction-suite.test.tsx[2m > [22m🚨 BUG REPRODUCTION: Real-World Scenarios[2m > [22mEdge Cases[2m > [22mshould handle session deletion while active
[31m[1mAssertionError[22m: expected "vi.fn()" to be called with arguments: [ 'session-123' ][90m

Number of calls: [1m0[22m
[31m[39m
[36m [2m❯[22m src/renderer/widgets/layout/__tests__/bug-reproduction-suite.test.tsx:[2m655:47[22m[39m
    [90m653| [39m
    [90m654| [39m      [90m// ASSERT - Should delete successfully[39m
    [90m655| [39m      expect(mockElectronAPI.sessions.delete).toHaveBeenCalledWith('se…
    [90m   | [39m                                              [31m^[39m
    [90m656| [39m    })[33m;[39m
    [90m657| [39m

[31m[2m⎯⎯⎯⎯⎯⎯⎯⎯⎯⎯⎯⎯⎯⎯⎯⎯⎯⎯⎯⎯⎯[62/114]⎯[22m[39m

[41m[1m FAIL [22m[49m [30m[46m renderer-thread [49m[39m src/renderer/widgets/layout/__tests__/bug-reproduction-suite.test.tsx[2m > [22m🚨 BUG REPRODUCTION: Real-World Scenarios[2m > [22mEdge Cases[2m > [22mshould handle archive/unarchive cycle
[31m[1mAssertionError[22m: expected "vi.fn()" to be called 2 times, but got 0 times[39m
[36m [2m❯[22m src/renderer/widgets/layout/__tests__/bug-reproduction-suite.test.tsx:[2m667:47[22m[39m
    [90m665| [39m
    [90m666| [39m      [90m// ASSERT - Both operations should succeed[39m
    [90m667| [39m      [34mexpect[39m(mockElectronAPI[33m.[39msessions[33m.[39mupdate)[33m.[39m[34mtoHaveBeenCalledTimes[39m([34m2[39m)[33m;[39m
    [90m   | [39m                                              [31m^[39m
    [90m668| [39m      [34mexpect[39m(mockElectronAPI[33m.[39msessions[33m.[39mupdate)[33m.[39m[34mtoHaveBeenNthCalledWith[39m(
    [90m669| [39m        [34m1[39m[33m,[39m

[31m[2m⎯⎯⎯⎯⎯⎯⎯⎯⎯⎯⎯⎯⎯⎯⎯⎯⎯⎯⎯⎯⎯[63/114]⎯[22m[39m

[41m[1m FAIL [22m[49m [30m[46m renderer-thread [49m[39m src/renderer/widgets/layout/__tests__/Header.test.tsx[2m > [22mHeader[2m > [22mtoggles sidebar via menu button
[31m[1mAssertionError[22m: expected "vi.fn()" to be called with arguments: [ false ][90m

Number of calls: [1m0[22m
[31m[39m
[36m [2m❯[22m src/renderer/widgets/layout/__tests__/Header.test.tsx:[2m52:42[22m[39m
    [90m 50| [39m    [35mconst[39m btn [33m=[39m screen[33m.[39m[34mgetByTitle[39m([32m'Toggle sidebar'[39m)[33m;[39m
    [90m 51| [39m    fireEvent[33m.[39m[34mclick[39m(btn)[33m;[39m
    [90m 52| [39m    [34mexpect[39m(appStoreState[33m.[39msetSidebarOpen)[33m.[39m[34mtoHaveBeenCalledWith[39m([35mfalse[39m)[33m;[39m
    [90m   | [39m                                         [31m^[39m
    [90m 53| [39m  })[33m;[39m
    [90m 54| [39m

[31m[2m⎯⎯⎯⎯⎯⎯⎯⎯⎯⎯⎯⎯⎯⎯⎯⎯⎯⎯⎯⎯⎯[64/114]⎯[22m[39m

[41m[1m FAIL [22m[49m [30m[46m renderer-thread [49m[39m src/renderer/widgets/layout/__tests__/Header.test.tsx[2m > [22mHeader[2m > [22mcycles theme when theme button clicked
[31m[1mAssertionError[22m: expected "vi.fn()" to be called with arguments: [ 'dark' ][90m

Number of calls: [1m0[22m
[31m[39m
[36m [2m❯[22m src/renderer/widgets/layout/__tests__/Header.test.tsx:[2m73:36[22m[39m
    [90m 71| [39m    })[33m;[39m
    [90m 72| [39m    fireEvent[33m.[39m[34mclick[39m(screen[33m.[39m[34mgetByTitle[39m([36m/Theme:/i[39m))[33m;[39m
    [90m 73| [39m    [34mexpect[39m(appStoreState[33m.[39msetTheme)[33m.[39m[34mtoHaveBeenCalledWith[39m([32m'dark'[39m)[33m;[39m
    [90m   | [39m                                   [31m^[39m
    [90m 74| [39m  })[33m;[39m
    [90m 75| [39m

[31m[2m⎯⎯⎯⎯⎯⎯⎯⎯⎯⎯⎯⎯⎯⎯⎯⎯⎯⎯⎯⎯⎯[65/114]⎯[22m[39m

[41m[1m FAIL [22m[49m [30m[46m renderer-thread [49m[39m src/renderer/widgets/layout/__tests__/Header.test.tsx[2m > [22mHeader[2m > [22mtoggles focus mode on F11
[31m[1mAssertionError[22m: expected "vi.fn()" to be called at least once[39m
[36m [2m❯[22m src/renderer/widgets/layout/__tests__/Header.test.tsx:[2m94:43[22m[39m
    [90m 92| [39m    })[33m;[39m
    [90m 93| [39m    fireEvent[33m.[39m[34mkeyDown[39m(document[33m,[39m { key[33m:[39m [32m'F11'[39m })[33m;[39m
    [90m 94| [39m    [34mexpect[39m(appStoreState[33m.[39mtoggleFocusMode)[33m.[39m[34mtoHaveBeenCalled[39m()[33m;[39m
    [90m   | [39m                                          [31m^[39m
    [90m 95| [39m  })[33m;[39m
    [90m 96| [39m

[31m[2m⎯⎯⎯⎯⎯⎯⎯⎯⎯⎯⎯⎯⎯⎯⎯⎯⎯⎯⎯⎯⎯[66/114]⎯[22m[39m

[41m[1m FAIL [22m[49m [30m[46m renderer-thread [49m[39m src/renderer/widgets/layout/__tests__/Header.test.tsx[2m > [22mHeader[2m > [22menters edit mode and saves session title
[31m[1mTestingLibraryElementError[22m[39m: Unable to find an element with the text: Session 1. This could be because the text is broken up by multiple elements. In this case, you can provide a function for your text matcher to make your matcher more flexible.

Ignored nodes: comments, script, style
[36m<body>[39m
  [36m<div>[39m
    [36m<header[39m
      [33mclass[39m=[32m"relative bg-gradient-to-r from-white to-gray-50 dark:from-gray-800 dark:to-gray-900 border-b border-gray-200/60 dark:border-gray-700/60 px-4 py-3 backdrop-blur-sm shadow-sm animate-fade-in"[39m
    [36m>[39m
      [36m<div[39m
        [33mclass[39m=[32m"flex items-center justify-between"[39m
      [36m>[39m
        [36m<div[39m
          [33mclass[39m=[32m"flex items-center space-x-4"[39m
        [36m>[39m
          [36m<button[39m
            [33mclass[39m=[32m"group relative p-2.5 rounded-xl bg-gradient-to-br from-gray-50 to-gray-100 dark:from-gray-700 dark:to-gray-800 hover:from-primary-50 hover:to-primary-100 dark:hover:from-primary-900/20 dark:hover:to-primary-800/20 transition-all duration-300 transform hover:scale-105 hover:shadow-md"[39m
            [33mtitle[39m=[32m"Toggle sidebar"[39m
          [36m>[39m
            [36m<div[39m
              [33mclass[39m=[32m"absolute inset-0 bg-gradient-to-br from-primary-500 to-accent-purple-500 rounded-xl opacity-0 group-hover:opacity-10 transition-opacity duration-300"[39m
            [36m/>[39m
            [36m<svg[39m
              [33maria-hidden[39m=[32m"true"[39m
              [33mclass[39m=[32m"w-5 h-5 text-gray-600 dark:text-gray-400 group-hover:text-primary-600 dark:group-hover:text-primary-400 relative z-10 transition-colors duration-200"[39m
              [33mdata-slot[39m=[32m"icon"[39m
              [33mfill[39m=[32m"none"[39m
              [33mstroke[39m=[32m"currentColor"[39m
              [33mstroke-width[39m=[32m"1.5"[39m
              [33mviewBox[39m=[32m"0 0 24 24"[39m
              [33mxmlns[39m=[32m"http://www.w3.org/2000/svg"[39m
            [36m>[39m
              [36m<path[39m
                [33md[39m=[32m"M3.75 6.75h16.5M3.75 12h16.5m-16.5 5.25h16.5"[39m
                [33mstroke-linecap[39m=[32m"round"[39m
                [33mstroke-linejoin[39m=[32m"round"[39m
              [36m/>[39m
            [36m</svg>[39m
          [36m</button>[39m
          [36m<div[39m
            [33mclass[39m=[32m"min-w-0"[39m
          [36m>[39m
            [36m<div[39m
              [33mclass[39m=[32m"flex items-center space-x-2"[39m
            [36m>[39m
              [36m<div[39m
                [33mclass[39m=[32m"w-2 h-2 bg-gradient-to-br from-primary-500 to-accent-emerald-500 rounded-full animate-pulse-soft shadow-lg shadow-primary-500/30"[39m
              [36m/>[39m
              [36m<h1[39m
                [33mclass[39m=[32m"text-lg font-bold bg-gradient-to-r from-gray-900 to-gray-700 dark:from-gray-100 dark:to-gray-300 bg-clip-text text-transparent truncate animate-fade-in"[39m
              [36m>[39m
                [0mLearning Catalyst[0m
              [36m</h1>[39m
            [36m</div>[39m
          [36m</div>[39m
        [36m</div>[39m
        [36m<div[39m
          [33mclass[39m=[32m"flex items-center space-x-2"[39m
        [36m>[39m
          [36m<button[39m
            [33mclass[39m=[32m"group relative p-2.5 rounded-xl transition-all duration-300 transform hover:scale-105 bg-gradient-to-br from-gray-50 to-gray-100 dark:from-gray-700 dark:to-gray-800 hover:from-primary-50 hover:to-primary-100 dark:hover:from-primary-900/20 dark:hover:to-primary-800/20 text-gray-600 dark:text-gray-400 hover:text-primary-600 dark:hover:text-primary-400 hover:shadow-md"[39m
            [33mtitle[39m=[32m"Enter focus mode (F11)"[39m
          [36m>[39m
            [36m<div[39m
              [33mclass[39m=[32m"absolute inset-0 bg-gradient-to-br from-primary-500 to-accent-purple-500 rounded-xl opacity-0 group-hover:opacity-10 transition-opacity duration-300"[39m
            [36m/>[39m
            [36m<svg[39m
              [33maria-hidden[39m=[32m"true"[39m
              [33mclass[39m=[32m"w-5 h-5 relative z-10 transition-all duration-200 "[39m
              [33mdata-slot[39m=[32m"icon"[39m
              [33mfill[39m=[32m"none"[39m
              [33mstroke[39m=[32m"currentColor"[39m
              [33mstroke-width[39m=[32m"1.5"[39m
              [33mviewBox[39m=[32m"0 0 24 24"[39m
              [33mxmlns[39m=[32m"http://www.w3.org/2000/svg"[39m
            [36m>[39m
              [36m<path[39m
                [33md[39m=[32m"M2.036 12.322a1.012 1.012 0 0 1 0-.639C3.423 7.51 7.36 4.5 12 4.5c4.638 0 8.573 3.007 9.963 7.178.07.207.07.431 0 .639C20.577 16.49 16.64 19.5 12 19.5c-4.638 0-8.573-3.007-9.963-7.178Z"[39m
                [33mstroke-linecap[39m=[32m"round"[39m
                [33mstroke-linejoin[39m=[32m"round"[39m
              [36m/>[39m
              [36m<path[39m
                [33md[39m=[32m"M15 12a3 3 0 1 1-6 0 3 3 0 0 1 6 0Z"[39m
                [33mstroke-linecap[39m=[32m"round"[39m
                [33mstroke-linejoin[39m=[32m"round"[39m
              [36m/>[39m
            [36m</svg>[39m
          [36m</button>[39m
          [36m<button[39m
            [33mclass[39m=[32m"group relative p-2.5 rounded-xl bg-gradient-to-br from-gray-50 to-gray-100 dark:from-gray-700 dark:to-gray-800 hover:from-amber-50 hover:to-amber-100 dark:hover:from-amber-900/20 dark:hover:to-amber-800/20 transition-all duration-300 transform hover:scale-105 hover:shadow-md"[39m
            [33mtitle[39m=[32m"Theme: Dark"[39m
          [36m>[39m
            [36m<div[39m
              [33mclass[39m=[32m"absolute inset-0 bg-gradient-to-br from-amber-500 to-orange-500 rounded-xl opacity-0 group-hover:opacity-10 transition-opacity duration-300"[39m
            [36m/>[39m
            [36m<div[39m
              [33mclass[39m=[32m"relative z-10 transition-all duration-200 group-hover:rotate-12 group-hover:scale-110"[39m
            [36m>[39m
              [36m<svg[39m
                [33maria-hidden[39m=[32m"true"[39m
                [33mclass[39m=[32m"w-5 h-5"[39m
                [33mdata-slot[39m=[32m"icon"[39m
                [33mfill[39m=[32m"none"[39m
                [33mstroke[39m=[32m"currentColor"[39m
                [33mstroke-width[39m=[32m"1.5"[39m
                [33mviewBox[39m=[32m"0 0 24 24"[39m
                [33mxmlns[39m=[32m"http://www.w3.org/2000/svg"[39m
              [36m>[39m
                [36m<path[39m
                  [33md[39m=[32m"M21.752 15.002A9.72 9.72 0 0 1 18 15.75c-5.385 0-9.75-4.365-9.75-9.75 0-1.33.266-2.597.748-3.752A9.753 9.753 0 0 0 3 11.25C3 16.635 7.365 21 12.75 21a9.753 9.753 0 0 0 9.002-5.998Z"[39m
                  [33mstroke-linecap[39m=[32m"round"[39m
                  [33mstroke-linejoin[39m=[32m"round"[39m
                [36m/>[39m
              [36m</svg>[39m
            [36m</div>[39m
          [36m</button>[39m
          [36m<button[39m
            [33mclass[39m=[32m"group relative p-2...
[90m [2m❯[22m Object.getElementError node_modules/@testing-library/dom/dist/config.js:[2m37:19[22m[39m
[90m [2m❯[22m node_modules/@testing-library/dom/dist/query-helpers.js:[2m76:38[22m[39m
[90m [2m❯[22m node_modules/@testing-library/dom/dist/query-helpers.js:[2m52:17[22m[39m
[90m [2m❯[22m node_modules/@testing-library/dom/dist/query-helpers.js:[2m95:19[22m[39m
[36m [2m❯[22m src/renderer/widgets/layout/__tests__/Header.test.tsx:[2m114:28[22m[39m
    [90m112| [39m      }[33m,[39m
    [90m113| [39m    })[33m;[39m
    [90m114| [39m    fireEvent[33m.[39m[34mclick[39m(screen[33m.[39m[34mgetByText[39m([32m'Session 1'[39m))[33m;[39m
    [90m   | [39m                           [31m^[39m
    [90m115| [39m
    [90m116| [39m    [35mconst[39m input [33m=[39m screen[33m.[39m[34mgetByPlaceholderText[39m([32m'Session title'[39m)[33m;[39m

[31m[2m⎯⎯⎯⎯⎯⎯⎯⎯⎯⎯⎯⎯⎯⎯⎯⎯⎯⎯⎯⎯⎯[67/114]⎯[22m[39m

[41m[1m FAIL [22m[49m [30m[46m renderer-thread [49m[39m src/renderer/widgets/layout/__tests__/Header.test.tsx[2m > [22mHeader[2m > [22mopens settings panel
[31m[1mAssertionError[22m: expected "vi.fn()" to be called with arguments: [ true ][90m

Number of calls: [1m0[22m
[31m[39m
[36m [2m❯[22m src/renderer/widgets/layout/__tests__/Header.test.tsx:[2m141:48[22m[39m
    [90m139| [39m    })[33m;[39m
    [90m140| [39m    fireEvent[33m.[39m[34mclick[39m(screen[33m.[39m[34mgetByTitle[39m([32m'Settings'[39m))[33m;[39m
    [90m141| [39m    expect(appStoreState.setSettingsPanelOpen).toHaveBeenCalledWith(tr…
    [90m   | [39m                                               [31m^[39m
    [90m142| [39m  })[33m;[39m
    [90m143| [39m})[33m;[39m

[31m[2m⎯⎯⎯⎯⎯⎯⎯⎯⎯⎯⎯⎯⎯⎯⎯⎯⎯⎯⎯⎯⎯[68/114]⎯[22m[39m

[41m[1m FAIL [22m[49m [30m[46m renderer-thread [49m[39m src/renderer/widgets/layout/__tests__/Layout.test.tsx[2m > [22mLayout[2m > [22mrenders header and sidebar when not in focus mode
[31m[1mTestingLibraryElementError[22m[39m: Unable to find an element by: [data-testid="header"]

Ignored nodes: comments, script, style
[36m<body>[39m
  [36m<div>[39m
    [36m<div[39m
      [33mclass[39m=[32m"h-screen flex flex-col bg-gray-50 dark:bg-gray-900 "[39m
    [36m>[39m
      [36m<header[39m
        [33mclass[39m=[32m"relative bg-gradient-to-r from-white to-gray-50 dark:from-gray-800 dark:to-gray-900 border-b border-gray-200/60 dark:border-gray-700/60 px-4 py-3 backdrop-blur-sm shadow-sm animate-fade-in"[39m
      [36m>[39m
        [36m<div[39m
          [33mclass[39m=[32m"flex items-center justify-between"[39m
        [36m>[39m
          [36m<div[39m
            [33mclass[39m=[32m"flex items-center space-x-4"[39m
          [36m>[39m
            [36m<button[39m
              [33mclass[39m=[32m"group relative p-2.5 rounded-xl bg-gradient-to-br from-gray-50 to-gray-100 dark:from-gray-700 dark:to-gray-800 hover:from-primary-50 hover:to-primary-100 dark:hover:from-primary-900/20 dark:hover:to-primary-800/20 transition-all duration-300 transform hover:scale-105 hover:shadow-md"[39m
              [33mtitle[39m=[32m"Toggle sidebar"[39m
            [36m>[39m
              [36m<div[39m
                [33mclass[39m=[32m"absolute inset-0 bg-gradient-to-br from-primary-500 to-accent-purple-500 rounded-xl opacity-0 group-hover:opacity-10 transition-opacity duration-300"[39m
              [36m/>[39m
              [36m<svg[39m
                [33maria-hidden[39m=[32m"true"[39m
                [33mclass[39m=[32m"w-5 h-5 text-gray-600 dark:text-gray-400 group-hover:text-primary-600 dark:group-hover:text-primary-400 relative z-10 transition-colors duration-200"[39m
                [33mdata-slot[39m=[32m"icon"[39m
                [33mfill[39m=[32m"none"[39m
                [33mstroke[39m=[32m"currentColor"[39m
                [33mstroke-width[39m=[32m"1.5"[39m
                [33mviewBox[39m=[32m"0 0 24 24"[39m
                [33mxmlns[39m=[32m"http://www.w3.org/2000/svg"[39m
              [36m>[39m
                [36m<path[39m
                  [33md[39m=[32m"M3.75 6.75h16.5M3.75 12h16.5m-16.5 5.25h16.5"[39m
                  [33mstroke-linecap[39m=[32m"round"[39m
                  [33mstroke-linejoin[39m=[32m"round"[39m
                [36m/>[39m
              [36m</svg>[39m
            [36m</button>[39m
            [36m<div[39m
              [33mclass[39m=[32m"min-w-0"[39m
            [36m>[39m
              [36m<div[39m
                [33mclass[39m=[32m"flex items-center space-x-2"[39m
              [36m>[39m
                [36m<div[39m
                  [33mclass[39m=[32m"w-2 h-2 bg-gradient-to-br from-primary-500 to-accent-emerald-500 rounded-full animate-pulse-soft shadow-lg shadow-primary-500/30"[39m
                [36m/>[39m
                [36m<h1[39m
                  [33mclass[39m=[32m"text-lg font-bold bg-gradient-to-r from-gray-900 to-gray-700 dark:from-gray-100 dark:to-gray-300 bg-clip-text text-transparent truncate animate-fade-in"[39m
                [36m>[39m
                  [0mLearning Catalyst[0m
                [36m</h1>[39m
              [36m</div>[39m
            [36m</div>[39m
          [36m</div>[39m
          [36m<div[39m
            [33mclass[39m=[32m"flex items-center space-x-2"[39m
          [36m>[39m
            [36m<button[39m
              [33mclass[39m=[32m"group relative p-2.5 rounded-xl transition-all duration-300 transform hover:scale-105 bg-gradient-to-br from-gray-50 to-gray-100 dark:from-gray-700 dark:to-gray-800 hover:from-primary-50 hover:to-primary-100 dark:hover:from-primary-900/20 dark:hover:to-primary-800/20 text-gray-600 dark:text-gray-400 hover:text-primary-600 dark:hover:text-primary-400 hover:shadow-md"[39m
              [33mtitle[39m=[32m"Enter focus mode (F11)"[39m
            [36m>[39m
              [36m<div[39m
                [33mclass[39m=[32m"absolute inset-0 bg-gradient-to-br from-primary-500 to-accent-purple-500 rounded-xl opacity-0 group-hover:opacity-10 transition-opacity duration-300"[39m
              [36m/>[39m
              [36m<svg[39m
                [33maria-hidden[39m=[32m"true"[39m
                [33mclass[39m=[32m"w-5 h-5 relative z-10 transition-all duration-200 "[39m
                [33mdata-slot[39m=[32m"icon"[39m
                [33mfill[39m=[32m"none"[39m
                [33mstroke[39m=[32m"currentColor"[39m
                [33mstroke-width[39m=[32m"1.5"[39m
                [33mviewBox[39m=[32m"0 0 24 24"[39m
                [33mxmlns[39m=[32m"http://www.w3.org/2000/svg"[39m
              [36m>[39m
                [36m<path[39m
                  [33md[39m=[32m"M2.036 12.322a1.012 1.012 0 0 1 0-.639C3.423 7.51 7.36 4.5 12 4.5c4.638 0 8.573 3.007 9.963 7.178.07.207.07.431 0 .639C20.577 16.49 16.64 19.5 12 19.5c-4.638 0-8.573-3.007-9.963-7.178Z"[39m
                  [33mstroke-linecap[39m=[32m"round"[39m
                  [33mstroke-linejoin[39m=[32m"round"[39m
                [36m/>[39m
                [36m<path[39m
                  [33md[39m=[32m"M15 12a3 3 0 1 1-6 0 3 3 0 0 1 6 0Z"[39m
                  [33mstroke-linecap[39m=[32m"round"[39m
                  [33mstroke-linejoin[39m=[32m"round"[39m
                [36m/>[39m
              [36m</svg>[39m
            [36m</button>[39m
            [36m<button[39m
              [33mclass[39m=[32m"group relative p-2.5 rounded-xl bg-gradient-to-br from-gray-50 to-gray-100 dark:from-gray-700 dark:to-gray-800 hover:from-amber-50 hover:to-amber-100 dark:hover:from-amber-900/20 dark:hover:to-amber-800/20 transition-all duration-300 transform hover:scale-105 hover:shadow-md"[39m
              [33mtitle[39m=[32m"Theme: Dark"[39m
            [36m>[39m
              [36m<div[39m
                [33mclass[39m=[32m"absolute inset-0 bg-gradient-to-br from-amber-500 to-orange-500 rounded-xl opacity-0 group-hover:opacity-10 transition-opacity duration-300"[39m
              [36m/>[39m
              [36m<div[39m
                [33mclass[39m=[32m"relative z-10 transition-all duration-200 group-hover:rotate-12 group-hover:scale-110"[39m
              [36m>[39m
                [36m<svg[39m
                  [33maria-hidden[39m=[32m"true"[39m
                  [33mclass[39m=[32m"w-5 h-5"[39m
                  [33mdata-slot[39m=[32m"icon"[39m
                  [33mfill[39m=[32m"none"[39m
                  [33mstroke[39m=[32m"currentColor"[39m
                  [33mstroke-width[39m=[32m"1.5"[39m
                  [33mviewBox[39m=[32m"0 0 24 24"[39m
                  [33mxmlns[39m=[32m"http://www.w3.org/2000/svg"[39m
                [36m>[39m
                  [36m<path[39m
                    [33md[39m=[32m"M21.752 15.002A9.72 9.72 0 0 1 18 15.75c-5.385 0-9.75-4.365-9.75-9.75 0-1.33.266-2.597.748-3.752A9.753 9.753 0 0 0 3 11.25C3 16.635 7.365 21 12.75 21a9.753 9.753 0 0 0 9.002-5.998Z...
[90m [2m❯[22m Object.getElementError node_modules/@testing-library/dom/dist/config.js:[2m37:19[22m[39m
[90m [2m❯[22m node_modules/@testing-library/dom/dist/query-helpers.js:[2m76:38[22m[39m
[90m [2m❯[22m node_modules/@testing-library/dom/dist/query-helpers.js:[2m52:17[22m[39m
[90m [2m❯[22m node_modules/@testing-library/dom/dist/query-helpers.js:[2m95:19[22m[39m
[36m [2m❯[22m src/renderer/widgets/layout/__tests__/Layout.test.tsx:[2m24:19[22m[39m
    [90m 22| [39m    [34mrenderWithServices[39m([33m<[39m[33mLayout[39m [33m/[39m[33m>[39m)[33m;[39m
    [90m 23| [39m
    [90m 24| [39m    [34mexpect[39m(screen[33m.[39m[34mgetByTestId[39m([32m'header'[39m))[33m.[39m[34mtoBeInTheDocument[39m()[33m;[39m
    [90m   | [39m                  [31m^[39m
    [90m 25| [39m    [34mexpect[39m(screen[33m.[39m[34mgetByTestId[39m([32m'sidebar'[39m))[33m.[39m[34mtoHaveTextContent[39m([32m'open'[39m)[33m;[39m
    [90m 26| [39m  })[33m;[39m

[31m[2m⎯⎯⎯⎯⎯⎯⎯⎯⎯⎯⎯⎯⎯⎯⎯⎯⎯⎯⎯⎯⎯[69/114]⎯[22m[39m

[41m[1m FAIL [22m[49m [30m[46m renderer-thread [49m[39m src/renderer/widgets/layout/__tests__/Layout.test.tsx[2m > [22mLayout[2m > [22mshows status bar when token usage toggle exists
[31m[1mTestingLibraryElementError[22m[39m: Unable to find an element with the text: /Provider:/i. This could be because the text is broken up by multiple elements. In this case, you can provide a function for your text matcher to make your matcher more flexible.

Ignored nodes: comments, script, style
[36m<body>[39m
  [36m<div>[39m
    [36m<div[39m
      [33mclass[39m=[32m"h-screen flex flex-col bg-gray-50 dark:bg-gray-900 "[39m
    [36m>[39m
      [36m<header[39m
        [33mclass[39m=[32m"relative bg-gradient-to-r from-white to-gray-50 dark:from-gray-800 dark:to-gray-900 border-b border-gray-200/60 dark:border-gray-700/60 px-4 py-3 backdrop-blur-sm shadow-sm animate-fade-in"[39m
      [36m>[39m
        [36m<div[39m
          [33mclass[39m=[32m"flex items-center justify-between"[39m
        [36m>[39m
          [36m<div[39m
            [33mclass[39m=[32m"flex items-center space-x-4"[39m
          [36m>[39m
            [36m<button[39m
              [33mclass[39m=[32m"group relative p-2.5 rounded-xl bg-gradient-to-br from-gray-50 to-gray-100 dark:from-gray-700 dark:to-gray-800 hover:from-primary-50 hover:to-primary-100 dark:hover:from-primary-900/20 dark:hover:to-primary-800/20 transition-all duration-300 transform hover:scale-105 hover:shadow-md"[39m
              [33mtitle[39m=[32m"Toggle sidebar"[39m
            [36m>[39m
              [36m<div[39m
                [33mclass[39m=[32m"absolute inset-0 bg-gradient-to-br from-primary-500 to-accent-purple-500 rounded-xl opacity-0 group-hover:opacity-10 transition-opacity duration-300"[39m
              [36m/>[39m
              [36m<svg[39m
                [33maria-hidden[39m=[32m"true"[39m
                [33mclass[39m=[32m"w-5 h-5 text-gray-600 dark:text-gray-400 group-hover:text-primary-600 dark:group-hover:text-primary-400 relative z-10 transition-colors duration-200"[39m
                [33mdata-slot[39m=[32m"icon"[39m
                [33mfill[39m=[32m"none"[39m
                [33mstroke[39m=[32m"currentColor"[39m
                [33mstroke-width[39m=[32m"1.5"[39m
                [33mviewBox[39m=[32m"0 0 24 24"[39m
                [33mxmlns[39m=[32m"http://www.w3.org/2000/svg"[39m
              [36m>[39m
                [36m<path[39m
                  [33md[39m=[32m"M3.75 6.75h16.5M3.75 12h16.5m-16.5 5.25h16.5"[39m
                  [33mstroke-linecap[39m=[32m"round"[39m
                  [33mstroke-linejoin[39m=[32m"round"[39m
                [36m/>[39m
              [36m</svg>[39m
            [36m</button>[39m
            [36m<div[39m
              [33mclass[39m=[32m"min-w-0"[39m
            [36m>[39m
              [36m<div[39m
                [33mclass[39m=[32m"flex items-center space-x-2"[39m
              [36m>[39m
                [36m<div[39m
                  [33mclass[39m=[32m"w-2 h-2 bg-gradient-to-br from-primary-500 to-accent-emerald-500 rounded-full animate-pulse-soft shadow-lg shadow-primary-500/30"[39m
                [36m/>[39m
                [36m<h1[39m
                  [33mclass[39m=[32m"text-lg font-bold bg-gradient-to-r from-gray-900 to-gray-700 dark:from-gray-100 dark:to-gray-300 bg-clip-text text-transparent truncate animate-fade-in"[39m
                [36m>[39m
                  [0mLearning Catalyst[0m
                [36m</h1>[39m
              [36m</div>[39m
            [36m</div>[39m
          [36m</div>[39m
          [36m<div[39m
            [33mclass[39m=[32m"flex items-center space-x-2"[39m
          [36m>[39m
            [36m<button[39m
              [33mclass[39m=[32m"group relative p-2.5 rounded-xl transition-all duration-300 transform hover:scale-105 bg-gradient-to-br from-gray-50 to-gray-100 dark:from-gray-700 dark:to-gray-800 hover:from-primary-50 hover:to-primary-100 dark:hover:from-primary-900/20 dark:hover:to-primary-800/20 text-gray-600 dark:text-gray-400 hover:text-primary-600 dark:hover:text-primary-400 hover:shadow-md"[39m
              [33mtitle[39m=[32m"Enter focus mode (F11)"[39m
            [36m>[39m
              [36m<div[39m
                [33mclass[39m=[32m"absolute inset-0 bg-gradient-to-br from-primary-500 to-accent-purple-500 rounded-xl opacity-0 group-hover:opacity-10 transition-opacity duration-300"[39m
              [36m/>[39m
              [36m<svg[39m
                [33maria-hidden[39m=[32m"true"[39m
                [33mclass[39m=[32m"w-5 h-5 relative z-10 transition-all duration-200 "[39m
                [33mdata-slot[39m=[32m"icon"[39m
                [33mfill[39m=[32m"none"[39m
                [33mstroke[39m=[32m"currentColor"[39m
                [33mstroke-width[39m=[32m"1.5"[39m
                [33mviewBox[39m=[32m"0 0 24 24"[39m
                [33mxmlns[39m=[32m"http://www.w3.org/2000/svg"[39m
              [36m>[39m
                [36m<path[39m
                  [33md[39m=[32m"M2.036 12.322a1.012 1.012 0 0 1 0-.639C3.423 7.51 7.36 4.5 12 4.5c4.638 0 8.573 3.007 9.963 7.178.07.207.07.431 0 .639C20.577 16.49 16.64 19.5 12 19.5c-4.638 0-8.573-3.007-9.963-7.178Z"[39m
                  [33mstroke-linecap[39m=[32m"round"[39m
                  [33mstroke-linejoin[39m=[32m"round"[39m
                [36m/>[39m
                [36m<path[39m
                  [33md[39m=[32m"M15 12a3 3 0 1 1-6 0 3 3 0 0 1 6 0Z"[39m
                  [33mstroke-linecap[39m=[32m"round"[39m
                  [33mstroke-linejoin[39m=[32m"round"[39m
                [36m/>[39m
              [36m</svg>[39m
            [36m</button>[39m
            [36m<button[39m
              [33mclass[39m=[32m"group relative p-2.5 rounded-xl bg-gradient-to-br from-gray-50 to-gray-100 dark:from-gray-700 dark:to-gray-800 hover:from-amber-50 hover:to-amber-100 dark:hover:from-amber-900/20 dark:hover:to-amber-800/20 transition-all duration-300 transform hover:scale-105 hover:shadow-md"[39m
              [33mtitle[39m=[32m"Theme: Dark"[39m
            [36m>[39m
              [36m<div[39m
                [33mclass[39m=[32m"absolute inset-0 bg-gradient-to-br from-amber-500 to-orange-500 rounded-xl opacity-0 group-hover:opacity-10 transition-opacity duration-300"[39m
              [36m/>[39m
              [36m<div[39m
                [33mclass[39m=[32m"relative z-10 transition-all duration-200 group-hover:rotate-12 group-hover:scale-110"[39m
              [36m>[39m
                [36m<svg[39m
                  [33maria-hidden[39m=[32m"true"[39m
                  [33mclass[39m=[32m"w-5 h-5"[39m
                  [33mdata-slot[39m=[32m"icon"[39m
                  [33mfill[39m=[32m"none"[39m
                  [33mstroke[39m=[32m"currentColor"[39m
                  [33mstroke-width[39m=[32m"1.5"[39m
                  [33mviewBox[39m=[32m"0 0 24 24"[39m
                  [33mxmlns[39m=[32m"http://www.w3.org/2000/svg"[39m
                [36m>[39m
                  [36m<path[39m
                    [33md[39m=[32m"M21.752 15.002A9.72 9.72 0 0 1 18 15.75c-5.385 0-9.75-4.365-9.75-9.75 0-1.33.266-2.597.748-3.752A9.753 9.753 0 0 0 3 11.25C3 16.635 7.365 21 12.75 21a9.753 9.753 0 0 0 9.002-5.998Z...
[90m [2m❯[22m Object.getElementError node_modules/@testing-library/dom/dist/config.js:[2m37:19[22m[39m
[90m [2m❯[22m node_modules/@testing-library/dom/dist/query-helpers.js:[2m76:38[22m[39m
[90m [2m❯[22m node_modules/@testing-library/dom/dist/query-helpers.js:[2m52:17[22m[39m
[90m [2m❯[22m node_modules/@testing-library/dom/dist/query-helpers.js:[2m95:19[22m[39m
[36m [2m❯[22m src/renderer/widgets/layout/__tests__/Layout.test.tsx:[2m65:19[22m[39m
    [90m 63| [39m      } [35mas[39m any
    [90m 64| [39m    })[33m;[39m
    [90m 65| [39m    [34mexpect[39m(screen[33m.[39m[34mgetByText[39m([36m/Provider:/i[39m))[33m.[39m[34mtoBeInTheDocument[39m()[33m;[39m
    [90m   | [39m                  [31m^[39m
    [90m 66| [39m  })[33m;[39m
    [90m 67| [39m

[31m[2m⎯⎯⎯⎯⎯⎯⎯⎯⎯⎯⎯⎯⎯⎯⎯⎯⎯⎯⎯⎯⎯[70/114]⎯[22m[39m

[41m[1m FAIL [22m[49m [30m[46m renderer-thread [49m[39m src/renderer/widgets/layout/__tests__/Layout.test.tsx[2m > [22mLayout[2m > [22mhides chrome and shows focus indicator in focus mode
[31m[1mTestingLibraryElementError[22m[39m: Unable to find an element with the text: Focus Mode. This could be because the text is broken up by multiple elements. In this case, you can provide a function for your text matcher to make your matcher more flexible.

Ignored nodes: comments, script, style
[36m<body>[39m
  [36m<div>[39m
    [36m<div[39m
      [33mclass[39m=[32m"h-screen flex flex-col bg-gray-50 dark:bg-gray-900 "[39m
    [36m>[39m
      [36m<header[39m
        [33mclass[39m=[32m"relative bg-gradient-to-r from-white to-gray-50 dark:from-gray-800 dark:to-gray-900 border-b border-gray-200/60 dark:border-gray-700/60 px-4 py-3 backdrop-blur-sm shadow-sm animate-fade-in"[39m
      [36m>[39m
        [36m<div[39m
          [33mclass[39m=[32m"flex items-center justify-between"[39m
        [36m>[39m
          [36m<div[39m
            [33mclass[39m=[32m"flex items-center space-x-4"[39m
          [36m>[39m
            [36m<button[39m
              [33mclass[39m=[32m"group relative p-2.5 rounded-xl bg-gradient-to-br from-gray-50 to-gray-100 dark:from-gray-700 dark:to-gray-800 hover:from-primary-50 hover:to-primary-100 dark:hover:from-primary-900/20 dark:hover:to-primary-800/20 transition-all duration-300 transform hover:scale-105 hover:shadow-md"[39m
              [33mtitle[39m=[32m"Toggle sidebar"[39m
            [36m>[39m
              [36m<div[39m
                [33mclass[39m=[32m"absolute inset-0 bg-gradient-to-br from-primary-500 to-accent-purple-500 rounded-xl opacity-0 group-hover:opacity-10 transition-opacity duration-300"[39m
              [36m/>[39m
              [36m<svg[39m
                [33maria-hidden[39m=[32m"true"[39m
                [33mclass[39m=[32m"w-5 h-5 text-gray-600 dark:text-gray-400 group-hover:text-primary-600 dark:group-hover:text-primary-400 relative z-10 transition-colors duration-200"[39m
                [33mdata-slot[39m=[32m"icon"[39m
                [33mfill[39m=[32m"none"[39m
                [33mstroke[39m=[32m"currentColor"[39m
                [33mstroke-width[39m=[32m"1.5"[39m
                [33mviewBox[39m=[32m"0 0 24 24"[39m
                [33mxmlns[39m=[32m"http://www.w3.org/2000/svg"[39m
              [36m>[39m
                [36m<path[39m
                  [33md[39m=[32m"M3.75 6.75h16.5M3.75 12h16.5m-16.5 5.25h16.5"[39m
                  [33mstroke-linecap[39m=[32m"round"[39m
                  [33mstroke-linejoin[39m=[32m"round"[39m
                [36m/>[39m
              [36m</svg>[39m
            [36m</button>[39m
            [36m<div[39m
              [33mclass[39m=[32m"min-w-0"[39m
            [36m>[39m
              [36m<div[39m
                [33mclass[39m=[32m"flex items-center space-x-2"[39m
              [36m>[39m
                [36m<div[39m
                  [33mclass[39m=[32m"w-2 h-2 bg-gradient-to-br from-primary-500 to-accent-emerald-500 rounded-full animate-pulse-soft shadow-lg shadow-primary-500/30"[39m
                [36m/>[39m
                [36m<h1[39m
                  [33mclass[39m=[32m"text-lg font-bold bg-gradient-to-r from-gray-900 to-gray-700 dark:from-gray-100 dark:to-gray-300 bg-clip-text text-transparent truncate animate-fade-in"[39m
                [36m>[39m
                  [0mLearning Catalyst[0m
                [36m</h1>[39m
              [36m</div>[39m
            [36m</div>[39m
          [36m</div>[39m
          [36m<div[39m
            [33mclass[39m=[32m"flex items-center space-x-2"[39m
          [36m>[39m
            [36m<button[39m
              [33mclass[39m=[32m"group relative p-2.5 rounded-xl transition-all duration-300 transform hover:scale-105 bg-gradient-to-br from-gray-50 to-gray-100 dark:from-gray-700 dark:to-gray-800 hover:from-primary-50 hover:to-primary-100 dark:hover:from-primary-900/20 dark:hover:to-primary-800/20 text-gray-600 dark:text-gray-400 hover:text-primary-600 dark:hover:text-primary-400 hover:shadow-md"[39m
              [33mtitle[39m=[32m"Enter focus mode (F11)"[39m
            [36m>[39m
              [36m<div[39m
                [33mclass[39m=[32m"absolute inset-0 bg-gradient-to-br from-primary-500 to-accent-purple-500 rounded-xl opacity-0 group-hover:opacity-10 transition-opacity duration-300"[39m
              [36m/>[39m
              [36m<svg[39m
                [33maria-hidden[39m=[32m"true"[39m
                [33mclass[39m=[32m"w-5 h-5 relative z-10 transition-all duration-200 "[39m
                [33mdata-slot[39m=[32m"icon"[39m
                [33mfill[39m=[32m"none"[39m
                [33mstroke[39m=[32m"currentColor"[39m
                [33mstroke-width[39m=[32m"1.5"[39m
                [33mviewBox[39m=[32m"0 0 24 24"[39m
                [33mxmlns[39m=[32m"http://www.w3.org/2000/svg"[39m
              [36m>[39m
                [36m<path[39m
                  [33md[39m=[32m"M2.036 12.322a1.012 1.012 0 0 1 0-.639C3.423 7.51 7.36 4.5 12 4.5c4.638 0 8.573 3.007 9.963 7.178.07.207.07.431 0 .639C20.577 16.49 16.64 19.5 12 19.5c-4.638 0-8.573-3.007-9.963-7.178Z"[39m
                  [33mstroke-linecap[39m=[32m"round"[39m
                  [33mstroke-linejoin[39m=[32m"round"[39m
                [36m/>[39m
                [36m<path[39m
                  [33md[39m=[32m"M15 12a3 3 0 1 1-6 0 3 3 0 0 1 6 0Z"[39m
                  [33mstroke-linecap[39m=[32m"round"[39m
                  [33mstroke-linejoin[39m=[32m"round"[39m
                [36m/>[39m
              [36m</svg>[39m
            [36m</button>[39m
            [36m<button[39m
              [33mclass[39m=[32m"group relative p-2.5 rounded-xl bg-gradient-to-br from-gray-50 to-gray-100 dark:from-gray-700 dark:to-gray-800 hover:from-amber-50 hover:to-amber-100 dark:hover:from-amber-900/20 dark:hover:to-amber-800/20 transition-all duration-300 transform hover:scale-105 hover:shadow-md"[39m
              [33mtitle[39m=[32m"Theme: Dark"[39m
            [36m>[39m
              [36m<div[39m
                [33mclass[39m=[32m"absolute inset-0 bg-gradient-to-br from-amber-500 to-orange-500 rounded-xl opacity-0 group-hover:opacity-10 transition-opacity duration-300"[39m
              [36m/>[39m
              [36m<div[39m
                [33mclass[39m=[32m"relative z-10 transition-all duration-200 group-hover:rotate-12 group-hover:scale-110"[39m
              [36m>[39m
                [36m<svg[39m
                  [33maria-hidden[39m=[32m"true"[39m
                  [33mclass[39m=[32m"w-5 h-5"[39m
                  [33mdata-slot[39m=[32m"icon"[39m
                  [33mfill[39m=[32m"none"[39m
                  [33mstroke[39m=[32m"currentColor"[39m
                  [33mstroke-width[39m=[32m"1.5"[39m
                  [33mviewBox[39m=[32m"0 0 24 24"[39m
                  [33mxmlns[39m=[32m"http://www.w3.org/2000/svg"[39m
                [36m>[39m
                  [36m<path[39m
                    [33md[39m=[32m"M21.752 15.002A9.72 9.72 0 0 1 18 15.75c-5.385 0-9.75-4.365-9.75-9.75 0-1.33.266-2.597.748-3.752A9.753 9.753 0 0 0 3 11.25C3 16.635 7.365 21 12.75 21a9.753 9.753 0 0 0 9.002-5.998Z...
[90m [2m❯[22m Object.getElementError node_modules/@testing-library/dom/dist/config.js:[2m37:19[22m[39m
[90m [2m❯[22m node_modules/@testing-library/dom/dist/query-helpers.js:[2m76:38[22m[39m
[90m [2m❯[22m node_modules/@testing-library/dom/dist/query-helpers.js:[2m52:17[22m[39m
[90m [2m❯[22m node_modules/@testing-library/dom/dist/query-helpers.js:[2m95:19[22m[39m
[36m [2m❯[22m src/renderer/widgets/layout/__tests__/Layout.test.tsx:[2m104:19[22m[39m
    [90m102| [39m    [34mexpect[39m(screen[33m.[39m[34mqueryByTestId[39m([32m'header'[39m))[33m.[39mnot[33m.[39m[34mtoBeInTheDocument[39m()[33m;[39m
    [90m103| [39m    [34mexpect[39m(screen[33m.[39m[34mqueryByTestId[39m([32m'sidebar'[39m))[33m.[39mnot[33m.[39m[34mtoBeInTheDocument[39m()[33m;[39m
    [90m104| [39m    [34mexpect[39m(screen[33m.[39m[34mgetByText[39m([32m'Focus Mode'[39m))[33m.[39m[34mtoBeInTheDocument[39m()[33m;[39m
    [90m   | [39m                  [31m^[39m
    [90m105| [39m  })[33m;[39m
    [90m106| [39m

[31m[2m⎯⎯⎯⎯⎯⎯⎯⎯⎯⎯⎯⎯⎯⎯⎯⎯⎯⎯⎯⎯⎯[71/114]⎯[22m[39m

[41m[1m FAIL [22m[49m [30m[46m renderer-thread [49m[39m src/renderer/widgets/layout/__tests__/Layout.test.tsx[2m > [22mLayout[2m > [22mexits focus mode via close button
[31m[1mTestingLibraryElementError[22m[39m: Unable to find an element with the text: Focus Mode. This could be because the text is broken up by multiple elements. In this case, you can provide a function for your text matcher to make your matcher more flexible.

Ignored nodes: comments, script, style
[36m<body>[39m
  [36m<div>[39m
    [36m<div[39m
      [33mclass[39m=[32m"h-screen flex flex-col bg-gray-50 dark:bg-gray-900 "[39m
    [36m>[39m
      [36m<header[39m
        [33mclass[39m=[32m"relative bg-gradient-to-r from-white to-gray-50 dark:from-gray-800 dark:to-gray-900 border-b border-gray-200/60 dark:border-gray-700/60 px-4 py-3 backdrop-blur-sm shadow-sm animate-fade-in"[39m
      [36m>[39m
        [36m<div[39m
          [33mclass[39m=[32m"flex items-center justify-between"[39m
        [36m>[39m
          [36m<div[39m
            [33mclass[39m=[32m"flex items-center space-x-4"[39m
          [36m>[39m
            [36m<button[39m
              [33mclass[39m=[32m"group relative p-2.5 rounded-xl bg-gradient-to-br from-gray-50 to-gray-100 dark:from-gray-700 dark:to-gray-800 hover:from-primary-50 hover:to-primary-100 dark:hover:from-primary-900/20 dark:hover:to-primary-800/20 transition-all duration-300 transform hover:scale-105 hover:shadow-md"[39m
              [33mtitle[39m=[32m"Toggle sidebar"[39m
            [36m>[39m
              [36m<div[39m
                [33mclass[39m=[32m"absolute inset-0 bg-gradient-to-br from-primary-500 to-accent-purple-500 rounded-xl opacity-0 group-hover:opacity-10 transition-opacity duration-300"[39m
              [36m/>[39m
              [36m<svg[39m
                [33maria-hidden[39m=[32m"true"[39m
                [33mclass[39m=[32m"w-5 h-5 text-gray-600 dark:text-gray-400 group-hover:text-primary-600 dark:group-hover:text-primary-400 relative z-10 transition-colors duration-200"[39m
                [33mdata-slot[39m=[32m"icon"[39m
                [33mfill[39m=[32m"none"[39m
                [33mstroke[39m=[32m"currentColor"[39m
                [33mstroke-width[39m=[32m"1.5"[39m
                [33mviewBox[39m=[32m"0 0 24 24"[39m
                [33mxmlns[39m=[32m"http://www.w3.org/2000/svg"[39m
              [36m>[39m
                [36m<path[39m
                  [33md[39m=[32m"M3.75 6.75h16.5M3.75 12h16.5m-16.5 5.25h16.5"[39m
                  [33mstroke-linecap[39m=[32m"round"[39m
                  [33mstroke-linejoin[39m=[32m"round"[39m
                [36m/>[39m
              [36m</svg>[39m
            [36m</button>[39m
            [36m<div[39m
              [33mclass[39m=[32m"min-w-0"[39m
            [36m>[39m
              [36m<div[39m
                [33mclass[39m=[32m"flex items-center space-x-2"[39m
              [36m>[39m
                [36m<div[39m
                  [33mclass[39m=[32m"w-2 h-2 bg-gradient-to-br from-primary-500 to-accent-emerald-500 rounded-full animate-pulse-soft shadow-lg shadow-primary-500/30"[39m
                [36m/>[39m
                [36m<h1[39m
                  [33mclass[39m=[32m"text-lg font-bold bg-gradient-to-r from-gray-900 to-gray-700 dark:from-gray-100 dark:to-gray-300 bg-clip-text text-transparent truncate animate-fade-in"[39m
                [36m>[39m
                  [0mLearning Catalyst[0m
                [36m</h1>[39m
              [36m</div>[39m
            [36m</div>[39m
          [36m</div>[39m
          [36m<div[39m
            [33mclass[39m=[32m"flex items-center space-x-2"[39m
          [36m>[39m
            [36m<button[39m
              [33mclass[39m=[32m"group relative p-2.5 rounded-xl transition-all duration-300 transform hover:scale-105 bg-gradient-to-br from-gray-50 to-gray-100 dark:from-gray-700 dark:to-gray-800 hover:from-primary-50 hover:to-primary-100 dark:hover:from-primary-900/20 dark:hover:to-primary-800/20 text-gray-600 dark:text-gray-400 hover:text-primary-600 dark:hover:text-primary-400 hover:shadow-md"[39m
              [33mtitle[39m=[32m"Enter focus mode (F11)"[39m
            [36m>[39m
              [36m<div[39m
                [33mclass[39m=[32m"absolute inset-0 bg-gradient-to-br from-primary-500 to-accent-purple-500 rounded-xl opacity-0 group-hover:opacity-10 transition-opacity duration-300"[39m
              [36m/>[39m
              [36m<svg[39m
                [33maria-hidden[39m=[32m"true"[39m
                [33mclass[39m=[32m"w-5 h-5 relative z-10 transition-all duration-200 "[39m
                [33mdata-slot[39m=[32m"icon"[39m
                [33mfill[39m=[32m"none"[39m
                [33mstroke[39m=[32m"currentColor"[39m
                [33mstroke-width[39m=[32m"1.5"[39m
                [33mviewBox[39m=[32m"0 0 24 24"[39m
                [33mxmlns[39m=[32m"http://www.w3.org/2000/svg"[39m
              [36m>[39m
                [36m<path[39m
                  [33md[39m=[32m"M2.036 12.322a1.012 1.012 0 0 1 0-.639C3.423 7.51 7.36 4.5 12 4.5c4.638 0 8.573 3.007 9.963 7.178.07.207.07.431 0 .639C20.577 16.49 16.64 19.5 12 19.5c-4.638 0-8.573-3.007-9.963-7.178Z"[39m
                  [33mstroke-linecap[39m=[32m"round"[39m
                  [33mstroke-linejoin[39m=[32m"round"[39m
                [36m/>[39m
                [36m<path[39m
                  [33md[39m=[32m"M15 12a3 3 0 1 1-6 0 3 3 0 0 1 6 0Z"[39m
                  [33mstroke-linecap[39m=[32m"round"[39m
                  [33mstroke-linejoin[39m=[32m"round"[39m
                [36m/>[39m
              [36m</svg>[39m
            [36m</button>[39m
            [36m<button[39m
              [33mclass[39m=[32m"group relative p-2.5 rounded-xl bg-gradient-to-br from-gray-50 to-gray-100 dark:from-gray-700 dark:to-gray-800 hover:from-amber-50 hover:to-amber-100 dark:hover:from-amber-900/20 dark:hover:to-amber-800/20 transition-all duration-300 transform hover:scale-105 hover:shadow-md"[39m
              [33mtitle[39m=[32m"Theme: Dark"[39m
            [36m>[39m
              [36m<div[39m
                [33mclass[39m=[32m"absolute inset-0 bg-gradient-to-br from-amber-500 to-orange-500 rounded-xl opacity-0 group-hover:opacity-10 transition-opacity duration-300"[39m
              [36m/>[39m
              [36m<div[39m
                [33mclass[39m=[32m"relative z-10 transition-all duration-200 group-hover:rotate-12 group-hover:scale-110"[39m
              [36m>[39m
                [36m<svg[39m
                  [33maria-hidden[39m=[32m"true"[39m
                  [33mclass[39m=[32m"w-5 h-5"[39m
                  [33mdata-slot[39m=[32m"icon"[39m
                  [33mfill[39m=[32m"none"[39m
                  [33mstroke[39m=[32m"currentColor"[39m
                  [33mstroke-width[39m=[32m"1.5"[39m
                  [33mviewBox[39m=[32m"0 0 24 24"[39m
                  [33mxmlns[39m=[32m"http://www.w3.org/2000/svg"[39m
                [36m>[39m
                  [36m<path[39m
                    [33md[39m=[32m"M21.752 15.002A9.72 9.72 0 0 1 18 15.75c-5.385 0-9.75-4.365-9.75-9.75 0-1.33.266-2.597.748-3.752A9.753 9.753 0 0 0 3 11.25C3 16.635 7.365 21 12.75 21a9.753 9.753 0 0 0 9.002-5.998Z...
[90m [2m❯[22m Object.getElementError node_modules/@testing-library/dom/dist/config.js:[2m37:19[22m[39m
[90m [2m❯[22m node_modules/@testing-library/dom/dist/query-helpers.js:[2m76:38[22m[39m
[90m [2m❯[22m node_modules/@testing-library/dom/dist/query-helpers.js:[2m52:17[22m[39m
[90m [2m❯[22m node_modules/@testing-library/dom/dist/query-helpers.js:[2m95:19[22m[39m
[36m [2m❯[22m src/renderer/widgets/layout/__tests__/Layout.test.tsx:[2m138:39[22m[39m
    [90m136| [39m
    [90m137| [39m    // Find the focus mode exit button (the X button in the focus mode…
    [90m138| [39m    const focusModeIndicator = screen.getByText('Focus Mode').closest(…
    [90m   | [39m                                      [31m^[39m
    [90m139| [39m    [35mconst[39m closeButton [33m=[39m focusModeIndicator[33m?.[39m[34mquerySelector[39m([32m'button'[39m)[33m;[39m
    [90m140| [39m

[31m[2m⎯⎯⎯⎯⎯⎯⎯⎯⎯⎯⎯⎯⎯⎯⎯⎯⎯⎯⎯⎯⎯[72/114]⎯[22m[39m

[41m[1m FAIL [22m[49m [30m[46m renderer-thread [49m[39m src/renderer/widgets/layout/__tests__/SessionList.test.tsx[2m > [22mThreadListSidebar[2m > [22mRendering[2m > [22mshould render sidebar when open is true
[31m[1mTestingLibraryElementError[22m[39m: Unable to find an element by: [data-testid="thread-list-root"]

Ignored nodes: comments, script, style
[36m<body>[39m
  [36m<div>[39m
    [36m<aside[39m
      [33mclass[39m=[32m"w-64 bg-white dark:bg-gray-800 border-r border-gray-200 dark:border-gray-700 flex flex-col h-full"[39m
    [36m>[39m
      [36m<div[39m
        [33mclass[39m=[32m"flex h-full flex-col gap-2 p-2 overflow-hidden"[39m
      [36m>[39m
        [36m<div[39m
          [33mclass[39m=[32m"flex flex-col gap-1"[39m
        [36m>[39m
          [36m<div[39m
            [33mclass[39m=[32m"px-2 py-1 text-xs font-medium text-gray-500 dark:text-gray-400 uppercase"[39m
          [36m>[39m
            [0mKnowledge[0m
          [36m</div>[39m
          [36m<button[39m
            [33mclass[39m=[32m"inline-flex items-center rounded-lg transition-colors duration-200 focus:outline-none focus:ring-2 focus:ring-offset-2 dark:focus:ring-offset-gray-900 disabled:opacity-50 disabled:cursor-not-allowed hover:bg-gray-100 dark:hover:bg-gray-800 text-gray-600 dark:text-gray-400 hover:text-gray-900 dark:hover:text-gray-100 focus:ring-gray-500 px-4 py-2 text-sm w-full justify-start font-normal"[39m
            [33mtitle[39m=[32m"Visual knowledge graph view"[39m
            [33mtype[39m=[32m"button"[39m
          [36m>[39m
            [36m<svg[39m
              [33maria-hidden[39m=[32m"true"[39m
              [33mclass[39m=[32m"mr-2 h-4 w-4"[39m
              [33mdata-slot[39m=[32m"icon"[39m
              [33mfill[39m=[32m"none"[39m
              [33mstroke[39m=[32m"currentColor"[39m
              [33mstroke-width[39m=[32m"1.5"[39m
              [33mviewBox[39m=[32m"0 0 24 24"[39m
              [33mxmlns[39m=[32m"http://www.w3.org/2000/svg"[39m
            [36m>[39m
              [36m<path[39m
                [33md[39m=[32m"M9 6.75V15m6-6v8.25m.503 3.498 4.875-2.437c.381-.19.622-.58.622-1.006V4.82c0-.836-.88-1.38-1.628-1.006l-3.869 1.934c-.317.159-.69.159-1.006 0L9.503 3.252a1.125 1.125 0 0 0-1.006 0L3.622 5.689C3.24 5.88 3 6.27 3 6.695V19.18c0 .836.88 1.38 1.628 1.006l3.869-1.934c.317-.159.69-.159 1.006 0l4.994 2.497c.317.158.69.158 1.006 0Z"[39m
                [33mstroke-linecap[39m=[32m"round"[39m
                [33mstroke-linejoin[39m=[32m"round"[39m
              [36m/>[39m
            [36m</svg>[39m
            [0mKnowledge Map[0m
          [36m</button>[39m
          [36m<button[39m
            [33mclass[39m=[32m"inline-flex items-center rounded-lg transition-colors duration-200 focus:outline-none focus:ring-2 focus:ring-offset-2 dark:focus:ring-offset-gray-900 disabled:opacity-50 disabled:cursor-not-allowed hover:bg-gray-100 dark:hover:bg-gray-800 text-gray-600 dark:text-gray-400 hover:text-gray-900 dark:hover:text-gray-100 focus:ring-gray-500 px-4 py-2 text-sm w-full justify-start font-normal"[39m
            [33mtitle[39m=[32m"Learning progress and analytics"[39m
            [33mtype[39m=[32m"button"[39m
          [36m>[39m
            [36m<svg[39m
              [33maria-hidden[39m=[32m"true"[39m
              [33mclass[39m=[32m"mr-2 h-4 w-4"[39m
              [33mdata-slot[39m=[32m"icon"[39m
              [33mfill[39m=[32m"none"[39m
              [33mstroke[39m=[32m"currentColor"[39m
              [33mstroke-width[39m=[32m"1.5"[39m
              [33mviewBox[39m=[32m"0 0 24 24"[39m
              [33mxmlns[39m=[32m"http://www.w3.org/2000/svg"[39m
            [36m>[39m
              [36m<path[39m
                [33md[39m=[32m"M3 13.125C3 12.504 3.504 12 4.125 12h2.25c.621 0 1.125.504 1.125 1.125v6.75C7.5 20.496 6.996 21 6.375 21h-2.25A1.125 1.125 0 0 1 3 19.875v-6.75ZM9.75 8.625c0-.621.504-1.125 1.125-1.125h2.25c.621 0 1.125.504 1.125 1.125v11.25c0 .621-.504 1.125-1.125 1.125h-2.25a1.125 1.125 0 0 1-1.125-1.125V8.625ZM16.5 4.125c0-.621.504-1.125 1.125-1.125h2.25C20.496 3 21 3.504 21 4.125v15.75c0 .621-.504 1.125-1.125 1.125h-2.25a1.125 1.125 0 0 1-1.125-1.125V4.125Z"[39m
                [33mstroke-linecap[39m=[32m"round"[39m
                [33mstroke-linejoin[39m=[32m"round"[39m
              [36m/>[39m
            [36m</svg>[39m
            [0mDashboard[0m
          [36m</button>[39m
          [36m<button[39m
            [33mclass[39m=[32m"inline-flex items-center rounded-lg transition-colors duration-200 focus:outline-none focus:ring-2 focus:ring-offset-2 dark:focus:ring-offset-gray-900 disabled:opacity-50 disabled:cursor-not-allowed hover:bg-gray-100 dark:hover:bg-gray-800 text-gray-600 dark:text-gray-400 hover:text-gray-900 dark:hover:text-gray-100 focus:ring-gray-500 px-4 py-2 text-sm w-full justify-start font-normal"[39m
            [33mtitle[39m=[32m"Parse concepts from markdown files"[39m
            [33mtype[39m=[32m"button"[39m
          [36m>[39m
            [36m<svg[39m
              [33maria-hidden[39m=[32m"true"[39m
              [33mclass[39m=[32m"mr-2 h-4 w-4"[39m
              [33mdata-slot[39m=[32m"icon"[39m
              [33mfill[39m=[32m"none"[39m
              [33mstroke[39m=[32m"currentColor"[39m
              [33mstroke-width[39m=[32m"1.5"[39m
              [33mviewBox[39m=[32m"0 0 24 24"[39m
              [33mxmlns[39m=[32m"http://www.w3.org/2000/svg"[39m
            [36m>[39m
              [36m<path[39m
                [33md[39m=[32m"m21 21-5.197-5.197m0 0A7.5 7.5 0 1 0 5.196 5.196a7.5 7.5 0 0 0 10.607 10.607Z"[39m
                [33mstroke-linecap[39m=[32m"round"[39m
                [33mstroke-linejoin[39m=[32m"round"[39m
              [36m/>[39m
            [36m</svg>[39m
            [0mDiscovery[0m
          [36m</button>[39m
          [36m<button[39m
            [33mclass[39m=[32m"inline-flex items-center rounded-lg transition-colors duration-200 focus:outline-none focus:ring-2 focus:ring-offset-2 dark:focus:ring-offset-gray-900 disabled:opacity-50 disabled:cursor-not-allowed hover:bg-gray-100 dark:hover:bg-gray-800 text-gray-600 dark:text-gray-400 hover:text-gray-900 dark:hover:text-gray-100 focus:ring-gray-500 px-4 py-2 text-sm w-full justify-start font-normal"[39m
            [33mtitle[39m=[32m"Configure the application"[39m
            [33mtype[39m=[32m"button"[39m
          [36m>[39m
            [36m<svg[39m
              [33maria-hidden[39m=[32m"true"[39m
              [33mclass[39m=[32m"mr-2 h-4 w-4"[39m
              [33mdata-slot[39m=[32m"icon"[39m
              [33mfill[39m=[32m"none"[39m
              [33mstroke[39m=[32m"currentColor"[39m
              [33mstroke-width[39m=[32m"1.5"[39m
              [33mviewBox[39m=[32m"0 0 24 24"[39m
              [33mxmlns[39m=[32m"http://www.w3.org/2000/svg"[39m
            [36m>[39m
              [36m<path[39m
                [33md[39m=[32m"M4.5 12a7.5 7.5 0 0 0 15 0m-15 0a7.5 7.5 0 1 1 15 0m-15 0H3m16.5 0H21m-1.5 0H12m-8.457 3.077 1.41-.513m14.095-5.13 1.41-.513M5.106 17.785l1.15-.964m11.49-9.642 1.149-.964M7.501 19.795l.75-1.3m7.5-12.99.75-1.3m-6.063 16.658.26-1.477m2.605-14.772.26-1.477m0 17.726-.26-1.477M10.698 4.614l-.26-1.477M16.5 19.794l-.75-1.299M7.5 4.205 12 12m6.894 5.785-1.149-.964M6.256 7.178l-1.15-.964m15.352 8.864-1.41-.513M4.954 9.435l-1.41-.514M12.002 12l-3.75 6.495"[39m
                [33mstroke-linecap[39m=[32m"round"[39m
                [33mstroke-linejoin[39m=[32m"round"[39m
              [36m/>[39m
            [36m</svg>[39m
            [0mSettings[0m
          [36m</button>[39m
        [36m</div>[39m
        [36m<div[39m
          [33maria-orientation[39m=[32m"horizontal"[39m
          [33mclass[39m=[32m"shrink-0 bg-gray-200 dark:bg-gray-700 h-[1px] w-full"[39m
          [33mrole[39m=[32m"separator"[39m
        [36m/>[39m
        [36m<div[39m
          [33mclass[39m=[32m"flex items-center justify-between px-2"[39m
        [36m>[39m
          [36m<div[39m
            [33mclass[39m=[32m"text-xs font-medium text-gray-500 dark:text-gray-400 uppercase"[39m
          [36m>[39m
            [0mConversations[0m
          [36m</div>[39m
          [36m<button[39m
            [33maria-current[39m=[32m"true"[39m
            [33mclass[39m=[32m"inline-flex items-center justify-center font-medium rounded-lg transition-colors duration-200 focus:outline-none focus:ring-2 focus:ring-offset-2 dark:focus:ring-offset-gray-900 disabled:opacity-50 disabled:cursor-not-allowed hover:bg-gray-100 dark:hover:bg-gray-800 text-gray-600 dark:text-gray-400 hover:text-gray-900 dark:hover:text-gray-100 focus:ring-gray-500 py-1.5 text-sm h-7 px-2"[39m
            [33mdata-active[39m=[32m"true"[39m
            [33mtype[39m=[32m"button"[39m
          [36m>[39m
            [36m<svg[39m
              [33maria-hidden[39m=[32m"true"[39m
              [33mclass[39m=[32m"h-4 w-4"[39m
              [33mdata-slot[39m=[32m"icon"[39m
              [33mfill[39m=[32m"none"[39m
              [33mstroke[39m=[32m"currentColor"[39m
              [33mstroke-width[39m=[32m"1.5"[39m
              [33mviewBox[39m=[32m"0 0 24 24"[39m
              [33mxmlns[39m=[32m"http://www.w3.org/2000/svg"[39m
            [36m>[39m
              [36m<path[39m
                [33md[39m=[32m"M12 4.5v15m7.5-7.5h-15"[39m
                [33mstroke-linecap[39m=[32m"round"[39m
                [33mstroke-linejoin[39m=[32m"round"[39m
              [36m/>[39m
            [36m</svg>[39m
          [36m</button>[39m
        [36m</div>[39m
        [36m<div[39m
          [33mclass[39m=[32m"flex-1 overflow-y-auto"[39m
        [36m/>[39m
      [36m</div>[39m
    [36m</aside>[39m
  [36m</div>[39m
[36m</body>[39m
[90m [2m❯[22m Object.getElementError node_modules/@testing-library/dom/dist/config.js:[2m37:19[22m[39m
[90m [2m❯[22m node_modules/@testing-library/dom/dist/query-helpers.js:[2m76:38[22m[39m
[90m [2m❯[22m node_modules/@testing-library/dom/dist/query-helpers.js:[2m52:17[22m[39m
[90m [2m❯[22m node_modules/@testing-library/dom/dist/query-helpers.js:[2m95:19[22m[39m
[36m [2m❯[22m src/renderer/widgets/layout/__tests__/SessionList.test.tsx:[2m28:21[22m[39m
    [90m 26| [39m      [34mrenderWithServices[39m([33m<[39m[33mThreadListSidebar[39m [33mopen[39m[33m=[39m[33m{[39m[35mtrue[39m[33m}[39m [33m/[39m[33m>[39m)[33m;[39m
    [90m 27| [39m
    [90m 28| [39m      expect(screen.getByTestId('thread-list-root')).toBeInTheDocument…
    [90m   | [39m                    [31m^[39m
    [90m 29| [39m    })[33m;[39m
    [90m 30| [39m

[31m[2m⎯⎯⎯⎯⎯⎯⎯⎯⎯⎯⎯⎯⎯⎯⎯⎯⎯⎯⎯⎯⎯[73/114]⎯[22m[39m

[41m[1m FAIL [22m[49m [30m[46m renderer-thread [49m[39m src/renderer/widgets/layout/__tests__/SessionList.test.tsx[2m > [22mThreadListSidebar[2m > [22mRendering[2m > [22mshould render conversations section
[31m[1mTestingLibraryElementError[22m[39m: Unable to find an element by: [data-testid="new-thread-button"]

Ignored nodes: comments, script, style
[36m<body>[39m
  [36m<div>[39m
    [36m<aside[39m
      [33mclass[39m=[32m"w-64 bg-white dark:bg-gray-800 border-r border-gray-200 dark:border-gray-700 flex flex-col h-full"[39m
    [36m>[39m
      [36m<div[39m
        [33mclass[39m=[32m"flex h-full flex-col gap-2 p-2 overflow-hidden"[39m
      [36m>[39m
        [36m<div[39m
          [33mclass[39m=[32m"flex flex-col gap-1"[39m
        [36m>[39m
          [36m<div[39m
            [33mclass[39m=[32m"px-2 py-1 text-xs font-medium text-gray-500 dark:text-gray-400 uppercase"[39m
          [36m>[39m
            [0mKnowledge[0m
          [36m</div>[39m
          [36m<button[39m
            [33mclass[39m=[32m"inline-flex items-center rounded-lg transition-colors duration-200 focus:outline-none focus:ring-2 focus:ring-offset-2 dark:focus:ring-offset-gray-900 disabled:opacity-50 disabled:cursor-not-allowed hover:bg-gray-100 dark:hover:bg-gray-800 text-gray-600 dark:text-gray-400 hover:text-gray-900 dark:hover:text-gray-100 focus:ring-gray-500 px-4 py-2 text-sm w-full justify-start font-normal"[39m
            [33mtitle[39m=[32m"Visual knowledge graph view"[39m
            [33mtype[39m=[32m"button"[39m
          [36m>[39m
            [36m<svg[39m
              [33maria-hidden[39m=[32m"true"[39m
              [33mclass[39m=[32m"mr-2 h-4 w-4"[39m
              [33mdata-slot[39m=[32m"icon"[39m
              [33mfill[39m=[32m"none"[39m
              [33mstroke[39m=[32m"currentColor"[39m
              [33mstroke-width[39m=[32m"1.5"[39m
              [33mviewBox[39m=[32m"0 0 24 24"[39m
              [33mxmlns[39m=[32m"http://www.w3.org/2000/svg"[39m
            [36m>[39m
              [36m<path[39m
                [33md[39m=[32m"M9 6.75V15m6-6v8.25m.503 3.498 4.875-2.437c.381-.19.622-.58.622-1.006V4.82c0-.836-.88-1.38-1.628-1.006l-3.869 1.934c-.317.159-.69.159-1.006 0L9.503 3.252a1.125 1.125 0 0 0-1.006 0L3.622 5.689C3.24 5.88 3 6.27 3 6.695V19.18c0 .836.88 1.38 1.628 1.006l3.869-1.934c.317-.159.69-.159 1.006 0l4.994 2.497c.317.158.69.158 1.006 0Z"[39m
                [33mstroke-linecap[39m=[32m"round"[39m
                [33mstroke-linejoin[39m=[32m"round"[39m
              [36m/>[39m
            [36m</svg>[39m
            [0mKnowledge Map[0m
          [36m</button>[39m
          [36m<button[39m
            [33mclass[39m=[32m"inline-flex items-center rounded-lg transition-colors duration-200 focus:outline-none focus:ring-2 focus:ring-offset-2 dark:focus:ring-offset-gray-900 disabled:opacity-50 disabled:cursor-not-allowed hover:bg-gray-100 dark:hover:bg-gray-800 text-gray-600 dark:text-gray-400 hover:text-gray-900 dark:hover:text-gray-100 focus:ring-gray-500 px-4 py-2 text-sm w-full justify-start font-normal"[39m
            [33mtitle[39m=[32m"Learning progress and analytics"[39m
            [33mtype[39m=[32m"button"[39m
          [36m>[39m
            [36m<svg[39m
              [33maria-hidden[39m=[32m"true"[39m
              [33mclass[39m=[32m"mr-2 h-4 w-4"[39m
              [33mdata-slot[39m=[32m"icon"[39m
              [33mfill[39m=[32m"none"[39m
              [33mstroke[39m=[32m"currentColor"[39m
              [33mstroke-width[39m=[32m"1.5"[39m
              [33mviewBox[39m=[32m"0 0 24 24"[39m
              [33mxmlns[39m=[32m"http://www.w3.org/2000/svg"[39m
            [36m>[39m
              [36m<path[39m
                [33md[39m=[32m"M3 13.125C3 12.504 3.504 12 4.125 12h2.25c.621 0 1.125.504 1.125 1.125v6.75C7.5 20.496 6.996 21 6.375 21h-2.25A1.125 1.125 0 0 1 3 19.875v-6.75ZM9.75 8.625c0-.621.504-1.125 1.125-1.125h2.25c.621 0 1.125.504 1.125 1.125v11.25c0 .621-.504 1.125-1.125 1.125h-2.25a1.125 1.125 0 0 1-1.125-1.125V8.625ZM16.5 4.125c0-.621.504-1.125 1.125-1.125h2.25C20.496 3 21 3.504 21 4.125v15.75c0 .621-.504 1.125-1.125 1.125h-2.25a1.125 1.125 0 0 1-1.125-1.125V4.125Z"[39m
                [33mstroke-linecap[39m=[32m"round"[39m
                [33mstroke-linejoin[39m=[32m"round"[39m
              [36m/>[39m
            [36m</svg>[39m
            [0mDashboard[0m
          [36m</button>[39m
          [36m<button[39m
            [33mclass[39m=[32m"inline-flex items-center rounded-lg transition-colors duration-200 focus:outline-none focus:ring-2 focus:ring-offset-2 dark:focus:ring-offset-gray-900 disabled:opacity-50 disabled:cursor-not-allowed hover:bg-gray-100 dark:hover:bg-gray-800 text-gray-600 dark:text-gray-400 hover:text-gray-900 dark:hover:text-gray-100 focus:ring-gray-500 px-4 py-2 text-sm w-full justify-start font-normal"[39m
            [33mtitle[39m=[32m"Parse concepts from markdown files"[39m
            [33mtype[39m=[32m"button"[39m
          [36m>[39m
            [36m<svg[39m
              [33maria-hidden[39m=[32m"true"[39m
              [33mclass[39m=[32m"mr-2 h-4 w-4"[39m
              [33mdata-slot[39m=[32m"icon"[39m
              [33mfill[39m=[32m"none"[39m
              [33mstroke[39m=[32m"currentColor"[39m
              [33mstroke-width[39m=[32m"1.5"[39m
              [33mviewBox[39m=[32m"0 0 24 24"[39m
              [33mxmlns[39m=[32m"http://www.w3.org/2000/svg"[39m
            [36m>[39m
              [36m<path[39m
                [33md[39m=[32m"m21 21-5.197-5.197m0 0A7.5 7.5 0 1 0 5.196 5.196a7.5 7.5 0 0 0 10.607 10.607Z"[39m
                [33mstroke-linecap[39m=[32m"round"[39m
                [33mstroke-linejoin[39m=[32m"round"[39m
              [36m/>[39m
            [36m</svg>[39m
            [0mDiscovery[0m
          [36m</button>[39m
          [36m<button[39m
            [33mclass[39m=[32m"inline-flex items-center rounded-lg transition-colors duration-200 focus:outline-none focus:ring-2 focus:ring-offset-2 dark:focus:ring-offset-gray-900 disabled:opacity-50 disabled:cursor-not-allowed hover:bg-gray-100 dark:hover:bg-gray-800 text-gray-600 dark:text-gray-400 hover:text-gray-900 dark:hover:text-gray-100 focus:ring-gray-500 px-4 py-2 text-sm w-full justify-start font-normal"[39m
            [33mtitle[39m=[32m"Configure the application"[39m
            [33mtype[39m=[32m"button"[39m
          [36m>[39m
            [36m<svg[39m
              [33maria-hidden[39m=[32m"true"[39m
              [33mclass[39m=[32m"mr-2 h-4 w-4"[39m
              [33mdata-slot[39m=[32m"icon"[39m
              [33mfill[39m=[32m"none"[39m
              [33mstroke[39m=[32m"currentColor"[39m
              [33mstroke-width[39m=[32m"1.5"[39m
              [33mviewBox[39m=[32m"0 0 24 24"[39m
              [33mxmlns[39m=[32m"http://www.w3.org/2000/svg"[39m
            [36m>[39m
              [36m<path[39m
                [33md[39m=[32m"M4.5 12a7.5 7.5 0 0 0 15 0m-15 0a7.5 7.5 0 1 1 15 0m-15 0H3m16.5 0H21m-1.5 0H12m-8.457 3.077 1.41-.513m14.095-5.13 1.41-.513M5.106 17.785l1.15-.964m11.49-9.642 1.149-.964M7.501 19.795l.75-1.3m7.5-12.99.75-1.3m-6.063 16.658.26-1.477m2.605-14.772.26-1.477m0 17.726-.26-1.477M10.698 4.614l-.26-1.477M16.5 19.794l-.75-1.299M7.5 4.205 12 12m6.894 5.785-1.149-.964M6.256 7.178l-1.15-.964m15.352 8.864-1.41-.513M4.954 9.435l-1.41-.514M12.002 12l-3.75 6.495"[39m
                [33mstroke-linecap[39m=[32m"round"[39m
                [33mstroke-linejoin[39m=[32m"round"[39m
              [36m/>[39m
            [36m</svg>[39m
            [0mSettings[0m
          [36m</button>[39m
        [36m</div>[39m
        [36m<div[39m
          [33maria-orientation[39m=[32m"horizontal"[39m
          [33mclass[39m=[32m"shrink-0 bg-gray-200 dark:bg-gray-700 h-[1px] w-full"[39m
          [33mrole[39m=[32m"separator"[39m
        [36m/>[39m
        [36m<div[39m
          [33mclass[39m=[32m"flex items-center justify-between px-2"[39m
        [36m>[39m
          [36m<div[39m
            [33mclass[39m=[32m"text-xs font-medium text-gray-500 dark:text-gray-400 uppercase"[39m
          [36m>[39m
            [0mConversations[0m
          [36m</div>[39m
          [36m<button[39m
            [33maria-current[39m=[32m"true"[39m
            [33mclass[39m=[32m"inline-flex items-center justify-center font-medium rounded-lg transition-colors duration-200 focus:outline-none focus:ring-2 focus:ring-offset-2 dark:focus:ring-offset-gray-900 disabled:opacity-50 disabled:cursor-not-allowed hover:bg-gray-100 dark:hover:bg-gray-800 text-gray-600 dark:text-gray-400 hover:text-gray-900 dark:hover:text-gray-100 focus:ring-gray-500 py-1.5 text-sm h-7 px-2"[39m
            [33mdata-active[39m=[32m"true"[39m
            [33mtype[39m=[32m"button"[39m
          [36m>[39m
            [36m<svg[39m
              [33maria-hidden[39m=[32m"true"[39m
              [33mclass[39m=[32m"h-4 w-4"[39m
              [33mdata-slot[39m=[32m"icon"[39m
              [33mfill[39m=[32m"none"[39m
              [33mstroke[39m=[32m"currentColor"[39m
              [33mstroke-width[39m=[32m"1.5"[39m
              [33mviewBox[39m=[32m"0 0 24 24"[39m
              [33mxmlns[39m=[32m"http://www.w3.org/2000/svg"[39m
            [36m>[39m
              [36m<path[39m
                [33md[39m=[32m"M12 4.5v15m7.5-7.5h-15"[39m
                [33mstroke-linecap[39m=[32m"round"[39m
                [33mstroke-linejoin[39m=[32m"round"[39m
              [36m/>[39m
            [36m</svg>[39m
          [36m</button>[39m
        [36m</div>[39m
        [36m<div[39m
          [33mclass[39m=[32m"flex-1 overflow-y-auto"[39m
        [36m/>[39m
      [36m</div>[39m
    [36m</aside>[39m
  [36m</div>[39m
[36m</body>[39m
[90m [2m❯[22m Object.getElementError node_modules/@testing-library/dom/dist/config.js:[2m37:19[22m[39m
[90m [2m❯[22m node_modules/@testing-library/dom/dist/query-helpers.js:[2m76:38[22m[39m
[90m [2m❯[22m node_modules/@testing-library/dom/dist/query-helpers.js:[2m52:17[22m[39m
[90m [2m❯[22m node_modules/@testing-library/dom/dist/query-helpers.js:[2m95:19[22m[39m
[36m [2m❯[22m src/renderer/widgets/layout/__tests__/SessionList.test.tsx:[2m51:21[22m[39m
    [90m 49| [39m
    [90m 50| [39m      [34mexpect[39m(screen[33m.[39m[34mgetByText[39m([32m'Conversations'[39m))[33m.[39m[34mtoBeInTheDocument[39m()[33m;[39m
    [90m 51| [39m      expect(screen.getByTestId('new-thread-button')).toBeInTheDocumen…
    [90m   | [39m                    [31m^[39m
    [90m 52| [39m    })[33m;[39m
    [90m 53| [39m

[31m[2m⎯⎯⎯⎯⎯⎯⎯⎯⎯⎯⎯⎯⎯⎯⎯⎯⎯⎯⎯⎯⎯[74/114]⎯[22m[39m

[41m[1m FAIL [22m[49m [30m[46m renderer-thread [49m[39m src/renderer/widgets/layout/__tests__/SessionList.test.tsx[2m > [22mThreadListSidebar[2m > [22mRendering[2m > [22mshould render separator between sections
[31m[1mTestingLibraryElementError[22m[39m: Unable to find an element by: [data-testid="separator"]

Ignored nodes: comments, script, style
[36m<body>[39m
  [36m<div>[39m
    [36m<aside[39m
      [33mclass[39m=[32m"w-64 bg-white dark:bg-gray-800 border-r border-gray-200 dark:border-gray-700 flex flex-col h-full"[39m
    [36m>[39m
      [36m<div[39m
        [33mclass[39m=[32m"flex h-full flex-col gap-2 p-2 overflow-hidden"[39m
      [36m>[39m
        [36m<div[39m
          [33mclass[39m=[32m"flex flex-col gap-1"[39m
        [36m>[39m
          [36m<div[39m
            [33mclass[39m=[32m"px-2 py-1 text-xs font-medium text-gray-500 dark:text-gray-400 uppercase"[39m
          [36m>[39m
            [0mKnowledge[0m
          [36m</div>[39m
          [36m<button[39m
            [33mclass[39m=[32m"inline-flex items-center rounded-lg transition-colors duration-200 focus:outline-none focus:ring-2 focus:ring-offset-2 dark:focus:ring-offset-gray-900 disabled:opacity-50 disabled:cursor-not-allowed hover:bg-gray-100 dark:hover:bg-gray-800 text-gray-600 dark:text-gray-400 hover:text-gray-900 dark:hover:text-gray-100 focus:ring-gray-500 px-4 py-2 text-sm w-full justify-start font-normal"[39m
            [33mtitle[39m=[32m"Visual knowledge graph view"[39m
            [33mtype[39m=[32m"button"[39m
          [36m>[39m
            [36m<svg[39m
              [33maria-hidden[39m=[32m"true"[39m
              [33mclass[39m=[32m"mr-2 h-4 w-4"[39m
              [33mdata-slot[39m=[32m"icon"[39m
              [33mfill[39m=[32m"none"[39m
              [33mstroke[39m=[32m"currentColor"[39m
              [33mstroke-width[39m=[32m"1.5"[39m
              [33mviewBox[39m=[32m"0 0 24 24"[39m
              [33mxmlns[39m=[32m"http://www.w3.org/2000/svg"[39m
            [36m>[39m
              [36m<path[39m
                [33md[39m=[32m"M9 6.75V15m6-6v8.25m.503 3.498 4.875-2.437c.381-.19.622-.58.622-1.006V4.82c0-.836-.88-1.38-1.628-1.006l-3.869 1.934c-.317.159-.69.159-1.006 0L9.503 3.252a1.125 1.125 0 0 0-1.006 0L3.622 5.689C3.24 5.88 3 6.27 3 6.695V19.18c0 .836.88 1.38 1.628 1.006l3.869-1.934c.317-.159.69-.159 1.006 0l4.994 2.497c.317.158.69.158 1.006 0Z"[39m
                [33mstroke-linecap[39m=[32m"round"[39m
                [33mstroke-linejoin[39m=[32m"round"[39m
              [36m/>[39m
            [36m</svg>[39m
            [0mKnowledge Map[0m
          [36m</button>[39m
          [36m<button[39m
            [33mclass[39m=[32m"inline-flex items-center rounded-lg transition-colors duration-200 focus:outline-none focus:ring-2 focus:ring-offset-2 dark:focus:ring-offset-gray-900 disabled:opacity-50 disabled:cursor-not-allowed hover:bg-gray-100 dark:hover:bg-gray-800 text-gray-600 dark:text-gray-400 hover:text-gray-900 dark:hover:text-gray-100 focus:ring-gray-500 px-4 py-2 text-sm w-full justify-start font-normal"[39m
            [33mtitle[39m=[32m"Learning progress and analytics"[39m
            [33mtype[39m=[32m"button"[39m
          [36m>[39m
            [36m<svg[39m
              [33maria-hidden[39m=[32m"true"[39m
              [33mclass[39m=[32m"mr-2 h-4 w-4"[39m
              [33mdata-slot[39m=[32m"icon"[39m
              [33mfill[39m=[32m"none"[39m
              [33mstroke[39m=[32m"currentColor"[39m
              [33mstroke-width[39m=[32m"1.5"[39m
              [33mviewBox[39m=[32m"0 0 24 24"[39m
              [33mxmlns[39m=[32m"http://www.w3.org/2000/svg"[39m
            [36m>[39m
              [36m<path[39m
                [33md[39m=[32m"M3 13.125C3 12.504 3.504 12 4.125 12h2.25c.621 0 1.125.504 1.125 1.125v6.75C7.5 20.496 6.996 21 6.375 21h-2.25A1.125 1.125 0 0 1 3 19.875v-6.75ZM9.75 8.625c0-.621.504-1.125 1.125-1.125h2.25c.621 0 1.125.504 1.125 1.125v11.25c0 .621-.504 1.125-1.125 1.125h-2.25a1.125 1.125 0 0 1-1.125-1.125V8.625ZM16.5 4.125c0-.621.504-1.125 1.125-1.125h2.25C20.496 3 21 3.504 21 4.125v15.75c0 .621-.504 1.125-1.125 1.125h-2.25a1.125 1.125 0 0 1-1.125-1.125V4.125Z"[39m
                [33mstroke-linecap[39m=[32m"round"[39m
                [33mstroke-linejoin[39m=[32m"round"[39m
              [36m/>[39m
            [36m</svg>[39m
            [0mDashboard[0m
          [36m</button>[39m
          [36m<button[39m
            [33mclass[39m=[32m"inline-flex items-center rounded-lg transition-colors duration-200 focus:outline-none focus:ring-2 focus:ring-offset-2 dark:focus:ring-offset-gray-900 disabled:opacity-50 disabled:cursor-not-allowed hover:bg-gray-100 dark:hover:bg-gray-800 text-gray-600 dark:text-gray-400 hover:text-gray-900 dark:hover:text-gray-100 focus:ring-gray-500 px-4 py-2 text-sm w-full justify-start font-normal"[39m
            [33mtitle[39m=[32m"Parse concepts from markdown files"[39m
            [33mtype[39m=[32m"button"[39m
          [36m>[39m
            [36m<svg[39m
              [33maria-hidden[39m=[32m"true"[39m
              [33mclass[39m=[32m"mr-2 h-4 w-4"[39m
              [33mdata-slot[39m=[32m"icon"[39m
              [33mfill[39m=[32m"none"[39m
              [33mstroke[39m=[32m"currentColor"[39m
              [33mstroke-width[39m=[32m"1.5"[39m
              [33mviewBox[39m=[32m"0 0 24 24"[39m
              [33mxmlns[39m=[32m"http://www.w3.org/2000/svg"[39m
            [36m>[39m
              [36m<path[39m
                [33md[39m=[32m"m21 21-5.197-5.197m0 0A7.5 7.5 0 1 0 5.196 5.196a7.5 7.5 0 0 0 10.607 10.607Z"[39m
                [33mstroke-linecap[39m=[32m"round"[39m
                [33mstroke-linejoin[39m=[32m"round"[39m
              [36m/>[39m
            [36m</svg>[39m
            [0mDiscovery[0m
          [36m</button>[39m
          [36m<button[39m
            [33mclass[39m=[32m"inline-flex items-center rounded-lg transition-colors duration-200 focus:outline-none focus:ring-2 focus:ring-offset-2 dark:focus:ring-offset-gray-900 disabled:opacity-50 disabled:cursor-not-allowed hover:bg-gray-100 dark:hover:bg-gray-800 text-gray-600 dark:text-gray-400 hover:text-gray-900 dark:hover:text-gray-100 focus:ring-gray-500 px-4 py-2 text-sm w-full justify-start font-normal"[39m
            [33mtitle[39m=[32m"Configure the application"[39m
            [33mtype[39m=[32m"button"[39m
          [36m>[39m
            [36m<svg[39m
              [33maria-hidden[39m=[32m"true"[39m
              [33mclass[39m=[32m"mr-2 h-4 w-4"[39m
              [33mdata-slot[39m=[32m"icon"[39m
              [33mfill[39m=[32m"none"[39m
              [33mstroke[39m=[32m"currentColor"[39m
              [33mstroke-width[39m=[32m"1.5"[39m
              [33mviewBox[39m=[32m"0 0 24 24"[39m
              [33mxmlns[39m=[32m"http://www.w3.org/2000/svg"[39m
            [36m>[39m
              [36m<path[39m
                [33md[39m=[32m"M4.5 12a7.5 7.5 0 0 0 15 0m-15 0a7.5 7.5 0 1 1 15 0m-15 0H3m16.5 0H21m-1.5 0H12m-8.457 3.077 1.41-.513m14.095-5.13 1.41-.513M5.106 17.785l1.15-.964m11.49-9.642 1.149-.964M7.501 19.795l.75-1.3m7.5-12.99.75-1.3m-6.063 16.658.26-1.477m2.605-14.772.26-1.477m0 17.726-.26-1.477M10.698 4.614l-.26-1.477M16.5 19.794l-.75-1.299M7.5 4.205 12 12m6.894 5.785-1.149-.964M6.256 7.178l-1.15-.964m15.352 8.864-1.41-.513M4.954 9.435l-1.41-.514M12.002 12l-3.75 6.495"[39m
                [33mstroke-linecap[39m=[32m"round"[39m
                [33mstroke-linejoin[39m=[32m"round"[39m
              [36m/>[39m
            [36m</svg>[39m
            [0mSettings[0m
          [36m</button>[39m
        [36m</div>[39m
        [36m<div[39m
          [33maria-orientation[39m=[32m"horizontal"[39m
          [33mclass[39m=[32m"shrink-0 bg-gray-200 dark:bg-gray-700 h-[1px] w-full"[39m
          [33mrole[39m=[32m"separator"[39m
        [36m/>[39m
        [36m<div[39m
          [33mclass[39m=[32m"flex items-center justify-between px-2"[39m
        [36m>[39m
          [36m<div[39m
            [33mclass[39m=[32m"text-xs font-medium text-gray-500 dark:text-gray-400 uppercase"[39m
          [36m>[39m
            [0mConversations[0m
          [36m</div>[39m
          [36m<button[39m
            [33maria-current[39m=[32m"true"[39m
            [33mclass[39m=[32m"inline-flex items-center justify-center font-medium rounded-lg transition-colors duration-200 focus:outline-none focus:ring-2 focus:ring-offset-2 dark:focus:ring-offset-gray-900 disabled:opacity-50 disabled:cursor-not-allowed hover:bg-gray-100 dark:hover:bg-gray-800 text-gray-600 dark:text-gray-400 hover:text-gray-900 dark:hover:text-gray-100 focus:ring-gray-500 py-1.5 text-sm h-7 px-2"[39m
            [33mdata-active[39m=[32m"true"[39m
            [33mtype[39m=[32m"button"[39m
          [36m>[39m
            [36m<svg[39m
              [33maria-hidden[39m=[32m"true"[39m
              [33mclass[39m=[32m"h-4 w-4"[39m
              [33mdata-slot[39m=[32m"icon"[39m
              [33mfill[39m=[32m"none"[39m
              [33mstroke[39m=[32m"currentColor"[39m
              [33mstroke-width[39m=[32m"1.5"[39m
              [33mviewBox[39m=[32m"0 0 24 24"[39m
              [33mxmlns[39m=[32m"http://www.w3.org/2000/svg"[39m
            [36m>[39m
              [36m<path[39m
                [33md[39m=[32m"M12 4.5v15m7.5-7.5h-15"[39m
                [33mstroke-linecap[39m=[32m"round"[39m
                [33mstroke-linejoin[39m=[32m"round"[39m
              [36m/>[39m
            [36m</svg>[39m
          [36m</button>[39m
        [36m</div>[39m
        [36m<div[39m
          [33mclass[39m=[32m"flex-1 overflow-y-auto"[39m
        [36m/>[39m
      [36m</div>[39m
    [36m</aside>[39m
  [36m</div>[39m
[36m</body>[39m
[90m [2m❯[22m Object.getElementError node_modules/@testing-library/dom/dist/config.js:[2m37:19[22m[39m
[90m [2m❯[22m node_modules/@testing-library/dom/dist/query-helpers.js:[2m76:38[22m[39m
[90m [2m❯[22m node_modules/@testing-library/dom/dist/query-helpers.js:[2m52:17[22m[39m
[90m [2m❯[22m node_modules/@testing-library/dom/dist/query-helpers.js:[2m95:19[22m[39m
[36m [2m❯[22m src/renderer/widgets/layout/__tests__/SessionList.test.tsx:[2m57:21[22m[39m
    [90m 55| [39m      [34mrenderWithServices[39m([33m<[39m[33mThreadListSidebar[39m [33mopen[39m[33m=[39m[33m{[39m[35mtrue[39m[33m}[39m [33m/[39m[33m>[39m)[33m;[39m
    [90m 56| [39m
    [90m 57| [39m      [34mexpect[39m(screen[33m.[39m[34mgetByTestId[39m([32m'separator'[39m))[33m.[39m[34mtoBeInTheDocument[39m()[33m;[39m
    [90m   | [39m                    [31m^[39m
    [90m 58| [39m    })[33m;[39m
    [90m 59| [39m  })[33m;[39m

[31m[2m⎯⎯⎯⎯⎯⎯⎯⎯⎯⎯⎯⎯⎯⎯⎯⎯⎯⎯⎯⎯⎯[75/114]⎯[22m[39m

[41m[1m FAIL [22m[49m [30m[46m renderer-thread [49m[39m src/renderer/widgets/layout/__tests__/SessionList.test.tsx[2m > [22mThreadListSidebar[2m > [22mKnowledge Navigation[2m > [22mshould navigate to knowledge map when Knowledge Map is clicked
[31m[1mAssertionError[22m: expected "vi.fn()" to be called with arguments: [ 'knowledge-map' ][90m

Number of calls: [1m0[22m
[31m[39m
[36m [2m❯[22m src/renderer/widgets/layout/__tests__/SessionList.test.tsx:[2m76:34[22m[39m
    [90m 74| [39m      fireEvent[33m.[39m[34mclick[39m(knowledgeMapButton)[33m;[39m
    [90m 75| [39m
    [90m 76| [39m      [34mexpect[39m(mockSetCurrentView)[33m.[39m[34mtoHaveBeenCalledWith[39m([32m'knowledge-map'[39m)[33m;[39m
    [90m   | [39m                                 [31m^[39m
    [90m 77| [39m    })[33m;[39m
    [90m 78| [39m

[31m[2m⎯⎯⎯⎯⎯⎯⎯⎯⎯⎯⎯⎯⎯⎯⎯⎯⎯⎯⎯⎯⎯[76/114]⎯[22m[39m

[41m[1m FAIL [22m[49m [30m[46m renderer-thread [49m[39m src/renderer/widgets/layout/__tests__/SessionList.test.tsx[2m > [22mThreadListSidebar[2m > [22mKnowledge Navigation[2m > [22mshould navigate to progress when Dashboard is clicked
[31m[1mAssertionError[22m: expected "vi.fn()" to be called with arguments: [ 'progress' ][90m

Number of calls: [1m0[22m
[31m[39m
[36m [2m❯[22m src/renderer/widgets/layout/__tests__/SessionList.test.tsx:[2m93:34[22m[39m
    [90m 91| [39m      fireEvent[33m.[39m[34mclick[39m(dashboardButton)[33m;[39m
    [90m 92| [39m
    [90m 93| [39m      [34mexpect[39m(mockSetCurrentView)[33m.[39m[34mtoHaveBeenCalledWith[39m([32m'progress'[39m)[33m;[39m
    [90m   | [39m                                 [31m^[39m
    [90m 94| [39m    })[33m;[39m
    [90m 95| [39m

[31m[2m⎯⎯⎯⎯⎯⎯⎯⎯⎯⎯⎯⎯⎯⎯⎯⎯⎯⎯⎯⎯⎯[77/114]⎯[22m[39m

[41m[1m FAIL [22m[49m [30m[46m renderer-thread [49m[39m src/renderer/widgets/layout/__tests__/SessionList.test.tsx[2m > [22mThreadListSidebar[2m > [22mKnowledge Navigation[2m > [22mshould navigate to discovery when Discovery is clicked
[31m[1mAssertionError[22m: expected "vi.fn()" to be called with arguments: [ 'discovery' ][90m

Number of calls: [1m0[22m
[31m[39m
[36m [2m❯[22m src/renderer/widgets/layout/__tests__/SessionList.test.tsx:[2m110:34[22m[39m
    [90m108| [39m      fireEvent[33m.[39m[34mclick[39m(discoveryButton)[33m;[39m
    [90m109| [39m
    [90m110| [39m      [34mexpect[39m(mockSetCurrentView)[33m.[39m[34mtoHaveBeenCalledWith[39m([32m'discovery'[39m)[33m;[39m
    [90m   | [39m                                 [31m^[39m
    [90m111| [39m    })[33m;[39m
    [90m112| [39m

[31m[2m⎯⎯⎯⎯⎯⎯⎯⎯⎯⎯⎯⎯⎯⎯⎯⎯⎯⎯⎯⎯⎯[78/114]⎯[22m[39m

[41m[1m FAIL [22m[49m [30m[46m renderer-thread [49m[39m src/renderer/widgets/layout/__tests__/SessionList.test.tsx[2m > [22mThreadListSidebar[2m > [22mKnowledge Navigation[2m > [22mshould navigate to settings when Settings is clicked
[31m[1mAssertionError[22m: expected "vi.fn()" to be called with arguments: [ 'settings' ][90m

Number of calls: [1m0[22m
[31m[39m
[36m [2m❯[22m src/renderer/widgets/layout/__tests__/SessionList.test.tsx:[2m127:34[22m[39m
    [90m125| [39m      fireEvent[33m.[39m[34mclick[39m(settingsButton)[33m;[39m
    [90m126| [39m
    [90m127| [39m      [34mexpect[39m(mockSetCurrentView)[33m.[39m[34mtoHaveBeenCalledWith[39m([32m'settings'[39m)[33m;[39m
    [90m   | [39m                                 [31m^[39m
    [90m128| [39m    })[33m;[39m
    [90m129| [39m  })[33m;[39m

[31m[2m⎯⎯⎯⎯⎯⎯⎯⎯⎯⎯⎯⎯⎯⎯⎯⎯⎯⎯⎯⎯⎯[79/114]⎯[22m[39m

[41m[1m FAIL [22m[49m [30m[46m renderer-thread [49m[39m src/renderer/widgets/layout/__tests__/SessionList.test.tsx[2m > [22mThreadListSidebar[2m > [22mAssistant UI Integration[2m > [22mshould render ThreadListPrimitive.Root with correct structure
[31m[1mTestingLibraryElementError[22m[39m: Unable to find an element by: [data-testid="thread-list-root"]

Ignored nodes: comments, script, style
[36m<body>[39m
  [36m<div>[39m
    [36m<aside[39m
      [33mclass[39m=[32m"w-64 bg-white dark:bg-gray-800 border-r border-gray-200 dark:border-gray-700 flex flex-col h-full"[39m
    [36m>[39m
      [36m<div[39m
        [33mclass[39m=[32m"flex h-full flex-col gap-2 p-2 overflow-hidden"[39m
      [36m>[39m
        [36m<div[39m
          [33mclass[39m=[32m"flex flex-col gap-1"[39m
        [36m>[39m
          [36m<div[39m
            [33mclass[39m=[32m"px-2 py-1 text-xs font-medium text-gray-500 dark:text-gray-400 uppercase"[39m
          [36m>[39m
            [0mKnowledge[0m
          [36m</div>[39m
          [36m<button[39m
            [33mclass[39m=[32m"inline-flex items-center rounded-lg transition-colors duration-200 focus:outline-none focus:ring-2 focus:ring-offset-2 dark:focus:ring-offset-gray-900 disabled:opacity-50 disabled:cursor-not-allowed hover:bg-gray-100 dark:hover:bg-gray-800 text-gray-600 dark:text-gray-400 hover:text-gray-900 dark:hover:text-gray-100 focus:ring-gray-500 px-4 py-2 text-sm w-full justify-start font-normal"[39m
            [33mtitle[39m=[32m"Visual knowledge graph view"[39m
            [33mtype[39m=[32m"button"[39m
          [36m>[39m
            [36m<svg[39m
              [33maria-hidden[39m=[32m"true"[39m
              [33mclass[39m=[32m"mr-2 h-4 w-4"[39m
              [33mdata-slot[39m=[32m"icon"[39m
              [33mfill[39m=[32m"none"[39m
              [33mstroke[39m=[32m"currentColor"[39m
              [33mstroke-width[39m=[32m"1.5"[39m
              [33mviewBox[39m=[32m"0 0 24 24"[39m
              [33mxmlns[39m=[32m"http://www.w3.org/2000/svg"[39m
            [36m>[39m
              [36m<path[39m
                [33md[39m=[32m"M9 6.75V15m6-6v8.25m.503 3.498 4.875-2.437c.381-.19.622-.58.622-1.006V4.82c0-.836-.88-1.38-1.628-1.006l-3.869 1.934c-.317.159-.69.159-1.006 0L9.503 3.252a1.125 1.125 0 0 0-1.006 0L3.622 5.689C3.24 5.88 3 6.27 3 6.695V19.18c0 .836.88 1.38 1.628 1.006l3.869-1.934c.317-.159.69-.159 1.006 0l4.994 2.497c.317.158.69.158 1.006 0Z"[39m
                [33mstroke-linecap[39m=[32m"round"[39m
                [33mstroke-linejoin[39m=[32m"round"[39m
              [36m/>[39m
            [36m</svg>[39m
            [0mKnowledge Map[0m
          [36m</button>[39m
          [36m<button[39m
            [33mclass[39m=[32m"inline-flex items-center rounded-lg transition-colors duration-200 focus:outline-none focus:ring-2 focus:ring-offset-2 dark:focus:ring-offset-gray-900 disabled:opacity-50 disabled:cursor-not-allowed hover:bg-gray-100 dark:hover:bg-gray-800 text-gray-600 dark:text-gray-400 hover:text-gray-900 dark:hover:text-gray-100 focus:ring-gray-500 px-4 py-2 text-sm w-full justify-start font-normal"[39m
            [33mtitle[39m=[32m"Learning progress and analytics"[39m
            [33mtype[39m=[32m"button"[39m
          [36m>[39m
            [36m<svg[39m
              [33maria-hidden[39m=[32m"true"[39m
              [33mclass[39m=[32m"mr-2 h-4 w-4"[39m
              [33mdata-slot[39m=[32m"icon"[39m
              [33mfill[39m=[32m"none"[39m
              [33mstroke[39m=[32m"currentColor"[39m
              [33mstroke-width[39m=[32m"1.5"[39m
              [33mviewBox[39m=[32m"0 0 24 24"[39m
              [33mxmlns[39m=[32m"http://www.w3.org/2000/svg"[39m
            [36m>[39m
              [36m<path[39m
                [33md[39m=[32m"M3 13.125C3 12.504 3.504 12 4.125 12h2.25c.621 0 1.125.504 1.125 1.125v6.75C7.5 20.496 6.996 21 6.375 21h-2.25A1.125 1.125 0 0 1 3 19.875v-6.75ZM9.75 8.625c0-.621.504-1.125 1.125-1.125h2.25c.621 0 1.125.504 1.125 1.125v11.25c0 .621-.504 1.125-1.125 1.125h-2.25a1.125 1.125 0 0 1-1.125-1.125V8.625ZM16.5 4.125c0-.621.504-1.125 1.125-1.125h2.25C20.496 3 21 3.504 21 4.125v15.75c0 .621-.504 1.125-1.125 1.125h-2.25a1.125 1.125 0 0 1-1.125-1.125V4.125Z"[39m
                [33mstroke-linecap[39m=[32m"round"[39m
                [33mstroke-linejoin[39m=[32m"round"[39m
              [36m/>[39m
            [36m</svg>[39m
            [0mDashboard[0m
          [36m</button>[39m
          [36m<button[39m
            [33mclass[39m=[32m"inline-flex items-center rounded-lg transition-colors duration-200 focus:outline-none focus:ring-2 focus:ring-offset-2 dark:focus:ring-offset-gray-900 disabled:opacity-50 disabled:cursor-not-allowed hover:bg-gray-100 dark:hover:bg-gray-800 text-gray-600 dark:text-gray-400 hover:text-gray-900 dark:hover:text-gray-100 focus:ring-gray-500 px-4 py-2 text-sm w-full justify-start font-normal"[39m
            [33mtitle[39m=[32m"Parse concepts from markdown files"[39m
            [33mtype[39m=[32m"button"[39m
          [36m>[39m
            [36m<svg[39m
              [33maria-hidden[39m=[32m"true"[39m
              [33mclass[39m=[32m"mr-2 h-4 w-4"[39m
              [33mdata-slot[39m=[32m"icon"[39m
              [33mfill[39m=[32m"none"[39m
              [33mstroke[39m=[32m"currentColor"[39m
              [33mstroke-width[39m=[32m"1.5"[39m
              [33mviewBox[39m=[32m"0 0 24 24"[39m
              [33mxmlns[39m=[32m"http://www.w3.org/2000/svg"[39m
            [36m>[39m
              [36m<path[39m
                [33md[39m=[32m"m21 21-5.197-5.197m0 0A7.5 7.5 0 1 0 5.196 5.196a7.5 7.5 0 0 0 10.607 10.607Z"[39m
                [33mstroke-linecap[39m=[32m"round"[39m
                [33mstroke-linejoin[39m=[32m"round"[39m
              [36m/>[39m
            [36m</svg>[39m
            [0mDiscovery[0m
          [36m</button>[39m
          [36m<button[39m
            [33mclass[39m=[32m"inline-flex items-center rounded-lg transition-colors duration-200 focus:outline-none focus:ring-2 focus:ring-offset-2 dark:focus:ring-offset-gray-900 disabled:opacity-50 disabled:cursor-not-allowed hover:bg-gray-100 dark:hover:bg-gray-800 text-gray-600 dark:text-gray-400 hover:text-gray-900 dark:hover:text-gray-100 focus:ring-gray-500 px-4 py-2 text-sm w-full justify-start font-normal"[39m
            [33mtitle[39m=[32m"Configure the application"[39m
            [33mtype[39m=[32m"button"[39m
          [36m>[39m
            [36m<svg[39m
              [33maria-hidden[39m=[32m"true"[39m
              [33mclass[39m=[32m"mr-2 h-4 w-4"[39m
              [33mdata-slot[39m=[32m"icon"[39m
              [33mfill[39m=[32m"none"[39m
              [33mstroke[39m=[32m"currentColor"[39m
              [33mstroke-width[39m=[32m"1.5"[39m
              [33mviewBox[39m=[32m"0 0 24 24"[39m
              [33mxmlns[39m=[32m"http://www.w3.org/2000/svg"[39m
            [36m>[39m
              [36m<path[39m
                [33md[39m=[32m"M4.5 12a7.5 7.5 0 0 0 15 0m-15 0a7.5 7.5 0 1 1 15 0m-15 0H3m16.5 0H21m-1.5 0H12m-8.457 3.077 1.41-.513m14.095-5.13 1.41-.513M5.106 17.785l1.15-.964m11.49-9.642 1.149-.964M7.501 19.795l.75-1.3m7.5-12.99.75-1.3m-6.063 16.658.26-1.477m2.605-14.772.26-1.477m0 17.726-.26-1.477M10.698 4.614l-.26-1.477M16.5 19.794l-.75-1.299M7.5 4.205 12 12m6.894 5.785-1.149-.964M6.256 7.178l-1.15-.964m15.352 8.864-1.41-.513M4.954 9.435l-1.41-.514M12.002 12l-3.75 6.495"[39m
                [33mstroke-linecap[39m=[32m"round"[39m
                [33mstroke-linejoin[39m=[32m"round"[39m
              [36m/>[39m
            [36m</svg>[39m
            [0mSettings[0m
          [36m</button>[39m
        [36m</div>[39m
        [36m<div[39m
          [33maria-orientation[39m=[32m"horizontal"[39m
          [33mclass[39m=[32m"shrink-0 bg-gray-200 dark:bg-gray-700 h-[1px] w-full"[39m
          [33mrole[39m=[32m"separator"[39m
        [36m/>[39m
        [36m<div[39m
          [33mclass[39m=[32m"flex items-center justify-between px-2"[39m
        [36m>[39m
          [36m<div[39m
            [33mclass[39m=[32m"text-xs font-medium text-gray-500 dark:text-gray-400 uppercase"[39m
          [36m>[39m
            [0mConversations[0m
          [36m</div>[39m
          [36m<button[39m
            [33maria-current[39m=[32m"true"[39m
            [33mclass[39m=[32m"inline-flex items-center justify-center font-medium rounded-lg transition-colors duration-200 focus:outline-none focus:ring-2 focus:ring-offset-2 dark:focus:ring-offset-gray-900 disabled:opacity-50 disabled:cursor-not-allowed hover:bg-gray-100 dark:hover:bg-gray-800 text-gray-600 dark:text-gray-400 hover:text-gray-900 dark:hover:text-gray-100 focus:ring-gray-500 py-1.5 text-sm h-7 px-2"[39m
            [33mdata-active[39m=[32m"true"[39m
            [33mtype[39m=[32m"button"[39m
          [36m>[39m
            [36m<svg[39m
              [33maria-hidden[39m=[32m"true"[39m
              [33mclass[39m=[32m"h-4 w-4"[39m
              [33mdata-slot[39m=[32m"icon"[39m
              [33mfill[39m=[32m"none"[39m
              [33mstroke[39m=[32m"currentColor"[39m
              [33mstroke-width[39m=[32m"1.5"[39m
              [33mviewBox[39m=[32m"0 0 24 24"[39m
              [33mxmlns[39m=[32m"http://www.w3.org/2000/svg"[39m
            [36m>[39m
              [36m<path[39m
                [33md[39m=[32m"M12 4.5v15m7.5-7.5h-15"[39m
                [33mstroke-linecap[39m=[32m"round"[39m
                [33mstroke-linejoin[39m=[32m"round"[39m
              [36m/>[39m
            [36m</svg>[39m
          [36m</button>[39m
        [36m</div>[39m
        [36m<div[39m
          [33mclass[39m=[32m"flex-1 overflow-y-auto"[39m
        [36m/>[39m
      [36m</div>[39m
    [36m</aside>[39m
  [36m</div>[39m
[36m</body>[39m
[90m [2m❯[22m Object.getElementError node_modules/@testing-library/dom/dist/config.js:[2m37:19[22m[39m
[90m [2m❯[22m node_modules/@testing-library/dom/dist/query-helpers.js:[2m76:38[22m[39m
[90m [2m❯[22m node_modules/@testing-library/dom/dist/query-helpers.js:[2m52:17[22m[39m
[90m [2m❯[22m node_modules/@testing-library/dom/dist/query-helpers.js:[2m95:19[22m[39m
[36m [2m❯[22m src/renderer/widgets/layout/__tests__/SessionList.test.tsx:[2m135:21[22m[39m
    [90m133| [39m      [34mrenderWithServices[39m([33m<[39m[33mThreadListSidebar[39m [33mopen[39m[33m=[39m[33m{[39m[35mtrue[39m[33m}[39m [33m/[39m[33m>[39m)[33m;[39m
    [90m134| [39m
    [90m135| [39m      expect(screen.getByTestId('thread-list-root')).toBeInTheDocument…
    [90m   | [39m                    [31m^[39m
    [90m136| [39m    })[33m;[39m
    [90m137| [39m

[31m[2m⎯⎯⎯⎯⎯⎯⎯⎯⎯⎯⎯⎯⎯⎯⎯⎯⎯⎯⎯⎯⎯[80/114]⎯[22m[39m

[41m[1m FAIL [22m[49m [30m[46m renderer-thread [49m[39m src/renderer/widgets/layout/__tests__/SessionList.test.tsx[2m > [22mThreadListSidebar[2m > [22mAssistant UI Integration[2m > [22mshould render ThreadListPrimitive.New for new conversations
[31m[1mTestingLibraryElementError[22m[39m: Unable to find an element by: [data-testid="new-thread-button"]

Ignored nodes: comments, script, style
[36m<body>[39m
  [36m<div>[39m
    [36m<aside[39m
      [33mclass[39m=[32m"w-64 bg-white dark:bg-gray-800 border-r border-gray-200 dark:border-gray-700 flex flex-col h-full"[39m
    [36m>[39m
      [36m<div[39m
        [33mclass[39m=[32m"flex h-full flex-col gap-2 p-2 overflow-hidden"[39m
      [36m>[39m
        [36m<div[39m
          [33mclass[39m=[32m"flex flex-col gap-1"[39m
        [36m>[39m
          [36m<div[39m
            [33mclass[39m=[32m"px-2 py-1 text-xs font-medium text-gray-500 dark:text-gray-400 uppercase"[39m
          [36m>[39m
            [0mKnowledge[0m
          [36m</div>[39m
          [36m<button[39m
            [33mclass[39m=[32m"inline-flex items-center rounded-lg transition-colors duration-200 focus:outline-none focus:ring-2 focus:ring-offset-2 dark:focus:ring-offset-gray-900 disabled:opacity-50 disabled:cursor-not-allowed hover:bg-gray-100 dark:hover:bg-gray-800 text-gray-600 dark:text-gray-400 hover:text-gray-900 dark:hover:text-gray-100 focus:ring-gray-500 px-4 py-2 text-sm w-full justify-start font-normal"[39m
            [33mtitle[39m=[32m"Visual knowledge graph view"[39m
            [33mtype[39m=[32m"button"[39m
          [36m>[39m
            [36m<svg[39m
              [33maria-hidden[39m=[32m"true"[39m
              [33mclass[39m=[32m"mr-2 h-4 w-4"[39m
              [33mdata-slot[39m=[32m"icon"[39m
              [33mfill[39m=[32m"none"[39m
              [33mstroke[39m=[32m"currentColor"[39m
              [33mstroke-width[39m=[32m"1.5"[39m
              [33mviewBox[39m=[32m"0 0 24 24"[39m
              [33mxmlns[39m=[32m"http://www.w3.org/2000/svg"[39m
            [36m>[39m
              [36m<path[39m
                [33md[39m=[32m"M9 6.75V15m6-6v8.25m.503 3.498 4.875-2.437c.381-.19.622-.58.622-1.006V4.82c0-.836-.88-1.38-1.628-1.006l-3.869 1.934c-.317.159-.69.159-1.006 0L9.503 3.252a1.125 1.125 0 0 0-1.006 0L3.622 5.689C3.24 5.88 3 6.27 3 6.695V19.18c0 .836.88 1.38 1.628 1.006l3.869-1.934c.317-.159.69-.159 1.006 0l4.994 2.497c.317.158.69.158 1.006 0Z"[39m
                [33mstroke-linecap[39m=[32m"round"[39m
                [33mstroke-linejoin[39m=[32m"round"[39m
              [36m/>[39m
            [36m</svg>[39m
            [0mKnowledge Map[0m
          [36m</button>[39m
          [36m<button[39m
            [33mclass[39m=[32m"inline-flex items-center rounded-lg transition-colors duration-200 focus:outline-none focus:ring-2 focus:ring-offset-2 dark:focus:ring-offset-gray-900 disabled:opacity-50 disabled:cursor-not-allowed hover:bg-gray-100 dark:hover:bg-gray-800 text-gray-600 dark:text-gray-400 hover:text-gray-900 dark:hover:text-gray-100 focus:ring-gray-500 px-4 py-2 text-sm w-full justify-start font-normal"[39m
            [33mtitle[39m=[32m"Learning progress and analytics"[39m
            [33mtype[39m=[32m"button"[39m
          [36m>[39m
            [36m<svg[39m
              [33maria-hidden[39m=[32m"true"[39m
              [33mclass[39m=[32m"mr-2 h-4 w-4"[39m
              [33mdata-slot[39m=[32m"icon"[39m
              [33mfill[39m=[32m"none"[39m
              [33mstroke[39m=[32m"currentColor"[39m
              [33mstroke-width[39m=[32m"1.5"[39m
              [33mviewBox[39m=[32m"0 0 24 24"[39m
              [33mxmlns[39m=[32m"http://www.w3.org/2000/svg"[39m
            [36m>[39m
              [36m<path[39m
                [33md[39m=[32m"M3 13.125C3 12.504 3.504 12 4.125 12h2.25c.621 0 1.125.504 1.125 1.125v6.75C7.5 20.496 6.996 21 6.375 21h-2.25A1.125 1.125 0 0 1 3 19.875v-6.75ZM9.75 8.625c0-.621.504-1.125 1.125-1.125h2.25c.621 0 1.125.504 1.125 1.125v11.25c0 .621-.504 1.125-1.125 1.125h-2.25a1.125 1.125 0 0 1-1.125-1.125V8.625ZM16.5 4.125c0-.621.504-1.125 1.125-1.125h2.25C20.496 3 21 3.504 21 4.125v15.75c0 .621-.504 1.125-1.125 1.125h-2.25a1.125 1.125 0 0 1-1.125-1.125V4.125Z"[39m
                [33mstroke-linecap[39m=[32m"round"[39m
                [33mstroke-linejoin[39m=[32m"round"[39m
              [36m/>[39m
            [36m</svg>[39m
            [0mDashboard[0m
          [36m</button>[39m
          [36m<button[39m
            [33mclass[39m=[32m"inline-flex items-center rounded-lg transition-colors duration-200 focus:outline-none focus:ring-2 focus:ring-offset-2 dark:focus:ring-offset-gray-900 disabled:opacity-50 disabled:cursor-not-allowed hover:bg-gray-100 dark:hover:bg-gray-800 text-gray-600 dark:text-gray-400 hover:text-gray-900 dark:hover:text-gray-100 focus:ring-gray-500 px-4 py-2 text-sm w-full justify-start font-normal"[39m
            [33mtitle[39m=[32m"Parse concepts from markdown files"[39m
            [33mtype[39m=[32m"button"[39m
          [36m>[39m
            [36m<svg[39m
              [33maria-hidden[39m=[32m"true"[39m
              [33mclass[39m=[32m"mr-2 h-4 w-4"[39m
              [33mdata-slot[39m=[32m"icon"[39m
              [33mfill[39m=[32m"none"[39m
              [33mstroke[39m=[32m"currentColor"[39m
              [33mstroke-width[39m=[32m"1.5"[39m
              [33mviewBox[39m=[32m"0 0 24 24"[39m
              [33mxmlns[39m=[32m"http://www.w3.org/2000/svg"[39m
            [36m>[39m
              [36m<path[39m
                [33md[39m=[32m"m21 21-5.197-5.197m0 0A7.5 7.5 0 1 0 5.196 5.196a7.5 7.5 0 0 0 10.607 10.607Z"[39m
                [33mstroke-linecap[39m=[32m"round"[39m
                [33mstroke-linejoin[39m=[32m"round"[39m
              [36m/>[39m
            [36m</svg>[39m
            [0mDiscovery[0m
          [36m</button>[39m
          [36m<button[39m
            [33mclass[39m=[32m"inline-flex items-center rounded-lg transition-colors duration-200 focus:outline-none focus:ring-2 focus:ring-offset-2 dark:focus:ring-offset-gray-900 disabled:opacity-50 disabled:cursor-not-allowed hover:bg-gray-100 dark:hover:bg-gray-800 text-gray-600 dark:text-gray-400 hover:text-gray-900 dark:hover:text-gray-100 focus:ring-gray-500 px-4 py-2 text-sm w-full justify-start font-normal"[39m
            [33mtitle[39m=[32m"Configure the application"[39m
            [33mtype[39m=[32m"button"[39m
          [36m>[39m
            [36m<svg[39m
              [33maria-hidden[39m=[32m"true"[39m
              [33mclass[39m=[32m"mr-2 h-4 w-4"[39m
              [33mdata-slot[39m=[32m"icon"[39m
              [33mfill[39m=[32m"none"[39m
              [33mstroke[39m=[32m"currentColor"[39m
              [33mstroke-width[39m=[32m"1.5"[39m
              [33mviewBox[39m=[32m"0 0 24 24"[39m
              [33mxmlns[39m=[32m"http://www.w3.org/2000/svg"[39m
            [36m>[39m
              [36m<path[39m
                [33md[39m=[32m"M4.5 12a7.5 7.5 0 0 0 15 0m-15 0a7.5 7.5 0 1 1 15 0m-15 0H3m16.5 0H21m-1.5 0H12m-8.457 3.077 1.41-.513m14.095-5.13 1.41-.513M5.106 17.785l1.15-.964m11.49-9.642 1.149-.964M7.501 19.795l.75-1.3m7.5-12.99.75-1.3m-6.063 16.658.26-1.477m2.605-14.772.26-1.477m0 17.726-.26-1.477M10.698 4.614l-.26-1.477M16.5 19.794l-.75-1.299M7.5 4.205 12 12m6.894 5.785-1.149-.964M6.256 7.178l-1.15-.964m15.352 8.864-1.41-.513M4.954 9.435l-1.41-.514M12.002 12l-3.75 6.495"[39m
                [33mstroke-linecap[39m=[32m"round"[39m
                [33mstroke-linejoin[39m=[32m"round"[39m
              [36m/>[39m
            [36m</svg>[39m
            [0mSettings[0m
          [36m</button>[39m
        [36m</div>[39m
        [36m<div[39m
          [33maria-orientation[39m=[32m"horizontal"[39m
          [33mclass[39m=[32m"shrink-0 bg-gray-200 dark:bg-gray-700 h-[1px] w-full"[39m
          [33mrole[39m=[32m"separator"[39m
        [36m/>[39m
        [36m<div[39m
          [33mclass[39m=[32m"flex items-center justify-between px-2"[39m
        [36m>[39m
          [36m<div[39m
            [33mclass[39m=[32m"text-xs font-medium text-gray-500 dark:text-gray-400 uppercase"[39m
          [36m>[39m
            [0mConversations[0m
          [36m</div>[39m
          [36m<button[39m
            [33maria-current[39m=[32m"true"[39m
            [33mclass[39m=[32m"inline-flex items-center justify-center font-medium rounded-lg transition-colors duration-200 focus:outline-none focus:ring-2 focus:ring-offset-2 dark:focus:ring-offset-gray-900 disabled:opacity-50 disabled:cursor-not-allowed hover:bg-gray-100 dark:hover:bg-gray-800 text-gray-600 dark:text-gray-400 hover:text-gray-900 dark:hover:text-gray-100 focus:ring-gray-500 py-1.5 text-sm h-7 px-2"[39m
            [33mdata-active[39m=[32m"true"[39m
            [33mtype[39m=[32m"button"[39m
          [36m>[39m
            [36m<svg[39m
              [33maria-hidden[39m=[32m"true"[39m
              [33mclass[39m=[32m"h-4 w-4"[39m
              [33mdata-slot[39m=[32m"icon"[39m
              [33mfill[39m=[32m"none"[39m
              [33mstroke[39m=[32m"currentColor"[39m
              [33mstroke-width[39m=[32m"1.5"[39m
              [33mviewBox[39m=[32m"0 0 24 24"[39m
              [33mxmlns[39m=[32m"http://www.w3.org/2000/svg"[39m
            [36m>[39m
              [36m<path[39m
                [33md[39m=[32m"M12 4.5v15m7.5-7.5h-15"[39m
                [33mstroke-linecap[39m=[32m"round"[39m
                [33mstroke-linejoin[39m=[32m"round"[39m
              [36m/>[39m
            [36m</svg>[39m
          [36m</button>[39m
        [36m</div>[39m
        [36m<div[39m
          [33mclass[39m=[32m"flex-1 overflow-y-auto"[39m
        [36m/>[39m
      [36m</div>[39m
    [36m</aside>[39m
  [36m</div>[39m
[36m</body>[39m
[90m [2m❯[22m Object.getElementError node_modules/@testing-library/dom/dist/config.js:[2m37:19[22m[39m
[90m [2m❯[22m node_modules/@testing-library/dom/dist/query-helpers.js:[2m76:38[22m[39m
[90m [2m❯[22m node_modules/@testing-library/dom/dist/query-helpers.js:[2m52:17[22m[39m
[90m [2m❯[22m node_modules/@testing-library/dom/dist/query-helpers.js:[2m95:19[22m[39m
[36m [2m❯[22m src/renderer/widgets/layout/__tests__/SessionList.test.tsx:[2m141:21[22m[39m
    [90m139| [39m      [34mrenderWithServices[39m([33m<[39m[33mThreadListSidebar[39m [33mopen[39m[33m=[39m[33m{[39m[35mtrue[39m[33m}[39m [33m/[39m[33m>[39m)[33m;[39m
    [90m140| [39m
    [90m141| [39m      expect(screen.getByTestId('new-thread-button')).toBeInTheDocumen…
    [90m   | [39m                    [31m^[39m
    [90m142| [39m    })[33m;[39m
    [90m143| [39m

[31m[2m⎯⎯⎯⎯⎯⎯⎯⎯⎯⎯⎯⎯⎯⎯⎯⎯⎯⎯⎯⎯⎯[81/114]⎯[22m[39m

[41m[1m FAIL [22m[49m [30m[46m renderer-thread [49m[39m src/renderer/widgets/layout/__tests__/SessionList.test.tsx[2m > [22mThreadListSidebar[2m > [22mAssistant UI Integration[2m > [22mshould render ThreadListPrimitive.Items container
[31m[1mTestingLibraryElementError[22m[39m: Unable to find an element by: [data-testid="thread-items"]

Ignored nodes: comments, script, style
[36m<body>[39m
  [36m<div>[39m
    [36m<aside[39m
      [33mclass[39m=[32m"w-64 bg-white dark:bg-gray-800 border-r border-gray-200 dark:border-gray-700 flex flex-col h-full"[39m
    [36m>[39m
      [36m<div[39m
        [33mclass[39m=[32m"flex h-full flex-col gap-2 p-2 overflow-hidden"[39m
      [36m>[39m
        [36m<div[39m
          [33mclass[39m=[32m"flex flex-col gap-1"[39m
        [36m>[39m
          [36m<div[39m
            [33mclass[39m=[32m"px-2 py-1 text-xs font-medium text-gray-500 dark:text-gray-400 uppercase"[39m
          [36m>[39m
            [0mKnowledge[0m
          [36m</div>[39m
          [36m<button[39m
            [33mclass[39m=[32m"inline-flex items-center rounded-lg transition-colors duration-200 focus:outline-none focus:ring-2 focus:ring-offset-2 dark:focus:ring-offset-gray-900 disabled:opacity-50 disabled:cursor-not-allowed hover:bg-gray-100 dark:hover:bg-gray-800 text-gray-600 dark:text-gray-400 hover:text-gray-900 dark:hover:text-gray-100 focus:ring-gray-500 px-4 py-2 text-sm w-full justify-start font-normal"[39m
            [33mtitle[39m=[32m"Visual knowledge graph view"[39m
            [33mtype[39m=[32m"button"[39m
          [36m>[39m
            [36m<svg[39m
              [33maria-hidden[39m=[32m"true"[39m
              [33mclass[39m=[32m"mr-2 h-4 w-4"[39m
              [33mdata-slot[39m=[32m"icon"[39m
              [33mfill[39m=[32m"none"[39m
              [33mstroke[39m=[32m"currentColor"[39m
              [33mstroke-width[39m=[32m"1.5"[39m
              [33mviewBox[39m=[32m"0 0 24 24"[39m
              [33mxmlns[39m=[32m"http://www.w3.org/2000/svg"[39m
            [36m>[39m
              [36m<path[39m
                [33md[39m=[32m"M9 6.75V15m6-6v8.25m.503 3.498 4.875-2.437c.381-.19.622-.58.622-1.006V4.82c0-.836-.88-1.38-1.628-1.006l-3.869 1.934c-.317.159-.69.159-1.006 0L9.503 3.252a1.125 1.125 0 0 0-1.006 0L3.622 5.689C3.24 5.88 3 6.27 3 6.695V19.18c0 .836.88 1.38 1.628 1.006l3.869-1.934c.317-.159.69-.159 1.006 0l4.994 2.497c.317.158.69.158 1.006 0Z"[39m
                [33mstroke-linecap[39m=[32m"round"[39m
                [33mstroke-linejoin[39m=[32m"round"[39m
              [36m/>[39m
            [36m</svg>[39m
            [0mKnowledge Map[0m
          [36m</button>[39m
          [36m<button[39m
            [33mclass[39m=[32m"inline-flex items-center rounded-lg transition-colors duration-200 focus:outline-none focus:ring-2 focus:ring-offset-2 dark:focus:ring-offset-gray-900 disabled:opacity-50 disabled:cursor-not-allowed hover:bg-gray-100 dark:hover:bg-gray-800 text-gray-600 dark:text-gray-400 hover:text-gray-900 dark:hover:text-gray-100 focus:ring-gray-500 px-4 py-2 text-sm w-full justify-start font-normal"[39m
            [33mtitle[39m=[32m"Learning progress and analytics"[39m
            [33mtype[39m=[32m"button"[39m
          [36m>[39m
            [36m<svg[39m
              [33maria-hidden[39m=[32m"true"[39m
              [33mclass[39m=[32m"mr-2 h-4 w-4"[39m
              [33mdata-slot[39m=[32m"icon"[39m
              [33mfill[39m=[32m"none"[39m
              [33mstroke[39m=[32m"currentColor"[39m
              [33mstroke-width[39m=[32m"1.5"[39m
              [33mviewBox[39m=[32m"0 0 24 24"[39m
              [33mxmlns[39m=[32m"http://www.w3.org/2000/svg"[39m
            [36m>[39m
              [36m<path[39m
                [33md[39m=[32m"M3 13.125C3 12.504 3.504 12 4.125 12h2.25c.621 0 1.125.504 1.125 1.125v6.75C7.5 20.496 6.996 21 6.375 21h-2.25A1.125 1.125 0 0 1 3 19.875v-6.75ZM9.75 8.625c0-.621.504-1.125 1.125-1.125h2.25c.621 0 1.125.504 1.125 1.125v11.25c0 .621-.504 1.125-1.125 1.125h-2.25a1.125 1.125 0 0 1-1.125-1.125V8.625ZM16.5 4.125c0-.621.504-1.125 1.125-1.125h2.25C20.496 3 21 3.504 21 4.125v15.75c0 .621-.504 1.125-1.125 1.125h-2.25a1.125 1.125 0 0 1-1.125-1.125V4.125Z"[39m
                [33mstroke-linecap[39m=[32m"round"[39m
                [33mstroke-linejoin[39m=[32m"round"[39m
              [36m/>[39m
            [36m</svg>[39m
            [0mDashboard[0m
          [36m</button>[39m
          [36m<button[39m
            [33mclass[39m=[32m"inline-flex items-center rounded-lg transition-colors duration-200 focus:outline-none focus:ring-2 focus:ring-offset-2 dark:focus:ring-offset-gray-900 disabled:opacity-50 disabled:cursor-not-allowed hover:bg-gray-100 dark:hover:bg-gray-800 text-gray-600 dark:text-gray-400 hover:text-gray-900 dark:hover:text-gray-100 focus:ring-gray-500 px-4 py-2 text-sm w-full justify-start font-normal"[39m
            [33mtitle[39m=[32m"Parse concepts from markdown files"[39m
            [33mtype[39m=[32m"button"[39m
          [36m>[39m
            [36m<svg[39m
              [33maria-hidden[39m=[32m"true"[39m
              [33mclass[39m=[32m"mr-2 h-4 w-4"[39m
              [33mdata-slot[39m=[32m"icon"[39m
              [33mfill[39m=[32m"none"[39m
              [33mstroke[39m=[32m"currentColor"[39m
              [33mstroke-width[39m=[32m"1.5"[39m
              [33mviewBox[39m=[32m"0 0 24 24"[39m
              [33mxmlns[39m=[32m"http://www.w3.org/2000/svg"[39m
            [36m>[39m
              [36m<path[39m
                [33md[39m=[32m"m21 21-5.197-5.197m0 0A7.5 7.5 0 1 0 5.196 5.196a7.5 7.5 0 0 0 10.607 10.607Z"[39m
                [33mstroke-linecap[39m=[32m"round"[39m
                [33mstroke-linejoin[39m=[32m"round"[39m
              [36m/>[39m
            [36m</svg>[39m
            [0mDiscovery[0m
          [36m</button>[39m
          [36m<button[39m
            [33mclass[39m=[32m"inline-flex items-center rounded-lg transition-colors duration-200 focus:outline-none focus:ring-2 focus:ring-offset-2 dark:focus:ring-offset-gray-900 disabled:opacity-50 disabled:cursor-not-allowed hover:bg-gray-100 dark:hover:bg-gray-800 text-gray-600 dark:text-gray-400 hover:text-gray-900 dark:hover:text-gray-100 focus:ring-gray-500 px-4 py-2 text-sm w-full justify-start font-normal"[39m
            [33mtitle[39m=[32m"Configure the application"[39m
            [33mtype[39m=[32m"button"[39m
          [36m>[39m
            [36m<svg[39m
              [33maria-hidden[39m=[32m"true"[39m
              [33mclass[39m=[32m"mr-2 h-4 w-4"[39m
              [33mdata-slot[39m=[32m"icon"[39m
              [33mfill[39m=[32m"none"[39m
              [33mstroke[39m=[32m"currentColor"[39m
              [33mstroke-width[39m=[32m"1.5"[39m
              [33mviewBox[39m=[32m"0 0 24 24"[39m
              [33mxmlns[39m=[32m"http://www.w3.org/2000/svg"[39m
            [36m>[39m
              [36m<path[39m
                [33md[39m=[32m"M4.5 12a7.5 7.5 0 0 0 15 0m-15 0a7.5 7.5 0 1 1 15 0m-15 0H3m16.5 0H21m-1.5 0H12m-8.457 3.077 1.41-.513m14.095-5.13 1.41-.513M5.106 17.785l1.15-.964m11.49-9.642 1.149-.964M7.501 19.795l.75-1.3m7.5-12.99.75-1.3m-6.063 16.658.26-1.477m2.605-14.772.26-1.477m0 17.726-.26-1.477M10.698 4.614l-.26-1.477M16.5 19.794l-.75-1.299M7.5 4.205 12 12m6.894 5.785-1.149-.964M6.256 7.178l-1.15-.964m15.352 8.864-1.41-.513M4.954 9.435l-1.41-.514M12.002 12l-3.75 6.495"[39m
                [33mstroke-linecap[39m=[32m"round"[39m
                [33mstroke-linejoin[39m=[32m"round"[39m
              [36m/>[39m
            [36m</svg>[39m
            [0mSettings[0m
          [36m</button>[39m
        [36m</div>[39m
        [36m<div[39m
          [33maria-orientation[39m=[32m"horizontal"[39m
          [33mclass[39m=[32m"shrink-0 bg-gray-200 dark:bg-gray-700 h-[1px] w-full"[39m
          [33mrole[39m=[32m"separator"[39m
        [36m/>[39m
        [36m<div[39m
          [33mclass[39m=[32m"flex items-center justify-between px-2"[39m
        [36m>[39m
          [36m<div[39m
            [33mclass[39m=[32m"text-xs font-medium text-gray-500 dark:text-gray-400 uppercase"[39m
          [36m>[39m
            [0mConversations[0m
          [36m</div>[39m
          [36m<button[39m
            [33maria-current[39m=[32m"true"[39m
            [33mclass[39m=[32m"inline-flex items-center justify-center font-medium rounded-lg transition-colors duration-200 focus:outline-none focus:ring-2 focus:ring-offset-2 dark:focus:ring-offset-gray-900 disabled:opacity-50 disabled:cursor-not-allowed hover:bg-gray-100 dark:hover:bg-gray-800 text-gray-600 dark:text-gray-400 hover:text-gray-900 dark:hover:text-gray-100 focus:ring-gray-500 py-1.5 text-sm h-7 px-2"[39m
            [33mdata-active[39m=[32m"true"[39m
            [33mtype[39m=[32m"button"[39m
          [36m>[39m
            [36m<svg[39m
              [33maria-hidden[39m=[32m"true"[39m
              [33mclass[39m=[32m"h-4 w-4"[39m
              [33mdata-slot[39m=[32m"icon"[39m
              [33mfill[39m=[32m"none"[39m
              [33mstroke[39m=[32m"currentColor"[39m
              [33mstroke-width[39m=[32m"1.5"[39m
              [33mviewBox[39m=[32m"0 0 24 24"[39m
              [33mxmlns[39m=[32m"http://www.w3.org/2000/svg"[39m
            [36m>[39m
              [36m<path[39m
                [33md[39m=[32m"M12 4.5v15m7.5-7.5h-15"[39m
                [33mstroke-linecap[39m=[32m"round"[39m
                [33mstroke-linejoin[39m=[32m"round"[39m
              [36m/>[39m
            [36m</svg>[39m
          [36m</button>[39m
        [36m</div>[39m
        [36m<div[39m
          [33mclass[39m=[32m"flex-1 overflow-y-auto"[39m
        [36m/>[39m
      [36m</div>[39m
    [36m</aside>[39m
  [36m</div>[39m
[36m</body>[39m
[90m [2m❯[22m Object.getElementError node_modules/@testing-library/dom/dist/config.js:[2m37:19[22m[39m
[90m [2m❯[22m node_modules/@testing-library/dom/dist/query-helpers.js:[2m76:38[22m[39m
[90m [2m❯[22m node_modules/@testing-library/dom/dist/query-helpers.js:[2m52:17[22m[39m
[90m [2m❯[22m node_modules/@testing-library/dom/dist/query-helpers.js:[2m95:19[22m[39m
[36m [2m❯[22m src/renderer/widgets/layout/__tests__/SessionList.test.tsx:[2m147:21[22m[39m
    [90m145| [39m      [34mrenderWithServices[39m([33m<[39m[33mThreadListSidebar[39m [33mopen[39m[33m=[39m[33m{[39m[35mtrue[39m[33m}[39m [33m/[39m[33m>[39m)[33m;[39m
    [90m146| [39m
    [90m147| [39m      [34mexpect[39m(screen[33m.[39m[34mgetByTestId[39m([32m'thread-items'[39m))[33m.[39m[34mtoBeInTheDocument[39m()[33m;[39m
    [90m   | [39m                    [31m^[39m
    [90m148| [39m    })[33m;[39m
    [90m149| [39m  })[33m;[39m

[31m[2m⎯⎯⎯⎯⎯⎯⎯⎯⎯⎯⎯⎯⎯⎯⎯⎯⎯⎯⎯⎯⎯[82/114]⎯[22m[39m

[41m[1m FAIL [22m[49m [30m[46m renderer-thread [49m[39m src/renderer/widgets/layout/__tests__/SessionList.test.tsx[2m > [22mThreadListSidebar[2m > [22mComponent Structure[2m > [22mshould render as an aside element
[31m[1mTestingLibraryElementError[22m[39m: Unable to find an element by: [data-testid="thread-list-root"]

Ignored nodes: comments, script, style
[36m<body>[39m
  [36m<div>[39m
    [36m<aside[39m
      [33mclass[39m=[32m"w-64 bg-white dark:bg-gray-800 border-r border-gray-200 dark:border-gray-700 flex flex-col h-full"[39m
    [36m>[39m
      [36m<div[39m
        [33mclass[39m=[32m"flex h-full flex-col gap-2 p-2 overflow-hidden"[39m
      [36m>[39m
        [36m<div[39m
          [33mclass[39m=[32m"flex flex-col gap-1"[39m
        [36m>[39m
          [36m<div[39m
            [33mclass[39m=[32m"px-2 py-1 text-xs font-medium text-gray-500 dark:text-gray-400 uppercase"[39m
          [36m>[39m
            [0mKnowledge[0m
          [36m</div>[39m
          [36m<button[39m
            [33mclass[39m=[32m"inline-flex items-center rounded-lg transition-colors duration-200 focus:outline-none focus:ring-2 focus:ring-offset-2 dark:focus:ring-offset-gray-900 disabled:opacity-50 disabled:cursor-not-allowed hover:bg-gray-100 dark:hover:bg-gray-800 text-gray-600 dark:text-gray-400 hover:text-gray-900 dark:hover:text-gray-100 focus:ring-gray-500 px-4 py-2 text-sm w-full justify-start font-normal"[39m
            [33mtitle[39m=[32m"Visual knowledge graph view"[39m
            [33mtype[39m=[32m"button"[39m
          [36m>[39m
            [36m<svg[39m
              [33maria-hidden[39m=[32m"true"[39m
              [33mclass[39m=[32m"mr-2 h-4 w-4"[39m
              [33mdata-slot[39m=[32m"icon"[39m
              [33mfill[39m=[32m"none"[39m
              [33mstroke[39m=[32m"currentColor"[39m
              [33mstroke-width[39m=[32m"1.5"[39m
              [33mviewBox[39m=[32m"0 0 24 24"[39m
              [33mxmlns[39m=[32m"http://www.w3.org/2000/svg"[39m
            [36m>[39m
              [36m<path[39m
                [33md[39m=[32m"M9 6.75V15m6-6v8.25m.503 3.498 4.875-2.437c.381-.19.622-.58.622-1.006V4.82c0-.836-.88-1.38-1.628-1.006l-3.869 1.934c-.317.159-.69.159-1.006 0L9.503 3.252a1.125 1.125 0 0 0-1.006 0L3.622 5.689C3.24 5.88 3 6.27 3 6.695V19.18c0 .836.88 1.38 1.628 1.006l3.869-1.934c.317-.159.69-.159 1.006 0l4.994 2.497c.317.158.69.158 1.006 0Z"[39m
                [33mstroke-linecap[39m=[32m"round"[39m
                [33mstroke-linejoin[39m=[32m"round"[39m
              [36m/>[39m
            [36m</svg>[39m
            [0mKnowledge Map[0m
          [36m</button>[39m
          [36m<button[39m
            [33mclass[39m=[32m"inline-flex items-center rounded-lg transition-colors duration-200 focus:outline-none focus:ring-2 focus:ring-offset-2 dark:focus:ring-offset-gray-900 disabled:opacity-50 disabled:cursor-not-allowed hover:bg-gray-100 dark:hover:bg-gray-800 text-gray-600 dark:text-gray-400 hover:text-gray-900 dark:hover:text-gray-100 focus:ring-gray-500 px-4 py-2 text-sm w-full justify-start font-normal"[39m
            [33mtitle[39m=[32m"Learning progress and analytics"[39m
            [33mtype[39m=[32m"button"[39m
          [36m>[39m
            [36m<svg[39m
              [33maria-hidden[39m=[32m"true"[39m
              [33mclass[39m=[32m"mr-2 h-4 w-4"[39m
              [33mdata-slot[39m=[32m"icon"[39m
              [33mfill[39m=[32m"none"[39m
              [33mstroke[39m=[32m"currentColor"[39m
              [33mstroke-width[39m=[32m"1.5"[39m
              [33mviewBox[39m=[32m"0 0 24 24"[39m
              [33mxmlns[39m=[32m"http://www.w3.org/2000/svg"[39m
            [36m>[39m
              [36m<path[39m
                [33md[39m=[32m"M3 13.125C3 12.504 3.504 12 4.125 12h2.25c.621 0 1.125.504 1.125 1.125v6.75C7.5 20.496 6.996 21 6.375 21h-2.25A1.125 1.125 0 0 1 3 19.875v-6.75ZM9.75 8.625c0-.621.504-1.125 1.125-1.125h2.25c.621 0 1.125.504 1.125 1.125v11.25c0 .621-.504 1.125-1.125 1.125h-2.25a1.125 1.125 0 0 1-1.125-1.125V8.625ZM16.5 4.125c0-.621.504-1.125 1.125-1.125h2.25C20.496 3 21 3.504 21 4.125v15.75c0 .621-.504 1.125-1.125 1.125h-2.25a1.125 1.125 0 0 1-1.125-1.125V4.125Z"[39m
                [33mstroke-linecap[39m=[32m"round"[39m
                [33mstroke-linejoin[39m=[32m"round"[39m
              [36m/>[39m
            [36m</svg>[39m
            [0mDashboard[0m
          [36m</button>[39m
          [36m<button[39m
            [33mclass[39m=[32m"inline-flex items-center rounded-lg transition-colors duration-200 focus:outline-none focus:ring-2 focus:ring-offset-2 dark:focus:ring-offset-gray-900 disabled:opacity-50 disabled:cursor-not-allowed hover:bg-gray-100 dark:hover:bg-gray-800 text-gray-600 dark:text-gray-400 hover:text-gray-900 dark:hover:text-gray-100 focus:ring-gray-500 px-4 py-2 text-sm w-full justify-start font-normal"[39m
            [33mtitle[39m=[32m"Parse concepts from markdown files"[39m
            [33mtype[39m=[32m"button"[39m
          [36m>[39m
            [36m<svg[39m
              [33maria-hidden[39m=[32m"true"[39m
              [33mclass[39m=[32m"mr-2 h-4 w-4"[39m
              [33mdata-slot[39m=[32m"icon"[39m
              [33mfill[39m=[32m"none"[39m
              [33mstroke[39m=[32m"currentColor"[39m
              [33mstroke-width[39m=[32m"1.5"[39m
              [33mviewBox[39m=[32m"0 0 24 24"[39m
              [33mxmlns[39m=[32m"http://www.w3.org/2000/svg"[39m
            [36m>[39m
              [36m<path[39m
                [33md[39m=[32m"m21 21-5.197-5.197m0 0A7.5 7.5 0 1 0 5.196 5.196a7.5 7.5 0 0 0 10.607 10.607Z"[39m
                [33mstroke-linecap[39m=[32m"round"[39m
                [33mstroke-linejoin[39m=[32m"round"[39m
              [36m/>[39m
            [36m</svg>[39m
            [0mDiscovery[0m
          [36m</button>[39m
          [36m<button[39m
            [33mclass[39m=[32m"inline-flex items-center rounded-lg transition-colors duration-200 focus:outline-none focus:ring-2 focus:ring-offset-2 dark:focus:ring-offset-gray-900 disabled:opacity-50 disabled:cursor-not-allowed hover:bg-gray-100 dark:hover:bg-gray-800 text-gray-600 dark:text-gray-400 hover:text-gray-900 dark:hover:text-gray-100 focus:ring-gray-500 px-4 py-2 text-sm w-full justify-start font-normal"[39m
            [33mtitle[39m=[32m"Configure the application"[39m
            [33mtype[39m=[32m"button"[39m
          [36m>[39m
            [36m<svg[39m
              [33maria-hidden[39m=[32m"true"[39m
              [33mclass[39m=[32m"mr-2 h-4 w-4"[39m
              [33mdata-slot[39m=[32m"icon"[39m
              [33mfill[39m=[32m"none"[39m
              [33mstroke[39m=[32m"currentColor"[39m
              [33mstroke-width[39m=[32m"1.5"[39m
              [33mviewBox[39m=[32m"0 0 24 24"[39m
              [33mxmlns[39m=[32m"http://www.w3.org/2000/svg"[39m
            [36m>[39m
              [36m<path[39m
                [33md[39m=[32m"M4.5 12a7.5 7.5 0 0 0 15 0m-15 0a7.5 7.5 0 1 1 15 0m-15 0H3m16.5 0H21m-1.5 0H12m-8.457 3.077 1.41-.513m14.095-5.13 1.41-.513M5.106 17.785l1.15-.964m11.49-9.642 1.149-.964M7.501 19.795l.75-1.3m7.5-12.99.75-1.3m-6.063 16.658.26-1.477m2.605-14.772.26-1.477m0 17.726-.26-1.477M10.698 4.614l-.26-1.477M16.5 19.794l-.75-1.299M7.5 4.205 12 12m6.894 5.785-1.149-.964M6.256 7.178l-1.15-.964m15.352 8.864-1.41-.513M4.954 9.435l-1.41-.514M12.002 12l-3.75 6.495"[39m
                [33mstroke-linecap[39m=[32m"round"[39m
                [33mstroke-linejoin[39m=[32m"round"[39m
              [36m/>[39m
            [36m</svg>[39m
            [0mSettings[0m
          [36m</button>[39m
        [36m</div>[39m
        [36m<div[39m
          [33maria-orientation[39m=[32m"horizontal"[39m
          [33mclass[39m=[32m"shrink-0 bg-gray-200 dark:bg-gray-700 h-[1px] w-full"[39m
          [33mrole[39m=[32m"separator"[39m
        [36m/>[39m
        [36m<div[39m
          [33mclass[39m=[32m"flex items-center justify-between px-2"[39m
        [36m>[39m
          [36m<div[39m
            [33mclass[39m=[32m"text-xs font-medium text-gray-500 dark:text-gray-400 uppercase"[39m
          [36m>[39m
            [0mConversations[0m
          [36m</div>[39m
          [36m<button[39m
            [33maria-current[39m=[32m"true"[39m
            [33mclass[39m=[32m"inline-flex items-center justify-center font-medium rounded-lg transition-colors duration-200 focus:outline-none focus:ring-2 focus:ring-offset-2 dark:focus:ring-offset-gray-900 disabled:opacity-50 disabled:cursor-not-allowed hover:bg-gray-100 dark:hover:bg-gray-800 text-gray-600 dark:text-gray-400 hover:text-gray-900 dark:hover:text-gray-100 focus:ring-gray-500 py-1.5 text-sm h-7 px-2"[39m
            [33mdata-active[39m=[32m"true"[39m
            [33mtype[39m=[32m"button"[39m
          [36m>[39m
            [36m<svg[39m
              [33maria-hidden[39m=[32m"true"[39m
              [33mclass[39m=[32m"h-4 w-4"[39m
              [33mdata-slot[39m=[32m"icon"[39m
              [33mfill[39m=[32m"none"[39m
              [33mstroke[39m=[32m"currentColor"[39m
              [33mstroke-width[39m=[32m"1.5"[39m
              [33mviewBox[39m=[32m"0 0 24 24"[39m
              [33mxmlns[39m=[32m"http://www.w3.org/2000/svg"[39m
            [36m>[39m
              [36m<path[39m
                [33md[39m=[32m"M12 4.5v15m7.5-7.5h-15"[39m
                [33mstroke-linecap[39m=[32m"round"[39m
                [33mstroke-linejoin[39m=[32m"round"[39m
              [36m/>[39m
            [36m</svg>[39m
          [36m</button>[39m
        [36m</div>[39m
        [36m<div[39m
          [33mclass[39m=[32m"flex-1 overflow-y-auto"[39m
        [36m/>[39m
      [36m</div>[39m
    [36m</aside>[39m
  [36m</div>[39m
[36m</body>[39m
[90m [2m❯[22m Object.getElementError node_modules/@testing-library/dom/dist/config.js:[2m37:19[22m[39m
[90m [2m❯[22m node_modules/@testing-library/dom/dist/query-helpers.js:[2m76:38[22m[39m
[90m [2m❯[22m node_modules/@testing-library/dom/dist/query-helpers.js:[2m52:17[22m[39m
[90m [2m❯[22m node_modules/@testing-library/dom/dist/query-helpers.js:[2m95:19[22m[39m
[36m [2m❯[22m src/renderer/widgets/layout/__tests__/SessionList.test.tsx:[2m155:30[22m[39m
    [90m153| [39m      [34mrenderWithServices[39m([33m<[39m[33mThreadListSidebar[39m [33mopen[39m[33m=[39m[33m{[39m[35mtrue[39m[33m}[39m [33m/[39m[33m>[39m)[33m;[39m
    [90m154| [39m
    [90m155| [39m      const sidebar = screen.getByTestId('thread-list-root').closest('…
    [90m   | [39m                             [31m^[39m
    [90m156| [39m      [34mexpect[39m(sidebar)[33m.[39m[34mtoBeInTheDocument[39m()[33m;[39m
    [90m157| [39m      expect(sidebar).toHaveClass('w-64', 'bg-white', 'dark:bg-gray-80…

[31m[2m⎯⎯⎯⎯⎯⎯⎯⎯⎯⎯⎯⎯⎯⎯⎯⎯⎯⎯⎯⎯⎯[83/114]⎯[22m[39m

[41m[1m FAIL [22m[49m [30m[46m renderer-thread [49m[39m src/renderer/widgets/layout/__tests__/SessionList.test.tsx[2m > [22mThreadListSidebar[2m > [22mComponent Structure[2m > [22mshould have proper CSS classes for styling
[31m[1mTestingLibraryElementError[22m[39m: Unable to find an element by: [data-testid="thread-list-root"]

Ignored nodes: comments, script, style
[36m<body>[39m
  [36m<div>[39m
    [36m<aside[39m
      [33mclass[39m=[32m"w-64 bg-white dark:bg-gray-800 border-r border-gray-200 dark:border-gray-700 flex flex-col h-full"[39m
    [36m>[39m
      [36m<div[39m
        [33mclass[39m=[32m"flex h-full flex-col gap-2 p-2 overflow-hidden"[39m
      [36m>[39m
        [36m<div[39m
          [33mclass[39m=[32m"flex flex-col gap-1"[39m
        [36m>[39m
          [36m<div[39m
            [33mclass[39m=[32m"px-2 py-1 text-xs font-medium text-gray-500 dark:text-gray-400 uppercase"[39m
          [36m>[39m
            [0mKnowledge[0m
          [36m</div>[39m
          [36m<button[39m
            [33mclass[39m=[32m"inline-flex items-center rounded-lg transition-colors duration-200 focus:outline-none focus:ring-2 focus:ring-offset-2 dark:focus:ring-offset-gray-900 disabled:opacity-50 disabled:cursor-not-allowed hover:bg-gray-100 dark:hover:bg-gray-800 text-gray-600 dark:text-gray-400 hover:text-gray-900 dark:hover:text-gray-100 focus:ring-gray-500 px-4 py-2 text-sm w-full justify-start font-normal"[39m
            [33mtitle[39m=[32m"Visual knowledge graph view"[39m
            [33mtype[39m=[32m"button"[39m
          [36m>[39m
            [36m<svg[39m
              [33maria-hidden[39m=[32m"true"[39m
              [33mclass[39m=[32m"mr-2 h-4 w-4"[39m
              [33mdata-slot[39m=[32m"icon"[39m
              [33mfill[39m=[32m"none"[39m
              [33mstroke[39m=[32m"currentColor"[39m
              [33mstroke-width[39m=[32m"1.5"[39m
              [33mviewBox[39m=[32m"0 0 24 24"[39m
              [33mxmlns[39m=[32m"http://www.w3.org/2000/svg"[39m
            [36m>[39m
              [36m<path[39m
                [33md[39m=[32m"M9 6.75V15m6-6v8.25m.503 3.498 4.875-2.437c.381-.19.622-.58.622-1.006V4.82c0-.836-.88-1.38-1.628-1.006l-3.869 1.934c-.317.159-.69.159-1.006 0L9.503 3.252a1.125 1.125 0 0 0-1.006 0L3.622 5.689C3.24 5.88 3 6.27 3 6.695V19.18c0 .836.88 1.38 1.628 1.006l3.869-1.934c.317-.159.69-.159 1.006 0l4.994 2.497c.317.158.69.158 1.006 0Z"[39m
                [33mstroke-linecap[39m=[32m"round"[39m
                [33mstroke-linejoin[39m=[32m"round"[39m
              [36m/>[39m
            [36m</svg>[39m
            [0mKnowledge Map[0m
          [36m</button>[39m
          [36m<button[39m
            [33mclass[39m=[32m"inline-flex items-center rounded-lg transition-colors duration-200 focus:outline-none focus:ring-2 focus:ring-offset-2 dark:focus:ring-offset-gray-900 disabled:opacity-50 disabled:cursor-not-allowed hover:bg-gray-100 dark:hover:bg-gray-800 text-gray-600 dark:text-gray-400 hover:text-gray-900 dark:hover:text-gray-100 focus:ring-gray-500 px-4 py-2 text-sm w-full justify-start font-normal"[39m
            [33mtitle[39m=[32m"Learning progress and analytics"[39m
            [33mtype[39m=[32m"button"[39m
          [36m>[39m
            [36m<svg[39m
              [33maria-hidden[39m=[32m"true"[39m
              [33mclass[39m=[32m"mr-2 h-4 w-4"[39m
              [33mdata-slot[39m=[32m"icon"[39m
              [33mfill[39m=[32m"none"[39m
              [33mstroke[39m=[32m"currentColor"[39m
              [33mstroke-width[39m=[32m"1.5"[39m
              [33mviewBox[39m=[32m"0 0 24 24"[39m
              [33mxmlns[39m=[32m"http://www.w3.org/2000/svg"[39m
            [36m>[39m
              [36m<path[39m
                [33md[39m=[32m"M3 13.125C3 12.504 3.504 12 4.125 12h2.25c.621 0 1.125.504 1.125 1.125v6.75C7.5 20.496 6.996 21 6.375 21h-2.25A1.125 1.125 0 0 1 3 19.875v-6.75ZM9.75 8.625c0-.621.504-1.125 1.125-1.125h2.25c.621 0 1.125.504 1.125 1.125v11.25c0 .621-.504 1.125-1.125 1.125h-2.25a1.125 1.125 0 0 1-1.125-1.125V8.625ZM16.5 4.125c0-.621.504-1.125 1.125-1.125h2.25C20.496 3 21 3.504 21 4.125v15.75c0 .621-.504 1.125-1.125 1.125h-2.25a1.125 1.125 0 0 1-1.125-1.125V4.125Z"[39m
                [33mstroke-linecap[39m=[32m"round"[39m
                [33mstroke-linejoin[39m=[32m"round"[39m
              [36m/>[39m
            [36m</svg>[39m
            [0mDashboard[0m
          [36m</button>[39m
          [36m<button[39m
            [33mclass[39m=[32m"inline-flex items-center rounded-lg transition-colors duration-200 focus:outline-none focus:ring-2 focus:ring-offset-2 dark:focus:ring-offset-gray-900 disabled:opacity-50 disabled:cursor-not-allowed hover:bg-gray-100 dark:hover:bg-gray-800 text-gray-600 dark:text-gray-400 hover:text-gray-900 dark:hover:text-gray-100 focus:ring-gray-500 px-4 py-2 text-sm w-full justify-start font-normal"[39m
            [33mtitle[39m=[32m"Parse concepts from markdown files"[39m
            [33mtype[39m=[32m"button"[39m
          [36m>[39m
            [36m<svg[39m
              [33maria-hidden[39m=[32m"true"[39m
              [33mclass[39m=[32m"mr-2 h-4 w-4"[39m
              [33mdata-slot[39m=[32m"icon"[39m
              [33mfill[39m=[32m"none"[39m
              [33mstroke[39m=[32m"currentColor"[39m
              [33mstroke-width[39m=[32m"1.5"[39m
              [33mviewBox[39m=[32m"0 0 24 24"[39m
              [33mxmlns[39m=[32m"http://www.w3.org/2000/svg"[39m
            [36m>[39m
              [36m<path[39m
                [33md[39m=[32m"m21 21-5.197-5.197m0 0A7.5 7.5 0 1 0 5.196 5.196a7.5 7.5 0 0 0 10.607 10.607Z"[39m
                [33mstroke-linecap[39m=[32m"round"[39m
                [33mstroke-linejoin[39m=[32m"round"[39m
              [36m/>[39m
            [36m</svg>[39m
            [0mDiscovery[0m
          [36m</button>[39m
          [36m<button[39m
            [33mclass[39m=[32m"inline-flex items-center rounded-lg transition-colors duration-200 focus:outline-none focus:ring-2 focus:ring-offset-2 dark:focus:ring-offset-gray-900 disabled:opacity-50 disabled:cursor-not-allowed hover:bg-gray-100 dark:hover:bg-gray-800 text-gray-600 dark:text-gray-400 hover:text-gray-900 dark:hover:text-gray-100 focus:ring-gray-500 px-4 py-2 text-sm w-full justify-start font-normal"[39m
            [33mtitle[39m=[32m"Configure the application"[39m
            [33mtype[39m=[32m"button"[39m
          [36m>[39m
            [36m<svg[39m
              [33maria-hidden[39m=[32m"true"[39m
              [33mclass[39m=[32m"mr-2 h-4 w-4"[39m
              [33mdata-slot[39m=[32m"icon"[39m
              [33mfill[39m=[32m"none"[39m
              [33mstroke[39m=[32m"currentColor"[39m
              [33mstroke-width[39m=[32m"1.5"[39m
              [33mviewBox[39m=[32m"0 0 24 24"[39m
              [33mxmlns[39m=[32m"http://www.w3.org/2000/svg"[39m
            [36m>[39m
              [36m<path[39m
                [33md[39m=[32m"M4.5 12a7.5 7.5 0 0 0 15 0m-15 0a7.5 7.5 0 1 1 15 0m-15 0H3m16.5 0H21m-1.5 0H12m-8.457 3.077 1.41-.513m14.095-5.13 1.41-.513M5.106 17.785l1.15-.964m11.49-9.642 1.149-.964M7.501 19.795l.75-1.3m7.5-12.99.75-1.3m-6.063 16.658.26-1.477m2.605-14.772.26-1.477m0 17.726-.26-1.477M10.698 4.614l-.26-1.477M16.5 19.794l-.75-1.299M7.5 4.205 12 12m6.894 5.785-1.149-.964M6.256 7.178l-1.15-.964m15.352 8.864-1.41-.513M4.954 9.435l-1.41-.514M12.002 12l-3.75 6.495"[39m
                [33mstroke-linecap[39m=[32m"round"[39m
                [33mstroke-linejoin[39m=[32m"round"[39m
              [36m/>[39m
            [36m</svg>[39m
            [0mSettings[0m
          [36m</button>[39m
        [36m</div>[39m
        [36m<div[39m
          [33maria-orientation[39m=[32m"horizontal"[39m
          [33mclass[39m=[32m"shrink-0 bg-gray-200 dark:bg-gray-700 h-[1px] w-full"[39m
          [33mrole[39m=[32m"separator"[39m
        [36m/>[39m
        [36m<div[39m
          [33mclass[39m=[32m"flex items-center justify-between px-2"[39m
        [36m>[39m
          [36m<div[39m
            [33mclass[39m=[32m"text-xs font-medium text-gray-500 dark:text-gray-400 uppercase"[39m
          [36m>[39m
            [0mConversations[0m
          [36m</div>[39m
          [36m<button[39m
            [33maria-current[39m=[32m"true"[39m
            [33mclass[39m=[32m"inline-flex items-center justify-center font-medium rounded-lg transition-colors duration-200 focus:outline-none focus:ring-2 focus:ring-offset-2 dark:focus:ring-offset-gray-900 disabled:opacity-50 disabled:cursor-not-allowed hover:bg-gray-100 dark:hover:bg-gray-800 text-gray-600 dark:text-gray-400 hover:text-gray-900 dark:hover:text-gray-100 focus:ring-gray-500 py-1.5 text-sm h-7 px-2"[39m
            [33mdata-active[39m=[32m"true"[39m
            [33mtype[39m=[32m"button"[39m
          [36m>[39m
            [36m<svg[39m
              [33maria-hidden[39m=[32m"true"[39m
              [33mclass[39m=[32m"h-4 w-4"[39m
              [33mdata-slot[39m=[32m"icon"[39m
              [33mfill[39m=[32m"none"[39m
              [33mstroke[39m=[32m"currentColor"[39m
              [33mstroke-width[39m=[32m"1.5"[39m
              [33mviewBox[39m=[32m"0 0 24 24"[39m
              [33mxmlns[39m=[32m"http://www.w3.org/2000/svg"[39m
            [36m>[39m
              [36m<path[39m
                [33md[39m=[32m"M12 4.5v15m7.5-7.5h-15"[39m
                [33mstroke-linecap[39m=[32m"round"[39m
                [33mstroke-linejoin[39m=[32m"round"[39m
              [36m/>[39m
            [36m</svg>[39m
          [36m</button>[39m
        [36m</div>[39m
        [36m<div[39m
          [33mclass[39m=[32m"flex-1 overflow-y-auto"[39m
        [36m/>[39m
      [36m</div>[39m
    [36m</aside>[39m
  [36m</div>[39m
[36m</body>[39m
[90m [2m❯[22m Object.getElementError node_modules/@testing-library/dom/dist/config.js:[2m37:19[22m[39m
[90m [2m❯[22m node_modules/@testing-library/dom/dist/query-helpers.js:[2m76:38[22m[39m
[90m [2m❯[22m node_modules/@testing-library/dom/dist/query-helpers.js:[2m52:17[22m[39m
[90m [2m❯[22m node_modules/@testing-library/dom/dist/query-helpers.js:[2m95:19[22m[39m
[36m [2m❯[22m src/renderer/widgets/layout/__tests__/SessionList.test.tsx:[2m163:30[22m[39m
    [90m161| [39m      [34mrenderWithServices[39m([33m<[39m[33mThreadListSidebar[39m [33mopen[39m[33m=[39m[33m{[39m[35mtrue[39m[33m}[39m [33m/[39m[33m>[39m)[33m;[39m
    [90m162| [39m
    [90m163| [39m      const sidebar = screen.getByTestId('thread-list-root').closest('…
    [90m   | [39m                             [31m^[39m
    [90m164| [39m      [34mexpect[39m(sidebar)[33m.[39m[34mtoHaveClass[39m(
    [90m165| [39m        [32m'w-64'[39m[33m,[39m

[31m[2m⎯⎯⎯⎯⎯⎯⎯⎯⎯⎯⎯⎯⎯⎯⎯⎯⎯⎯⎯⎯⎯[84/114]⎯[22m[39m

[41m[1m FAIL [22m[49m [30m[46m renderer-thread [49m[39m src/renderer/widgets/layout/__tests__/SessionList.test.tsx[2m > [22mThreadListSidebar[2m > [22mEdge Cases[2m > [22mshould handle rapid navigation clicks
[31m[1mAssertionError[22m: expected "vi.fn()" to be called 3 times, but got 0 times[39m
[36m [2m❯[22m src/renderer/widgets/layout/__tests__/SessionList.test.tsx:[2m197:34[22m[39m
    [90m195| [39m      fireEvent[33m.[39m[34mclick[39m(knowledgeMapButton)[33m;[39m
    [90m196| [39m
    [90m197| [39m      [34mexpect[39m(mockSetCurrentView)[33m.[39m[34mtoHaveBeenCalledTimes[39m([34m3[39m)[33m;[39m
    [90m   | [39m                                 [31m^[39m
    [90m198| [39m    })[33m;[39m
    [90m199| [39m

[31m[2m⎯⎯⎯⎯⎯⎯⎯⎯⎯⎯⎯⎯⎯⎯⎯⎯⎯⎯⎯⎯⎯[85/114]⎯[22m[39m

[41m[1m FAIL [22m[49m [30m[46m renderer-thread [49m[39m src/renderer/widgets/layout/__tests__/SessionList.test.tsx[2m > [22mThreadListSidebar[2m > [22mEdge Cases[2m > [22mshould handle empty knowledge navigation gracefully
[31m[1mTestingLibraryElementError[22m[39m: Unable to find an element by: [data-testid="thread-list-root"]

Ignored nodes: comments, script, style
[36m<body>[39m
  [36m<div>[39m
    [36m<aside[39m
      [33mclass[39m=[32m"w-64 bg-white dark:bg-gray-800 border-r border-gray-200 dark:border-gray-700 flex flex-col h-full"[39m
    [36m>[39m
      [36m<div[39m
        [33mclass[39m=[32m"flex h-full flex-col gap-2 p-2 overflow-hidden"[39m
      [36m>[39m
        [36m<div[39m
          [33mclass[39m=[32m"flex flex-col gap-1"[39m
        [36m>[39m
          [36m<div[39m
            [33mclass[39m=[32m"px-2 py-1 text-xs font-medium text-gray-500 dark:text-gray-400 uppercase"[39m
          [36m>[39m
            [0mKnowledge[0m
          [36m</div>[39m
          [36m<button[39m
            [33mclass[39m=[32m"inline-flex items-center rounded-lg transition-colors duration-200 focus:outline-none focus:ring-2 focus:ring-offset-2 dark:focus:ring-offset-gray-900 disabled:opacity-50 disabled:cursor-not-allowed hover:bg-gray-100 dark:hover:bg-gray-800 text-gray-600 dark:text-gray-400 hover:text-gray-900 dark:hover:text-gray-100 focus:ring-gray-500 px-4 py-2 text-sm w-full justify-start font-normal"[39m
            [33mtitle[39m=[32m"Visual knowledge graph view"[39m
            [33mtype[39m=[32m"button"[39m
          [36m>[39m
            [36m<svg[39m
              [33maria-hidden[39m=[32m"true"[39m
              [33mclass[39m=[32m"mr-2 h-4 w-4"[39m
              [33mdata-slot[39m=[32m"icon"[39m
              [33mfill[39m=[32m"none"[39m
              [33mstroke[39m=[32m"currentColor"[39m
              [33mstroke-width[39m=[32m"1.5"[39m
              [33mviewBox[39m=[32m"0 0 24 24"[39m
              [33mxmlns[39m=[32m"http://www.w3.org/2000/svg"[39m
            [36m>[39m
              [36m<path[39m
                [33md[39m=[32m"M9 6.75V15m6-6v8.25m.503 3.498 4.875-2.437c.381-.19.622-.58.622-1.006V4.82c0-.836-.88-1.38-1.628-1.006l-3.869 1.934c-.317.159-.69.159-1.006 0L9.503 3.252a1.125 1.125 0 0 0-1.006 0L3.622 5.689C3.24 5.88 3 6.27 3 6.695V19.18c0 .836.88 1.38 1.628 1.006l3.869-1.934c.317-.159.69-.159 1.006 0l4.994 2.497c.317.158.69.158 1.006 0Z"[39m
                [33mstroke-linecap[39m=[32m"round"[39m
                [33mstroke-linejoin[39m=[32m"round"[39m
              [36m/>[39m
            [36m</svg>[39m
            [0mKnowledge Map[0m
          [36m</button>[39m
          [36m<button[39m
            [33mclass[39m=[32m"inline-flex items-center rounded-lg transition-colors duration-200 focus:outline-none focus:ring-2 focus:ring-offset-2 dark:focus:ring-offset-gray-900 disabled:opacity-50 disabled:cursor-not-allowed hover:bg-gray-100 dark:hover:bg-gray-800 text-gray-600 dark:text-gray-400 hover:text-gray-900 dark:hover:text-gray-100 focus:ring-gray-500 px-4 py-2 text-sm w-full justify-start font-normal"[39m
            [33mtitle[39m=[32m"Learning progress and analytics"[39m
            [33mtype[39m=[32m"button"[39m
          [36m>[39m
            [36m<svg[39m
              [33maria-hidden[39m=[32m"true"[39m
              [33mclass[39m=[32m"mr-2 h-4 w-4"[39m
              [33mdata-slot[39m=[32m"icon"[39m
              [33mfill[39m=[32m"none"[39m
              [33mstroke[39m=[32m"currentColor"[39m
              [33mstroke-width[39m=[32m"1.5"[39m
              [33mviewBox[39m=[32m"0 0 24 24"[39m
              [33mxmlns[39m=[32m"http://www.w3.org/2000/svg"[39m
            [36m>[39m
              [36m<path[39m
                [33md[39m=[32m"M3 13.125C3 12.504 3.504 12 4.125 12h2.25c.621 0 1.125.504 1.125 1.125v6.75C7.5 20.496 6.996 21 6.375 21h-2.25A1.125 1.125 0 0 1 3 19.875v-6.75ZM9.75 8.625c0-.621.504-1.125 1.125-1.125h2.25c.621 0 1.125.504 1.125 1.125v11.25c0 .621-.504 1.125-1.125 1.125h-2.25a1.125 1.125 0 0 1-1.125-1.125V8.625ZM16.5 4.125c0-.621.504-1.125 1.125-1.125h2.25C20.496 3 21 3.504 21 4.125v15.75c0 .621-.504 1.125-1.125 1.125h-2.25a1.125 1.125 0 0 1-1.125-1.125V4.125Z"[39m
                [33mstroke-linecap[39m=[32m"round"[39m
                [33mstroke-linejoin[39m=[32m"round"[39m
              [36m/>[39m
            [36m</svg>[39m
            [0mDashboard[0m
          [36m</button>[39m
          [36m<button[39m
            [33mclass[39m=[32m"inline-flex items-center rounded-lg transition-colors duration-200 focus:outline-none focus:ring-2 focus:ring-offset-2 dark:focus:ring-offset-gray-900 disabled:opacity-50 disabled:cursor-not-allowed hover:bg-gray-100 dark:hover:bg-gray-800 text-gray-600 dark:text-gray-400 hover:text-gray-900 dark:hover:text-gray-100 focus:ring-gray-500 px-4 py-2 text-sm w-full justify-start font-normal"[39m
            [33mtitle[39m=[32m"Parse concepts from markdown files"[39m
            [33mtype[39m=[32m"button"[39m
          [36m>[39m
            [36m<svg[39m
              [33maria-hidden[39m=[32m"true"[39m
              [33mclass[39m=[32m"mr-2 h-4 w-4"[39m
              [33mdata-slot[39m=[32m"icon"[39m
              [33mfill[39m=[32m"none"[39m
              [33mstroke[39m=[32m"currentColor"[39m
              [33mstroke-width[39m=[32m"1.5"[39m
              [33mviewBox[39m=[32m"0 0 24 24"[39m
              [33mxmlns[39m=[32m"http://www.w3.org/2000/svg"[39m
            [36m>[39m
              [36m<path[39m
                [33md[39m=[32m"m21 21-5.197-5.197m0 0A7.5 7.5 0 1 0 5.196 5.196a7.5 7.5 0 0 0 10.607 10.607Z"[39m
                [33mstroke-linecap[39m=[32m"round"[39m
                [33mstroke-linejoin[39m=[32m"round"[39m
              [36m/>[39m
            [36m</svg>[39m
            [0mDiscovery[0m
          [36m</button>[39m
          [36m<button[39m
            [33mclass[39m=[32m"inline-flex items-center rounded-lg transition-colors duration-200 focus:outline-none focus:ring-2 focus:ring-offset-2 dark:focus:ring-offset-gray-900 disabled:opacity-50 disabled:cursor-not-allowed hover:bg-gray-100 dark:hover:bg-gray-800 text-gray-600 dark:text-gray-400 hover:text-gray-900 dark:hover:text-gray-100 focus:ring-gray-500 px-4 py-2 text-sm w-full justify-start font-normal"[39m
            [33mtitle[39m=[32m"Configure the application"[39m
            [33mtype[39m=[32m"button"[39m
          [36m>[39m
            [36m<svg[39m
              [33maria-hidden[39m=[32m"true"[39m
              [33mclass[39m=[32m"mr-2 h-4 w-4"[39m
              [33mdata-slot[39m=[32m"icon"[39m
              [33mfill[39m=[32m"none"[39m
              [33mstroke[39m=[32m"currentColor"[39m
              [33mstroke-width[39m=[32m"1.5"[39m
              [33mviewBox[39m=[32m"0 0 24 24"[39m
              [33mxmlns[39m=[32m"http://www.w3.org/2000/svg"[39m
            [36m>[39m
              [36m<path[39m
                [33md[39m=[32m"M4.5 12a7.5 7.5 0 0 0 15 0m-15 0a7.5 7.5 0 1 1 15 0m-15 0H3m16.5 0H21m-1.5 0H12m-8.457 3.077 1.41-.513m14.095-5.13 1.41-.513M5.106 17.785l1.15-.964m11.49-9.642 1.149-.964M7.501 19.795l.75-1.3m7.5-12.99.75-1.3m-6.063 16.658.26-1.477m2.605-14.772.26-1.477m0 17.726-.26-1.477M10.698 4.614l-.26-1.477M16.5 19.794l-.75-1.299M7.5 4.205 12 12m6.894 5.785-1.149-.964M6.256 7.178l-1.15-.964m15.352 8.864-1.41-.513M4.954 9.435l-1.41-.514M12.002 12l-3.75 6.495"[39m
                [33mstroke-linecap[39m=[32m"round"[39m
                [33mstroke-linejoin[39m=[32m"round"[39m
              [36m/>[39m
            [36m</svg>[39m
            [0mSettings[0m
          [36m</button>[39m
        [36m</div>[39m
        [36m<div[39m
          [33maria-orientation[39m=[32m"horizontal"[39m
          [33mclass[39m=[32m"shrink-0 bg-gray-200 dark:bg-gray-700 h-[1px] w-full"[39m
          [33mrole[39m=[32m"separator"[39m
        [36m/>[39m
        [36m<div[39m
          [33mclass[39m=[32m"flex items-center justify-between px-2"[39m
        [36m>[39m
          [36m<div[39m
            [33mclass[39m=[32m"text-xs font-medium text-gray-500 dark:text-gray-400 uppercase"[39m
          [36m>[39m
            [0mConversations[0m
          [36m</div>[39m
          [36m<button[39m
            [33maria-current[39m=[32m"true"[39m
            [33mclass[39m=[32m"inline-flex items-center justify-center font-medium rounded-lg transition-colors duration-200 focus:outline-none focus:ring-2 focus:ring-offset-2 dark:focus:ring-offset-gray-900 disabled:opacity-50 disabled:cursor-not-allowed hover:bg-gray-100 dark:hover:bg-gray-800 text-gray-600 dark:text-gray-400 hover:text-gray-900 dark:hover:text-gray-100 focus:ring-gray-500 py-1.5 text-sm h-7 px-2"[39m
            [33mdata-active[39m=[32m"true"[39m
            [33mtype[39m=[32m"button"[39m
          [36m>[39m
            [36m<svg[39m
              [33maria-hidden[39m=[32m"true"[39m
              [33mclass[39m=[32m"h-4 w-4"[39m
              [33mdata-slot[39m=[32m"icon"[39m
              [33mfill[39m=[32m"none"[39m
              [33mstroke[39m=[32m"currentColor"[39m
              [33mstroke-width[39m=[32m"1.5"[39m
              [33mviewBox[39m=[32m"0 0 24 24"[39m
              [33mxmlns[39m=[32m"http://www.w3.org/2000/svg"[39m
            [36m>[39m
              [36m<path[39m
                [33md[39m=[32m"M12 4.5v15m7.5-7.5h-15"[39m
                [33mstroke-linecap[39m=[32m"round"[39m
                [33mstroke-linejoin[39m=[32m"round"[39m
              [36m/>[39m
            [36m</svg>[39m
          [36m</button>[39m
        [36m</div>[39m
        [36m<div[39m
          [33mclass[39m=[32m"flex-1 overflow-y-auto"[39m
        [36m/>[39m
      [36m</div>[39m
    [36m</aside>[39m
  [36m</div>[39m
[36m</body>[39m
[90m [2m❯[22m Object.getElementError node_modules/@testing-library/dom/dist/config.js:[2m37:19[22m[39m
[90m [2m❯[22m node_modules/@testing-library/dom/dist/query-helpers.js:[2m76:38[22m[39m
[90m [2m❯[22m node_modules/@testing-library/dom/dist/query-helpers.js:[2m52:17[22m[39m
[90m [2m❯[22m node_modules/@testing-library/dom/dist/query-helpers.js:[2m95:19[22m[39m
[36m [2m❯[22m src/renderer/widgets/layout/__tests__/SessionList.test.tsx:[2m204:21[22m[39m
    [90m202| [39m
    [90m203| [39m      [90m// Component should still render the basic structure[39m
    [90m204| [39m      expect(screen.getByTestId('thread-list-root')).toBeInTheDocument…
    [90m   | [39m                    [31m^[39m
    [90m205| [39m      [34mexpect[39m(screen[33m.[39m[34mgetByText[39m([32m'Knowledge'[39m))[33m.[39m[34mtoBeInTheDocument[39m()[33m;[39m
    [90m206| [39m    })[33m;[39m

[31m[2m⎯⎯⎯⎯⎯⎯⎯⎯⎯⎯⎯⎯⎯⎯⎯⎯⎯⎯⎯⎯⎯[86/114]⎯[22m[39m

[41m[1m FAIL [22m[49m [30m[46m renderer-thread [49m[39m src/renderer/widgets/layout/__tests__/SessionList.test.tsx[2m > [22mThreadListSidebar[2m > [22mAccessibility[2m > [22mshould render semantic HTML structure
[31m[1mTestingLibraryElementError[22m[39m: Unable to find an element by: [data-testid="thread-list-root"]

Ignored nodes: comments, script, style
[36m<body>[39m
  [36m<div>[39m
    [36m<aside[39m
      [33mclass[39m=[32m"w-64 bg-white dark:bg-gray-800 border-r border-gray-200 dark:border-gray-700 flex flex-col h-full"[39m
    [36m>[39m
      [36m<div[39m
        [33mclass[39m=[32m"flex h-full flex-col gap-2 p-2 overflow-hidden"[39m
      [36m>[39m
        [36m<div[39m
          [33mclass[39m=[32m"flex flex-col gap-1"[39m
        [36m>[39m
          [36m<div[39m
            [33mclass[39m=[32m"px-2 py-1 text-xs font-medium text-gray-500 dark:text-gray-400 uppercase"[39m
          [36m>[39m
            [0mKnowledge[0m
          [36m</div>[39m
          [36m<button[39m
            [33mclass[39m=[32m"inline-flex items-center rounded-lg transition-colors duration-200 focus:outline-none focus:ring-2 focus:ring-offset-2 dark:focus:ring-offset-gray-900 disabled:opacity-50 disabled:cursor-not-allowed hover:bg-gray-100 dark:hover:bg-gray-800 text-gray-600 dark:text-gray-400 hover:text-gray-900 dark:hover:text-gray-100 focus:ring-gray-500 px-4 py-2 text-sm w-full justify-start font-normal"[39m
            [33mtitle[39m=[32m"Visual knowledge graph view"[39m
            [33mtype[39m=[32m"button"[39m
          [36m>[39m
            [36m<svg[39m
              [33maria-hidden[39m=[32m"true"[39m
              [33mclass[39m=[32m"mr-2 h-4 w-4"[39m
              [33mdata-slot[39m=[32m"icon"[39m
              [33mfill[39m=[32m"none"[39m
              [33mstroke[39m=[32m"currentColor"[39m
              [33mstroke-width[39m=[32m"1.5"[39m
              [33mviewBox[39m=[32m"0 0 24 24"[39m
              [33mxmlns[39m=[32m"http://www.w3.org/2000/svg"[39m
            [36m>[39m
              [36m<path[39m
                [33md[39m=[32m"M9 6.75V15m6-6v8.25m.503 3.498 4.875-2.437c.381-.19.622-.58.622-1.006V4.82c0-.836-.88-1.38-1.628-1.006l-3.869 1.934c-.317.159-.69.159-1.006 0L9.503 3.252a1.125 1.125 0 0 0-1.006 0L3.622 5.689C3.24 5.88 3 6.27 3 6.695V19.18c0 .836.88 1.38 1.628 1.006l3.869-1.934c.317-.159.69-.159 1.006 0l4.994 2.497c.317.158.69.158 1.006 0Z"[39m
                [33mstroke-linecap[39m=[32m"round"[39m
                [33mstroke-linejoin[39m=[32m"round"[39m
              [36m/>[39m
            [36m</svg>[39m
            [0mKnowledge Map[0m
          [36m</button>[39m
          [36m<button[39m
            [33mclass[39m=[32m"inline-flex items-center rounded-lg transition-colors duration-200 focus:outline-none focus:ring-2 focus:ring-offset-2 dark:focus:ring-offset-gray-900 disabled:opacity-50 disabled:cursor-not-allowed hover:bg-gray-100 dark:hover:bg-gray-800 text-gray-600 dark:text-gray-400 hover:text-gray-900 dark:hover:text-gray-100 focus:ring-gray-500 px-4 py-2 text-sm w-full justify-start font-normal"[39m
            [33mtitle[39m=[32m"Learning progress and analytics"[39m
            [33mtype[39m=[32m"button"[39m
          [36m>[39m
            [36m<svg[39m
              [33maria-hidden[39m=[32m"true"[39m
              [33mclass[39m=[32m"mr-2 h-4 w-4"[39m
              [33mdata-slot[39m=[32m"icon"[39m
              [33mfill[39m=[32m"none"[39m
              [33mstroke[39m=[32m"currentColor"[39m
              [33mstroke-width[39m=[32m"1.5"[39m
              [33mviewBox[39m=[32m"0 0 24 24"[39m
              [33mxmlns[39m=[32m"http://www.w3.org/2000/svg"[39m
            [36m>[39m
              [36m<path[39m
                [33md[39m=[32m"M3 13.125C3 12.504 3.504 12 4.125 12h2.25c.621 0 1.125.504 1.125 1.125v6.75C7.5 20.496 6.996 21 6.375 21h-2.25A1.125 1.125 0 0 1 3 19.875v-6.75ZM9.75 8.625c0-.621.504-1.125 1.125-1.125h2.25c.621 0 1.125.504 1.125 1.125v11.25c0 .621-.504 1.125-1.125 1.125h-2.25a1.125 1.125 0 0 1-1.125-1.125V8.625ZM16.5 4.125c0-.621.504-1.125 1.125-1.125h2.25C20.496 3 21 3.504 21 4.125v15.75c0 .621-.504 1.125-1.125 1.125h-2.25a1.125 1.125 0 0 1-1.125-1.125V4.125Z"[39m
                [33mstroke-linecap[39m=[32m"round"[39m
                [33mstroke-linejoin[39m=[32m"round"[39m
              [36m/>[39m
            [36m</svg>[39m
            [0mDashboard[0m
          [36m</button>[39m
          [36m<button[39m
            [33mclass[39m=[32m"inline-flex items-center rounded-lg transition-colors duration-200 focus:outline-none focus:ring-2 focus:ring-offset-2 dark:focus:ring-offset-gray-900 disabled:opacity-50 disabled:cursor-not-allowed hover:bg-gray-100 dark:hover:bg-gray-800 text-gray-600 dark:text-gray-400 hover:text-gray-900 dark:hover:text-gray-100 focus:ring-gray-500 px-4 py-2 text-sm w-full justify-start font-normal"[39m
            [33mtitle[39m=[32m"Parse concepts from markdown files"[39m
            [33mtype[39m=[32m"button"[39m
          [36m>[39m
            [36m<svg[39m
              [33maria-hidden[39m=[32m"true"[39m
              [33mclass[39m=[32m"mr-2 h-4 w-4"[39m
              [33mdata-slot[39m=[32m"icon"[39m
              [33mfill[39m=[32m"none"[39m
              [33mstroke[39m=[32m"currentColor"[39m
              [33mstroke-width[39m=[32m"1.5"[39m
              [33mviewBox[39m=[32m"0 0 24 24"[39m
              [33mxmlns[39m=[32m"http://www.w3.org/2000/svg"[39m
            [36m>[39m
              [36m<path[39m
                [33md[39m=[32m"m21 21-5.197-5.197m0 0A7.5 7.5 0 1 0 5.196 5.196a7.5 7.5 0 0 0 10.607 10.607Z"[39m
                [33mstroke-linecap[39m=[32m"round"[39m
                [33mstroke-linejoin[39m=[32m"round"[39m
              [36m/>[39m
            [36m</svg>[39m
            [0mDiscovery[0m
          [36m</button>[39m
          [36m<button[39m
            [33mclass[39m=[32m"inline-flex items-center rounded-lg transition-colors duration-200 focus:outline-none focus:ring-2 focus:ring-offset-2 dark:focus:ring-offset-gray-900 disabled:opacity-50 disabled:cursor-not-allowed hover:bg-gray-100 dark:hover:bg-gray-800 text-gray-600 dark:text-gray-400 hover:text-gray-900 dark:hover:text-gray-100 focus:ring-gray-500 px-4 py-2 text-sm w-full justify-start font-normal"[39m
            [33mtitle[39m=[32m"Configure the application"[39m
            [33mtype[39m=[32m"button"[39m
          [36m>[39m
            [36m<svg[39m
              [33maria-hidden[39m=[32m"true"[39m
              [33mclass[39m=[32m"mr-2 h-4 w-4"[39m
              [33mdata-slot[39m=[32m"icon"[39m
              [33mfill[39m=[32m"none"[39m
              [33mstroke[39m=[32m"currentColor"[39m
              [33mstroke-width[39m=[32m"1.5"[39m
              [33mviewBox[39m=[32m"0 0 24 24"[39m
              [33mxmlns[39m=[32m"http://www.w3.org/2000/svg"[39m
            [36m>[39m
              [36m<path[39m
                [33md[39m=[32m"M4.5 12a7.5 7.5 0 0 0 15 0m-15 0a7.5 7.5 0 1 1 15 0m-15 0H3m16.5 0H21m-1.5 0H12m-8.457 3.077 1.41-.513m14.095-5.13 1.41-.513M5.106 17.785l1.15-.964m11.49-9.642 1.149-.964M7.501 19.795l.75-1.3m7.5-12.99.75-1.3m-6.063 16.658.26-1.477m2.605-14.772.26-1.477m0 17.726-.26-1.477M10.698 4.614l-.26-1.477M16.5 19.794l-.75-1.299M7.5 4.205 12 12m6.894 5.785-1.149-.964M6.256 7.178l-1.15-.964m15.352 8.864-1.41-.513M4.954 9.435l-1.41-.514M12.002 12l-3.75 6.495"[39m
                [33mstroke-linecap[39m=[32m"round"[39m
                [33mstroke-linejoin[39m=[32m"round"[39m
              [36m/>[39m
            [36m</svg>[39m
            [0mSettings[0m
          [36m</button>[39m
        [36m</div>[39m
        [36m<div[39m
          [33maria-orientation[39m=[32m"horizontal"[39m
          [33mclass[39m=[32m"shrink-0 bg-gray-200 dark:bg-gray-700 h-[1px] w-full"[39m
          [33mrole[39m=[32m"separator"[39m
        [36m/>[39m
        [36m<div[39m
          [33mclass[39m=[32m"flex items-center justify-between px-2"[39m
        [36m>[39m
          [36m<div[39m
            [33mclass[39m=[32m"text-xs font-medium text-gray-500 dark:text-gray-400 uppercase"[39m
          [36m>[39m
            [0mConversations[0m
          [36m</div>[39m
          [36m<button[39m
            [33maria-current[39m=[32m"true"[39m
            [33mclass[39m=[32m"inline-flex items-center justify-center font-medium rounded-lg transition-colors duration-200 focus:outline-none focus:ring-2 focus:ring-offset-2 dark:focus:ring-offset-gray-900 disabled:opacity-50 disabled:cursor-not-allowed hover:bg-gray-100 dark:hover:bg-gray-800 text-gray-600 dark:text-gray-400 hover:text-gray-900 dark:hover:text-gray-100 focus:ring-gray-500 py-1.5 text-sm h-7 px-2"[39m
            [33mdata-active[39m=[32m"true"[39m
            [33mtype[39m=[32m"button"[39m
          [36m>[39m
            [36m<svg[39m
              [33maria-hidden[39m=[32m"true"[39m
              [33mclass[39m=[32m"h-4 w-4"[39m
              [33mdata-slot[39m=[32m"icon"[39m
              [33mfill[39m=[32m"none"[39m
              [33mstroke[39m=[32m"currentColor"[39m
              [33mstroke-width[39m=[32m"1.5"[39m
              [33mviewBox[39m=[32m"0 0 24 24"[39m
              [33mxmlns[39m=[32m"http://www.w3.org/2000/svg"[39m
            [36m>[39m
              [36m<path[39m
                [33md[39m=[32m"M12 4.5v15m7.5-7.5h-15"[39m
                [33mstroke-linecap[39m=[32m"round"[39m
                [33mstroke-linejoin[39m=[32m"round"[39m
              [36m/>[39m
            [36m</svg>[39m
          [36m</button>[39m
        [36m</div>[39m
        [36m<div[39m
          [33mclass[39m=[32m"flex-1 overflow-y-auto"[39m
        [36m/>[39m
      [36m</div>[39m
    [36m</aside>[39m
  [36m</div>[39m
[36m</body>[39m
[90m [2m❯[22m Object.getElementError node_modules/@testing-library/dom/dist/config.js:[2m37:19[22m[39m
[90m [2m❯[22m node_modules/@testing-library/dom/dist/query-helpers.js:[2m76:38[22m[39m
[90m [2m❯[22m node_modules/@testing-library/dom/dist/query-helpers.js:[2m52:17[22m[39m
[90m [2m❯[22m node_modules/@testing-library/dom/dist/query-helpers.js:[2m95:19[22m[39m
[36m [2m❯[22m src/renderer/widgets/layout/__tests__/SessionList.test.tsx:[2m227:30[22m[39m
    [90m225| [39m
    [90m226| [39m      [90m// Should render as an aside element[39m
    [90m227| [39m      const sidebar = screen.getByTestId('thread-list-root').closest('…
    [90m   | [39m                             [31m^[39m
    [90m228| [39m      [34mexpect[39m(sidebar[33m?.[39mtagName)[33m.[39m[34mtoBe[39m([32m'ASIDE'[39m)[33m;[39m
    [90m229| [39m    })[33m;[39m

[31m[2m⎯⎯⎯⎯⎯⎯⎯⎯⎯⎯⎯⎯⎯⎯⎯⎯⎯⎯⎯⎯⎯[87/114]⎯[22m[39m

[41m[1m FAIL [22m[49m [30m[46m renderer-thread [49m[39m src/renderer/widgets/layout/__tests__/title-generation-bug.test.tsx[2m > [22m🚨 BUG: Title Generation and Persistence[2m > [22mTitle Persistence After Reload[2m > [22mshould show persisted title in sidebar after reload
[41m[1m FAIL [22m[49m [30m[46m renderer-thread [49m[39m src/renderer/widgets/layout/__tests__/title-generation-bug.test.tsx[2m > [22m🚨 BUG: Title Generation and Persistence[2m > [22mThread List Integration[2m > [22mshould display title in thread list item
[31m[1mTypeError[22m: Cannot read properties of undefined (reading 'isLoading')[39m
[36m [2m❯[22m AssistantIf src/renderer/widgets/layout/__tests__/title-generation-bug.test.tsx:[2m59:20[22m[39m
    [90m 57| [39m  [33mAssistantIf[39m[33m:[39m ({ condition[33m,[39m children }[33m:[39m any) [33m=>[39m {
    [90m 58| [39m    [35mconst[39m { threads } [33m=[39m [34mcondition[39m({ threads[33m:[39m { isLoading[33m:[39m [35mfalse[39m } })[33m;[39m
    [90m 59| [39m    [35mreturn[39m threads[33m.[39misLoading [33m?[39m [35mnull[39m [33m:[39m children[33m;[39m
    [90m   | [39m                   [31m^[39m
    [90m 60| [39m  }[33m,[39m
    [90m 61| [39m}))[33m;[39m
[90m [2m❯[22m renderWithHooks node_modules/react-dom/cjs/react-dom.development.js:[2m15486:18[22m[39m
[90m [2m❯[22m mountIndeterminateComponent node_modules/react-dom/cjs/react-dom.development.js:[2m20103:13[22m[39m
[90m [2m❯[22m beginWork node_modules/react-dom/cjs/react-dom.development.js:[2m21626:16[22m[39m
[90m [2m❯[22m beginWork$1 node_modules/react-dom/cjs/react-dom.development.js:[2m27465:14[22m[39m
[90m [2m❯[22m performUnitOfWork node_modules/react-dom/cjs/react-dom.development.js:[2m26599:12[22m[39m
[90m [2m❯[22m workLoopSync node_modules/react-dom/cjs/react-dom.development.js:[2m26505:5[22m[39m
[90m [2m❯[22m renderRootSync node_modules/react-dom/cjs/react-dom.development.js:[2m26473:7[22m[39m
[90m [2m❯[22m recoverFromConcurrentError node_modules/react-dom/cjs/react-dom.development.js:[2m25889:20[22m[39m
[90m [2m❯[22m performConcurrentWorkOnRoot node_modules/react-dom/cjs/react-dom.development.js:[2m25789:22[22m[39m

[31m[2m⎯⎯⎯⎯⎯⎯⎯⎯⎯⎯⎯⎯⎯⎯⎯⎯⎯⎯⎯⎯⎯[88/114]⎯[22m[39m

[41m[1m FAIL [22m[49m [30m[46m renderer-thread [49m[39m src/renderer/widgets/layout/__tests__/title-generation-bug.test.tsx[2m > [22m🚨 BUG: Title Generation and Persistence[2m > [22mTitle Generation Edge Cases[2m > [22mshould handle AI generation failure gracefully
[31m[1mTypeError[22m: mockElectronAPI.chat.generateTitle.mockRejectedValue is not a function[39m
[36m [2m❯[22m src/renderer/widgets/layout/__tests__/title-generation-bug.test.tsx:[2m257:42[22m[39m
    [90m255| [39m    [34mit[39m([32m'should handle AI generation failure gracefully'[39m[33m,[39m [35masync[39m () [33m=>[39m {
    [90m256| [39m      [90m// ARRANGE - AI generation fails[39m
    [90m257| [39m      mockElectronAPI.chat.generateTitle.mockRejectedValue(new Error('…
    [90m   | [39m                                         [31m^[39m
    [90m258| [39m
    [90m259| [39m      [90m// ACT - Generate title with failing AI[39m

[31m[2m⎯⎯⎯⎯⎯⎯⎯⎯⎯⎯⎯⎯⎯⎯⎯⎯⎯⎯⎯⎯⎯[89/114]⎯[22m[39m

[41m[1m FAIL [22m[49m [30m[46m renderer-thread [49m[39m src/renderer/widgets/layout/__tests__/title-generation-bug.test.tsx[2m > [22m🚨 BUG: Title Generation and Persistence[2m > [22mTitle Generation Edge Cases[2m > [22mshould handle empty AI response
[31m[1mTypeError[22m: mockElectronAPI.chat.generateTitle.mockResolvedValue is not a function[39m
[36m [2m❯[22m src/renderer/widgets/layout/__tests__/title-generation-bug.test.tsx:[2m277:42[22m[39m
    [90m275| [39m    [34mit[39m([32m'should handle empty AI response'[39m[33m,[39m [35masync[39m () [33m=>[39m {
    [90m276| [39m      [90m// ARRANGE - AI returns empty string[39m
    [90m277| [39m      mockElectronAPI[33m.[39mchat[33m.[39mgenerateTitle[33m.[39m[34mmockResolvedValue[39m([32m''[39m)[33m;[39m
    [90m   | [39m                                         [31m^[39m
    [90m278| [39m
    [90m279| [39m      [90m// ACT[39m

[31m[2m⎯⎯⎯⎯⎯⎯⎯⎯⎯⎯⎯⎯⎯⎯⎯⎯⎯⎯⎯⎯⎯[90/114]⎯[22m[39m

[41m[1m FAIL [22m[49m [30m[46m renderer-thread [49m[39m src/renderer/widgets/layout/__tests__/title-generation-bug.test.tsx[2m > [22m🚨 BUG: Title Generation and Persistence[2m > [22mTitle Generation Edge Cases[2m > [22mshould handle null AI response
[31m[1mTypeError[22m: mockElectronAPI.chat.generateTitle.mockResolvedValue is not a function[39m
[36m [2m❯[22m src/renderer/widgets/layout/__tests__/title-generation-bug.test.tsx:[2m297:42[22m[39m
    [90m295| [39m    [34mit[39m([32m'should handle null AI response'[39m[33m,[39m [35masync[39m () [33m=>[39m {
    [90m296| [39m      [90m// ARRANGE - AI returns null[39m
    [90m297| [39m      mockElectronAPI[33m.[39mchat[33m.[39mgenerateTitle[33m.[39m[34mmockResolvedValue[39m([35mnull[39m)[33m;[39m
    [90m   | [39m                                         [31m^[39m
    [90m298| [39m
    [90m299| [39m      [90m// ACT[39m

[31m[2m⎯⎯⎯⎯⎯⎯⎯⎯⎯⎯⎯⎯⎯⎯⎯⎯⎯⎯⎯⎯⎯[91/114]⎯[22m[39m

[41m[1m FAIL [22m[49m [30m[46m renderer-thread [49m[39m src/renderer/widgets/layout/__tests__/title-generation-bug.test.tsx[2m > [22m🚨 BUG: Title Generation and Persistence[2m > [22mTitle Generation Edge Cases[2m > [22mshould handle undefined AI response
[31m[1mTypeError[22m: mockElectronAPI.chat.generateTitle.mockResolvedValue is not a function[39m
[36m [2m❯[22m src/renderer/widgets/layout/__tests__/title-generation-bug.test.tsx:[2m317:42[22m[39m
    [90m315| [39m    [34mit[39m([32m'should handle undefined AI response'[39m[33m,[39m [35masync[39m () [33m=>[39m {
    [90m316| [39m      [90m// ARRANGE - AI returns undefined[39m
    [90m317| [39m      mockElectronAPI[33m.[39mchat[33m.[39mgenerateTitle[33m.[39m[34mmockResolvedValue[39m(undefined)[33m;[39m
    [90m   | [39m                                         [31m^[39m
    [90m318| [39m
    [90m319| [39m      [90m// ACT[39m

[31m[2m⎯⎯⎯⎯⎯⎯⎯⎯⎯⎯⎯⎯⎯⎯⎯⎯⎯⎯⎯⎯⎯[92/114]⎯[22m[39m

[41m[1m FAIL [22m[49m [30m[46m renderer-thread [49m[39m src/renderer/widgets/layout/__tests__/title-generation-bug.test.tsx[2m > [22m🚨 BUG: Title Generation and Persistence[2m > [22mTitle Generation Edge Cases[2m > [22mshould handle long titles appropriately
[31m[1mTypeError[22m: mockElectronAPI.chat.generateTitle.mockResolvedValue is not a function[39m
[36m [2m❯[22m src/renderer/widgets/layout/__tests__/title-generation-bug.test.tsx:[2m338:42[22m[39m
    [90m336| [39m      [90m// ARRANGE[39m
    [90m337| [39m      const longText = 'This is a very long question about how to lear…
    [90m338| [39m      mockElectronAPI[33m.[39mchat[33m.[39mgenerateTitle[33m.[39m[34mmockResolvedValue[39m(longText)[33m;[39m
    [90m   | [39m                                         [31m^[39m
    [90m339| [39m
    [90m340| [39m      [90m// ACT[39m

[31m[2m⎯⎯⎯⎯⎯⎯⎯⎯⎯⎯⎯⎯⎯⎯⎯⎯⎯⎯⎯⎯⎯[93/114]⎯[22m[39m

[41m[1m FAIL [22m[49m [30m[46m renderer-thread [49m[39m src/renderer/widgets/layout/__tests__/title-generation-bug.test.tsx[2m > [22m🚨 BUG: Title Generation and Persistence[2m > [22mDefault Title Handling[2m > [22mshould handle title generation when it fails
[31m[1mTypeError[22m: mockElectronAPI.chat.generateTitle.mockRejectedValue is not a function[39m
[36m [2m❯[22m src/renderer/widgets/layout/__tests__/title-generation-bug.test.tsx:[2m421:42[22m[39m
    [90m419| [39m    [34mit[39m([32m'should handle title generation when it fails'[39m[33m,[39m [35masync[39m () [33m=>[39m {
    [90m420| [39m      [90m// ARRANGE[39m
    [90m421| [39m      mockElectronAPI.chat.generateTitle.mockRejectedValue(new Error('…
    [90m   | [39m                                         [31m^[39m
    [90m422| [39m
    [90m423| [39m      [90m// ACT[39m

[31m[2m⎯⎯⎯⎯⎯⎯⎯⎯⎯⎯⎯⎯⎯⎯⎯⎯⎯⎯⎯⎯⎯[94/114]⎯[22m[39m

[41m[1m FAIL [22m[49m [30m[46m renderer-thread [49m[39m src/renderer/features/config/ui/__tests__/AIProviderSettings.test.tsx[2m > [22mAIProviderSettings (current UI)[2m > [22mrenders sections and model types
[41m[1m FAIL [22m[49m [30m[46m renderer-thread [49m[39m src/renderer/features/config/ui/__tests__/AIProviderSettings.test.tsx[2m > [22mAIProviderSettings (current UI)[2m > [22mvalidates provider and enables save
[41m[1m FAIL [22m[49m [30m[46m renderer-thread [49m[39m src/renderer/features/config/ui/__tests__/AIProviderSettings.test.tsx[2m > [22mAIProviderSettings (current UI)[2m > [22mlists configured providers and allows fetching models
[41m[1m FAIL [22m[49m [30m[46m renderer-thread [49m[39m src/renderer/features/config/ui/__tests__/AIProviderSettings.test.tsx[2m > [22mAIProviderSettings (current UI)[2m > [22memits onModelAssignmentChange when selecting model
[31m[1mError[22m: [vitest] No "ServicesProvider" export is defined on the "@/renderer/services/services-provider" mock. Did you forget to return it from "vi.mock"?
If you need to partially mock a module, you can use "importOriginal" helper inside:
[39m
vi.mock(import("@/renderer/services/services-provider"), async (importOriginal) => {
  const actual = await importOriginal()
  return {
    ...actual,
    // your mocked methods
  }
})

[36m [2m❯[22m Providers src/test/utils/test-providers.tsx:[2m127:12[22m[39m
    [90m125| [39m      [33m<[39m[33mAssistantProvider[39m [33mapi[39m[33m=[39m[33m{[39m[34mcreateMockAssistantApi[39m()[33m}[39m[33m>[39m
    [90m126| [39m        [33m<[39m[33mMemoryRouter[39m [33m{[39m[33m...[39mrouterProps[33m}[39m[33m>[39m
    [90m127| [39m          <ServicesProvider apiClient={electronAPI ?? readyElectronCli…
    [90m   | [39m           [31m^[39m
    [90m128| [39m            [33m<[39m[33mChatStoreProvider[39m[33m>[39m[33m{[39mchildren[33m}[39m[33m<[39m[33m/[39m[33mChatStoreProvider[39m[33m>[39m
    [90m129| [39m          [33m<[39m[33m/[39m[33mServicesProvider[39m[33m>[39m
[90m [2m❯[22m renderWithHooks node_modules/react-dom/cjs/react-dom.development.js:[2m15486:18[22m[39m
[90m [2m❯[22m mountIndeterminateComponent node_modules/react-dom/cjs/react-dom.development.js:[2m20103:13[22m[39m
[90m [2m❯[22m beginWork node_modules/react-dom/cjs/react-dom.development.js:[2m21626:16[22m[39m
[90m [2m❯[22m beginWork$1 node_modules/react-dom/cjs/react-dom.development.js:[2m27465:14[22m[39m
[90m [2m❯[22m performUnitOfWork node_modules/react-dom/cjs/react-dom.development.js:[2m26599:12[22m[39m
[90m [2m❯[22m workLoopSync node_modules/react-dom/cjs/react-dom.development.js:[2m26505:5[22m[39m
[90m [2m❯[22m renderRootSync node_modules/react-dom/cjs/react-dom.development.js:[2m26473:7[22m[39m

[31m[2m⎯⎯⎯⎯⎯⎯⎯⎯⎯⎯⎯⎯⎯⎯⎯⎯⎯⎯⎯⎯⎯[95/114]⎯[22m[39m

[41m[1m FAIL [22m[49m [30m[46m renderer-thread [49m[39m src/renderer/features/config/ui/__tests__/UISettings.depth.test.tsx[2m > [22mUISettings depth[2m > [22mshows included levels for default depth and updates on change
[31m[1mAssertionError[22m: expected 'text-xs px-2 py-1 rounded border bg-b…' to match 'bg-gray-'[39m

Expected: [32m"bg-gray-"[39m
Received: [31m"text-xs px-2 py-1 rounded border bg-blue-50 dark:bg-blue-900/20 text-blue-700 dark:text-blue-300 border-blue-200 dark:border-blue-800"[39m

[36m [2m❯[22m src/renderer/features/config/ui/__tests__/UISettings.depth.test.tsx:[2m74:45[22m[39m
    [90m 72| [39m    [34mexpect[39m(chips[33m.[39m[34mgetByText[39m([32m'H1'[39m)[33m.[39mclassName)[33m.[39m[34mtoMatch[39m([32m'bg-blue-'[39m)[33m;[39m
    [90m 73| [39m    [34mexpect[39m(chips[33m.[39m[34mgetByText[39m([32m'H2'[39m)[33m.[39mclassName)[33m.[39m[34mtoMatch[39m([32m'bg-blue-'[39m)[33m;[39m
    [90m 74| [39m    [34mexpect[39m(chips[33m.[39m[34mgetByText[39m([32m'H3'[39m)[33m.[39mclassName)[33m.[39m[34mtoMatch[39m([32m'bg-gray-'[39m)[33m;[39m
    [90m   | [39m                                            [31m^[39m
    [90m 75| [39m  })[33m;[39m
    [90m 76| [39m})[33m;[39m

[31m[2m⎯⎯⎯⎯⎯⎯⎯⎯⎯⎯⎯⎯⎯⎯⎯⎯⎯⎯⎯⎯⎯[96/114]⎯[22m[39m

[41m[1m FAIL [22m[49m [30m[46m renderer-thread [49m[39m src/renderer/features/analytics/ui/__tests__/Achievements.test.tsx[2m > [22mAchievements[2m > [22mapplies className prop correctly
[31m[1mReferenceError[22m: render is not defined[39m
[36m [2m❯[22m src/renderer/features/analytics/ui/__tests__/Achievements.test.tsx:[2m247:27[22m[39m
    [90m245| [39m    mockAnalytics.getAchievements.mockImplementation(() => new Promise…
    [90m246| [39m
    [90m247| [39m    [35mconst[39m { container } [33m=[39m [34mrender[39m(
    [90m   | [39m                          [31m^[39m
    [90m248| [39m      <Achievements analytics={mockAnalytics} className="custom-class"…
    [90m249| [39m    )[33m;[39m

[31m[2m⎯⎯⎯⎯⎯⎯⎯⎯⎯⎯⎯⎯⎯⎯⎯⎯⎯⎯⎯⎯⎯[97/114]⎯[22m[39m

[41m[1m FAIL [22m[49m [30m[46m renderer-thread [49m[39m src/renderer/features/knowledge/ui/__tests__/KnowledgeGameMap.test.tsx[2m > [22mKnowledgeGameMap[2m > [22mInitial Load Scenarios[2m > [22mshould render when data loads AFTER graph instance is ready
[31m[1mTestingLibraryElementError[22m: Unable to find an element by: [data-testid="rg-mock"]

Ignored nodes: comments, script, style
[36m<body>[31m
  [36m<div>[31m
    [36m<div[31m
      [33mclass[31m=[32m"relative bg-gradient-to-br from-slate-50 to-slate-100 dark:from-gray-900 dark:to-gray-800 rounded-lg border border-gray-200 dark:border-gray-700 overflow-hidden touch-none "[31m
      [33mstyle[31m=[32m"min-height: 520px; height: 100%; overscroll-behavior: contain;"[31m
    [36m>[31m
      [36m<div[31m
        [33mclass[31m=[32m"flex items-center justify-center h-full text-gray-500"[31m
      [36m>[31m
        [0mKnowledge graph visualization will be rendered here[0m
      [36m</div>[31m
    [36m</div>[31m
  [36m</div>[31m
[36m</body>[31m

Ignored nodes: comments, script, style
[36m<html>[31m
  [36m<head />[31m
  [36m<body>[31m
    [36m<div>[31m
      [36m<div[31m
        [33mclass[31m=[32m"relative bg-gradient-to-br from-slate-50 to-slate-100 dark:from-gray-900 dark:to-gray-800 rounded-lg border border-gray-200 dark:border-gray-700 overflow-hidden touch-none "[31m
        [33mstyle[31m=[32m"min-height: 520px; height: 100%; overscroll-behavior: contain;"[31m
      [36m>[31m
        [36m<div[31m
          [33mclass[31m=[32m"flex items-center justify-center h-full text-gray-500"[31m
        [36m>[31m
          [0mKnowledge graph visualization will be rendered here[0m
        [36m</div>[31m
      [36m</div>[31m
    [36m</div>[31m
  [36m</body>[31m
[36m</html>[31m[39m
[90m [2m❯[22m waitForWrapper node_modules/@testing-library/dom/dist/wait-for.js:[2m163:27[22m[39m
[36m [2m❯[22m src/renderer/features/knowledge/ui/__tests__/KnowledgeGameMap.test.tsx:[2m42:13[22m[39m
    [90m 40| [39m
    [90m 41| [39m      [90m// Wait for graph instance to be ready (happens during render)[39m
    [90m 42| [39m      await waitFor(() => expect(screen.getByTestId('rg-mock')).toBeIn…
    [90m   | [39m            [31m^[39m
    [90m 43| [39m
    [90m 44| [39m      [90m// Wait for data to load and render[39m

[31m[2m⎯⎯⎯⎯⎯⎯⎯⎯⎯⎯⎯⎯⎯⎯⎯⎯⎯⎯⎯⎯⎯[98/114]⎯[22m[39m

[41m[1m FAIL [22m[49m [30m[46m renderer-thread [49m[39m src/renderer/features/knowledge/ui/__tests__/KnowledgeGameMap.test.tsx[2m > [22mKnowledgeGameMap[2m > [22mInitial Load Scenarios[2m > [22mshould render when graph instance is ready BEFORE data loads
[31m[1mTestingLibraryElementError[22m: Unable to find an element by: [data-testid="rg-mock"]

Ignored nodes: comments, script, style
[36m<body>[31m
  [36m<div>[31m
    [36m<div[31m
      [33mclass[31m=[32m"relative bg-gradient-to-br from-slate-50 to-slate-100 dark:from-gray-900 dark:to-gray-800 rounded-lg border border-gray-200 dark:border-gray-700 overflow-hidden touch-none "[31m
      [33mstyle[31m=[32m"min-height: 520px; height: 100%; overscroll-behavior: contain;"[31m
    [36m>[31m
      [36m<div[31m
        [33mclass[31m=[32m"flex items-center justify-center h-full text-gray-500"[31m
      [36m>[31m
        [0mKnowledge graph visualization will be rendered here[0m
      [36m</div>[31m
    [36m</div>[31m
  [36m</div>[31m
[36m</body>[31m

Ignored nodes: comments, script, style
[36m<html>[31m
  [36m<head />[31m
  [36m<body>[31m
    [36m<div>[31m
      [36m<div[31m
        [33mclass[31m=[32m"relative bg-gradient-to-br from-slate-50 to-slate-100 dark:from-gray-900 dark:to-gray-800 rounded-lg border border-gray-200 dark:border-gray-700 overflow-hidden touch-none "[31m
        [33mstyle[31m=[32m"min-height: 520px; height: 100%; overscroll-behavior: contain;"[31m
      [36m>[31m
        [36m<div[31m
          [33mclass[31m=[32m"flex items-center justify-center h-full text-gray-500"[31m
        [36m>[31m
          [0mKnowledge graph visualization will be rendered here[0m
        [36m</div>[31m
      [36m</div>[31m
    [36m</div>[31m
  [36m</body>[31m
[36m</html>[31m[39m
[90m [2m❯[22m waitForWrapper node_modules/@testing-library/dom/dist/wait-for.js:[2m163:27[22m[39m
[36m [2m❯[22m src/renderer/features/knowledge/ui/__tests__/KnowledgeGameMap.test.tsx:[2m76:13[22m[39m
    [90m 74| [39m
    [90m 75| [39m      [90m// Graph instance should be ready first[39m
    [90m 76| [39m      await waitFor(() => expect(screen.getByTestId('rg-mock')).toBeIn…
    [90m   | [39m            [31m^[39m
    [90m 77| [39m
    [90m 78| [39m      [90m// Then data loads[39m

[31m[2m⎯⎯⎯⎯⎯⎯⎯⎯⎯⎯⎯⎯⎯⎯⎯⎯⎯⎯⎯⎯⎯[99/114]⎯[22m[39m

[41m[1m FAIL [22m[49m [30m[46m renderer-thread [49m[39m src/renderer/features/knowledge/ui/__tests__/KnowledgeGameMap.test.tsx[2m > [22mKnowledgeGameMap[2m > [22mInitial Load Scenarios[2m > [22mshould handle empty data gracefully
[31m[1mTestingLibraryElementError[22m: Unable to find an element by: [data-testid="rg-mock"]

Ignored nodes: comments, script, style
[36m<body>[31m
  [36m<div>[31m
    [36m<div[31m
      [33mclass[31m=[32m"relative bg-gradient-to-br from-slate-50 to-slate-100 dark:from-gray-900 dark:to-gray-800 rounded-lg border border-gray-200 dark:border-gray-700 overflow-hidden touch-none "[31m
      [33mstyle[31m=[32m"min-height: 520px; height: 100%; overscroll-behavior: contain;"[31m
    [36m>[31m
      [36m<div[31m
        [33mclass[31m=[32m"flex items-center justify-center h-full text-gray-500"[31m
      [36m>[31m
        [0mKnowledge graph visualization will be rendered here[0m
      [36m</div>[31m
    [36m</div>[31m
  [36m</div>[31m
[36m</body>[31m

Ignored nodes: comments, script, style
[36m<html>[31m
  [36m<head />[31m
  [36m<body>[31m
    [36m<div>[31m
      [36m<div[31m
        [33mclass[31m=[32m"relative bg-gradient-to-br from-slate-50 to-slate-100 dark:from-gray-900 dark:to-gray-800 rounded-lg border border-gray-200 dark:border-gray-700 overflow-hidden touch-none "[31m
        [33mstyle[31m=[32m"min-height: 520px; height: 100%; overscroll-behavior: contain;"[31m
      [36m>[31m
        [36m<div[31m
          [33mclass[31m=[32m"flex items-center justify-center h-full text-gray-500"[31m
        [36m>[31m
          [0mKnowledge graph visualization will be rendered here[0m
        [36m</div>[31m
      [36m</div>[31m
    [36m</div>[31m
  [36m</body>[31m
[36m</html>[31m[39m
[90m [2m❯[22m waitForWrapper node_modules/@testing-library/dom/dist/wait-for.js:[2m163:27[22m[39m
[36m [2m❯[22m src/renderer/features/knowledge/ui/__tests__/KnowledgeGameMap.test.tsx:[2m101:13[22m[39m
    [90m 99| [39m
    [90m100| [39m      [90m// Graph should still render[39m
    [90m101| [39m      await waitFor(() => expect(screen.getByTestId('rg-mock')).toBeIn…
    [90m   | [39m            [31m^[39m
    [90m102| [39m    })[33m;[39m
    [90m103| [39m  })[33m;[39m

[31m[2m⎯⎯⎯⎯⎯⎯⎯⎯⎯⎯⎯⎯⎯⎯⎯⎯⎯⎯⎯⎯[100/114]⎯[22m[39m

[41m[1m FAIL [22m[49m [30m[46m renderer-thread [49m[39m src/renderer/features/knowledge/ui/__tests__/KnowledgeGameMap.test.tsx[2m > [22mKnowledgeGameMap[2m > [22mData Updates[2m > [22mshould update when node attributes change
[31m[1mTestingLibraryElementError[22m: Unable to find an element with the text: Alpha. This could be because the text is broken up by multiple elements. In this case, you can provide a function for your text matcher to make your matcher more flexible.

Ignored nodes: comments, script, style
[36m<body>[31m
  [36m<div>[31m
    [36m<div[31m
      [33mclass[31m=[32m"relative bg-gradient-to-br from-slate-50 to-slate-100 dark:from-gray-900 dark:to-gray-800 rounded-lg border border-gray-200 dark:border-gray-700 overflow-hidden touch-none "[31m
      [33mstyle[31m=[32m"min-height: 520px; height: 100%; overscroll-behavior: contain;"[31m
    [36m>[31m
      [36m<div[31m
        [33mclass[31m=[32m"flex items-center justify-center h-full text-gray-500"[31m
      [36m>[31m
        [0mKnowledge graph visualization will be rendered here[0m
      [36m</div>[31m
    [36m</div>[31m
  [36m</div>[31m
[36m</body>[31m

Ignored nodes: comments, script, style
[36m<html>[31m
  [36m<head />[31m
  [36m<body>[31m
    [36m<div>[31m
      [36m<div[31m
        [33mclass[31m=[32m"relative bg-gradient-to-br from-slate-50 to-slate-100 dark:from-gray-900 dark:to-gray-800 rounded-lg border border-gray-200 dark:border-gray-700 overflow-hidden touch-none "[31m
        [33mstyle[31m=[32m"min-height: 520px; height: 100%; overscroll-behavior: contain;"[31m
      [36m>[31m
        [36m<div[31m
          [33mclass[31m=[32m"flex items-center justify-center h-full text-gray-500"[31m
        [36m>[31m
          [0mKnowledge graph visualization will be rendered here[0m
        [36m</div>[31m
      [36m</div>[31m
    [36m</div>[31m
  [36m</body>[31m
[36m</html>[31m[39m
[90m [2m❯[22m waitForWrapper node_modules/@testing-library/dom/dist/wait-for.js:[2m163:27[22m[39m
[36m [2m❯[22m src/renderer/features/knowledge/ui/__tests__/KnowledgeGameMap.test.tsx:[2m128:13[22m[39m
    [90m126| [39m      )[33m;[39m
    [90m127| [39m
    [90m128| [39m      await waitFor(() => expect(screen.getByText('Alpha')).toBeInTheD…
    [90m   | [39m            [31m^[39m
    [90m129| [39m    })[33m;[39m
    [90m130| [39m  })[33m;[39m

[31m[2m⎯⎯⎯⎯⎯⎯⎯⎯⎯⎯⎯⎯⎯⎯⎯⎯⎯⎯⎯⎯[101/114]⎯[22m[39m

[41m[1m FAIL [22m[49m [30m[46m renderer-thread [49m[39m src/renderer/features/knowledge/ui/__tests__/KnowledgeGameMap.test.tsx[2m > [22mKnowledgeGameMap[2m > [22mGraph Instance Availability[2m > [22mshould wait for graph instance before setting data
[31m[1mTestingLibraryElementError[22m: Unable to find an element by: [data-testid="rg-mock"]

Ignored nodes: comments, script, style
[36m<body>[31m
  [36m<div>[31m
    [36m<div[31m
      [33mclass[31m=[32m"relative bg-gradient-to-br from-slate-50 to-slate-100 dark:from-gray-900 dark:to-gray-800 rounded-lg border border-gray-200 dark:border-gray-700 overflow-hidden touch-none "[31m
      [33mstyle[31m=[32m"min-height: 520px; height: 100%; overscroll-behavior: contain;"[31m
    [36m>[31m
      [36m<div[31m
        [33mclass[31m=[32m"flex items-center justify-center h-full text-gray-500"[31m
      [36m>[31m
        [0mKnowledge graph visualization will be rendered here[0m
      [36m</div>[31m
    [36m</div>[31m
  [36m</div>[31m
[36m</body>[31m

Ignored nodes: comments, script, style
[36m<html>[31m
  [36m<head />[31m
  [36m<body>[31m
    [36m<div>[31m
      [36m<div[31m
        [33mclass[31m=[32m"relative bg-gradient-to-br from-slate-50 to-slate-100 dark:from-gray-900 dark:to-gray-800 rounded-lg border border-gray-200 dark:border-gray-700 overflow-hidden touch-none "[31m
        [33mstyle[31m=[32m"min-height: 520px; height: 100%; overscroll-behavior: contain;"[31m
      [36m>[31m
        [36m<div[31m
          [33mclass[31m=[32m"flex items-center justify-center h-full text-gray-500"[31m
        [36m>[31m
          [0mKnowledge graph visualization will be rendered here[0m
        [36m</div>[31m
      [36m</div>[31m
    [36m</div>[31m
  [36m</body>[31m
[36m</html>[31m[39m
[90m [2m❯[22m waitForWrapper node_modules/@testing-library/dom/dist/wait-for.js:[2m163:27[22m[39m
[36m [2m❯[22m src/renderer/features/knowledge/ui/__tests__/KnowledgeGameMap.test.tsx:[2m152:13[22m[39m
    [90m150| [39m      renderWithServices(<KnowledgeGameMap onConceptSelect={onSelect} …
    [90m151| [39m
    [90m152| [39m      await waitFor(() => expect(screen.getByTestId('rg-mock')).toBeIn…
    [90m   | [39m            [31m^[39m
    [90m153| [39m      await waitFor(() => expect(screen.getByText('Alpha')).toBeInTheD…
    [90m154| [39m    })[33m;[39m

[31m[2m⎯⎯⎯⎯⎯⎯⎯⎯⎯⎯⎯⎯⎯⎯⎯⎯⎯⎯⎯⎯[102/114]⎯[22m[39m

[41m[1m FAIL [22m[49m [30m[46m renderer-thread [49m[39m src/renderer/features/knowledge/ui/__tests__/KnowledgeGameMap.test.tsx[2m > [22mKnowledgeGameMap[2m > [22mGraph Instance Availability[2m > [22mshould not crash if graph instance never becomes available
[31m[1mTestingLibraryElementError[22m: Unable to find an element by: [data-testid="rg-mock"]

Ignored nodes: comments, script, style
[36m<body>[31m
  [36m<div>[31m
    [36m<div[31m
      [33mclass[31m=[32m"relative bg-gradient-to-br from-slate-50 to-slate-100 dark:from-gray-900 dark:to-gray-800 rounded-lg border border-gray-200 dark:border-gray-700 overflow-hidden touch-none "[31m
      [33mstyle[31m=[32m"min-height: 520px; height: 100%; overscroll-behavior: contain;"[31m
    [36m>[31m
      [36m<div[31m
        [33mclass[31m=[32m"flex items-center justify-center h-full text-gray-500"[31m
      [36m>[31m
        [0mKnowledge graph visualization will be rendered here[0m
      [36m</div>[31m
    [36m</div>[31m
  [36m</div>[31m
[36m</body>[31m

Ignored nodes: comments, script, style
[36m<html>[31m
  [36m<head />[31m
  [36m<body>[31m
    [36m<div>[31m
      [36m<div[31m
        [33mclass[31m=[32m"relative bg-gradient-to-br from-slate-50 to-slate-100 dark:from-gray-900 dark:to-gray-800 rounded-lg border border-gray-200 dark:border-gray-700 overflow-hidden touch-none "[31m
        [33mstyle[31m=[32m"min-height: 520px; height: 100%; overscroll-behavior: contain;"[31m
      [36m>[31m
        [36m<div[31m
          [33mclass[31m=[32m"flex items-center justify-center h-full text-gray-500"[31m
        [36m>[31m
          [0mKnowledge graph visualization will be rendered here[0m
        [36m</div>[31m
      [36m</div>[31m
    [36m</div>[31m
  [36m</body>[31m
[36m</html>[31m[39m
[90m [2m❯[22m waitForWrapper node_modules/@testing-library/dom/dist/wait-for.js:[2m163:27[22m[39m
[36m [2m❯[22m src/renderer/features/knowledge/ui/__tests__/KnowledgeGameMap.test.tsx:[2m176:13[22m[39m
    [90m174| [39m
    [90m175| [39m      [90m// Should not crash even if graph takes time to initialize[39m
    [90m176| [39m      await waitFor(() => expect(screen.getByTestId('rg-mock')).toBeIn…
    [90m   | [39m            [31m^[39m
    [90m177| [39m    })[33m;[39m
    [90m178| [39m  })[33m;[39m

[31m[2m⎯⎯⎯⎯⎯⎯⎯⎯⎯⎯⎯⎯⎯⎯⎯⎯⎯⎯⎯⎯[103/114]⎯[22m[39m

[41m[1m FAIL [22m[49m [30m[46m renderer-thread [49m[39m src/renderer/features/knowledge/ui/__tests__/KnowledgeGameMap.test.tsx[2m > [22mKnowledgeGameMap[2m > [22mRelationship Lines[2m > [22mshould render nodes and relationship lines together
[31m[1mTestingLibraryElementError[22m: Unable to find an element with the text: Alpha. This could be because the text is broken up by multiple elements. In this case, you can provide a function for your text matcher to make your matcher more flexible.

Ignored nodes: comments, script, style
[36m<body>[31m
  [36m<div>[31m
    [36m<div[31m
      [33mclass[31m=[32m"relative bg-gradient-to-br from-slate-50 to-slate-100 dark:from-gray-900 dark:to-gray-800 rounded-lg border border-gray-200 dark:border-gray-700 overflow-hidden touch-none "[31m
      [33mstyle[31m=[32m"min-height: 520px; height: 100%; overscroll-behavior: contain;"[31m
    [36m>[31m
      [36m<div[31m
        [33mclass[31m=[32m"flex items-center justify-center h-full text-gray-500"[31m
      [36m>[31m
        [0mKnowledge graph visualization will be rendered here[0m
      [36m</div>[31m
    [36m</div>[31m
  [36m</div>[31m
[36m</body>[31m

Ignored nodes: comments, script, style
[36m<html>[31m
  [36m<head />[31m
  [36m<body>[31m
    [36m<div>[31m
      [36m<div[31m
        [33mclass[31m=[32m"relative bg-gradient-to-br from-slate-50 to-slate-100 dark:from-gray-900 dark:to-gray-800 rounded-lg border border-gray-200 dark:border-gray-700 overflow-hidden touch-none "[31m
        [33mstyle[31m=[32m"min-height: 520px; height: 100%; overscroll-behavior: contain;"[31m
      [36m>[31m
        [36m<div[31m
          [33mclass[31m=[32m"flex items-center justify-center h-full text-gray-500"[31m
        [36m>[31m
          [0mKnowledge graph visualization will be rendered here[0m
        [36m</div>[31m
      [36m</div>[31m
    [36m</div>[31m
  [36m</body>[31m
[36m</html>[31m[39m
[90m [2m❯[22m waitForWrapper node_modules/@testing-library/dom/dist/wait-for.js:[2m163:27[22m[39m
[36m [2m❯[22m src/renderer/features/knowledge/ui/__tests__/KnowledgeGameMap.test.tsx:[2m204:13[22m[39m
    [90m202| [39m      renderWithServices(<KnowledgeGameMap onConceptSelect={onSelect} …
    [90m203| [39m
    [90m204| [39m      await waitFor(() => expect(screen.getByText('Alpha')).toBeInTheD…
    [90m   | [39m            [31m^[39m
    [90m205| [39m      [34mexpect[39m(screen[33m.[39m[34mgetByText[39m([32m'Beta'[39m))[33m.[39m[34mtoBeInTheDocument[39m()[33m;[39m
    [90m206| [39m      [34mexpect[39m(screen[33m.[39m[34mgetByTestId[39m([32m'rg-mock'[39m))[33m.[39m[34mtoBeInTheDocument[39m()[33m;[39m

[31m[2m⎯⎯⎯⎯⎯⎯⎯⎯⎯⎯⎯⎯⎯⎯⎯⎯⎯⎯⎯⎯[104/114]⎯[22m[39m

[41m[1m FAIL [22m[49m [30m[46m renderer-thread [49m[39m src/renderer/features/knowledge/ui/__tests__/KnowledgeGameMap.test.tsx[2m > [22mKnowledgeGameMap[2m > [22mRelationship Lines[2m > [22mshould handle edges with invalid node references
[31m[1mTestingLibraryElementError[22m: Unable to find an element with the text: Alpha. This could be because the text is broken up by multiple elements. In this case, you can provide a function for your text matcher to make your matcher more flexible.

Ignored nodes: comments, script, style
[36m<body>[31m
  [36m<div>[31m
    [36m<div[31m
      [33mclass[31m=[32m"relative bg-gradient-to-br from-slate-50 to-slate-100 dark:from-gray-900 dark:to-gray-800 rounded-lg border border-gray-200 dark:border-gray-700 overflow-hidden touch-none "[31m
      [33mstyle[31m=[32m"min-height: 520px; height: 100%; overscroll-behavior: contain;"[31m
    [36m>[31m
      [36m<div[31m
        [33mclass[31m=[32m"flex items-center justify-center h-full text-gray-500"[31m
      [36m>[31m
        [0mKnowledge graph visualization will be rendered here[0m
      [36m</div>[31m
    [36m</div>[31m
  [36m</div>[31m
[36m</body>[31m

Ignored nodes: comments, script, style
[36m<html>[31m
  [36m<head />[31m
  [36m<body>[31m
    [36m<div>[31m
      [36m<div[31m
        [33mclass[31m=[32m"relative bg-gradient-to-br from-slate-50 to-slate-100 dark:from-gray-900 dark:to-gray-800 rounded-lg border border-gray-200 dark:border-gray-700 overflow-hidden touch-none "[31m
        [33mstyle[31m=[32m"min-height: 520px; height: 100%; overscroll-behavior: contain;"[31m
      [36m>[31m
        [36m<div[31m
          [33mclass[31m=[32m"flex items-center justify-center h-full text-gray-500"[31m
        [36m>[31m
          [0mKnowledge graph visualization will be rendered here[0m
        [36m</div>[31m
      [36m</div>[31m
    [36m</div>[31m
  [36m</body>[31m
[36m</html>[31m[39m
[90m [2m❯[22m waitForWrapper node_modules/@testing-library/dom/dist/wait-for.js:[2m163:27[22m[39m
[36m [2m❯[22m src/renderer/features/knowledge/ui/__tests__/KnowledgeGameMap.test.tsx:[2m232:13[22m[39m
    [90m230| [39m
    [90m231| [39m      [90m// Should still render without crashing[39m
    [90m232| [39m      await waitFor(() => expect(screen.getByText('Alpha')).toBeInTheD…
    [90m   | [39m            [31m^[39m
    [90m233| [39m      [34mexpect[39m(screen[33m.[39m[34mgetByTestId[39m([32m'rg-mock'[39m))[33m.[39m[34mtoBeInTheDocument[39m()[33m;[39m
    [90m234| [39m    })[33m;[39m

[31m[2m⎯⎯⎯⎯⎯⎯⎯⎯⎯⎯⎯⎯⎯⎯⎯⎯⎯⎯⎯⎯[105/114]⎯[22m[39m

[41m[1m FAIL [22m[49m [30m[46m renderer-thread [49m[39m src/renderer/features/knowledge/ui/__tests__/KnowledgeGameMap.test.tsx[2m > [22mKnowledgeGameMap[2m > [22mContext Menu[2m > [22mshould open context menu and handle actions
[31m[1mTestingLibraryElementError[22m: Unable to find an element with the text: Alpha. This could be because the text is broken up by multiple elements. In this case, you can provide a function for your text matcher to make your matcher more flexible.

Ignored nodes: comments, script, style
[36m<body>[31m
  [36m<div>[31m
    [36m<div[31m
      [33mclass[31m=[32m"relative bg-gradient-to-br from-slate-50 to-slate-100 dark:from-gray-900 dark:to-gray-800 rounded-lg border border-gray-200 dark:border-gray-700 overflow-hidden touch-none "[31m
      [33mstyle[31m=[32m"min-height: 520px; height: 100%; overscroll-behavior: contain;"[31m
    [36m>[31m
      [36m<div[31m
        [33mclass[31m=[32m"flex items-center justify-center h-full text-gray-500"[31m
      [36m>[31m
        [0mKnowledge graph visualization will be rendered here[0m
      [36m</div>[31m
    [36m</div>[31m
  [36m</div>[31m
[36m</body>[31m

Ignored nodes: comments, script, style
[36m<html>[31m
  [36m<head />[31m
  [36m<body>[31m
    [36m<div>[31m
      [36m<div[31m
        [33mclass[31m=[32m"relative bg-gradient-to-br from-slate-50 to-slate-100 dark:from-gray-900 dark:to-gray-800 rounded-lg border border-gray-200 dark:border-gray-700 overflow-hidden touch-none "[31m
        [33mstyle[31m=[32m"min-height: 520px; height: 100%; overscroll-behavior: contain;"[31m
      [36m>[31m
        [36m<div[31m
          [33mclass[31m=[32m"flex items-center justify-center h-full text-gray-500"[31m
        [36m>[31m
          [0mKnowledge graph visualization will be rendered here[0m
        [36m</div>[31m
      [36m</div>[31m
    [36m</div>[31m
  [36m</body>[31m
[36m</html>[31m[39m
[90m [2m❯[22m waitForWrapper node_modules/@testing-library/dom/dist/wait-for.js:[2m163:27[22m[39m
[36m [2m❯[22m src/renderer/features/knowledge/ui/__tests__/KnowledgeGameMap.test.tsx:[2m257:13[22m[39m
    [90m255| [39m      renderWithServices(<KnowledgeGameMap onConceptSelect={onSelect} …
    [90m256| [39m
    [90m257| [39m      await waitFor(() => expect(screen.getByText('Alpha')).toBeInTheD…
    [90m   | [39m            [31m^[39m
    [90m258| [39m
    [90m259| [39m      [90m// Right-click to open context menu[39m

[31m[2m⎯⎯⎯⎯⎯⎯⎯⎯⎯⎯⎯⎯⎯⎯⎯⎯⎯⎯⎯⎯[106/114]⎯[22m[39m

[41m[1m FAIL [22m[49m [30m[46m renderer-thread [49m[39m src/renderer/features/knowledge/ui/__tests__/KnowledgeGameMap.test.tsx[2m > [22mKnowledgeGameMap[2m > [22mError Handling[2m > [22mshould handle API errors gracefully
[31m[1mTestingLibraryElementError[22m: Unable to find an element with the text: /Network error/. This could be because the text is broken up by multiple elements. In this case, you can provide a function for your text matcher to make your matcher more flexible.

Ignored nodes: comments, script, style
[36m<body>[31m
  [36m<div>[31m
    [36m<div[31m
      [33mclass[31m=[32m"relative bg-gradient-to-br from-slate-50 to-slate-100 dark:from-gray-900 dark:to-gray-800 rounded-lg border border-gray-200 dark:border-gray-700 overflow-hidden touch-none "[31m
      [33mstyle[31m=[32m"min-height: 520px; height: 100%; overscroll-behavior: contain;"[31m
    [36m>[31m
      [36m<div[31m
        [33mclass[31m=[32m"absolute top-2 left-2 right-2 bg-red-50 border border-red-200 text-red-700 text-xs rounded px-3 py-2 flex items-center gap-2 z-10"[31m
      [36m>[31m
        [36m<svg[31m
          [33maria-hidden[31m=[32m"true"[31m
          [33mclass[31m=[32m"w-4 h-4"[31m
          [33mdata-slot[31m=[32m"icon"[31m
          [33mfill[31m=[32m"none"[31m
          [33mstroke[31m=[32m"currentColor"[31m
          [33mstroke-width[31m=[32m"1.5"[31m
          [33mviewBox[31m=[32m"0 0 24 24"[31m
          [33mxmlns[31m=[32m"http://www.w3.org/2000/svg"[31m
        [36m>[31m
          [36m<path[31m
            [33md[31m=[32m"M12 9v3.75m9-.75a9 9 0 1 1-18 0 9 9 0 0 1 18 0Zm-9 3.75h.008v.008H12v-.008Z"[31m
            [33mstroke-linecap[31m=[32m"round"[31m
            [33mstroke-linejoin[31m=[32m"round"[31m
          [36m/>[31m
        [36m</svg>[31m
        [36m<span>[31m
          [0m[object Object][0m
        [36m</span>[31m
      [36m</div>[31m
      [36m<div[31m
        [33mclass[31m=[32m"flex items-center justify-center h-full text-gray-500"[31m
      [36m>[31m
        [0mKnowledge graph visualization will be rendered here[0m
      [36m</div>[31m
    [36m</div>[31m
  [36m</div>[31m
[36m</body>[31m

Ignored nodes: comments, script, style
[36m<html>[31m
  [36m<head />[31m
  [36m<body>[31m
    [36m<div>[31m
      [36m<div[31m
        [33mclass[31m=[32m"relative bg-gradient-to-br from-slate-50 to-slate-100 dark:from-gray-900 dark:to-gray-800 rounded-lg border border-gray-200 dark:border-gray-700 overflow-hidden touch-none "[31m
        [33mstyle[31m=[32m"min-height: 520px; height: 100%; overscroll-behavior: contain;"[31m
      [36m>[31m
        [36m<div[31m
          [33mclass[31m=[32m"absolute top-2 left-2 right-2 bg-red-50 border border-red-200 text-red-700 text-xs rounded px-3 py-2 flex items-center gap-2 z-10"[31m
        [36m>[31m
          [36m<svg[31m
            [33maria-hidden[31m=[32m"true"[31m
            [33mclass[31m=[32m"w-4 h-4"[31m
            [33mdata-slot[31m=[32m"icon"[31m
            [33mfill[31m=[32m"none"[31m
            [33mstroke[31m=[32m"currentColor"[31m
            [33mstroke-width[31m=[32m"1.5"[31m
            [33mviewBox[31m=[32m"0 0 24 24"[31m
            [33mxmlns[31m=[32m"http://www.w3.org/2000/svg"[31m
          [36m>[31m
            [36m<path[31m
              [33md[31m=[32m"M12 9v3.75m9-.75a9 9 0 1 1-18 0 9 9 0 0 1 18 0Zm-9 3.75h.008v.008H12v-.008Z"[31m
              [33mstroke-linecap[31m=[32m"round"[31m
              [33mstroke-linejoin[31m=[32m"round"[31m
            [36m/>[31m
          [36m</svg>[31m
          [36m<span>[31m
            [0m[object Object][0m
          [36m</span>[31m
        [36m</div>[31m
        [36m<div[31m
          [33mclass[31m=[32m"flex items-center justify-center h-full text-gray-500"[31m
        [36m>[31m
          [0mKnowledge graph visualization will be rendered here[0m
        [36m</div>[31m
      [36m</div>[31m
    [36m</div>[31m
  [36m</body>[31m
[36m</html>[31m[39m
[90m [2m❯[22m waitForWrapper node_modules/@testing-library/dom/dist/wait-for.js:[2m163:27[22m[39m
[36m [2m❯[22m src/renderer/features/knowledge/ui/__tests__/KnowledgeGameMap.test.tsx:[2m283:13[22m[39m
    [90m281| [39m
    [90m282| [39m      [90m// Should show error message[39m
    [90m283| [39m      await waitFor(() => expect(screen.getByText(/Network error/)).to…
    [90m   | [39m            [31m^[39m
    [90m284| [39m    })[33m;[39m
    [90m285| [39m  })[33m;[39m

[31m[2m⎯⎯⎯⎯⎯⎯⎯⎯⎯⎯⎯⎯⎯⎯⎯⎯⎯⎯⎯⎯[107/114]⎯[22m[39m

[41m[1m FAIL [22m[49m [30m[46m renderer-thread [49m[39m src/renderer/features/discovery/ui/__tests__/LocalProjectExplorer.error-toast.test.tsx[2m > [22mLocalProjectExplorer - error handling[2m > [22mshows error toast when parsing job fails
[41m[1m FAIL [22m[49m [30m[46m renderer-thread [49m[39m src/renderer/features/discovery/ui/__tests__/LocalProjectExplorer.error-toast.test.tsx[2m > [22mLocalProjectExplorer - error handling[2m > [22mshows success toast when parsing starts
[41m[1m FAIL [22m[49m [30m[46m renderer-thread [49m[39m src/renderer/features/discovery/ui/__tests__/LocalProjectExplorer.error-toast.test.tsx[2m > [22mLocalProjectExplorer - error handling[2m > [22mhandles job failure with empty error message
[31m[1mError[22m: [vitest] No "useChatService" export is defined on the "@/renderer/services/services-provider" mock. Did you forget to return it from "vi.mock"?
If you need to partially mock a module, you can use "importOriginal" helper inside:
[39m
vi.mock(import("@/renderer/services/services-provider"), async (importOriginal) => {
  const actual = await importOriginal()
  return {
    ...actual,
    // your mocked methods
  }
})

[36m [2m❯[22m LocalProjectExplorer src/renderer/features/discovery/ui/LocalProjectExplorer.tsx:[2m176:23[22m[39m
    [90m174| [39m}) [33m=>[39m {
    [90m175| [39m  [35mconst[39m conceptParsingService [33m=[39m [34museService[39m([32m'conceptParsing'[39m)[33m;[39m
    [90m176| [39m  [35mconst[39m chatService [33m=[39m [34museChatService[39m()[33m;[39m
    [90m   | [39m                      [31m^[39m
    [90m177| [39m  [35mconst[39m fileService [33m=[39m [34museFileService[39m()[33m;[39m
    [90m178| [39m  const [projectStructure, setProjectStructure] = useState<ProjectStru…
[90m [2m❯[22m renderWithHooks node_modules/react-dom/cjs/react-dom.development.js:[2m15486:18[22m[39m
[90m [2m❯[22m mountIndeterminateComponent node_modules/react-dom/cjs/react-dom.development.js:[2m20103:13[22m[39m
[90m [2m❯[22m beginWork node_modules/react-dom/cjs/react-dom.development.js:[2m21626:16[22m[39m
[90m [2m❯[22m beginWork$1 node_modules/react-dom/cjs/react-dom.development.js:[2m27465:14[22m[39m
[90m [2m❯[22m performUnitOfWork node_modules/react-dom/cjs/react-dom.development.js:[2m26599:12[22m[39m
[90m [2m❯[22m workLoopSync node_modules/react-dom/cjs/react-dom.development.js:[2m26505:5[22m[39m
[90m [2m❯[22m renderRootSync node_modules/react-dom/cjs/react-dom.development.js:[2m26473:7[22m[39m

[31m[2m⎯⎯⎯⎯⎯⎯⎯⎯⎯⎯⎯⎯⎯⎯⎯⎯⎯⎯⎯⎯[108/114]⎯[22m[39m

[31m⎯⎯⎯⎯⎯⎯[39m[1m[41m Unhandled Errors [49m[22m[31m⎯⎯⎯⎯⎯⎯[39m
[31m[1m
Vitest caught 1 unhandled error during the test run.
This might cause false positive tests. Resolve unhandled errors to make sure your tests are not affected.[22m[39m

[31m⎯⎯⎯⎯[39m[1m[41m Unhandled Rejection [49m[22m[31m⎯⎯⎯⎯⎯[39m
[31m[1mIPCError[22m: unknown error[39m
[36m [2m❯[22m unwrap src/renderer/hooks/useElectronAPI.tsx:[2m61:11[22m[39m
    [90m 59| [39m
    [90m 60| [39m    [90m// Re-throw for caller handling[39m
    [90m 61| [39m    [35mthrow[39m [35mnew[39m [33mIPCError[39m(errorCode[33m,[39m errorMessage[33m,[39m errorDetails)[33m;[39m
    [90m   | [39m          [31m^[39m
    [90m 62| [39m  }
    [90m 63| [39m
[90m [2m❯[22m src/renderer/hooks/useElectronAPI.tsx:[2m100:45[22m[39m
[90m [2m❯[22m src/renderer/hooks/useThreadListAdapter.tsx:[2m356:23[22m[39m
[90m [2m❯[22m runTask node_modules/assistant-stream/dist/core/modules/assistant-stream.js:[2m159:7[22m[39m

[31m[2m⎯⎯⎯⎯⎯⎯⎯⎯⎯⎯⎯⎯⎯⎯⎯⎯⎯⎯⎯⎯⎯⎯⎯⎯⎯⎯⎯⎯⎯⎯[22m[39m
[31m[1mSerialized Error:[22m[39m [90m{ code: 'UNKNOWN_ERROR', details: undefined }[39m
[31mThis error originated in "[1msrc/renderer/widgets/layout/__tests__/title-generation-bug.test.tsx[22m" test file. It doesn't mean the error was thrown inside the file itself, but while it was running.[39m
[31m⎯⎯⎯⎯⎯⎯⎯⎯⎯⎯⎯⎯⎯⎯⎯⎯⎯⎯⎯⎯⎯⎯⎯⎯⎯⎯⎯⎯⎯⎯[39m


[2m Test Files [22m [1m[31m27 failed[39m[22m[2m | [22m[1m[32m79 passed[39m[22m[90m (106)[39m
[2m      Tests [22m [1m[31m109 failed[39m[22m[2m | [22m[1m[32m717 passed[39m[22m[90m (826)[39m
[2m     Errors [22m [1m[31m1 error[39m[22m
[2m   Start at [22m 00:55:37
[2m   Duration [22m 31.80s[2m (transform 9.96s, setup 29.65s, import 169.85s, tests 41.34s, environment 179.19s)[22m


> learning-catalyst-desktop@1.0.0 test:integration
> vitest --config vitest.integration.config.ts

[1m[43m DEPRECATED [49m[22m [33m`test.poolOptions` was removed in Vitest 4. All previous `poolOptions` are now top-level options. Please, refer to the migration guide: https://vitest.dev/guide/migration#pool-rework[39m

[1m[46m RUN [49m[22m [36mv4.0.16 [39m[90mD:/Projects/learning_catalyst[39m

Error: useRemoteThreadListRuntime cannot be nested inside another RemoteThreadListRuntime. Set allowNesting: true to allow nesting (the inner runtime will become a no-op).
    at useRemoteThreadListRuntime (file:///D:/Projects/learning_catalyst/node_modules/@assistant-ui/react/dist/legacy-runtime/runtime-cores/remote-thread-list/useRemoteThreadListRuntime.js:35:13)
    at ReadyApp (D:/Projects/learning_catalyst/src/renderer/app/ReadyApp.tsx:40:19)
    at renderWithHooks (D:\Projects\learning_catalyst\node_modules\react-dom\cjs\react-dom.development.js:15486:18)
    at mountIndeterminateComponent (D:\Projects\learning_catalyst\node_modules\react-dom\cjs\react-dom.development.js:20103:13)
    at beginWork (D:\Projects\learning_catalyst\node_modules\react-dom\cjs\react-dom.development.js:21626:16)
    at HTMLUnknownElement.callCallback (D:\Projects\learning_catalyst\node_modules\react-dom\cjs\react-dom.development.js:4164:14)
    at HTMLUnknownElement.callTheUserObjectsOperation (D:\Projects\learning_catalyst\node_modules\jsdom\lib\jsdom\living\generated\EventListener.js:26:30)
    at innerInvokeEventListeners (D:\Projects\learning_catalyst\node_modules\jsdom\lib\jsdom\living\events\EventTarget-impl.js:360:16)
    at invokeEventListeners (D:\Projects\learning_catalyst\node_modules\jsdom\lib\jsdom\living\events\EventTarget-impl.js:296:3)
    at HTMLUnknownElementImpl._dispatch (D:\Projects\learning_catalyst\node_modules\jsdom\lib\jsdom\living\events\EventTarget-impl.js:243:9)
Error: useRemoteThreadListRuntime cannot be nested inside another RemoteThreadListRuntime. Set allowNesting: true to allow nesting (the inner runtime will become a no-op).
    at useRemoteThreadListRuntime (file:///D:/Projects/learning_catalyst/node_modules/@assistant-ui/react/dist/legacy-runtime/runtime-cores/remote-thread-list/useRemoteThreadListRuntime.js:35:13)
    at ReadyApp (D:/Projects/learning_catalyst/src/renderer/app/ReadyApp.tsx:40:19)
    at renderWithHooks (D:\Projects\learning_catalyst\node_modules\react-dom\cjs\react-dom.development.js:15486:18)
    at mountIndeterminateComponent (D:\Projects\learning_catalyst\node_modules\react-dom\cjs\react-dom.development.js:20103:13)
    at beginWork (D:\Projects\learning_catalyst\node_modules\react-dom\cjs\react-dom.development.js:21626:16)
    at HTMLUnknownElement.callCallback (D:\Projects\learning_catalyst\node_modules\react-dom\cjs\react-dom.development.js:4164:14)
    at HTMLUnknownElement.callTheUserObjectsOperation (D:\Projects\learning_catalyst\node_modules\jsdom\lib\jsdom\living\generated\EventListener.js:26:30)
    at innerInvokeEventListeners (D:\Projects\learning_catalyst\node_modules\jsdom\lib\jsdom\living\events\EventTarget-impl.js:360:16)
    at invokeEventListeners (D:\Projects\learning_catalyst\node_modules\jsdom\lib\jsdom\living\events\EventTarget-impl.js:296:3)
    at HTMLUnknownElementImpl._dispatch (D:\Projects\learning_catalyst\node_modules\jsdom\lib\jsdom\living\events\EventTarget-impl.js:243:9)
 [32m✓[39m [30m[45m integration [49m[39m src/test/integration/app-setup-navigation.integration.test.tsx[2m > [22mIntegration: setup + loading to chat navigation[2m > [22mSetupScreen completes setup workflow and navigates[33m 1324[2mms[22m[39m
 [32m✓[39m [30m[45m integration [49m[39m src/test/integration/app-setup-navigation.integration.test.tsx[2m > [22mIntegration: setup + loading to chat navigation[2m > [22mApp shows loading then switches to chat after awaitReady resolves[32m 63[2mms[22m[39m
[31m⎯⎯⎯⎯⎯⎯[39m[1m[41m Unhandled Errors [49m[22m[31m⎯⎯⎯⎯⎯⎯[39m
[31m[1m
Vitest caught 1 unhandled error during the test run.
This might cause false positive tests. Resolve unhandled errors to make sure your tests are not affected.[22m[39m

[31m⎯⎯⎯⎯⎯[39m[1m[41m Uncaught Exception [49m[22m[31m⎯⎯⎯⎯⎯[39m
[31m[1mError[22m: useRemoteThreadListRuntime cannot be nested inside another RemoteThreadListRuntime. Set allowNesting: true to allow nesting (the inner runtime will become a no-op).[39m
[90m [2m❯[22m useRemoteThreadListRuntime node_modules/@assistant-ui/react/dist/legacy-runtime/runtime-cores/remote-thread-list/useRemoteThreadListRuntime.js:[2m35:13[22m[39m
[36m [2m❯[22m ReadyApp src/renderer/app/ReadyApp.tsx:[2m40:19[22m[39m
    [90m 38| [39m  [90m// Create runtime with thread list support[39m
    [90m 39| [39m  // useRemoteThreadListRuntime combines chat runtime with thread pers…
    [90m 40| [39m  [35mconst[39m runtime [33m=[39m [34museRemoteThreadListRuntime[39m({
    [90m   | [39m                  [31m^[39m
    [90m 41| [39m    runtimeHook[33m:[39m [33mRuntimeHook[39m[33m,[39m
    [90m 42| [39m    adapter[33m:[39m threadListAdapter[33m,[39m
[90m [2m❯[22m renderWithHooks node_modules/react-dom/cjs/react-dom.development.js:[2m15486:18[22m[39m
[90m [2m❯[22m mountIndeterminateComponent node_modules/react-dom/cjs/react-dom.development.js:[2m20103:13[22m[39m
[90m [2m❯[22m beginWork node_modules/react-dom/cjs/react-dom.development.js:[2m21626:16[22m[39m
[90m [2m❯[22m beginWork$1 node_modules/react-dom/cjs/react-dom.development.js:[2m27465:14[22m[39m
[90m [2m❯[22m performUnitOfWork node_modules/react-dom/cjs/react-dom.development.js:[2m26599:12[22m[39m
[90m [2m❯[22m workLoopSync node_modules/react-dom/cjs/react-dom.development.js:[2m26505:5[22m[39m
[90m [2m❯[22m renderRootSync node_modules/react-dom/cjs/react-dom.development.js:[2m26473:7[22m[39m
[90m [2m❯[22m recoverFromConcurrentError node_modules/react-dom/cjs/react-dom.development.js:[2m25889:20[22m[39m

[31mThis error originated in "[1msrc/test/integration/app-setup-navigation.integration.test.tsx[22m" test file. It doesn't mean the error was thrown inside the file itself, but while it was running.[39m
[31mThe latest test that might've caused the error is "[1mApp shows loading then switches to chat after awaitReady resolves[22m". It might mean one of the following:
- The error was thrown, while Vitest was running this test.
- If the error occurred after the test had been completed, this was the last documented test before it was thrown.[39m
[31m⎯⎯⎯⎯⎯⎯⎯⎯⎯⎯⎯⎯⎯⎯⎯⎯⎯⎯⎯⎯⎯⎯⎯⎯⎯⎯⎯⎯⎯⎯[39m


[2m Test Files [22m [1m[32m1 passed[39m[22m[90m (1)[39m
[2m      Tests [22m [1m[32m2 passed[39m[22m[90m (2)[39m
[2m     Errors [22m [1m[31m1 error[39m[22m
[2m   Start at [22m 00:56:49
[2m   Duration [22m 6.98s[2m (transform 983ms, setup 280ms, import 4.15s, tests 1.39s, environment 962ms)[22m

JSON report written to D:/Projects/learning_catalyst/test-results/integration/results.json
